OpenJDK 64-Bit Server VM (25.212-b01) for linux-amd64 JRE (1.8.0_212-8u212-b01-1~deb9u1-b01), built on Mar 18 2019 23:06:47 by "jmm" with gcc 6.3.0 20170516
Memory: 4k page, physical 3990608k(868168k free), swap 0k(0k free)
CommandLine flags: -XX:+CMSEdenChunksRecordAlways -XX:CMSInitiatingOccupancyFraction=75 -XX:+CMSParallelInitialMarkEnabled -XX:+CMSParallelRemarkEnabled -XX:CMSWaitDuration=10000 -XX:+ExitOnOutOfMemoryError -XX:GCLogFileSize=10485760 -XX:+HeapDumpOnOutOfMemoryError -XX:HeapDumpPath=/var/log/thingsboard/tbpe/heapdump.bin -XX:+IgnoreUnrecognizedVMOptions -XX:InitialHeapSize=63849728 -XX:MaxHeapSize=1021595648 -XX:MaxNewSize=174485504 -XX:MaxTenuringThreshold=6 -XX:NumberOfGCLogFiles=10 -XX:OldPLABSize=16 -XX:+PerfDisableSharedMem -XX:+PrintGC -XX:+PrintGCApplicationStoppedTime -XX:+PrintGCDateStamps -XX:+PrintGCDetails -XX:+PrintGCTimeStamps -XX:+PrintHeapAtGC -XX:+PrintTenuringDistribution -XX:+ResizeTLAB -XX:-UseBiasedLocking -XX:+UseCMSInitiatingOccupancyOnly -XX:+UseCompressedClassPointers -XX:+UseCompressedOops -XX:+UseConcMarkSweepGC -XX:+UseCondCardMark -XX:+UseGCLogFileRotation -XX:+UseParNewGC -XX:+UseTLAB 
{Heap before GC invocations=0 (full 0):
 par new generation   total 19008K, used 16811K [0x00000000c3000000, 0x00000000c44a0000, 0x00000000cd660000)
  eden space 16896K,  99% used [0x00000000c3000000, 0x00000000c406ad98, 0x00000000c4080000)
  from space 2112K,   0% used [0x00000000c4080000, 0x00000000c4080000, 0x00000000c4290000)
  to   space 2112K,   0% used [0x00000000c4290000, 0x00000000c4290000, 0x00000000c44a0000)
 concurrent mark-sweep generation total 42368K, used 0K [0x00000000cd660000, 0x00000000cffc0000, 0x0000000100000000)
 Metaspace       used 4947K, capacity 5118K, committed 5248K, reserved 1056768K
  class space    used 511K, capacity 581K, committed 640K, reserved 1048576K
2020-02-27T14:33:57.941+0000: 0.744: [GC (Allocation Failure) 2020-02-27T14:33:57.941+0000: 0.744: [ParNew
Desired survivor size 1081344 bytes, new threshold 1 (max 6)
- age   1:    2142896 bytes,    2142896 total
: 16811K->2111K(19008K), 0.0063723 secs] 16811K->2184K(61376K), 0.0064640 secs] [Times: user=0.00 sys=0.00, real=0.01 secs] 
Heap after GC invocations=1 (full 0):
 par new generation   total 19008K, used 2111K [0x00000000c3000000, 0x00000000c44a0000, 0x00000000cd660000)
  eden space 16896K,   0% used [0x00000000c3000000, 0x00000000c3000000, 0x00000000c4080000)
  from space 2112K,  99% used [0x00000000c4290000, 0x00000000c449fff8, 0x00000000c44a0000)
  to   space 2112K,   0% used [0x00000000c4080000, 0x00000000c4080000, 0x00000000c4290000)
 concurrent mark-sweep generation total 42368K, used 72K [0x00000000cd660000, 0x00000000cffc0000, 0x0000000100000000)
 Metaspace       used 4947K, capacity 5118K, committed 5248K, reserved 1056768K
  class space    used 511K, capacity 581K, committed 640K, reserved 1048576K
}
2020-02-27T14:33:57.947+0000: 0.751: Total time for which application threads were stopped: 0.0066850 seconds, Stopping threads took: 0.0000308 seconds
{Heap before GC invocations=1 (full 0):
 par new generation   total 19008K, used 19007K [0x00000000c3000000, 0x00000000c44a0000, 0x00000000cd660000)
  eden space 16896K, 100% used [0x00000000c3000000, 0x00000000c4080000, 0x00000000c4080000)
  from space 2112K,  99% used [0x00000000c4290000, 0x00000000c449fff8, 0x00000000c44a0000)
  to   space 2112K,   0% used [0x00000000c4080000, 0x00000000c4080000, 0x00000000c4290000)
 concurrent mark-sweep generation total 42368K, used 72K [0x00000000cd660000, 0x00000000cffc0000, 0x0000000100000000)
 Metaspace       used 5269K, capacity 5476K, committed 5760K, reserved 1056768K
  class space    used 534K, capacity 589K, committed 640K, reserved 1048576K
2020-02-27T14:33:58.241+0000: 1.044: [GC (Allocation Failure) 2020-02-27T14:33:58.241+0000: 1.044: [ParNew
Desired survivor size 1081344 bytes, new threshold 6 (max 6)
- age   1:     844288 bytes,     844288 total
: 19007K->2036K(19008K), 0.0149351 secs] 19080K->4021K(61376K), 0.0149940 secs] [Times: user=0.01 sys=0.00, real=0.01 secs] 
Heap after GC invocations=2 (full 0):
 par new generation   total 19008K, used 2036K [0x00000000c3000000, 0x00000000c44a0000, 0x00000000cd660000)
  eden space 16896K,   0% used [0x00000000c3000000, 0x00000000c3000000, 0x00000000c4080000)
  from space 2112K,  96% used [0x00000000c4080000, 0x00000000c427d278, 0x00000000c4290000)
  to   space 2112K,   0% used [0x00000000c4290000, 0x00000000c4290000, 0x00000000c44a0000)
 concurrent mark-sweep generation total 42368K, used 1985K [0x00000000cd660000, 0x00000000cffc0000, 0x0000000100000000)
 Metaspace       used 5269K, capacity 5476K, committed 5760K, reserved 1056768K
  class space    used 534K, capacity 589K, committed 640K, reserved 1048576K
}
2020-02-27T14:33:58.256+0000: 1.059: Total time for which application threads were stopped: 0.0152226 seconds, Stopping threads took: 0.0000297 seconds
{Heap before GC invocations=2 (full 0):
 par new generation   total 19008K, used 18932K [0x00000000c3000000, 0x00000000c44a0000, 0x00000000cd660000)
  eden space 16896K, 100% used [0x00000000c3000000, 0x00000000c4080000, 0x00000000c4080000)
  from space 2112K,  96% used [0x00000000c4080000, 0x00000000c427d278, 0x00000000c4290000)
  to   space 2112K,   0% used [0x00000000c4290000, 0x00000000c4290000, 0x00000000c44a0000)
 concurrent mark-sweep generation total 42368K, used 1985K [0x00000000cd660000, 0x00000000cffc0000, 0x0000000100000000)
 Metaspace       used 5609K, capacity 5862K, committed 6144K, reserved 1056768K
  class space    used 573K, capacity 655K, committed 768K, reserved 1048576K
2020-02-27T14:33:58.444+0000: 1.247: [GC (Allocation Failure) 2020-02-27T14:33:58.444+0000: 1.248: [ParNew
Desired survivor size 1081344 bytes, new threshold 6 (max 6)
- age   1:      96760 bytes,      96760 total
- age   2:     774968 bytes,     871728 total
: 18932K->1064K(19008K), 0.0029348 secs] 20917K->3049K(61376K), 0.0035892 secs] [Times: user=0.00 sys=0.00, real=0.01 secs] 
Heap after GC invocations=3 (full 0):
 par new generation   total 19008K, used 1064K [0x00000000c3000000, 0x00000000c44a0000, 0x00000000cd660000)
  eden space 16896K,   0% used [0x00000000c3000000, 0x00000000c3000000, 0x00000000c4080000)
  from space 2112K,  50% used [0x00000000c4290000, 0x00000000c439a148, 0x00000000c44a0000)
  to   space 2112K,   0% used [0x00000000c4080000, 0x00000000c4080000, 0x00000000c4290000)
 concurrent mark-sweep generation total 42368K, used 1985K [0x00000000cd660000, 0x00000000cffc0000, 0x0000000100000000)
 Metaspace       used 5609K, capacity 5862K, committed 6144K, reserved 1056768K
  class space    used 573K, capacity 655K, committed 768K, reserved 1048576K
}
2020-02-27T14:33:58.447+0000: 1.251: Total time for which application threads were stopped: 0.0037447 seconds, Stopping threads took: 0.0000256 seconds
{Heap before GC invocations=3 (full 0):
 par new generation   total 19008K, used 17960K [0x00000000c3000000, 0x00000000c44a0000, 0x00000000cd660000)
  eden space 16896K, 100% used [0x00000000c3000000, 0x00000000c4080000, 0x00000000c4080000)
  from space 2112K,  50% used [0x00000000c4290000, 0x00000000c439a148, 0x00000000c44a0000)
  to   space 2112K,   0% used [0x00000000c4080000, 0x00000000c4080000, 0x00000000c4290000)
 concurrent mark-sweep generation total 42368K, used 1985K [0x00000000cd660000, 0x00000000cffc0000, 0x0000000100000000)
 Metaspace       used 5708K, capacity 5926K, committed 6144K, reserved 1056768K
  class space    used 589K, capacity 655K, committed 768K, reserved 1048576K
2020-02-27T14:33:58.559+0000: 1.362: [GC (Allocation Failure) 2020-02-27T14:33:58.559+0000: 1.362: [ParNew
Desired survivor size 1081344 bytes, new threshold 6 (max 6)
- age   1:      34136 bytes,      34136 total
- age   2:      80656 bytes,     114792 total
- age   3:     773376 bytes,     888168 total
: 17960K->1154K(19008K), 0.0030271 secs] 19945K->3139K(61376K), 0.0030931 secs] [Times: user=0.00 sys=0.00, real=0.00 secs] 
Heap after GC invocations=4 (full 0):
 par new generation   total 19008K, used 1154K [0x00000000c3000000, 0x00000000c44a0000, 0x00000000cd660000)
  eden space 16896K,   0% used [0x00000000c3000000, 0x00000000c3000000, 0x00000000c4080000)
  from space 2112K,  54% used [0x00000000c4080000, 0x00000000c41a0ae0, 0x00000000c4290000)
  to   space 2112K,   0% used [0x00000000c4290000, 0x00000000c4290000, 0x00000000c44a0000)
 concurrent mark-sweep generation total 42368K, used 1985K [0x00000000cd660000, 0x00000000cffc0000, 0x0000000100000000)
 Metaspace       used 5708K, capacity 5926K, committed 6144K, reserved 1056768K
  class space    used 589K, capacity 655K, committed 768K, reserved 1048576K
}
2020-02-27T14:33:58.562+0000: 1.365: Total time for which application threads were stopped: 0.0032189 seconds, Stopping threads took: 0.0000118 seconds
2020-02-27T14:33:58.681+0000: 1.484: Total time for which application threads were stopped: 0.0002294 seconds, Stopping threads took: 0.0000245 seconds
{Heap before GC invocations=4 (full 0):
 par new generation   total 19008K, used 18050K [0x00000000c3000000, 0x00000000c44a0000, 0x00000000cd660000)
  eden space 16896K, 100% used [0x00000000c3000000, 0x00000000c4080000, 0x00000000c4080000)
  from space 2112K,  54% used [0x00000000c4080000, 0x00000000c41a0ae0, 0x00000000c4290000)
  to   space 2112K,   0% used [0x00000000c4290000, 0x00000000c4290000, 0x00000000c44a0000)
 concurrent mark-sweep generation total 42368K, used 1985K [0x00000000cd660000, 0x00000000cffc0000, 0x0000000100000000)
 Metaspace       used 5872K, capacity 6086K, committed 6400K, reserved 1056768K
  class space    used 617K, capacity 687K, committed 768K, reserved 1048576K
2020-02-27T14:33:58.695+0000: 1.499: [GC (Allocation Failure) 2020-02-27T14:33:58.695+0000: 1.499: [ParNew
Desired survivor size 1081344 bytes, new threshold 6 (max 6)
- age   1:      47264 bytes,      47264 total
- age   2:      21120 bytes,      68384 total
- age   3:      79400 bytes,     147784 total
- age   4:     772008 bytes,     919792 total
: 18050K->1263K(19008K), 0.0029261 secs] 20035K->3248K(61376K), 0.0029906 secs] [Times: user=0.00 sys=0.00, real=0.01 secs] 
Heap after GC invocations=5 (full 0):
 par new generation   total 19008K, used 1263K [0x00000000c3000000, 0x00000000c44a0000, 0x00000000cd660000)
  eden space 16896K,   0% used [0x00000000c3000000, 0x00000000c3000000, 0x00000000c4080000)
  from space 2112K,  59% used [0x00000000c4290000, 0x00000000c43cbd50, 0x00000000c44a0000)
  to   space 2112K,   0% used [0x00000000c4080000, 0x00000000c4080000, 0x00000000c4290000)
 concurrent mark-sweep generation total 42368K, used 1985K [0x00000000cd660000, 0x00000000cffc0000, 0x0000000100000000)
 Metaspace       used 5872K, capacity 6086K, committed 6400K, reserved 1056768K
  class space    used 617K, capacity 687K, committed 768K, reserved 1048576K
}
2020-02-27T14:33:58.698+0000: 1.502: Total time for which application threads were stopped: 0.0031158 seconds, Stopping threads took: 0.0000249 seconds
{Heap before GC invocations=5 (full 0):
 par new generation   total 19008K, used 18159K [0x00000000c3000000, 0x00000000c44a0000, 0x00000000cd660000)
  eden space 16896K, 100% used [0x00000000c3000000, 0x00000000c4080000, 0x00000000c4080000)
  from space 2112K,  59% used [0x00000000c4290000, 0x00000000c43cbd50, 0x00000000c44a0000)
  to   space 2112K,   0% used [0x00000000c4080000, 0x00000000c4080000, 0x00000000c4290000)
 concurrent mark-sweep generation total 42368K, used 1985K [0x00000000cd660000, 0x00000000cffc0000, 0x0000000100000000)
 Metaspace       used 7005K, capacity 7270K, committed 7552K, reserved 1056768K
  class space    used 742K, capacity 847K, committed 896K, reserved 1048576K
2020-02-27T14:33:58.782+0000: 1.585: [GC (Allocation Failure) 2020-02-27T14:33:58.782+0000: 1.585: [ParNew
Desired survivor size 1081344 bytes, new threshold 5 (max 6)
- age   1:     246632 bytes,     246632 total
- age   2:      25392 bytes,     272024 total
- age   3:      17512 bytes,     289536 total
- age   4:      78136 bytes,     367672 total
- age   5:     771944 bytes,    1139616 total
: 18159K->1765K(19008K), 0.0035240 secs] 20144K->3750K(61376K), 0.0035812 secs] [Times: user=0.00 sys=0.00, real=0.01 secs] 
Heap after GC invocations=6 (full 0):
 par new generation   total 19008K, used 1765K [0x00000000c3000000, 0x00000000c44a0000, 0x00000000cd660000)
  eden space 16896K,   0% used [0x00000000c3000000, 0x00000000c3000000, 0x00000000c4080000)
  from space 2112K,  83% used [0x00000000c4080000, 0x00000000c42395f0, 0x00000000c4290000)
  to   space 2112K,   0% used [0x00000000c4290000, 0x00000000c4290000, 0x00000000c44a0000)
 concurrent mark-sweep generation total 42368K, used 1985K [0x00000000cd660000, 0x00000000cffc0000, 0x0000000100000000)
 Metaspace       used 7005K, capacity 7270K, committed 7552K, reserved 1056768K
  class space    used 742K, capacity 847K, committed 896K, reserved 1048576K
}
2020-02-27T14:33:58.785+0000: 1.589: Total time for which application threads were stopped: 0.0037546 seconds, Stopping threads took: 0.0000686 seconds
{Heap before GC invocations=6 (full 0):
 par new generation   total 19008K, used 18661K [0x00000000c3000000, 0x00000000c44a0000, 0x00000000cd660000)
  eden space 16896K, 100% used [0x00000000c3000000, 0x00000000c4080000, 0x00000000c4080000)
  from space 2112K,  83% used [0x00000000c4080000, 0x00000000c42395f0, 0x00000000c4290000)
  to   space 2112K,   0% used [0x00000000c4290000, 0x00000000c4290000, 0x00000000c44a0000)
 concurrent mark-sweep generation total 42368K, used 1985K [0x00000000cd660000, 0x00000000cffc0000, 0x0000000100000000)
 Metaspace       used 7098K, capacity 7334K, committed 7552K, reserved 1056768K
  class space    used 759K, capacity 847K, committed 896K, reserved 1048576K
2020-02-27T14:33:58.845+0000: 1.648: [GC (Allocation Failure) 2020-02-27T14:33:58.845+0000: 1.648: [ParNew
Desired survivor size 1081344 bytes, new threshold 6 (max 6)
- age   1:      36344 bytes,      36344 total
- age   2:     230048 bytes,     266392 total
- age   3:      25080 bytes,     291472 total
- age   4:      16120 bytes,     307592 total
- age   5:      76264 bytes,     383856 total
: 18661K->1056K(19008K), 0.0099082 secs] 20646K->3797K(61376K), 0.0099862 secs] [Times: user=0.01 sys=0.00, real=0.00 secs] 
Heap after GC invocations=7 (full 0):
 par new generation   total 19008K, used 1056K [0x00000000c3000000, 0x00000000c44a0000, 0x00000000cd660000)
  eden space 16896K,   0% used [0x00000000c3000000, 0x00000000c3000000, 0x00000000c4080000)
  from space 2112K,  50% used [0x00000000c4290000, 0x00000000c4398010, 0x00000000c44a0000)
  to   space 2112K,   0% used [0x00000000c4080000, 0x00000000c4080000, 0x00000000c4290000)
 concurrent mark-sweep generation total 42368K, used 2741K [0x00000000cd660000, 0x00000000cffc0000, 0x0000000100000000)
 Metaspace       used 7098K, capacity 7334K, committed 7552K, reserved 1056768K
  class space    used 759K, capacity 847K, committed 896K, reserved 1048576K
}
2020-02-27T14:33:58.855+0000: 1.658: Total time for which application threads were stopped: 0.0101428 seconds, Stopping threads took: 0.0000240 seconds
2020-02-27T14:33:58.888+0000: 1.691: Total time for which application threads were stopped: 0.0001682 seconds, Stopping threads took: 0.0000224 seconds
{Heap before GC invocations=7 (full 0):
 par new generation   total 19008K, used 17952K [0x00000000c3000000, 0x00000000c44a0000, 0x00000000cd660000)
  eden space 16896K, 100% used [0x00000000c3000000, 0x00000000c4080000, 0x00000000c4080000)
  from space 2112K,  50% used [0x00000000c4290000, 0x00000000c4398010, 0x00000000c44a0000)
  to   space 2112K,   0% used [0x00000000c4080000, 0x00000000c4080000, 0x00000000c4290000)
 concurrent mark-sweep generation total 42368K, used 2741K [0x00000000cd660000, 0x00000000cffc0000, 0x0000000100000000)
 Metaspace       used 7447K, capacity 7654K, committed 7936K, reserved 1056768K
  class space    used 811K, capacity 911K, committed 1024K, reserved 1048576K
2020-02-27T14:33:58.932+0000: 1.735: [GC (Allocation Failure) 2020-02-27T14:33:58.932+0000: 1.735: [ParNew
Desired survivor size 1081344 bytes, new threshold 6 (max 6)
- age   1:      79976 bytes,      79976 total
- age   2:      20336 bytes,     100312 total
- age   3:     229936 bytes,     330248 total
- age   4:      24424 bytes,     354672 total
- age   5:      15728 bytes,     370400 total
- age   6:      75864 bytes,     446264 total
: 17952K->715K(19008K), 0.0034632 secs] 20693K->3457K(61376K), 0.0035386 secs] [Times: user=0.01 sys=0.00, real=0.00 secs] 
Heap after GC invocations=8 (full 0):
 par new generation   total 19008K, used 715K [0x00000000c3000000, 0x00000000c44a0000, 0x00000000cd660000)
  eden space 16896K,   0% used [0x00000000c3000000, 0x00000000c3000000, 0x00000000c4080000)
  from space 2112K,  33% used [0x00000000c4080000, 0x00000000c4132e50, 0x00000000c4290000)
  to   space 2112K,   0% used [0x00000000c4290000, 0x00000000c4290000, 0x00000000c44a0000)
 concurrent mark-sweep generation total 42368K, used 2741K [0x00000000cd660000, 0x00000000cffc0000, 0x0000000100000000)
 Metaspace       used 7447K, capacity 7654K, committed 7936K, reserved 1056768K
  class space    used 811K, capacity 911K, committed 1024K, reserved 1048576K
}
2020-02-27T14:33:58.936+0000: 1.739: Total time for which application threads were stopped: 0.0037240 seconds, Stopping threads took: 0.0000749 seconds
{Heap before GC invocations=8 (full 0):
 par new generation   total 19008K, used 17611K [0x00000000c3000000, 0x00000000c44a0000, 0x00000000cd660000)
  eden space 16896K, 100% used [0x00000000c3000000, 0x00000000c4080000, 0x00000000c4080000)
  from space 2112K,  33% used [0x00000000c4080000, 0x00000000c4132e50, 0x00000000c4290000)
  to   space 2112K,   0% used [0x00000000c4290000, 0x00000000c4290000, 0x00000000c44a0000)
 concurrent mark-sweep generation total 42368K, used 2741K [0x00000000cd660000, 0x00000000cffc0000, 0x0000000100000000)
 Metaspace       used 7580K, capacity 7846K, committed 8192K, reserved 1056768K
  class space    used 830K, capacity 911K, committed 1024K, reserved 1048576K
2020-02-27T14:33:58.992+0000: 1.795: [GC (Allocation Failure) 2020-02-27T14:33:58.992+0000: 1.795: [ParNew
Desired survivor size 1081344 bytes, new threshold 6 (max 6)
- age   1:      74736 bytes,      74736 total
- age   2:      61624 bytes,     136360 total
- age   3:      20336 bytes,     156696 total
- age   4:     229616 bytes,     386312 total
- age   5:      24296 bytes,     410608 total
- age   6:      15200 bytes,     425808 total
: 17611K->416K(19008K), 0.0033752 secs] 20353K->3233K(61376K), 0.0034290 secs] [Times: user=0.00 sys=0.00, real=0.00 secs] 
Heap after GC invocations=9 (full 0):
 par new generation   total 19008K, used 416K [0x00000000c3000000, 0x00000000c44a0000, 0x00000000cd660000)
  eden space 16896K,   0% used [0x00000000c3000000, 0x00000000c3000000, 0x00000000c4080000)
  from space 2112K,  19% used [0x00000000c4290000, 0x00000000c42f82d8, 0x00000000c44a0000)
  to   space 2112K,   0% used [0x00000000c4080000, 0x00000000c4080000, 0x00000000c4290000)
 concurrent mark-sweep generation total 42368K, used 2816K [0x00000000cd660000, 0x00000000cffc0000, 0x0000000100000000)
 Metaspace       used 7580K, capacity 7846K, committed 8192K, reserved 1056768K
  class space    used 830K, capacity 911K, committed 1024K, reserved 1048576K
}
2020-02-27T14:33:58.995+0000: 1.799: Total time for which application threads were stopped: 0.0036121 seconds, Stopping threads took: 0.0000799 seconds
2020-02-27T14:33:59.056+0000: 1.859: Total time for which application threads were stopped: 0.0001817 seconds, Stopping threads took: 0.0000220 seconds
{Heap before GC invocations=9 (full 0):
 par new generation   total 19008K, used 17312K [0x00000000c3000000, 0x00000000c44a0000, 0x00000000cd660000)
  eden space 16896K,  99% used [0x00000000c3000000, 0x00000000c407ffd0, 0x00000000c4080000)
  from space 2112K,  19% used [0x00000000c4290000, 0x00000000c42f82d8, 0x00000000c44a0000)
  to   space 2112K,   0% used [0x00000000c4080000, 0x00000000c4080000, 0x00000000c4290000)
 concurrent mark-sweep generation total 42368K, used 2816K [0x00000000cd660000, 0x00000000cffc0000, 0x0000000100000000)
 Metaspace       used 8203K, capacity 8422K, committed 8704K, reserved 1056768K
  class space    used 897K, capacity 975K, committed 1024K, reserved 1048576K
2020-02-27T14:33:59.086+0000: 1.889: [GC (Allocation Failure) 2020-02-27T14:33:59.086+0000: 1.889: [ParNew
Desired survivor size 1081344 bytes, new threshold 6 (max 6)
- age   1:     127720 bytes,     127720 total
- age   2:      52456 bytes,     180176 total
- age   3:      61624 bytes,     241800 total
- age   4:      20336 bytes,     262136 total
- age   5:     229616 bytes,     491752 total
- age   6:      24296 bytes,     516048 total
: 17312K->622K(19008K), 0.0032677 secs] 20129K->3454K(61376K), 0.0033220 secs] [Times: user=0.01 sys=0.00, real=0.00 secs] 
Heap after GC invocations=10 (full 0):
 par new generation   total 19008K, used 622K [0x00000000c3000000, 0x00000000c44a0000, 0x00000000cd660000)
  eden space 16896K,   0% used [0x00000000c3000000, 0x00000000c3000000, 0x00000000c4080000)
  from space 2112K,  29% used [0x00000000c4080000, 0x00000000c411ba58, 0x00000000c4290000)
  to   space 2112K,   0% used [0x00000000c4290000, 0x00000000c4290000, 0x00000000c44a0000)
 concurrent mark-sweep generation total 42368K, used 2831K [0x00000000cd660000, 0x00000000cffc0000, 0x0000000100000000)
 Metaspace       used 8203K, capacity 8422K, committed 8704K, reserved 1056768K
  class space    used 897K, capacity 975K, committed 1024K, reserved 1048576K
}
2020-02-27T14:33:59.089+0000: 1.892: Total time for which application threads were stopped: 0.0035893 seconds, Stopping threads took: 0.0001629 seconds
{Heap before GC invocations=10 (full 0):
 par new generation   total 19008K, used 17518K [0x00000000c3000000, 0x00000000c44a0000, 0x00000000cd660000)
  eden space 16896K, 100% used [0x00000000c3000000, 0x00000000c4080000, 0x00000000c4080000)
  from space 2112K,  29% used [0x00000000c4080000, 0x00000000c411ba58, 0x00000000c4290000)
  to   space 2112K,   0% used [0x00000000c4290000, 0x00000000c4290000, 0x00000000c44a0000)
 concurrent mark-sweep generation total 42368K, used 2831K [0x00000000cd660000, 0x00000000cffc0000, 0x0000000100000000)
 Metaspace       used 8369K, capacity 8582K, committed 8704K, reserved 1056768K
  class space    used 923K, capacity 1007K, committed 1024K, reserved 1048576K
2020-02-27T14:33:59.145+0000: 1.948: [GC (Allocation Failure) 2020-02-27T14:33:59.145+0000: 1.948: [ParNew
Desired survivor size 1081344 bytes, new threshold 6 (max 6)
- age   1:     180352 bytes,     180352 total
- age   2:     117736 bytes,     298088 total
- age   3:      52152 bytes,     350240 total
- age   4:      61544 bytes,     411784 total
- age   5:      19160 bytes,     430944 total
- age   6:     228376 bytes,     659320 total
: 17518K->720K(19008K), 0.0034532 secs] 20350K->3572K(61376K), 0.0035259 secs] [Times: user=0.01 sys=0.00, real=0.00 secs] 
Heap after GC invocations=11 (full 0):
 par new generation   total 19008K, used 720K [0x00000000c3000000, 0x00000000c44a0000, 0x00000000cd660000)
  eden space 16896K,   0% used [0x00000000c3000000, 0x00000000c3000000, 0x00000000c4080000)
  from space 2112K,  34% used [0x00000000c4290000, 0x00000000c4344318, 0x00000000c44a0000)
  to   space 2112K,   0% used [0x00000000c4080000, 0x00000000c4080000, 0x00000000c4290000)
 concurrent mark-sweep generation total 42368K, used 2851K [0x00000000cd660000, 0x00000000cffc0000, 0x0000000100000000)
 Metaspace       used 8369K, capacity 8582K, committed 8704K, reserved 1056768K
  class space    used 923K, capacity 1007K, committed 1024K, reserved 1048576K
}
2020-02-27T14:33:59.148+0000: 1.952: Total time for which application threads were stopped: 0.0037901 seconds, Stopping threads took: 0.0000962 seconds
{Heap before GC invocations=11 (full 0):
 par new generation   total 19008K, used 17616K [0x00000000c3000000, 0x00000000c44a0000, 0x00000000cd660000)
  eden space 16896K, 100% used [0x00000000c3000000, 0x00000000c4080000, 0x00000000c4080000)
  from space 2112K,  34% used [0x00000000c4290000, 0x00000000c4344318, 0x00000000c44a0000)
  to   space 2112K,   0% used [0x00000000c4080000, 0x00000000c4080000, 0x00000000c4290000)
 concurrent mark-sweep generation total 42368K, used 2851K [0x00000000cd660000, 0x00000000cffc0000, 0x0000000100000000)
 Metaspace       used 8435K, capacity 8686K, committed 8832K, reserved 1056768K
  class space    used 943K, capacity 1039K, committed 1152K, reserved 1048576K
2020-02-27T14:33:59.195+0000: 1.998: [GC (Allocation Failure) 2020-02-27T14:33:59.195+0000: 1.998: [ParNew
Desired survivor size 1081344 bytes, new threshold 6 (max 6)
- age   1:      43104 bytes,      43104 total
- age   2:     169392 bytes,     212496 total
- age   3:     110560 bytes,     323056 total
- age   4:      52152 bytes,     375208 total
- age   5:      60728 bytes,     435936 total
- age   6:      18752 bytes,     454688 total
: 17616K->603K(19008K), 0.0038638 secs] 20468K->3679K(61376K), 0.0039398 secs] [Times: user=0.00 sys=0.00, real=0.01 secs] 
Heap after GC invocations=12 (full 0):
 par new generation   total 19008K, used 603K [0x00000000c3000000, 0x00000000c44a0000, 0x00000000cd660000)
  eden space 16896K,   0% used [0x00000000c3000000, 0x00000000c3000000, 0x00000000c4080000)
  from space 2112K,  28% used [0x00000000c4080000, 0x00000000c4116d60, 0x00000000c4290000)
  to   space 2112K,   0% used [0x00000000c4290000, 0x00000000c4290000, 0x00000000c44a0000)
 concurrent mark-sweep generation total 42368K, used 3076K [0x00000000cd660000, 0x00000000cffc0000, 0x0000000100000000)
 Metaspace       used 8435K, capacity 8686K, committed 8832K, reserved 1056768K
  class space    used 943K, capacity 1039K, committed 1152K, reserved 1048576K
}
2020-02-27T14:33:59.199+0000: 2.002: Total time for which application threads were stopped: 0.0041001 seconds, Stopping threads took: 0.0000294 seconds
{Heap before GC invocations=12 (full 0):
 par new generation   total 19008K, used 17499K [0x00000000c3000000, 0x00000000c44a0000, 0x00000000cd660000)
  eden space 16896K, 100% used [0x00000000c3000000, 0x00000000c4080000, 0x00000000c4080000)
  from space 2112K,  28% used [0x00000000c4080000, 0x00000000c4116d60, 0x00000000c4290000)
  to   space 2112K,   0% used [0x00000000c4290000, 0x00000000c4290000, 0x00000000c44a0000)
 concurrent mark-sweep generation total 42368K, used 3076K [0x00000000cd660000, 0x00000000cffc0000, 0x0000000100000000)
 Metaspace       used 8586K, capacity 8846K, committed 9088K, reserved 1056768K
  class space    used 963K, capacity 1071K, committed 1152K, reserved 1048576K
2020-02-27T14:33:59.292+0000: 2.095: [GC (Allocation Failure) 2020-02-27T14:33:59.292+0000: 2.095: [ParNew
Desired survivor size 1081344 bytes, new threshold 6 (max 6)
- age   1:      82688 bytes,      82688 total
- age   2:      31120 bytes,     113808 total
- age   3:     166552 bytes,     280360 total
- age   4:     110464 bytes,     390824 total
- age   5:      52120 bytes,     442944 total
- age   6:      60504 bytes,     503448 total
: 17499K->724K(19008K), 0.0089154 secs] 20575K->3818K(61376K), 0.0089864 secs] [Times: user=0.01 sys=0.00, real=0.01 secs] 
Heap after GC invocations=13 (full 0):
 par new generation   total 19008K, used 724K [0x00000000c3000000, 0x00000000c44a0000, 0x00000000cd660000)
  eden space 16896K,   0% used [0x00000000c3000000, 0x00000000c3000000, 0x00000000c4080000)
  from space 2112K,  34% used [0x00000000c4290000, 0x00000000c43452f0, 0x00000000c44a0000)
  to   space 2112K,   0% used [0x00000000c4080000, 0x00000000c4080000, 0x00000000c4290000)
 concurrent mark-sweep generation total 42368K, used 3093K [0x00000000cd660000, 0x00000000cffc0000, 0x0000000100000000)
 Metaspace       used 8586K, capacity 8846K, committed 9088K, reserved 1056768K
  class space    used 963K, capacity 1071K, committed 1152K, reserved 1048576K
}
2020-02-27T14:33:59.301+0000: 2.104: Total time for which application threads were stopped: 0.0091355 seconds, Stopping threads took: 0.0000235 seconds
2020-02-27T14:33:59.319+0000: 2.122: Total time for which application threads were stopped: 0.0001853 seconds, Stopping threads took: 0.0000266 seconds
{Heap before GC invocations=13 (full 0):
 par new generation   total 19008K, used 17620K [0x00000000c3000000, 0x00000000c44a0000, 0x00000000cd660000)
  eden space 16896K, 100% used [0x00000000c3000000, 0x00000000c4080000, 0x00000000c4080000)
  from space 2112K,  34% used [0x00000000c4290000, 0x00000000c43452f0, 0x00000000c44a0000)
  to   space 2112K,   0% used [0x00000000c4080000, 0x00000000c4080000, 0x00000000c4290000)
 concurrent mark-sweep generation total 42368K, used 3093K [0x00000000cd660000, 0x00000000cffc0000, 0x0000000100000000)
 Metaspace       used 8866K, capacity 9102K, committed 9344K, reserved 1056768K
  class space    used 990K, capacity 1071K, committed 1152K, reserved 1048576K
2020-02-27T14:33:59.437+0000: 2.240: [GC (Allocation Failure) 2020-02-27T14:33:59.437+0000: 2.240: [ParNew
Desired survivor size 1081344 bytes, new threshold 6 (max 6)
- age   1:      99344 bytes,      99344 total
- age   2:      74336 bytes,     173680 total
- age   3:      31120 bytes,     204800 total
- age   4:     166552 bytes,     371352 total
- age   5:     110464 bytes,     481816 total
- age   6:      52120 bytes,     533936 total
: 17620K->733K(19008K), 0.0038807 secs] 20714K->3886K(61376K), 0.0039513 secs] [Times: user=0.01 sys=0.00, real=0.00 secs] 
Heap after GC invocations=14 (full 0):
 par new generation   total 19008K, used 733K [0x00000000c3000000, 0x00000000c44a0000, 0x00000000cd660000)
  eden space 16896K,   0% used [0x00000000c3000000, 0x00000000c3000000, 0x00000000c4080000)
  from space 2112K,  34% used [0x00000000c4080000, 0x00000000c4137540, 0x00000000c4290000)
  to   space 2112K,   0% used [0x00000000c4290000, 0x00000000c4290000, 0x00000000c44a0000)
 concurrent mark-sweep generation total 42368K, used 3152K [0x00000000cd660000, 0x00000000cffc0000, 0x0000000100000000)
 Metaspace       used 8866K, capacity 9102K, committed 9344K, reserved 1056768K
  class space    used 990K, capacity 1071K, committed 1152K, reserved 1048576K
}
2020-02-27T14:33:59.441+0000: 2.244: Total time for which application threads were stopped: 0.0041407 seconds, Stopping threads took: 0.0000415 seconds
{Heap before GC invocations=14 (full 0):
 par new generation   total 19008K, used 17629K [0x00000000c3000000, 0x00000000c44a0000, 0x00000000cd660000)
  eden space 16896K, 100% used [0x00000000c3000000, 0x00000000c4080000, 0x00000000c4080000)
  from space 2112K,  34% used [0x00000000c4080000, 0x00000000c4137540, 0x00000000c4290000)
  to   space 2112K,   0% used [0x00000000c4290000, 0x00000000c4290000, 0x00000000c44a0000)
 concurrent mark-sweep generation total 42368K, used 3152K [0x00000000cd660000, 0x00000000cffc0000, 0x0000000100000000)
 Metaspace       used 9069K, capacity 9262K, committed 9344K, reserved 1056768K
  class space    used 1012K, capacity 1103K, committed 1152K, reserved 1048576K
2020-02-27T14:33:59.526+0000: 2.329: [GC (Allocation Failure) 2020-02-27T14:33:59.526+0000: 2.329: [ParNew
Desired survivor size 1081344 bytes, new threshold 6 (max 6)
- age   1:      43736 bytes,      43736 total
- age   2:      84696 bytes,     128432 total
- age   3:      70280 bytes,     198712 total
- age   4:      31120 bytes,     229832 total
- age   5:     166552 bytes,     396384 total
- age   6:     110464 bytes,     506848 total
: 17629K->766K(19008K), 0.0036651 secs] 20782K->3971K(61376K), 0.0037226 secs] [Times: user=0.01 sys=0.00, real=0.00 secs] 
Heap after GC invocations=15 (full 0):
 par new generation   total 19008K, used 766K [0x00000000c3000000, 0x00000000c44a0000, 0x00000000cd660000)
  eden space 16896K,   0% used [0x00000000c3000000, 0x00000000c3000000, 0x00000000c4080000)
  from space 2112K,  36% used [0x00000000c4290000, 0x00000000c434fa90, 0x00000000c44a0000)
  to   space 2112K,   0% used [0x00000000c4080000, 0x00000000c4080000, 0x00000000c4290000)
 concurrent mark-sweep generation total 42368K, used 3204K [0x00000000cd660000, 0x00000000cffc0000, 0x0000000100000000)
 Metaspace       used 9069K, capacity 9262K, committed 9344K, reserved 1056768K
  class space    used 1012K, capacity 1103K, committed 1152K, reserved 1048576K
}
2020-02-27T14:33:59.530+0000: 2.333: Total time for which application threads were stopped: 0.0038581 seconds, Stopping threads took: 0.0000282 seconds
{Heap before GC invocations=15 (full 0):
 par new generation   total 19008K, used 17662K [0x00000000c3000000, 0x00000000c44a0000, 0x00000000cd660000)
  eden space 16896K, 100% used [0x00000000c3000000, 0x00000000c4080000, 0x00000000c4080000)
  from space 2112K,  36% used [0x00000000c4290000, 0x00000000c434fa90, 0x00000000c44a0000)
  to   space 2112K,   0% used [0x00000000c4080000, 0x00000000c4080000, 0x00000000c4290000)
 concurrent mark-sweep generation total 42368K, used 3204K [0x00000000cd660000, 0x00000000cffc0000, 0x0000000100000000)
 Metaspace       used 9216K, capacity 9464K, committed 9600K, reserved 1058816K
  class space    used 1034K, capacity 1108K, committed 1152K, reserved 1048576K
2020-02-27T14:33:59.630+0000: 2.433: [GC (Allocation Failure) 2020-02-27T14:33:59.630+0000: 2.433: [ParNew
Desired survivor size 1081344 bytes, new threshold 6 (max 6)
- age   1:     109440 bytes,     109440 total
- age   2:      30120 bytes,     139560 total
- age   3:      84672 bytes,     224232 total
- age   4:      70136 bytes,     294368 total
- age   5:      31120 bytes,     325488 total
- age   6:     166552 bytes,     492040 total
: 17662K->499K(19008K), 0.0106901 secs] 20867K->3813K(61376K), 0.0107681 secs] [Times: user=0.00 sys=0.00, real=0.01 secs] 
Heap after GC invocations=16 (full 0):
 par new generation   total 19008K, used 499K [0x00000000c3000000, 0x00000000c44a0000, 0x00000000cd660000)
  eden space 16896K,   0% used [0x00000000c3000000, 0x00000000c3000000, 0x00000000c4080000)
  from space 2112K,  23% used [0x00000000c4080000, 0x00000000c40fcdb0, 0x00000000c4290000)
  to   space 2112K,   0% used [0x00000000c4290000, 0x00000000c4290000, 0x00000000c44a0000)
 concurrent mark-sweep generation total 42368K, used 3313K [0x00000000cd660000, 0x00000000cffc0000, 0x0000000100000000)
 Metaspace       used 9216K, capacity 9464K, committed 9600K, reserved 1058816K
  class space    used 1034K, capacity 1108K, committed 1152K, reserved 1048576K
}
2020-02-27T14:33:59.641+0000: 2.444: Total time for which application threads were stopped: 0.0109265 seconds, Stopping threads took: 0.0000264 seconds
{Heap before GC invocations=16 (full 0):
 par new generation   total 19008K, used 17395K [0x00000000c3000000, 0x00000000c44a0000, 0x00000000cd660000)
  eden space 16896K, 100% used [0x00000000c3000000, 0x00000000c4080000, 0x00000000c4080000)
  from space 2112K,  23% used [0x00000000c4080000, 0x00000000c40fcdb0, 0x00000000c4290000)
  to   space 2112K,   0% used [0x00000000c4290000, 0x00000000c4290000, 0x00000000c44a0000)
 concurrent mark-sweep generation total 42368K, used 3313K [0x00000000cd660000, 0x00000000cffc0000, 0x0000000100000000)
 Metaspace       used 9650K, capacity 9852K, committed 10240K, reserved 1058816K
  class space    used 1090K, capacity 1174K, committed 1280K, reserved 1048576K
2020-02-27T14:33:59.755+0000: 2.558: [GC (Allocation Failure) 2020-02-27T14:33:59.755+0000: 2.558: [ParNew
Desired survivor size 1081344 bytes, new threshold 6 (max 6)
- age   1:     126784 bytes,     126784 total
- age   2:      98752 bytes,     225536 total
- age   3:      24968 bytes,     250504 total
- age   4:      83448 bytes,     333952 total
- age   5:      68840 bytes,     402792 total
- age   6:      31120 bytes,     433912 total
: 17395K->485K(19008K), 0.0059282 secs] 20709K->3963K(61376K), 0.0059953 secs] [Times: user=0.01 sys=0.00, real=0.01 secs] 
Heap after GC invocations=17 (full 0):
 par new generation   total 19008K, used 485K [0x00000000c3000000, 0x00000000c44a0000, 0x00000000cd660000)
  eden space 16896K,   0% used [0x00000000c3000000, 0x00000000c3000000, 0x00000000c4080000)
  from space 2112K,  22% used [0x00000000c4290000, 0x00000000c43096e8, 0x00000000c44a0000)
  to   space 2112K,   0% used [0x00000000c4080000, 0x00000000c4080000, 0x00000000c4290000)
 concurrent mark-sweep generation total 42368K, used 3477K [0x00000000cd660000, 0x00000000cffc0000, 0x0000000100000000)
 Metaspace       used 9650K, capacity 9852K, committed 10240K, reserved 1058816K
  class space    used 1090K, capacity 1174K, committed 1280K, reserved 1048576K
}
2020-02-27T14:33:59.761+0000: 2.564: Total time for which application threads were stopped: 0.0061614 seconds, Stopping threads took: 0.0000258 seconds
{Heap before GC invocations=17 (full 0):
 par new generation   total 19008K, used 17381K [0x00000000c3000000, 0x00000000c44a0000, 0x00000000cd660000)
  eden space 16896K, 100% used [0x00000000c3000000, 0x00000000c4080000, 0x00000000c4080000)
  from space 2112K,  22% used [0x00000000c4290000, 0x00000000c43096e8, 0x00000000c44a0000)
  to   space 2112K,   0% used [0x00000000c4080000, 0x00000000c4080000, 0x00000000c4290000)
 concurrent mark-sweep generation total 42368K, used 3477K [0x00000000cd660000, 0x00000000cffc0000, 0x0000000100000000)
 Metaspace       used 10014K, capacity 10278K, committed 10496K, reserved 1058816K
  class space    used 1143K, capacity 1209K, committed 1280K, reserved 1048576K
2020-02-27T14:33:59.868+0000: 2.671: [GC (Allocation Failure) 2020-02-27T14:33:59.868+0000: 2.671: [ParNew
Desired survivor size 1081344 bytes, new threshold 6 (max 6)
- age   1:      87048 bytes,      87048 total
- age   2:     110808 bytes,     197856 total
- age   3:      92376 bytes,     290232 total
- age   4:      24968 bytes,     315200 total
- age   5:      83360 bytes,     398560 total
- age   6:      68840 bytes,     467400 total
: 17381K->657K(19008K), 0.0088582 secs] 20859K->4166K(61376K), 0.0089342 secs] [Times: user=0.01 sys=0.00, real=0.01 secs] 
Heap after GC invocations=18 (full 0):
 par new generation   total 19008K, used 657K [0x00000000c3000000, 0x00000000c44a0000, 0x00000000cd660000)
  eden space 16896K,   0% used [0x00000000c3000000, 0x00000000c3000000, 0x00000000c4080000)
  from space 2112K,  31% used [0x00000000c4080000, 0x00000000c4124568, 0x00000000c4290000)
  to   space 2112K,   0% used [0x00000000c4290000, 0x00000000c4290000, 0x00000000c44a0000)
 concurrent mark-sweep generation total 42368K, used 3509K [0x00000000cd660000, 0x00000000cffc0000, 0x0000000100000000)
 Metaspace       used 10014K, capacity 10278K, committed 10496K, reserved 1058816K
  class space    used 1143K, capacity 1209K, committed 1280K, reserved 1048576K
}
2020-02-27T14:33:59.877+0000: 2.680: Total time for which application threads were stopped: 0.0091190 seconds, Stopping threads took: 0.0000762 seconds
{Heap before GC invocations=18 (full 0):
 par new generation   total 19008K, used 17553K [0x00000000c3000000, 0x00000000c44a0000, 0x00000000cd660000)
  eden space 16896K, 100% used [0x00000000c3000000, 0x00000000c4080000, 0x00000000c4080000)
  from space 2112K,  31% used [0x00000000c4080000, 0x00000000c4124568, 0x00000000c4290000)
  to   space 2112K,   0% used [0x00000000c4290000, 0x00000000c4290000, 0x00000000c44a0000)
 concurrent mark-sweep generation total 42368K, used 3509K [0x00000000cd660000, 0x00000000cffc0000, 0x0000000100000000)
 Metaspace       used 10470K, capacity 10722K, committed 10880K, reserved 1058816K
  class space    used 1209K, capacity 1313K, committed 1408K, reserved 1048576K
2020-02-27T14:34:00.015+0000: 2.818: [GC (Allocation Failure) 2020-02-27T14:34:00.015+0000: 2.818: [ParNew
Desired survivor size 1081344 bytes, new threshold 6 (max 6)
- age   1:     147256 bytes,     147256 total
- age   2:      71296 bytes,     218552 total
- age   3:     106680 bytes,     325232 total
- age   4:      92248 bytes,     417480 total
- age   5:      24968 bytes,     442448 total
- age   6:      83152 bytes,     525600 total
: 17553K->675K(19008K), 0.0079947 secs] 21062K->4251K(61376K), 0.0080573 secs] [Times: user=0.01 sys=0.00, real=0.01 secs] 
Heap after GC invocations=19 (full 0):
 par new generation   total 19008K, used 675K [0x00000000c3000000, 0x00000000c44a0000, 0x00000000cd660000)
  eden space 16896K,   0% used [0x00000000c3000000, 0x00000000c3000000, 0x00000000c4080000)
  from space 2112K,  31% used [0x00000000c4290000, 0x00000000c4338c98, 0x00000000c44a0000)
  to   space 2112K,   0% used [0x00000000c4080000, 0x00000000c4080000, 0x00000000c4290000)
 concurrent mark-sweep generation total 42368K, used 3575K [0x00000000cd660000, 0x00000000cffc0000, 0x0000000100000000)
 Metaspace       used 10470K, capacity 10722K, committed 10880K, reserved 1058816K
  class space    used 1209K, capacity 1313K, committed 1408K, reserved 1048576K
}
2020-02-27T14:34:00.023+0000: 2.826: Total time for which application threads were stopped: 0.0082494 seconds, Stopping threads took: 0.0000663 seconds
{Heap before GC invocations=19 (full 0):
 par new generation   total 19008K, used 17571K [0x00000000c3000000, 0x00000000c44a0000, 0x00000000cd660000)
  eden space 16896K, 100% used [0x00000000c3000000, 0x00000000c4080000, 0x00000000c4080000)
  from space 2112K,  31% used [0x00000000c4290000, 0x00000000c4338c98, 0x00000000c44a0000)
  to   space 2112K,   0% used [0x00000000c4080000, 0x00000000c4080000, 0x00000000c4290000)
 concurrent mark-sweep generation total 42368K, used 3575K [0x00000000cd660000, 0x00000000cffc0000, 0x0000000100000000)
 Metaspace       used 10632K, capacity 10882K, committed 11136K, reserved 1058816K
  class space    used 1234K, capacity 1345K, committed 1408K, reserved 1048576K
2020-02-27T14:34:00.086+0000: 2.890: [GC (Allocation Failure) 2020-02-27T14:34:00.086+0000: 2.890: [ParNew
Desired survivor size 1081344 bytes, new threshold 6 (max 6)
- age   1:      54352 bytes,      54352 total
- age   2:     121608 bytes,     175960 total
- age   3:      66344 bytes,     242304 total
- age   4:     101088 bytes,     343392 total
- age   5:      91768 bytes,     435160 total
- age   6:      23680 bytes,     458840 total
: 17571K->498K(19008K), 0.0042091 secs] 21147K->4156K(61376K), 0.0042816 secs] [Times: user=0.00 sys=0.00, real=0.00 secs] 
Heap after GC invocations=20 (full 0):
 par new generation   total 19008K, used 498K [0x00000000c3000000, 0x00000000c44a0000, 0x00000000cd660000)
  eden space 16896K,   0% used [0x00000000c3000000, 0x00000000c3000000, 0x00000000c4080000)
  from space 2112K,  23% used [0x00000000c4080000, 0x00000000c40fc830, 0x00000000c4290000)
  to   space 2112K,   0% used [0x00000000c4290000, 0x00000000c4290000, 0x00000000c44a0000)
 concurrent mark-sweep generation total 42368K, used 3658K [0x00000000cd660000, 0x00000000cffc0000, 0x0000000100000000)
 Metaspace       used 10632K, capacity 10882K, committed 11136K, reserved 1058816K
  class space    used 1234K, capacity 1345K, committed 1408K, reserved 1048576K
}
2020-02-27T14:34:00.091+0000: 2.894: Total time for which application threads were stopped: 0.0044183 seconds, Stopping threads took: 0.0000239 seconds
{Heap before GC invocations=20 (full 0):
 par new generation   total 19008K, used 17394K [0x00000000c3000000, 0x00000000c44a0000, 0x00000000cd660000)
  eden space 16896K, 100% used [0x00000000c3000000, 0x00000000c4080000, 0x00000000c4080000)
  from space 2112K,  23% used [0x00000000c4080000, 0x00000000c40fc830, 0x00000000c4290000)
  to   space 2112K,   0% used [0x00000000c4290000, 0x00000000c4290000, 0x00000000c44a0000)
 concurrent mark-sweep generation total 42368K, used 3658K [0x00000000cd660000, 0x00000000cffc0000, 0x0000000100000000)
 Metaspace       used 10769K, capacity 11010K, committed 11136K, reserved 1058816K
  class space    used 1258K, capacity 1345K, committed 1408K, reserved 1048576K
2020-02-27T14:34:00.157+0000: 2.960: [GC (Allocation Failure) 2020-02-27T14:34:00.157+0000: 2.960: [ParNew
Desired survivor size 1081344 bytes, new threshold 6 (max 6)
- age   1:      69904 bytes,      69904 total
- age   2:      34336 bytes,     104240 total
- age   3:     121144 bytes,     225384 total
- age   4:      65424 bytes,     290808 total
- age   5:     101088 bytes,     391896 total
- age   6:      91768 bytes,     483664 total
: 17394K->914K(19008K), 0.0088940 secs] 21052K->4597K(61376K), 0.0089585 secs] [Times: user=0.01 sys=0.00, real=0.01 secs] 
Heap after GC invocations=21 (full 0):
 par new generation   total 19008K, used 914K [0x00000000c3000000, 0x00000000c44a0000, 0x00000000cd660000)
  eden space 16896K,   0% used [0x00000000c3000000, 0x00000000c3000000, 0x00000000c4080000)
  from space 2112K,  43% used [0x00000000c4290000, 0x00000000c4374a90, 0x00000000c44a0000)
  to   space 2112K,   0% used [0x00000000c4080000, 0x00000000c4080000, 0x00000000c4290000)
 concurrent mark-sweep generation total 42368K, used 3683K [0x00000000cd660000, 0x00000000cffc0000, 0x0000000100000000)
 Metaspace       used 10769K, capacity 11010K, committed 11136K, reserved 1058816K
  class space    used 1258K, capacity 1345K, committed 1408K, reserved 1048576K
}
2020-02-27T14:34:00.166+0000: 2.969: Total time for which application threads were stopped: 0.0176477 seconds, Stopping threads took: 0.0085553 seconds
{Heap before GC invocations=21 (full 0):
 par new generation   total 19008K, used 17810K [0x00000000c3000000, 0x00000000c44a0000, 0x00000000cd660000)
  eden space 16896K, 100% used [0x00000000c3000000, 0x00000000c4080000, 0x00000000c4080000)
  from space 2112K,  43% used [0x00000000c4290000, 0x00000000c4374a90, 0x00000000c44a0000)
  to   space 2112K,   0% used [0x00000000c4080000, 0x00000000c4080000, 0x00000000c4290000)
 concurrent mark-sweep generation total 42368K, used 3683K [0x00000000cd660000, 0x00000000cffc0000, 0x0000000100000000)
 Metaspace       used 10910K, capacity 11170K, committed 11392K, reserved 1058816K
  class space    used 1274K, capacity 1377K, committed 1408K, reserved 1048576K
2020-02-27T14:34:00.229+0000: 3.032: [GC (Allocation Failure) 2020-02-27T14:34:00.229+0000: 3.032: [ParNew
Desired survivor size 1081344 bytes, new threshold 6 (max 6)
- age   1:      76184 bytes,      76184 total
- age   2:      52248 bytes,     128432 total
- age   3:      33832 bytes,     162264 total
- age   4:     121144 bytes,     283408 total
- age   5:      65296 bytes,     348704 total
- age   6:     101024 bytes,     449728 total
: 17810K->583K(19008K), 0.0122214 secs] 21493K->4357K(61376K), 0.0122978 secs] [Times: user=0.01 sys=0.00, real=0.01 secs] 
Heap after GC invocations=22 (full 0):
 par new generation   total 19008K, used 583K [0x00000000c3000000, 0x00000000c44a0000, 0x00000000cd660000)
  eden space 16896K,   0% used [0x00000000c3000000, 0x00000000c3000000, 0x00000000c4080000)
  from space 2112K,  27% used [0x00000000c4080000, 0x00000000c4111c70, 0x00000000c4290000)
  to   space 2112K,   0% used [0x00000000c4290000, 0x00000000c4290000, 0x00000000c44a0000)
 concurrent mark-sweep generation total 42368K, used 3774K [0x00000000cd660000, 0x00000000cffc0000, 0x0000000100000000)
 Metaspace       used 10910K, capacity 11170K, committed 11392K, reserved 1058816K
  class space    used 1274K, capacity 1377K, committed 1408K, reserved 1048576K
}
2020-02-27T14:34:00.241+0000: 3.044: Total time for which application threads were stopped: 0.0124711 seconds, Stopping threads took: 0.0000628 seconds
{Heap before GC invocations=22 (full 0):
 par new generation   total 19008K, used 17479K [0x00000000c3000000, 0x00000000c44a0000, 0x00000000cd660000)
  eden space 16896K, 100% used [0x00000000c3000000, 0x00000000c4080000, 0x00000000c4080000)
  from space 2112K,  27% used [0x00000000c4080000, 0x00000000c4111c70, 0x00000000c4290000)
  to   space 2112K,   0% used [0x00000000c4290000, 0x00000000c4290000, 0x00000000c44a0000)
 concurrent mark-sweep generation total 42368K, used 3774K [0x00000000cd660000, 0x00000000cffc0000, 0x0000000100000000)
 Metaspace       used 11901K, capacity 12176K, committed 12288K, reserved 1060864K
  class space    used 1384K, capacity 1478K, committed 1536K, reserved 1048576K
2020-02-27T14:34:00.405+0000: 3.208: [GC (Allocation Failure) 2020-02-27T14:34:00.405+0000: 3.208: [ParNew
Desired survivor size 1081344 bytes, new threshold 6 (max 6)
- age   1:     298672 bytes,     298672 total
- age   2:      61240 bytes,     359912 total
- age   3:      47352 bytes,     407264 total
- age   4:      25320 bytes,     432584 total
- age   5:     116176 bytes,     548760 total
- age   6:      58752 bytes,     607512 total
: 17479K->815K(19008K), 0.0121988 secs] 21253K->4691K(61376K), 0.0122775 secs] [Times: user=0.01 sys=0.00, real=0.01 secs] 
Heap after GC invocations=23 (full 0):
 par new generation   total 19008K, used 815K [0x00000000c3000000, 0x00000000c44a0000, 0x00000000cd660000)
  eden space 16896K,   0% used [0x00000000c3000000, 0x00000000c3000000, 0x00000000c4080000)
  from space 2112K,  38% used [0x00000000c4290000, 0x00000000c435be58, 0x00000000c44a0000)
  to   space 2112K,   0% used [0x00000000c4080000, 0x00000000c4080000, 0x00000000c4290000)
 concurrent mark-sweep generation total 42368K, used 3875K [0x00000000cd660000, 0x00000000cffc0000, 0x0000000100000000)
 Metaspace       used 11901K, capacity 12176K, committed 12288K, reserved 1060864K
  class space    used 1384K, capacity 1478K, committed 1536K, reserved 1048576K
}
2020-02-27T14:34:00.417+0000: 3.220: Total time for which application threads were stopped: 0.0293194 seconds, Stopping threads took: 0.0168778 seconds
{Heap before GC invocations=23 (full 0):
 par new generation   total 19008K, used 17711K [0x00000000c3000000, 0x00000000c44a0000, 0x00000000cd660000)
  eden space 16896K, 100% used [0x00000000c3000000, 0x00000000c4080000, 0x00000000c4080000)
  from space 2112K,  38% used [0x00000000c4290000, 0x00000000c435be58, 0x00000000c44a0000)
  to   space 2112K,   0% used [0x00000000c4080000, 0x00000000c4080000, 0x00000000c4290000)
 concurrent mark-sweep generation total 42368K, used 3875K [0x00000000cd660000, 0x00000000cffc0000, 0x0000000100000000)
 Metaspace       used 12020K, capacity 12240K, committed 12544K, reserved 1060864K
  class space    used 1403K, capacity 1478K, committed 1536K, reserved 1048576K
2020-02-27T14:34:00.485+0000: 3.288: [GC (Allocation Failure) 2020-02-27T14:34:00.485+0000: 3.288: [ParNew
Desired survivor size 1081344 bytes, new threshold 6 (max 6)
- age   1:      68416 bytes,      68416 total
- age   2:     269144 bytes,     337560 total
- age   3:      59840 bytes,     397400 total
- age   4:      46872 bytes,     444272 total
- age   5:      24760 bytes,     469032 total
- age   6:     110768 bytes,     579800 total
: 17711K->1067K(19008K), 0.0061029 secs] 21587K->5002K(61376K), 0.0061745 secs] [Times: user=0.01 sys=0.00, real=0.00 secs] 
Heap after GC invocations=24 (full 0):
 par new generation   total 19008K, used 1067K [0x00000000c3000000, 0x00000000c44a0000, 0x00000000cd660000)
  eden space 16896K,   0% used [0x00000000c3000000, 0x00000000c3000000, 0x00000000c4080000)
  from space 2112K,  50% used [0x00000000c4080000, 0x00000000c418aeb8, 0x00000000c4290000)
  to   space 2112K,   0% used [0x00000000c4290000, 0x00000000c4290000, 0x00000000c44a0000)
 concurrent mark-sweep generation total 42368K, used 3935K [0x00000000cd660000, 0x00000000cffc0000, 0x0000000100000000)
 Metaspace       used 12020K, capacity 12240K, committed 12544K, reserved 1060864K
  class space    used 1403K, capacity 1478K, committed 1536K, reserved 1048576K
}
2020-02-27T14:34:00.491+0000: 3.294: Total time for which application threads were stopped: 0.0063238 seconds, Stopping threads took: 0.0000303 seconds
{Heap before GC invocations=24 (full 0):
 par new generation   total 19008K, used 17963K [0x00000000c3000000, 0x00000000c44a0000, 0x00000000cd660000)
  eden space 16896K, 100% used [0x00000000c3000000, 0x00000000c4080000, 0x00000000c4080000)
  from space 2112K,  50% used [0x00000000c4080000, 0x00000000c418aeb8, 0x00000000c4290000)
  to   space 2112K,   0% used [0x00000000c4290000, 0x00000000c4290000, 0x00000000c44a0000)
 concurrent mark-sweep generation total 42368K, used 3935K [0x00000000cd660000, 0x00000000cffc0000, 0x0000000100000000)
 Metaspace       used 12543K, capacity 12762K, committed 13056K, reserved 1060864K
  class space    used 1449K, capacity 1525K, committed 1536K, reserved 1048576K
2020-02-27T14:34:00.569+0000: 3.372: [GC (Allocation Failure) 2020-02-27T14:34:00.569+0000: 3.372: [ParNew
Desired survivor size 1081344 bytes, new threshold 6 (max 6)
- age   1:     240256 bytes,     240256 total
- age   2:      56496 bytes,     296752 total
- age   3:     264896 bytes,     561648 total
- age   4:      58880 bytes,     620528 total
- age   5:      46408 bytes,     666936 total
- age   6:      24728 bytes,     691664 total
: 17963K->981K(19008K), 0.0060549 secs] 21898K->5027K(61376K), 0.0061228 secs] [Times: user=0.00 sys=0.00, real=0.00 secs] 
Heap after GC invocations=25 (full 0):
 par new generation   total 19008K, used 981K [0x00000000c3000000, 0x00000000c44a0000, 0x00000000cd660000)
  eden space 16896K,   0% used [0x00000000c3000000, 0x00000000c3000000, 0x00000000c4080000)
  from space 2112K,  46% used [0x00000000c4290000, 0x00000000c4385630, 0x00000000c44a0000)
  to   space 2112K,   0% used [0x00000000c4080000, 0x00000000c4080000, 0x00000000c4290000)
 concurrent mark-sweep generation total 42368K, used 4046K [0x00000000cd660000, 0x00000000cffc0000, 0x0000000100000000)
 Metaspace       used 12543K, capacity 12762K, committed 13056K, reserved 1060864K
  class space    used 1449K, capacity 1525K, committed 1536K, reserved 1048576K
}
2020-02-27T14:34:00.575+0000: 3.378: Total time for which application threads were stopped: 0.0063039 seconds, Stopping threads took: 0.0000657 seconds
{Heap before GC invocations=25 (full 0):
 par new generation   total 19008K, used 17877K [0x00000000c3000000, 0x00000000c44a0000, 0x00000000cd660000)
  eden space 16896K, 100% used [0x00000000c3000000, 0x00000000c4080000, 0x00000000c4080000)
  from space 2112K,  46% used [0x00000000c4290000, 0x00000000c4385630, 0x00000000c44a0000)
  to   space 2112K,   0% used [0x00000000c4080000, 0x00000000c4080000, 0x00000000c4290000)
 concurrent mark-sweep generation total 42368K, used 4046K [0x00000000cd660000, 0x00000000cffc0000, 0x0000000100000000)
 Metaspace       used 12824K, capacity 13162K, committed 13440K, reserved 1060864K
  class space    used 1483K, capacity 1571K, committed 1664K, reserved 1048576K
2020-02-27T14:34:00.669+0000: 3.472: [GC (Allocation Failure) 2020-02-27T14:34:00.669+0000: 3.480: [ParNew
Desired survivor size 1081344 bytes, new threshold 6 (max 6)
- age   1:      90320 bytes,      90320 total
- age   2:     109336 bytes,     199656 total
- age   3:      55152 bytes,     254808 total
- age   4:     264544 bytes,     519352 total
- age   5:      56056 bytes,     575408 total
- age   6:      46408 bytes,     621816 total
: 17877K->1003K(19008K), 0.0136343 secs] 21923K->5075K(61376K), 0.0137150 secs] [Times: user=0.01 sys=0.00, real=0.01 secs] 
Heap after GC invocations=26 (full 0):
 par new generation   total 19008K, used 1003K [0x00000000c3000000, 0x00000000c44a0000, 0x00000000cd660000)
  eden space 16896K,   0% used [0x00000000c3000000, 0x00000000c3000000, 0x00000000c4080000)
  from space 2112K,  47% used [0x00000000c4080000, 0x00000000c417ae60, 0x00000000c4290000)
  to   space 2112K,   0% used [0x00000000c4290000, 0x00000000c4290000, 0x00000000c44a0000)
 concurrent mark-sweep generation total 42368K, used 4071K [0x00000000cd660000, 0x00000000cffc0000, 0x0000000100000000)
 Metaspace       used 12824K, capacity 13162K, committed 13440K, reserved 1060864K
  class space    used 1483K, capacity 1571K, committed 1664K, reserved 1048576K
}
2020-02-27T14:34:00.683+0000: 3.486: Total time for which application threads were stopped: 0.0247688 seconds, Stopping threads took: 0.0109078 seconds
{Heap before GC invocations=26 (full 0):
 par new generation   total 19008K, used 17899K [0x00000000c3000000, 0x00000000c44a0000, 0x00000000cd660000)
  eden space 16896K, 100% used [0x00000000c3000000, 0x00000000c4080000, 0x00000000c4080000)
  from space 2112K,  47% used [0x00000000c4080000, 0x00000000c417ae60, 0x00000000c4290000)
  to   space 2112K,   0% used [0x00000000c4290000, 0x00000000c4290000, 0x00000000c44a0000)
 concurrent mark-sweep generation total 42368K, used 4071K [0x00000000cd660000, 0x00000000cffc0000, 0x0000000100000000)
 Metaspace       used 12959K, capacity 13290K, committed 13440K, reserved 1060864K
  class space    used 1499K, capacity 1635K, committed 1664K, reserved 1048576K
2020-02-27T14:34:00.720+0000: 3.523: [GC (Allocation Failure) 2020-02-27T14:34:00.720+0000: 3.523: [ParNew
Desired survivor size 1081344 bytes, new threshold 6 (max 6)
- age   1:      39208 bytes,      39208 total
- age   2:      75560 bytes,     114768 total
- age   3:     109336 bytes,     224104 total
- age   4:      53856 bytes,     277960 total
- age   5:     264544 bytes,     542504 total
- age   6:      56056 bytes,     598560 total
: 17899K->870K(19008K), 0.0048643 secs] 21971K->4989K(61376K), 0.0049255 secs] [Times: user=0.00 sys=0.00, real=0.01 secs] 
Heap after GC invocations=27 (full 0):
 par new generation   total 19008K, used 870K [0x00000000c3000000, 0x00000000c44a0000, 0x00000000cd660000)
  eden space 16896K,   0% used [0x00000000c3000000, 0x00000000c3000000, 0x00000000c4080000)
  from space 2112K,  41% used [0x00000000c4290000, 0x00000000c4369938, 0x00000000c44a0000)
  to   space 2112K,   0% used [0x00000000c4080000, 0x00000000c4080000, 0x00000000c4290000)
 concurrent mark-sweep generation total 42368K, used 4119K [0x00000000cd660000, 0x00000000cffc0000, 0x0000000100000000)
 Metaspace       used 12959K, capacity 13290K, committed 13440K, reserved 1060864K
  class space    used 1499K, capacity 1635K, committed 1664K, reserved 1048576K
}
2020-02-27T14:34:00.725+0000: 3.528: Total time for which application threads were stopped: 0.0050742 seconds, Stopping threads took: 0.0000338 seconds
{Heap before GC invocations=27 (full 0):
 par new generation   total 19008K, used 17766K [0x00000000c3000000, 0x00000000c44a0000, 0x00000000cd660000)
  eden space 16896K, 100% used [0x00000000c3000000, 0x00000000c4080000, 0x00000000c4080000)
  from space 2112K,  41% used [0x00000000c4290000, 0x00000000c4369938, 0x00000000c44a0000)
  to   space 2112K,   0% used [0x00000000c4080000, 0x00000000c4080000, 0x00000000c4290000)
 concurrent mark-sweep generation total 42368K, used 4119K [0x00000000cd660000, 0x00000000cffc0000, 0x0000000100000000)
 Metaspace       used 13147K, capacity 13490K, committed 13696K, reserved 1060864K
  class space    used 1524K, capacity 1637K, committed 1664K, reserved 1048576K
2020-02-27T14:34:00.790+0000: 3.593: [GC (Allocation Failure) 2020-02-27T14:34:00.790+0000: 3.593: [ParNew
Desired survivor size 1081344 bytes, new threshold 6 (max 6)
- age   1:      73576 bytes,      73576 total
- age   2:      31888 bytes,     105464 total
- age   3:      71488 bytes,     176952 total
- age   4:     109312 bytes,     286264 total
- age   5:      53320 bytes,     339584 total
- age   6:     264544 bytes,     604128 total
: 17766K->874K(19008K), 0.0049361 secs] 21885K->5050K(61376K), 0.0050105 secs] [Times: user=0.01 sys=0.00, real=0.00 secs] 
Heap after GC invocations=28 (full 0):
 par new generation   total 19008K, used 874K [0x00000000c3000000, 0x00000000c44a0000, 0x00000000cd660000)
  eden space 16896K,   0% used [0x00000000c3000000, 0x00000000c3000000, 0x00000000c4080000)
  from space 2112K,  41% used [0x00000000c4080000, 0x00000000c415aa18, 0x00000000c4290000)
  to   space 2112K,   0% used [0x00000000c4290000, 0x00000000c4290000, 0x00000000c44a0000)
 concurrent mark-sweep generation total 42368K, used 4176K [0x00000000cd660000, 0x00000000cffc0000, 0x0000000100000000)
 Metaspace       used 13147K, capacity 13490K, committed 13696K, reserved 1060864K
  class space    used 1524K, capacity 1637K, committed 1664K, reserved 1048576K
}
2020-02-27T14:34:00.795+0000: 3.598: Total time for which application threads were stopped: 0.0051699 seconds, Stopping threads took: 0.0000128 seconds
2020-02-27T14:34:00.825+0000: 3.629: Total time for which application threads were stopped: 0.0029468 seconds, Stopping threads took: 0.0025161 seconds
{Heap before GC invocations=28 (full 0):
 par new generation   total 19008K, used 17770K [0x00000000c3000000, 0x00000000c44a0000, 0x00000000cd660000)
  eden space 16896K, 100% used [0x00000000c3000000, 0x00000000c4080000, 0x00000000c4080000)
  from space 2112K,  41% used [0x00000000c4080000, 0x00000000c415aa18, 0x00000000c4290000)
  to   space 2112K,   0% used [0x00000000c4290000, 0x00000000c4290000, 0x00000000c44a0000)
 concurrent mark-sweep generation total 42368K, used 4176K [0x00000000cd660000, 0x00000000cffc0000, 0x0000000100000000)
 Metaspace       used 13317K, capacity 13650K, committed 13824K, reserved 1060864K
  class space    used 1555K, capacity 1669K, committed 1792K, reserved 1048576K
2020-02-27T14:34:00.862+0000: 3.665: [GC (Allocation Failure) 2020-02-27T14:34:00.862+0000: 3.665: [ParNew
Desired survivor size 1081344 bytes, new threshold 6 (max 6)
- age   1:      62448 bytes,      62448 total
- age   2:      63888 bytes,     126336 total
- age   3:      25752 bytes,     152088 total
- age   4:      70936 bytes,     223024 total
- age   5:     109312 bytes,     332336 total
- age   6:      53320 bytes,     385656 total
: 17770K->588K(19008K), 0.0064883 secs] 21946K->5034K(61376K), 0.0065599 secs] [Times: user=0.00 sys=0.00, real=0.01 secs] 
Heap after GC invocations=29 (full 0):
 par new generation   total 19008K, used 588K [0x00000000c3000000, 0x00000000c44a0000, 0x00000000cd660000)
  eden space 16896K,   0% used [0x00000000c3000000, 0x00000000c3000000, 0x00000000c4080000)
  from space 2112K,  27% used [0x00000000c4290000, 0x00000000c4323220, 0x00000000c44a0000)
  to   space 2112K,   0% used [0x00000000c4080000, 0x00000000c4080000, 0x00000000c4290000)
 concurrent mark-sweep generation total 42368K, used 4446K [0x00000000cd660000, 0x00000000cffc0000, 0x0000000100000000)
 Metaspace       used 13317K, capacity 13650K, committed 13824K, reserved 1060864K
  class space    used 1555K, capacity 1669K, committed 1792K, reserved 1048576K
}
2020-02-27T14:34:00.868+0000: 3.671: Total time for which application threads were stopped: 0.0067215 seconds, Stopping threads took: 0.0000325 seconds
{Heap before GC invocations=29 (full 0):
 par new generation   total 19008K, used 17484K [0x00000000c3000000, 0x00000000c44a0000, 0x00000000cd660000)
  eden space 16896K, 100% used [0x00000000c3000000, 0x00000000c4080000, 0x00000000c4080000)
  from space 2112K,  27% used [0x00000000c4290000, 0x00000000c4323220, 0x00000000c44a0000)
  to   space 2112K,   0% used [0x00000000c4080000, 0x00000000c4080000, 0x00000000c4290000)
 concurrent mark-sweep generation total 42368K, used 4446K [0x00000000cd660000, 0x00000000cffc0000, 0x0000000100000000)
 Metaspace       used 13438K, capacity 13746K, committed 14080K, reserved 1060864K
  class space    used 1586K, capacity 1701K, committed 1792K, reserved 1048576K
2020-02-27T14:34:00.926+0000: 3.729: [GC (Allocation Failure) 2020-02-27T14:34:00.926+0000: 3.729: [ParNew
Desired survivor size 1081344 bytes, new threshold 6 (max 6)
- age   1:      31816 bytes,      31816 total
- age   2:      52472 bytes,      84288 total
- age   3:      58592 bytes,     142880 total
- age   4:      23600 bytes,     166480 total
- age   5:      70808 bytes,     237288 total
- age   6:     109312 bytes,     346600 total
: 17484K->429K(19008K), 0.0035235 secs] 21930K->4929K(61376K), 0.0035828 secs] [Times: user=0.00 sys=0.00, real=0.00 secs] 
Heap after GC invocations=30 (full 0):
 par new generation   total 19008K, used 429K [0x00000000c3000000, 0x00000000c44a0000, 0x00000000cd660000)
  eden space 16896K,   0% used [0x00000000c3000000, 0x00000000c3000000, 0x00000000c4080000)
  from space 2112K,  20% used [0x00000000c4080000, 0x00000000c40eb700, 0x00000000c4290000)
  to   space 2112K,   0% used [0x00000000c4290000, 0x00000000c4290000, 0x00000000c44a0000)
 concurrent mark-sweep generation total 42368K, used 4499K [0x00000000cd660000, 0x00000000cffc0000, 0x0000000100000000)
 Metaspace       used 13438K, capacity 13746K, committed 14080K, reserved 1060864K
  class space    used 1586K, capacity 1701K, committed 1792K, reserved 1048576K
}
2020-02-27T14:34:00.930+0000: 3.733: Total time for which application threads were stopped: 0.0038173 seconds, Stopping threads took: 0.0001153 seconds
{Heap before GC invocations=30 (full 0):
 par new generation   total 19008K, used 17325K [0x00000000c3000000, 0x00000000c44a0000, 0x00000000cd660000)
  eden space 16896K, 100% used [0x00000000c3000000, 0x00000000c4080000, 0x00000000c4080000)
  from space 2112K,  20% used [0x00000000c4080000, 0x00000000c40eb700, 0x00000000c4290000)
  to   space 2112K,   0% used [0x00000000c4290000, 0x00000000c4290000, 0x00000000c44a0000)
 concurrent mark-sweep generation total 42368K, used 4499K [0x00000000cd660000, 0x00000000cffc0000, 0x0000000100000000)
 Metaspace       used 13587K, capacity 13874K, committed 14080K, reserved 1060864K
  class space    used 1605K, capacity 1701K, committed 1792K, reserved 1048576K
2020-02-27T14:34:00.997+0000: 3.800: [GC (Allocation Failure) 2020-02-27T14:34:00.997+0000: 3.800: [ParNew
Desired survivor size 1081344 bytes, new threshold 6 (max 6)
- age   1:      63360 bytes,      63360 total
- age   2:      22280 bytes,      85640 total
- age   3:      47736 bytes,     133376 total
- age   4:      58592 bytes,     191968 total
- age   5:      23600 bytes,     215568 total
- age   6:      70128 bytes,     285696 total
: 17325K->361K(19008K), 0.0083157 secs] 21825K->4969K(61376K), 0.0083890 secs] [Times: user=0.00 sys=0.00, real=0.01 secs] 
Heap after GC invocations=31 (full 0):
 par new generation   total 19008K, used 361K [0x00000000c3000000, 0x00000000c44a0000, 0x00000000cd660000)
  eden space 16896K,   0% used [0x00000000c3000000, 0x00000000c3000000, 0x00000000c4080000)
  from space 2112K,  17% used [0x00000000c4290000, 0x00000000c42ea5c0, 0x00000000c44a0000)
  to   space 2112K,   0% used [0x00000000c4080000, 0x00000000c4080000, 0x00000000c4290000)
 concurrent mark-sweep generation total 42368K, used 4607K [0x00000000cd660000, 0x00000000cffc0000, 0x0000000100000000)
 Metaspace       used 13587K, capacity 13874K, committed 14080K, reserved 1060864K
  class space    used 1605K, capacity 1701K, committed 1792K, reserved 1048576K
}
2020-02-27T14:34:01.005+0000: 3.808: Total time for which application threads were stopped: 0.0153693 seconds, Stopping threads took: 0.0068381 seconds
{Heap before GC invocations=31 (full 0):
 par new generation   total 19008K, used 17257K [0x00000000c3000000, 0x00000000c44a0000, 0x00000000cd660000)
  eden space 16896K, 100% used [0x00000000c3000000, 0x00000000c4080000, 0x00000000c4080000)
  from space 2112K,  17% used [0x00000000c4290000, 0x00000000c42ea5c0, 0x00000000c44a0000)
  to   space 2112K,   0% used [0x00000000c4080000, 0x00000000c4080000, 0x00000000c4290000)
 concurrent mark-sweep generation total 42368K, used 4607K [0x00000000cd660000, 0x00000000cffc0000, 0x0000000100000000)
 Metaspace       used 13672K, capacity 13970K, committed 14080K, reserved 1060864K
  class space    used 1619K, capacity 1733K, committed 1792K, reserved 1048576K
2020-02-27T14:34:01.050+0000: 3.853: [GC (Allocation Failure) 2020-02-27T14:34:01.050+0000: 3.853: [ParNew
Desired survivor size 1081344 bytes, new threshold 6 (max 6)
- age   1:      47992 bytes,      47992 total
- age   2:      55048 bytes,     103040 total
- age   3:      19264 bytes,     122304 total
- age   4:      47736 bytes,     170040 total
- age   5:      58592 bytes,     228632 total
- age   6:      23600 bytes,     252232 total
: 17257K->299K(19008K), 0.0037999 secs] 21865K->4977K(61376K), 0.0038645 secs] [Times: user=0.00 sys=0.00, real=0.00 secs] 
Heap after GC invocations=32 (full 0):
 par new generation   total 19008K, used 299K [0x00000000c3000000, 0x00000000c44a0000, 0x00000000cd660000)
  eden space 16896K,   0% used [0x00000000c3000000, 0x00000000c3000000, 0x00000000c4080000)
  from space 2112K,  14% used [0x00000000c4080000, 0x00000000c40caec8, 0x00000000c4290000)
  to   space 2112K,   0% used [0x00000000c4290000, 0x00000000c4290000, 0x00000000c44a0000)
 concurrent mark-sweep generation total 42368K, used 4677K [0x00000000cd660000, 0x00000000cffc0000, 0x0000000100000000)
 Metaspace       used 13672K, capacity 13970K, committed 14080K, reserved 1060864K
  class space    used 1619K, capacity 1733K, committed 1792K, reserved 1048576K
}
2020-02-27T14:34:01.054+0000: 3.857: Total time for which application threads were stopped: 0.0122203 seconds, Stopping threads took: 0.0082139 seconds
{Heap before GC invocations=32 (full 0):
 par new generation   total 19008K, used 17195K [0x00000000c3000000, 0x00000000c44a0000, 0x00000000cd660000)
  eden space 16896K, 100% used [0x00000000c3000000, 0x00000000c4080000, 0x00000000c4080000)
  from space 2112K,  14% used [0x00000000c4080000, 0x00000000c40caec8, 0x00000000c4290000)
  to   space 2112K,   0% used [0x00000000c4290000, 0x00000000c4290000, 0x00000000c44a0000)
 concurrent mark-sweep generation total 42368K, used 4677K [0x00000000cd660000, 0x00000000cffc0000, 0x0000000100000000)
 Metaspace       used 13894K, capacity 14264K, committed 14336K, reserved 1062912K
  class space    used 1646K, capacity 1766K, committed 1792K, reserved 1048576K
2020-02-27T14:34:01.147+0000: 3.951: [GC (Allocation Failure) 2020-02-27T14:34:01.147+0000: 3.951: [ParNew
Desired survivor size 1081344 bytes, new threshold 6 (max 6)
- age   1:      94136 bytes,      94136 total
- age   2:      38096 bytes,     132232 total
- age   3:      43920 bytes,     176152 total
- age   4:      19264 bytes,     195416 total
- age   5:      47688 bytes,     243104 total
- age   6:      58592 bytes,     301696 total
: 17195K->387K(19008K), 0.0036013 secs] 21873K->5088K(61376K), 0.0036651 secs] [Times: user=0.00 sys=0.00, real=0.00 secs] 
Heap after GC invocations=33 (full 0):
 par new generation   total 19008K, used 387K [0x00000000c3000000, 0x00000000c44a0000, 0x00000000cd660000)
  eden space 16896K,   0% used [0x00000000c3000000, 0x00000000c3000000, 0x00000000c4080000)
  from space 2112K,  18% used [0x00000000c4290000, 0x00000000c42f0e40, 0x00000000c44a0000)
  to   space 2112K,   0% used [0x00000000c4080000, 0x00000000c4080000, 0x00000000c4290000)
 concurrent mark-sweep generation total 42368K, used 4701K [0x00000000cd660000, 0x00000000cffc0000, 0x0000000100000000)
 Metaspace       used 13894K, capacity 14264K, committed 14336K, reserved 1062912K
  class space    used 1646K, capacity 1766K, committed 1792K, reserved 1048576K
}
2020-02-27T14:34:01.151+0000: 3.954: Total time for which application threads were stopped: 0.0081335 seconds, Stopping threads took: 0.0042959 seconds
{Heap before GC invocations=33 (full 0):
 par new generation   total 19008K, used 17283K [0x00000000c3000000, 0x00000000c44a0000, 0x00000000cd660000)
  eden space 16896K, 100% used [0x00000000c3000000, 0x00000000c4080000, 0x00000000c4080000)
  from space 2112K,  18% used [0x00000000c4290000, 0x00000000c42f0e40, 0x00000000c44a0000)
  to   space 2112K,   0% used [0x00000000c4080000, 0x00000000c4080000, 0x00000000c4290000)
 concurrent mark-sweep generation total 42368K, used 4701K [0x00000000cd660000, 0x00000000cffc0000, 0x0000000100000000)
 Metaspace       used 14096K, capacity 14430K, committed 14720K, reserved 1062912K
  class space    used 1679K, capacity 1799K, committed 1920K, reserved 1048576K
2020-02-27T14:34:01.227+0000: 4.030: [GC (Allocation Failure) 2020-02-27T14:34:01.227+0000: 4.030: [ParNew
Desired survivor size 1081344 bytes, new threshold 6 (max 6)
- age   1:      58648 bytes,      58648 total
- age   2:      68152 bytes,     126800 total
- age   3:      32360 bytes,     159160 total
- age   4:      43920 bytes,     203080 total
- age   5:      19240 bytes,     222320 total
- age   6:      47688 bytes,     270008 total
: 17283K->427K(19008K), 0.0037376 secs] 21984K->5186K(61376K), 0.0037955 secs] [Times: user=0.00 sys=0.00, real=0.00 secs] 
Heap after GC invocations=34 (full 0):
 par new generation   total 19008K, used 427K [0x00000000c3000000, 0x00000000c44a0000, 0x00000000cd660000)
  eden space 16896K,   0% used [0x00000000c3000000, 0x00000000c3000000, 0x00000000c4080000)
  from space 2112K,  20% used [0x00000000c4080000, 0x00000000c40eae60, 0x00000000c4290000)
  to   space 2112K,   0% used [0x00000000c4290000, 0x00000000c4290000, 0x00000000c44a0000)
 concurrent mark-sweep generation total 42368K, used 4759K [0x00000000cd660000, 0x00000000cffc0000, 0x0000000100000000)
 Metaspace       used 14096K, capacity 14430K, committed 14720K, reserved 1062912K
  class space    used 1679K, capacity 1799K, committed 1920K, reserved 1048576K
}
2020-02-27T14:34:01.231+0000: 4.034: Total time for which application threads were stopped: 0.0116905 seconds, Stopping threads took: 0.0077605 seconds
{Heap before GC invocations=34 (full 0):
 par new generation   total 19008K, used 17323K [0x00000000c3000000, 0x00000000c44a0000, 0x00000000cd660000)
  eden space 16896K, 100% used [0x00000000c3000000, 0x00000000c4080000, 0x00000000c4080000)
  from space 2112K,  20% used [0x00000000c4080000, 0x00000000c40eae60, 0x00000000c4290000)
  to   space 2112K,   0% used [0x00000000c4290000, 0x00000000c4290000, 0x00000000c44a0000)
 concurrent mark-sweep generation total 42368K, used 4759K [0x00000000cd660000, 0x00000000cffc0000, 0x0000000100000000)
 Metaspace       used 14258K, capacity 14572K, committed 14976K, reserved 1062912K
  class space    used 1706K, capacity 1804K, committed 1920K, reserved 1048576K
2020-02-27T14:34:01.313+0000: 4.116: [GC (Allocation Failure) 2020-02-27T14:34:01.313+0000: 4.116: [ParNew
Desired survivor size 1081344 bytes, new threshold 6 (max 6)
- age   1:      88992 bytes,      88992 total
- age   2:      43184 bytes,     132176 total
- age   3:      63016 bytes,     195192 total
- age   4:      30592 bytes,     225784 total
- age   5:      43920 bytes,     269704 total
- age   6:      19240 bytes,     288944 total
: 17323K->401K(19008K), 0.0039405 secs] 22082K->5208K(61376K), 0.0040257 secs] [Times: user=0.01 sys=0.00, real=0.01 secs] 
Heap after GC invocations=35 (full 0):
 par new generation   total 19008K, used 401K [0x00000000c3000000, 0x00000000c44a0000, 0x00000000cd660000)
  eden space 16896K,   0% used [0x00000000c3000000, 0x00000000c3000000, 0x00000000c4080000)
  from space 2112K,  19% used [0x00000000c4290000, 0x00000000c42f47b8, 0x00000000c44a0000)
  to   space 2112K,   0% used [0x00000000c4080000, 0x00000000c4080000, 0x00000000c4290000)
 concurrent mark-sweep generation total 42368K, used 4806K [0x00000000cd660000, 0x00000000cffc0000, 0x0000000100000000)
 Metaspace       used 14258K, capacity 14572K, committed 14976K, reserved 1062912K
  class space    used 1706K, capacity 1804K, committed 1920K, reserved 1048576K
}
2020-02-27T14:34:01.317+0000: 4.120: Total time for which application threads were stopped: 0.0042049 seconds, Stopping threads took: 0.0000328 seconds
{Heap before GC invocations=35 (full 0):
 par new generation   total 19008K, used 17297K [0x00000000c3000000, 0x00000000c44a0000, 0x00000000cd660000)
  eden space 16896K, 100% used [0x00000000c3000000, 0x00000000c4080000, 0x00000000c4080000)
  from space 2112K,  19% used [0x00000000c4290000, 0x00000000c42f47b8, 0x00000000c44a0000)
  to   space 2112K,   0% used [0x00000000c4080000, 0x00000000c4080000, 0x00000000c4290000)
 concurrent mark-sweep generation total 42368K, used 4806K [0x00000000cd660000, 0x00000000cffc0000, 0x0000000100000000)
 Metaspace       used 14364K, capacity 14674K, committed 14976K, reserved 1062912K
  class space    used 1723K, capacity 1837K, committed 1920K, reserved 1048576K
2020-02-27T14:34:01.392+0000: 4.195: [GC (Allocation Failure) 2020-02-27T14:34:01.392+0000: 4.195: [ParNew
Desired survivor size 1081344 bytes, new threshold 6 (max 6)
- age   1:      86472 bytes,      86472 total
- age   2:      75352 bytes,     161824 total
- age   3:      37496 bytes,     199320 total
- age   4:      61464 bytes,     260784 total
- age   5:      30592 bytes,     291376 total
- age   6:      43864 bytes,     335240 total
: 17297K->415K(19008K), 0.0042113 secs] 22104K->5242K(61376K), 0.0042690 secs] [Times: user=0.01 sys=0.00, real=0.00 secs] 
Heap after GC invocations=36 (full 0):
 par new generation   total 19008K, used 415K [0x00000000c3000000, 0x00000000c44a0000, 0x00000000cd660000)
  eden space 16896K,   0% used [0x00000000c3000000, 0x00000000c3000000, 0x00000000c4080000)
  from space 2112K,  19% used [0x00000000c4080000, 0x00000000c40e7e90, 0x00000000c4290000)
  to   space 2112K,   0% used [0x00000000c4290000, 0x00000000c4290000, 0x00000000c44a0000)
 concurrent mark-sweep generation total 42368K, used 4826K [0x00000000cd660000, 0x00000000cffc0000, 0x0000000100000000)
 Metaspace       used 14364K, capacity 14674K, committed 14976K, reserved 1062912K
  class space    used 1723K, capacity 1837K, committed 1920K, reserved 1048576K
}
2020-02-27T14:34:01.396+0000: 4.200: Total time for which application threads were stopped: 0.0150663 seconds, Stopping threads took: 0.0106500 seconds
{Heap before GC invocations=36 (full 0):
 par new generation   total 19008K, used 17311K [0x00000000c3000000, 0x00000000c44a0000, 0x00000000cd660000)
  eden space 16896K, 100% used [0x00000000c3000000, 0x00000000c4080000, 0x00000000c4080000)
  from space 2112K,  19% used [0x00000000c4080000, 0x00000000c40e7e90, 0x00000000c4290000)
  to   space 2112K,   0% used [0x00000000c4290000, 0x00000000c4290000, 0x00000000c44a0000)
 concurrent mark-sweep generation total 42368K, used 4826K [0x00000000cd660000, 0x00000000cffc0000, 0x0000000100000000)
 Metaspace       used 14515K, capacity 14814K, committed 14976K, reserved 1062912K
  class space    used 1739K, capacity 1839K, committed 1920K, reserved 1048576K
2020-02-27T14:34:01.529+0000: 4.332: [GC (Allocation Failure) 2020-02-27T14:34:01.529+0000: 4.332: [ParNew
Desired survivor size 1081344 bytes, new threshold 6 (max 6)
- age   1:     290352 bytes,     290352 total
- age   2:      73256 bytes,     363608 total
- age   3:      67968 bytes,     431576 total
- age   4:      37496 bytes,     469072 total
- age   5:      61464 bytes,     530536 total
- age   6:      30592 bytes,     561128 total
: 17311K->781K(19008K), 0.0059489 secs] 22138K->5652K(61376K), 0.0060239 secs] [Times: user=0.01 sys=0.00, real=0.00 secs] 
Heap after GC invocations=37 (full 0):
 par new generation   total 19008K, used 781K [0x00000000c3000000, 0x00000000c44a0000, 0x00000000cd660000)
  eden space 16896K,   0% used [0x00000000c3000000, 0x00000000c3000000, 0x00000000c4080000)
  from space 2112K,  37% used [0x00000000c4290000, 0x00000000c43537a8, 0x00000000c44a0000)
  to   space 2112K,   0% used [0x00000000c4080000, 0x00000000c4080000, 0x00000000c4290000)
 concurrent mark-sweep generation total 42368K, used 4870K [0x00000000cd660000, 0x00000000cffc0000, 0x0000000100000000)
 Metaspace       used 14515K, capacity 14814K, committed 14976K, reserved 1062912K
  class space    used 1739K, capacity 1839K, committed 1920K, reserved 1048576K
}
2020-02-27T14:34:01.535+0000: 4.338: Total time for which application threads were stopped: 0.0062022 seconds, Stopping threads took: 0.0000297 seconds
{Heap before GC invocations=37 (full 0):
 par new generation   total 19008K, used 17677K [0x00000000c3000000, 0x00000000c44a0000, 0x00000000cd660000)
  eden space 16896K, 100% used [0x00000000c3000000, 0x00000000c4080000, 0x00000000c4080000)
  from space 2112K,  37% used [0x00000000c4290000, 0x00000000c43537a8, 0x00000000c44a0000)
  to   space 2112K,   0% used [0x00000000c4080000, 0x00000000c4080000, 0x00000000c4290000)
 concurrent mark-sweep generation total 42368K, used 4870K [0x00000000cd660000, 0x00000000cffc0000, 0x0000000100000000)
 Metaspace       used 14729K, capacity 15076K, committed 15232K, reserved 1062912K
  class space    used 1772K, capacity 1904K, committed 1920K, reserved 1048576K
2020-02-27T14:34:01.624+0000: 4.427: [GC (Allocation Failure) 2020-02-27T14:34:01.624+0000: 4.427: [ParNew
Desired survivor size 1081344 bytes, new threshold 6 (max 6)
- age   1:     215744 bytes,     215744 total
- age   2:     242096 bytes,     457840 total
- age   3:      68792 bytes,     526632 total
- age   4:      66840 bytes,     593472 total
- age   5:      37496 bytes,     630968 total
- age   6:      61464 bytes,     692432 total
: 17677K->732K(19008K), 0.0049595 secs] 22548K->5634K(61376K), 0.0050303 secs] [Times: user=0.01 sys=0.00, real=0.01 secs] 
Heap after GC invocations=38 (full 0):
 par new generation   total 19008K, used 732K [0x00000000c3000000, 0x00000000c44a0000, 0x00000000cd660000)
  eden space 16896K,   0% used [0x00000000c3000000, 0x00000000c3000000, 0x00000000c4080000)
  from space 2112K,  34% used [0x00000000c4080000, 0x00000000c4137390, 0x00000000c4290000)
  to   space 2112K,   0% used [0x00000000c4290000, 0x00000000c4290000, 0x00000000c44a0000)
 concurrent mark-sweep generation total 42368K, used 4901K [0x00000000cd660000, 0x00000000cffc0000, 0x0000000100000000)
 Metaspace       used 14729K, capacity 15076K, committed 15232K, reserved 1062912K
  class space    used 1772K, capacity 1904K, committed 1920K, reserved 1048576K
}
2020-02-27T14:34:01.629+0000: 4.432: Total time for which application threads were stopped: 0.0052050 seconds, Stopping threads took: 0.0000304 seconds
2020-02-27T14:34:01.655+0000: 4.458: Total time for which application threads were stopped: 0.0003102 seconds, Stopping threads took: 0.0000324 seconds
{Heap before GC invocations=38 (full 0):
 par new generation   total 19008K, used 17628K [0x00000000c3000000, 0x00000000c44a0000, 0x00000000cd660000)
  eden space 16896K, 100% used [0x00000000c3000000, 0x00000000c4080000, 0x00000000c4080000)
  from space 2112K,  34% used [0x00000000c4080000, 0x00000000c4137390, 0x00000000c4290000)
  to   space 2112K,   0% used [0x00000000c4290000, 0x00000000c4290000, 0x00000000c44a0000)
 concurrent mark-sweep generation total 42368K, used 4901K [0x00000000cd660000, 0x00000000cffc0000, 0x0000000100000000)
 Metaspace       used 14846K, capacity 15158K, committed 15232K, reserved 1062912K
  class space    used 1792K, capacity 1907K, committed 1920K, reserved 1048576K
2020-02-27T14:34:01.709+0000: 4.512: [GC (Allocation Failure) 2020-02-27T14:34:01.709+0000: 4.512: [ParNew
Desired survivor size 1081344 bytes, new threshold 6 (max 6)
- age   1:     136032 bytes,     136032 total
- age   2:      78640 bytes,     214672 total
- age   3:      65896 bytes,     280568 total
- age   4:      38712 bytes,     319280 total
- age   5:      62632 bytes,     381912 total
- age   6:      37496 bytes,     419408 total
: 17628K->629K(19008K), 0.0047448 secs] 22530K->5584K(61376K), 0.0048206 secs] [Times: user=0.00 sys=0.00, real=0.00 secs] 
Heap after GC invocations=39 (full 0):
 par new generation   total 19008K, used 629K [0x00000000c3000000, 0x00000000c44a0000, 0x00000000cd660000)
  eden space 16896K,   0% used [0x00000000c3000000, 0x00000000c3000000, 0x00000000c4080000)
  from space 2112K,  29% used [0x00000000c4290000, 0x00000000c432d630, 0x00000000c44a0000)
  to   space 2112K,   0% used [0x00000000c4080000, 0x00000000c4080000, 0x00000000c4290000)
 concurrent mark-sweep generation total 42368K, used 4955K [0x00000000cd660000, 0x00000000cffc0000, 0x0000000100000000)
 Metaspace       used 14846K, capacity 15158K, committed 15232K, reserved 1062912K
  class space    used 1792K, capacity 1907K, committed 1920K, reserved 1048576K
}
2020-02-27T14:34:01.714+0000: 4.517: Total time for which application threads were stopped: 0.0050085 seconds, Stopping threads took: 0.0000321 seconds
{Heap before GC invocations=39 (full 0):
 par new generation   total 19008K, used 17525K [0x00000000c3000000, 0x00000000c44a0000, 0x00000000cd660000)
  eden space 16896K, 100% used [0x00000000c3000000, 0x00000000c4080000, 0x00000000c4080000)
  from space 2112K,  29% used [0x00000000c4290000, 0x00000000c432d630, 0x00000000c44a0000)
  to   space 2112K,   0% used [0x00000000c4080000, 0x00000000c4080000, 0x00000000c4290000)
 concurrent mark-sweep generation total 42368K, used 4955K [0x00000000cd660000, 0x00000000cffc0000, 0x0000000100000000)
 Metaspace       used 14950K, capacity 15320K, committed 15616K, reserved 1062912K
  class space    used 1814K, capacity 1940K, committed 2048K, reserved 1048576K
2020-02-27T14:34:01.766+0000: 4.570: [GC (Allocation Failure) 2020-02-27T14:34:01.766+0000: 4.570: [ParNew
Desired survivor size 1081344 bytes, new threshold 6 (max 6)
- age   1:     117920 bytes,     117920 total
- age   2:     116624 bytes,     234544 total
- age   3:      75008 bytes,     309552 total
- age   4:      65896 bytes,     375448 total
- age   5:      38712 bytes,     414160 total
- age   6:      62632 bytes,     476792 total
: 17525K->695K(19008K), 0.0044719 secs] 22480K->5688K(61376K), 0.0045281 secs] [Times: user=0.01 sys=0.00, real=0.00 secs] 
Heap after GC invocations=40 (full 0):
 par new generation   total 19008K, used 695K [0x00000000c3000000, 0x00000000c44a0000, 0x00000000cd660000)
  eden space 16896K,   0% used [0x00000000c3000000, 0x00000000c3000000, 0x00000000c4080000)
  from space 2112K,  32% used [0x00000000c4080000, 0x00000000c412de38, 0x00000000c4290000)
  to   space 2112K,   0% used [0x00000000c4290000, 0x00000000c4290000, 0x00000000c44a0000)
 concurrent mark-sweep generation total 42368K, used 4993K [0x00000000cd660000, 0x00000000cffc0000, 0x0000000100000000)
 Metaspace       used 14950K, capacity 15320K, committed 15616K, reserved 1062912K
  class space    used 1814K, capacity 1940K, committed 2048K, reserved 1048576K
}
2020-02-27T14:34:01.771+0000: 4.574: Total time for which application threads were stopped: 0.0047133 seconds, Stopping threads took: 0.0000317 seconds
{Heap before GC invocations=40 (full 0):
 par new generation   total 19008K, used 17591K [0x00000000c3000000, 0x00000000c44a0000, 0x00000000cd660000)
  eden space 16896K, 100% used [0x00000000c3000000, 0x00000000c4080000, 0x00000000c4080000)
  from space 2112K,  32% used [0x00000000c4080000, 0x00000000c412de38, 0x00000000c4290000)
  to   space 2112K,   0% used [0x00000000c4290000, 0x00000000c4290000, 0x00000000c44a0000)
 concurrent mark-sweep generation total 42368K, used 4993K [0x00000000cd660000, 0x00000000cffc0000, 0x0000000100000000)
 Metaspace       used 15079K, capacity 15492K, committed 15616K, reserved 1062912K
  class space    used 1836K, capacity 1974K, committed 2048K, reserved 1048576K
2020-02-27T14:34:01.842+0000: 4.645: [GC (Allocation Failure) 2020-02-27T14:34:01.842+0000: 4.645: [ParNew
Desired survivor size 1081344 bytes, new threshold 6 (max 6)
- age   1:     219888 bytes,     219888 total
- age   2:     101768 bytes,     321656 total
- age   3:     111952 bytes,     433608 total
- age   4:      75008 bytes,     508616 total
- age   5:      65896 bytes,     574512 total
- age   6:      38712 bytes,     613224 total
: 17591K->695K(19008K), 0.0051433 secs] 22584K->5751K(61376K), 0.0052118 secs] [Times: user=0.01 sys=0.00, real=0.01 secs] 
Heap after GC invocations=41 (full 0):
 par new generation   total 19008K, used 695K [0x00000000c3000000, 0x00000000c44a0000, 0x00000000cd660000)
  eden space 16896K,   0% used [0x00000000c3000000, 0x00000000c3000000, 0x00000000c4080000)
  from space 2112K,  32% used [0x00000000c4290000, 0x00000000c433dd60, 0x00000000c44a0000)
  to   space 2112K,   0% used [0x00000000c4080000, 0x00000000c4080000, 0x00000000c4290000)
 concurrent mark-sweep generation total 42368K, used 5056K [0x00000000cd660000, 0x00000000cffc0000, 0x0000000100000000)
 Metaspace       used 15079K, capacity 15492K, committed 15616K, reserved 1062912K
  class space    used 1836K, capacity 1974K, committed 2048K, reserved 1048576K
}
2020-02-27T14:34:01.847+0000: 4.650: Total time for which application threads were stopped: 0.0103528 seconds, Stopping threads took: 0.0049763 seconds
{Heap before GC invocations=41 (full 0):
 par new generation   total 19008K, used 17591K [0x00000000c3000000, 0x00000000c44a0000, 0x00000000cd660000)
  eden space 16896K, 100% used [0x00000000c3000000, 0x00000000c4080000, 0x00000000c4080000)
  from space 2112K,  32% used [0x00000000c4290000, 0x00000000c433dd60, 0x00000000c44a0000)
  to   space 2112K,   0% used [0x00000000c4080000, 0x00000000c4080000, 0x00000000c4290000)
 concurrent mark-sweep generation total 42368K, used 5056K [0x00000000cd660000, 0x00000000cffc0000, 0x0000000100000000)
 Metaspace       used 15132K, capacity 15508K, committed 15616K, reserved 1062912K
  class space    used 1847K, capacity 1978K, committed 2048K, reserved 1048576K
2020-02-27T14:34:01.932+0000: 4.735: [GC (Allocation Failure) 2020-02-27T14:34:01.932+0000: 4.735: [ParNew
Desired survivor size 1081344 bytes, new threshold 6 (max 6)
- age   1:      96696 bytes,      96696 total
- age   2:      48368 bytes,     145064 total
- age   3:      96360 bytes,     241424 total
- age   4:     111616 bytes,     353040 total
- age   5:      75008 bytes,     428048 total
- age   6:      65896 bytes,     493944 total
: 17591K->563K(19008K), 0.0047790 secs] 22647K->5658K(61376K), 0.0048565 secs] [Times: user=0.00 sys=0.00, real=0.01 secs] 
Heap after GC invocations=42 (full 0):
 par new generation   total 19008K, used 563K [0x00000000c3000000, 0x00000000c44a0000, 0x00000000cd660000)
  eden space 16896K,   0% used [0x00000000c3000000, 0x00000000c3000000, 0x00000000c4080000)
  from space 2112K,  26% used [0x00000000c4080000, 0x00000000c410ccb0, 0x00000000c4290000)
  to   space 2112K,   0% used [0x00000000c4290000, 0x00000000c4290000, 0x00000000c44a0000)
 concurrent mark-sweep generation total 42368K, used 5095K [0x00000000cd660000, 0x00000000cffc0000, 0x0000000100000000)
 Metaspace       used 15132K, capacity 15508K, committed 15616K, reserved 1062912K
  class space    used 1847K, capacity 1978K, committed 2048K, reserved 1048576K
}
2020-02-27T14:34:01.937+0000: 4.740: Total time for which application threads were stopped: 0.0145763 seconds, Stopping threads took: 0.0095201 seconds
{Heap before GC invocations=42 (full 0):
 par new generation   total 19008K, used 17459K [0x00000000c3000000, 0x00000000c44a0000, 0x00000000cd660000)
  eden space 16896K, 100% used [0x00000000c3000000, 0x00000000c4080000, 0x00000000c4080000)
  from space 2112K,  26% used [0x00000000c4080000, 0x00000000c410ccb0, 0x00000000c4290000)
  to   space 2112K,   0% used [0x00000000c4290000, 0x00000000c4290000, 0x00000000c44a0000)
 concurrent mark-sweep generation total 42368K, used 5095K [0x00000000cd660000, 0x00000000cffc0000, 0x0000000100000000)
 Metaspace       used 15161K, capacity 15572K, committed 15872K, reserved 1062912K
  class space    used 1858K, capacity 1978K, committed 2048K, reserved 1048576K
2020-02-27T14:34:01.987+0000: 4.790: [GC (Allocation Failure) 2020-02-27T14:34:01.987+0000: 4.790: [ParNew
Desired survivor size 1081344 bytes, new threshold 6 (max 6)
- age   1:      31816 bytes,      31816 total
- age   2:      85216 bytes,     117032 total
- age   3:      43128 bytes,     160160 total
- age   4:      96360 bytes,     256520 total
- age   5:     111616 bytes,     368136 total
- age   6:      75008 bytes,     443144 total
: 17459K->502K(19008K), 0.0143159 secs] 22554K->5664K(61376K), 0.0143968 secs] [Times: user=0.00 sys=0.00, real=0.01 secs] 
Heap after GC invocations=43 (full 0):
 par new generation   total 19008K, used 502K [0x00000000c3000000, 0x00000000c44a0000, 0x00000000cd660000)
  eden space 16896K,   0% used [0x00000000c3000000, 0x00000000c3000000, 0x00000000c4080000)
  from space 2112K,  23% used [0x00000000c4290000, 0x00000000c430da40, 0x00000000c44a0000)
  to   space 2112K,   0% used [0x00000000c4080000, 0x00000000c4080000, 0x00000000c4290000)
 concurrent mark-sweep generation total 42368K, used 5161K [0x00000000cd660000, 0x00000000cffc0000, 0x0000000100000000)
 Metaspace       used 15161K, capacity 15572K, committed 15872K, reserved 1062912K
  class space    used 1858K, capacity 1978K, committed 2048K, reserved 1048576K
}
2020-02-27T14:34:02.001+0000: 4.804: Total time for which application threads were stopped: 0.0164719 seconds, Stopping threads took: 0.0019315 seconds
{Heap before GC invocations=43 (full 0):
 par new generation   total 19008K, used 17398K [0x00000000c3000000, 0x00000000c44a0000, 0x00000000cd660000)
  eden space 16896K, 100% used [0x00000000c3000000, 0x00000000c4080000, 0x00000000c4080000)
  from space 2112K,  23% used [0x00000000c4290000, 0x00000000c430da40, 0x00000000c44a0000)
  to   space 2112K,   0% used [0x00000000c4080000, 0x00000000c4080000, 0x00000000c4290000)
 concurrent mark-sweep generation total 42368K, used 5161K [0x00000000cd660000, 0x00000000cffc0000, 0x0000000100000000)
 Metaspace       used 15286K, capacity 15694K, committed 15872K, reserved 1062912K
  class space    used 1883K, capacity 2017K, committed 2048K, reserved 1048576K
2020-02-27T14:34:02.054+0000: 4.858: [GC (Allocation Failure) 2020-02-27T14:34:02.055+0000: 4.858: [ParNew
Desired survivor size 1081344 bytes, new threshold 6 (max 6)
- age   1:      73160 bytes,      73160 total
- age   2:      17896 bytes,      91056 total
- age   3:      80816 bytes,     171872 total
- age   4:      43128 bytes,     215000 total
- age   5:      96360 bytes,     311360 total
- age   6:     111616 bytes,     422976 total
: 17398K->674K(19008K), 0.0120951 secs] 22560K->5911K(61376K), 0.0121695 secs] [Times: user=0.00 sys=0.00, real=0.02 secs] 
Heap after GC invocations=44 (full 0):
 par new generation   total 19008K, used 674K [0x00000000c3000000, 0x00000000c44a0000, 0x00000000cd660000)
  eden space 16896K,   0% used [0x00000000c3000000, 0x00000000c3000000, 0x00000000c4080000)
  from space 2112K,  31% used [0x00000000c4080000, 0x00000000c41288b8, 0x00000000c4290000)
  to   space 2112K,   0% used [0x00000000c4290000, 0x00000000c4290000, 0x00000000c44a0000)
 concurrent mark-sweep generation total 42368K, used 5237K [0x00000000cd660000, 0x00000000cffc0000, 0x0000000100000000)
 Metaspace       used 15286K, capacity 15694K, committed 15872K, reserved 1062912K
  class space    used 1883K, capacity 2017K, committed 2048K, reserved 1048576K
}
2020-02-27T14:34:02.067+0000: 4.870: Total time for which application threads were stopped: 0.0123524 seconds, Stopping threads took: 0.0000312 seconds
{Heap before GC invocations=44 (full 0):
 par new generation   total 19008K, used 17570K [0x00000000c3000000, 0x00000000c44a0000, 0x00000000cd660000)
  eden space 16896K, 100% used [0x00000000c3000000, 0x00000000c4080000, 0x00000000c4080000)
  from space 2112K,  31% used [0x00000000c4080000, 0x00000000c41288b8, 0x00000000c4290000)
  to   space 2112K,   0% used [0x00000000c4290000, 0x00000000c4290000, 0x00000000c44a0000)
 concurrent mark-sweep generation total 42368K, used 5237K [0x00000000cd660000, 0x00000000cffc0000, 0x0000000100000000)
 Metaspace       used 15438K, capacity 15856K, committed 16128K, reserved 1062912K
  class space    used 1910K, capacity 2024K, committed 2048K, reserved 1048576K
2020-02-27T14:34:02.133+0000: 4.936: [GC (Allocation Failure) 2020-02-27T14:34:02.133+0000: 4.936: [ParNew
Desired survivor size 1081344 bytes, new threshold 6 (max 6)
- age   1:      70544 bytes,      70544 total
- age   2:      58232 bytes,     128776 total
- age   3:      14792 bytes,     143568 total
- age   4:      80312 bytes,     223880 total
- age   5:      42704 bytes,     266584 total
- age   6:      93224 bytes,     359808 total
: 17570K->423K(19008K), 0.0071129 secs] 22807K->5771K(61376K), 0.0071971 secs] [Times: user=0.01 sys=0.00, real=0.01 secs] 
Heap after GC invocations=45 (full 0):
 par new generation   total 19008K, used 423K [0x00000000c3000000, 0x00000000c44a0000, 0x00000000cd660000)
  eden space 16896K,   0% used [0x00000000c3000000, 0x00000000c3000000, 0x00000000c4080000)
  from space 2112K,  20% used [0x00000000c4290000, 0x00000000c42f9d00, 0x00000000c44a0000)
  to   space 2112K,   0% used [0x00000000c4080000, 0x00000000c4080000, 0x00000000c4290000)
 concurrent mark-sweep generation total 42368K, used 5348K [0x00000000cd660000, 0x00000000cffc0000, 0x0000000100000000)
 Metaspace       used 15438K, capacity 15856K, committed 16128K, reserved 1062912K
  class space    used 1910K, capacity 2024K, committed 2048K, reserved 1048576K
}
2020-02-27T14:34:02.140+0000: 4.943: Total time for which application threads were stopped: 0.0135729 seconds, Stopping threads took: 0.0062248 seconds
{Heap before GC invocations=45 (full 0):
 par new generation   total 19008K, used 17319K [0x00000000c3000000, 0x00000000c44a0000, 0x00000000cd660000)
  eden space 16896K, 100% used [0x00000000c3000000, 0x00000000c4080000, 0x00000000c4080000)
  from space 2112K,  20% used [0x00000000c4290000, 0x00000000c42f9d00, 0x00000000c44a0000)
  to   space 2112K,   0% used [0x00000000c4080000, 0x00000000c4080000, 0x00000000c4290000)
 concurrent mark-sweep generation total 42368K, used 5348K [0x00000000cd660000, 0x00000000cffc0000, 0x0000000100000000)
 Metaspace       used 15646K, capacity 16116K, committed 16256K, reserved 1062912K
  class space    used 1946K, capacity 2090K, committed 2176K, reserved 1048576K
2020-02-27T14:34:02.205+0000: 5.008: [GC (Allocation Failure) 2020-02-27T14:34:02.205+0000: 5.008: [ParNew
Desired survivor size 1081344 bytes, new threshold 6 (max 6)
- age   1:      90176 bytes,      90176 total
- age   2:      51936 bytes,     142112 total
- age   3:      53936 bytes,     196048 total
- age   4:      14792 bytes,     210840 total
- age   5:      80312 bytes,     291152 total
- age   6:      42704 bytes,     333856 total
: 17319K->553K(19008K), 0.0058652 secs] 22667K->5991K(61376K), 0.0059431 secs] [Times: user=0.01 sys=0.00, real=0.00 secs] 
Heap after GC invocations=46 (full 0):
 par new generation   total 19008K, used 553K [0x00000000c3000000, 0x00000000c44a0000, 0x00000000cd660000)
  eden space 16896K,   0% used [0x00000000c3000000, 0x00000000c3000000, 0x00000000c4080000)
  from space 2112K,  26% used [0x00000000c4080000, 0x00000000c410a6f0, 0x00000000c4290000)
  to   space 2112K,   0% used [0x00000000c4290000, 0x00000000c4290000, 0x00000000c44a0000)
 concurrent mark-sweep generation total 42368K, used 5437K [0x00000000cd660000, 0x00000000cffc0000, 0x0000000100000000)
 Metaspace       used 15646K, capacity 16116K, committed 16256K, reserved 1062912K
  class space    used 1946K, capacity 2090K, committed 2176K, reserved 1048576K
}
2020-02-27T14:34:02.211+0000: 5.014: Total time for which application threads were stopped: 0.0105646 seconds, Stopping threads took: 0.0044578 seconds
{Heap before GC invocations=46 (full 0):
 par new generation   total 19008K, used 17449K [0x00000000c3000000, 0x00000000c44a0000, 0x00000000cd660000)
  eden space 16896K, 100% used [0x00000000c3000000, 0x00000000c4080000, 0x00000000c4080000)
  from space 2112K,  26% used [0x00000000c4080000, 0x00000000c410a6f0, 0x00000000c4290000)
  to   space 2112K,   0% used [0x00000000c4290000, 0x00000000c4290000, 0x00000000c44a0000)
 concurrent mark-sweep generation total 42368K, used 5437K [0x00000000cd660000, 0x00000000cffc0000, 0x0000000100000000)
 Metaspace       used 15779K, capacity 16206K, committed 16512K, reserved 1062912K
  class space    used 1968K, capacity 2095K, committed 2176K, reserved 1048576K
2020-02-27T14:34:02.332+0000: 5.135: [GC (Allocation Failure) 2020-02-27T14:34:02.332+0000: 5.135: [ParNew
Desired survivor size 1081344 bytes, new threshold 6 (max 6)
- age   1:     161392 bytes,     161392 total
- age   2:      67496 bytes,     228888 total
- age   3:      50720 bytes,     279608 total
- age   4:      53936 bytes,     333544 total
- age   5:      14792 bytes,     348336 total
- age   6:      80168 bytes,     428504 total
: 17449K->428K(19008K), 0.0091046 secs] 22887K->5909K(61376K), 0.0091855 secs] [Times: user=0.01 sys=0.00, real=0.01 secs] 
Heap after GC invocations=47 (full 0):
 par new generation   total 19008K, used 428K [0x00000000c3000000, 0x00000000c44a0000, 0x00000000cd660000)
  eden space 16896K,   0% used [0x00000000c3000000, 0x00000000c3000000, 0x00000000c4080000)
  from space 2112K,  20% used [0x00000000c4290000, 0x00000000c42fb110, 0x00000000c44a0000)
  to   space 2112K,   0% used [0x00000000c4080000, 0x00000000c4080000, 0x00000000c4290000)
 concurrent mark-sweep generation total 42368K, used 5481K [0x00000000cd660000, 0x00000000cffc0000, 0x0000000100000000)
 Metaspace       used 15779K, capacity 16206K, committed 16512K, reserved 1062912K
  class space    used 1968K, capacity 2095K, committed 2176K, reserved 1048576K
}
2020-02-27T14:34:02.341+0000: 5.144: Total time for which application threads were stopped: 0.0209796 seconds, Stopping threads took: 0.0116284 seconds
{Heap before GC invocations=47 (full 0):
 par new generation   total 19008K, used 17324K [0x00000000c3000000, 0x00000000c44a0000, 0x00000000cd660000)
  eden space 16896K, 100% used [0x00000000c3000000, 0x00000000c4080000, 0x00000000c4080000)
  from space 2112K,  20% used [0x00000000c4290000, 0x00000000c42fb110, 0x00000000c44a0000)
  to   space 2112K,   0% used [0x00000000c4080000, 0x00000000c4080000, 0x00000000c4290000)
 concurrent mark-sweep generation total 42368K, used 5481K [0x00000000cd660000, 0x00000000cffc0000, 0x0000000100000000)
 Metaspace       used 15901K, capacity 16302K, committed 16512K, reserved 1062912K
  class space    used 1989K, capacity 2127K, committed 2176K, reserved 1048576K
2020-02-27T14:34:02.441+0000: 5.244: [GC (Allocation Failure) 2020-02-27T14:34:02.441+0000: 5.244: [ParNew
Desired survivor size 1081344 bytes, new threshold 6 (max 6)
- age   1:     287776 bytes,     287776 total
- age   2:     143448 bytes,     431224 total
- age   3:      67392 bytes,     498616 total
- age   4:      49392 bytes,     548008 total
- age   5:      53824 bytes,     601832 total
- age   6:      14680 bytes,     616512 total
: 17324K->913K(19008K), 0.0141826 secs] 22805K->6474K(61376K), 0.0142480 secs] [Times: user=0.01 sys=0.00, real=0.01 secs] 
Heap after GC invocations=48 (full 0):
 par new generation   total 19008K, used 913K [0x00000000c3000000, 0x00000000c44a0000, 0x00000000cd660000)
  eden space 16896K,   0% used [0x00000000c3000000, 0x00000000c3000000, 0x00000000c4080000)
  from space 2112K,  43% used [0x00000000c4080000, 0x00000000c41647a0, 0x00000000c4290000)
  to   space 2112K,   0% used [0x00000000c4290000, 0x00000000c4290000, 0x00000000c44a0000)
 concurrent mark-sweep generation total 42368K, used 5560K [0x00000000cd660000, 0x00000000cffc0000, 0x0000000100000000)
 Metaspace       used 15901K, capacity 16302K, committed 16512K, reserved 1062912K
  class space    used 1989K, capacity 2127K, committed 2176K, reserved 1048576K
}
2020-02-27T14:34:02.455+0000: 5.259: Total time for which application threads were stopped: 0.0145041 seconds, Stopping threads took: 0.0000947 seconds
{Heap before GC invocations=48 (full 0):
 par new generation   total 19008K, used 17809K [0x00000000c3000000, 0x00000000c44a0000, 0x00000000cd660000)
  eden space 16896K, 100% used [0x00000000c3000000, 0x00000000c4080000, 0x00000000c4080000)
  from space 2112K,  43% used [0x00000000c4080000, 0x00000000c41647a0, 0x00000000c4290000)
  to   space 2112K,   0% used [0x00000000c4290000, 0x00000000c4290000, 0x00000000c44a0000)
 concurrent mark-sweep generation total 42368K, used 5560K [0x00000000cd660000, 0x00000000cffc0000, 0x0000000100000000)
 Metaspace       used 16138K, capacity 16530K, committed 16768K, reserved 1064960K
  class space    used 2031K, capacity 2161K, committed 2176K, reserved 1048576K
2020-02-27T14:34:02.564+0000: 5.367: [GC (Allocation Failure) 2020-02-27T14:34:02.564+0000: 5.367: [ParNew
Desired survivor size 1081344 bytes, new threshold 6 (max 6)
- age   1:      63144 bytes,      63144 total
- age   2:     273272 bytes,     336416 total
- age   3:     142304 bytes,     478720 total
- age   4:      65744 bytes,     544464 total
- age   5:      48888 bytes,     593352 total
- age   6:      53824 bytes,     647176 total
: 17809K->812K(19008K), 0.0089296 secs] 23370K->6388K(61376K), 0.0089993 secs] [Times: user=0.01 sys=0.00, real=0.01 secs] 
Heap after GC invocations=49 (full 0):
 par new generation   total 19008K, used 812K [0x00000000c3000000, 0x00000000c44a0000, 0x00000000cd660000)
  eden space 16896K,   0% used [0x00000000c3000000, 0x00000000c3000000, 0x00000000c4080000)
  from space 2112K,  38% used [0x00000000c4290000, 0x00000000c435b340, 0x00000000c44a0000)
  to   space 2112K,   0% used [0x00000000c4080000, 0x00000000c4080000, 0x00000000c4290000)
 concurrent mark-sweep generation total 42368K, used 5575K [0x00000000cd660000, 0x00000000cffc0000, 0x0000000100000000)
 Metaspace       used 16138K, capacity 16530K, committed 16768K, reserved 1064960K
  class space    used 2031K, capacity 2161K, committed 2176K, reserved 1048576K
}
2020-02-27T14:34:02.573+0000: 5.376: Total time for which application threads were stopped: 0.0213899 seconds, Stopping threads took: 0.0122435 seconds
{Heap before GC invocations=49 (full 0):
 par new generation   total 19008K, used 17708K [0x00000000c3000000, 0x00000000c44a0000, 0x00000000cd660000)
  eden space 16896K, 100% used [0x00000000c3000000, 0x00000000c4080000, 0x00000000c4080000)
  from space 2112K,  38% used [0x00000000c4290000, 0x00000000c435b340, 0x00000000c44a0000)
  to   space 2112K,   0% used [0x00000000c4080000, 0x00000000c4080000, 0x00000000c4290000)
 concurrent mark-sweep generation total 42368K, used 5575K [0x00000000cd660000, 0x00000000cffc0000, 0x0000000100000000)
 Metaspace       used 16368K, capacity 16818K, committed 17152K, reserved 1064960K
  class space    used 2048K, capacity 2193K, committed 2304K, reserved 1048576K
2020-02-27T14:34:02.608+0000: 5.411: [GC (Allocation Failure) 2020-02-27T14:34:02.608+0000: 5.411: [ParNew
Desired survivor size 1081344 bytes, new threshold 6 (max 6)
- age   1:     227696 bytes,     227696 total
- age   2:      49136 bytes,     276832 total
- age   3:     264840 bytes,     541672 total
- age   4:     141888 bytes,     683560 total
- age   5:      64992 bytes,     748552 total
- age   6:      48888 bytes,     797440 total
: 17708K->1268K(19008K), 0.0152082 secs] 23284K->6898K(61376K), 0.0152890 secs] [Times: user=0.01 sys=0.00, real=0.01 secs] 
Heap after GC invocations=50 (full 0):
 par new generation   total 19008K, used 1268K [0x00000000c3000000, 0x00000000c44a0000, 0x00000000cd660000)
  eden space 16896K,   0% used [0x00000000c3000000, 0x00000000c3000000, 0x00000000c4080000)
  from space 2112K,  60% used [0x00000000c4080000, 0x00000000c41bd140, 0x00000000c4290000)
  to   space 2112K,   0% used [0x00000000c4290000, 0x00000000c4290000, 0x00000000c44a0000)
 concurrent mark-sweep generation total 42368K, used 5630K [0x00000000cd660000, 0x00000000cffc0000, 0x0000000100000000)
 Metaspace       used 16368K, capacity 16818K, committed 17152K, reserved 1064960K
  class space    used 2048K, capacity 2193K, committed 2304K, reserved 1048576K
}
2020-02-27T14:34:02.623+0000: 5.426: Total time for which application threads were stopped: 0.0154515 seconds, Stopping threads took: 0.0000290 seconds
2020-02-27T14:34:02.673+0000: 5.477: Total time for which application threads were stopped: 0.0000751 seconds, Stopping threads took: 0.0000280 seconds
{Heap before GC invocations=50 (full 0):
 par new generation   total 19008K, used 18280K [0x00000000c3000000, 0x00000000c44a0000, 0x00000000cd660000)
  eden space 16896K, 100% used [0x00000000c3000000, 0x00000000c4080000, 0x00000000c4080000)
  from space 2112K,  65% used [0x00000000c4080000, 0x00000000c41da1b0, 0x00000000c4290000)
  to   space 2112K,   0% used [0x00000000c4290000, 0x00000000c4290000, 0x00000000c44a0000)
 concurrent mark-sweep generation total 42368K, used 5630K [0x00000000cd660000, 0x00000000cffc0000, 0x0000000100000000)
 Metaspace       used 16515K, capacity 16978K, committed 17152K, reserved 1064960K
  class space    used 2074K, capacity 2225K, committed 2304K, reserved 1048576K
2020-02-27T14:34:02.684+0000: 5.488: [GC (GCLocker Initiated GC) 2020-02-27T14:34:02.684+0000: 5.488: [ParNew
Desired survivor size 1081344 bytes, new threshold 6 (max 6)
- age   1:      54840 bytes,      54840 total
- age   2:      33920 bytes,      88760 total
- age   3:      47784 bytes,     136544 total
- age   4:     263520 bytes,     400064 total
- age   5:     141888 bytes,     541952 total
- age   6:      64992 bytes,     606944 total
: 18280K->845K(19008K), 0.0071002 secs] 23910K->6525K(61376K), 0.0071790 secs] [Times: user=0.01 sys=0.00, real=0.01 secs] 
Heap after GC invocations=51 (full 0):
 par new generation   total 19008K, used 845K [0x00000000c3000000, 0x00000000c44a0000, 0x00000000cd660000)
  eden space 16896K,   0% used [0x00000000c3000000, 0x00000000c3000000, 0x00000000c4080000)
  from space 2112K,  40% used [0x00000000c4290000, 0x00000000c43636e8, 0x00000000c44a0000)
  to   space 2112K,   0% used [0x00000000c4080000, 0x00000000c4080000, 0x00000000c4290000)
 concurrent mark-sweep generation total 42368K, used 5679K [0x00000000cd660000, 0x00000000cffc0000, 0x0000000100000000)
 Metaspace       used 16515K, capacity 16978K, committed 17152K, reserved 1064960K
  class space    used 2074K, capacity 2225K, committed 2304K, reserved 1048576K
}
2020-02-27T14:34:02.692+0000: 5.495: Total time for which application threads were stopped: 0.0073484 seconds, Stopping threads took: 0.0000166 seconds
{Heap before GC invocations=51 (full 0):
 par new generation   total 19008K, used 17741K [0x00000000c3000000, 0x00000000c44a0000, 0x00000000cd660000)
  eden space 16896K, 100% used [0x00000000c3000000, 0x00000000c4080000, 0x00000000c4080000)
  from space 2112K,  40% used [0x00000000c4290000, 0x00000000c43636e8, 0x00000000c44a0000)
  to   space 2112K,   0% used [0x00000000c4080000, 0x00000000c4080000, 0x00000000c4290000)
 concurrent mark-sweep generation total 42368K, used 5679K [0x00000000cd660000, 0x00000000cffc0000, 0x0000000100000000)
 Metaspace       used 16717K, capacity 17106K, committed 17408K, reserved 1064960K
  class space    used 2100K, capacity 2225K, committed 2304K, reserved 1048576K
2020-02-27T14:34:02.731+0000: 5.534: [GC (Allocation Failure) 2020-02-27T14:34:02.731+0000: 5.534: [ParNew
Desired survivor size 1081344 bytes, new threshold 6 (max 6)
- age   1:      63608 bytes,      63608 total
- age   2:      36960 bytes,     100568 total
- age   3:      28288 bytes,     128856 total
- age   4:      46416 bytes,     175272 total
- age   5:     263520 bytes,     438792 total
- age   6:     141888 bytes,     580680 total
: 17741K->826K(19008K), 0.0062953 secs] 23421K->6571K(61376K), 0.0063558 secs] [Times: user=0.01 sys=0.00, real=0.01 secs] 
Heap after GC invocations=52 (full 0):
 par new generation   total 19008K, used 826K [0x00000000c3000000, 0x00000000c44a0000, 0x00000000cd660000)
  eden space 16896K,   0% used [0x00000000c3000000, 0x00000000c3000000, 0x00000000c4080000)
  from space 2112K,  39% used [0x00000000c4080000, 0x00000000c414e838, 0x00000000c4290000)
  to   space 2112K,   0% used [0x00000000c4290000, 0x00000000c4290000, 0x00000000c44a0000)
 concurrent mark-sweep generation total 42368K, used 5745K [0x00000000cd660000, 0x00000000cffc0000, 0x0000000100000000)
 Metaspace       used 16717K, capacity 17106K, committed 17408K, reserved 1064960K
  class space    used 2100K, capacity 2225K, committed 2304K, reserved 1048576K
}
2020-02-27T14:34:02.737+0000: 5.540: Total time for which application threads were stopped: 0.0073809 seconds, Stopping threads took: 0.0008787 seconds
{Heap before GC invocations=52 (full 0):
 par new generation   total 19008K, used 17722K [0x00000000c3000000, 0x00000000c44a0000, 0x00000000cd660000)
  eden space 16896K, 100% used [0x00000000c3000000, 0x00000000c4080000, 0x00000000c4080000)
  from space 2112K,  39% used [0x00000000c4080000, 0x00000000c414e838, 0x00000000c4290000)
  to   space 2112K,   0% used [0x00000000c4290000, 0x00000000c4290000, 0x00000000c44a0000)
 concurrent mark-sweep generation total 42368K, used 5745K [0x00000000cd660000, 0x00000000cffc0000, 0x0000000100000000)
 Metaspace       used 16838K, capacity 17272K, committed 17408K, reserved 1064960K
  class space    used 2118K, capacity 2258K, committed 2304K, reserved 1048576K
2020-02-27T14:34:02.776+0000: 5.580: [GC (Allocation Failure) 2020-02-27T14:34:02.776+0000: 5.580: [ParNew
Desired survivor size 1081344 bytes, new threshold 6 (max 6)
- age   1:      54328 bytes,      54328 total
- age   2:      49864 bytes,     104192 total
- age   3:      26264 bytes,     130456 total
- age   4:      25904 bytes,     156360 total
- age   5:      46256 bytes,     202616 total
- age   6:     263520 bytes,     466136 total
: 17722K->840K(19008K), 0.0051440 secs] 23467K->6728K(61376K), 0.0052045 secs] [Times: user=0.01 sys=0.00, real=0.01 secs] 
Heap after GC invocations=53 (full 0):
 par new generation   total 19008K, used 840K [0x00000000c3000000, 0x00000000c44a0000, 0x00000000cd660000)
  eden space 16896K,   0% used [0x00000000c3000000, 0x00000000c3000000, 0x00000000c4080000)
  from space 2112K,  39% used [0x00000000c4290000, 0x00000000c43623c0, 0x00000000c44a0000)
  to   space 2112K,   0% used [0x00000000c4080000, 0x00000000c4080000, 0x00000000c4290000)
 concurrent mark-sweep generation total 42368K, used 5887K [0x00000000cd660000, 0x00000000cffc0000, 0x0000000100000000)
 Metaspace       used 16838K, capacity 17272K, committed 17408K, reserved 1064960K
  class space    used 2118K, capacity 2258K, committed 2304K, reserved 1048576K
}
2020-02-27T14:34:02.782+0000: 5.585: Total time for which application threads were stopped: 0.0053824 seconds, Stopping threads took: 0.0000244 seconds
{Heap before GC invocations=53 (full 0):
 par new generation   total 19008K, used 17736K [0x00000000c3000000, 0x00000000c44a0000, 0x00000000cd660000)
  eden space 16896K, 100% used [0x00000000c3000000, 0x00000000c4080000, 0x00000000c4080000)
  from space 2112K,  39% used [0x00000000c4290000, 0x00000000c43623c0, 0x00000000c44a0000)
  to   space 2112K,   0% used [0x00000000c4080000, 0x00000000c4080000, 0x00000000c4290000)
 concurrent mark-sweep generation total 42368K, used 5887K [0x00000000cd660000, 0x00000000cffc0000, 0x0000000100000000)
 Metaspace       used 17000K, capacity 17418K, committed 17664K, reserved 1064960K
  class space    used 2138K, capacity 2263K, committed 2304K, reserved 1048576K
2020-02-27T14:34:02.841+0000: 5.644: [GC (Allocation Failure) 2020-02-27T14:34:02.841+0000: 5.644: [ParNew
Desired survivor size 1081344 bytes, new threshold 6 (max 6)
- age   1:      64880 bytes,      64880 total
- age   2:      41496 bytes,     106376 total
- age   3:      46760 bytes,     153136 total
- age   4:      26216 bytes,     179352 total
- age   5:      25904 bytes,     205256 total
- age   6:      46256 bytes,     251512 total
: 17736K->467K(19008K), 0.0122865 secs] 23624K->6613K(61376K), 0.0123611 secs] [Times: user=0.00 sys=0.00, real=0.01 secs] 
Heap after GC invocations=54 (full 0):
 par new generation   total 19008K, used 467K [0x00000000c3000000, 0x00000000c44a0000, 0x00000000cd660000)
  eden space 16896K,   0% used [0x00000000c3000000, 0x00000000c3000000, 0x00000000c4080000)
  from space 2112K,  22% used [0x00000000c4080000, 0x00000000c40f4d60, 0x00000000c4290000)
  to   space 2112K,   0% used [0x00000000c4290000, 0x00000000c4290000, 0x00000000c44a0000)
 concurrent mark-sweep generation total 42368K, used 6146K [0x00000000cd660000, 0x00000000cffc0000, 0x0000000100000000)
 Metaspace       used 17000K, capacity 17418K, committed 17664K, reserved 1064960K
  class space    used 2138K, capacity 2263K, committed 2304K, reserved 1048576K
}
2020-02-27T14:34:02.853+0000: 5.657: Total time for which application threads were stopped: 0.0260212 seconds, Stopping threads took: 0.0134782 seconds
2020-02-27T14:34:02.901+0000: 5.705: Total time for which application threads were stopped: 0.0002928 seconds, Stopping threads took: 0.0000462 seconds
{Heap before GC invocations=54 (full 0):
 par new generation   total 19008K, used 17363K [0x00000000c3000000, 0x00000000c44a0000, 0x00000000cd660000)
  eden space 16896K, 100% used [0x00000000c3000000, 0x00000000c4080000, 0x00000000c4080000)
  from space 2112K,  22% used [0x00000000c4080000, 0x00000000c40f4d60, 0x00000000c4290000)
  to   space 2112K,   0% used [0x00000000c4290000, 0x00000000c4290000, 0x00000000c44a0000)
 concurrent mark-sweep generation total 42368K, used 6146K [0x00000000cd660000, 0x00000000cffc0000, 0x0000000100000000)
 Metaspace       used 17198K, capacity 17654K, committed 17920K, reserved 1064960K
  class space    used 2166K, capacity 2297K, committed 2304K, reserved 1048576K
2020-02-27T14:34:02.931+0000: 5.734: [GC (Allocation Failure) 2020-02-27T14:34:02.931+0000: 5.734: [ParNew
Desired survivor size 1081344 bytes, new threshold 6 (max 6)
- age   1:      86424 bytes,      86424 total
- age   2:      49864 bytes,     136288 total
- age   3:      36376 bytes,     172664 total
- age   4:      42376 bytes,     215040 total
- age   5:      26216 bytes,     241256 total
- age   6:      25888 bytes,     267144 total
: 17363K->340K(19008K), 0.0089503 secs] 23509K->6533K(61376K), 0.0090093 secs] [Times: user=0.01 sys=0.00, real=0.01 secs] 
Heap after GC invocations=55 (full 0):
 par new generation   total 19008K, used 340K [0x00000000c3000000, 0x00000000c44a0000, 0x00000000cd660000)
  eden space 16896K,   0% used [0x00000000c3000000, 0x00000000c3000000, 0x00000000c4080000)
  from space 2112K,  16% used [0x00000000c4290000, 0x00000000c42e52c8, 0x00000000c44a0000)
  to   space 2112K,   0% used [0x00000000c4080000, 0x00000000c4080000, 0x00000000c4290000)
 concurrent mark-sweep generation total 42368K, used 6192K [0x00000000cd660000, 0x00000000cffc0000, 0x0000000100000000)
 Metaspace       used 17198K, capacity 17654K, committed 17920K, reserved 1064960K
  class space    used 2166K, capacity 2297K, committed 2304K, reserved 1048576K
}
2020-02-27T14:34:02.940+0000: 5.743: Total time for which application threads were stopped: 0.0091658 seconds, Stopping threads took: 0.0000122 seconds
{Heap before GC invocations=55 (full 0):
 par new generation   total 19008K, used 17236K [0x00000000c3000000, 0x00000000c44a0000, 0x00000000cd660000)
  eden space 16896K, 100% used [0x00000000c3000000, 0x00000000c4080000, 0x00000000c4080000)
  from space 2112K,  16% used [0x00000000c4290000, 0x00000000c42e52c8, 0x00000000c44a0000)
  to   space 2112K,   0% used [0x00000000c4080000, 0x00000000c4080000, 0x00000000c4290000)
 concurrent mark-sweep generation total 42368K, used 6192K [0x00000000cd660000, 0x00000000cffc0000, 0x0000000100000000)
 Metaspace       used 17433K, capacity 17942K, committed 18304K, reserved 1064960K
  class space    used 2192K, capacity 2329K, committed 2432K, reserved 1048576K
2020-02-27T14:34:03.026+0000: 5.830: [GC (Allocation Failure) 2020-02-27T14:34:03.026+0000: 5.830: [ParNew
Desired survivor size 1081344 bytes, new threshold 6 (max 6)
- age   1:      69432 bytes,      69432 total
- age   2:      59072 bytes,     128504 total
- age   3:      48752 bytes,     177256 total
- age   4:      35280 bytes,     212536 total
- age   5:      40040 bytes,     252576 total
- age   6:      24928 bytes,     277504 total
: 17236K->356K(19008K), 0.0041518 secs] 23429K->6574K(61376K), 0.0042246 secs] [Times: user=0.01 sys=0.00, real=0.00 secs] 
Heap after GC invocations=56 (full 0):
 par new generation   total 19008K, used 356K [0x00000000c3000000, 0x00000000c44a0000, 0x00000000cd660000)
  eden space 16896K,   0% used [0x00000000c3000000, 0x00000000c3000000, 0x00000000c4080000)
  from space 2112K,  16% used [0x00000000c4080000, 0x00000000c40d90b8, 0x00000000c4290000)
  to   space 2112K,   0% used [0x00000000c4290000, 0x00000000c4290000, 0x00000000c44a0000)
 concurrent mark-sweep generation total 42368K, used 6218K [0x00000000cd660000, 0x00000000cffc0000, 0x0000000100000000)
 Metaspace       used 17433K, capacity 17942K, committed 18304K, reserved 1064960K
  class space    used 2192K, capacity 2329K, committed 2432K, reserved 1048576K
}
2020-02-27T14:34:03.031+0000: 5.834: Total time for which application threads were stopped: 0.0045312 seconds, Stopping threads took: 0.0001611 seconds
2020-02-27T14:34:03.049+0000: 5.852: Total time for which application threads were stopped: 0.0020830 seconds, Stopping threads took: 0.0017407 seconds
{Heap before GC invocations=56 (full 0):
 par new generation   total 19008K, used 17252K [0x00000000c3000000, 0x00000000c44a0000, 0x00000000cd660000)
  eden space 16896K, 100% used [0x00000000c3000000, 0x00000000c4080000, 0x00000000c4080000)
  from space 2112K,  16% used [0x00000000c4080000, 0x00000000c40d90b8, 0x00000000c4290000)
  to   space 2112K,   0% used [0x00000000c4290000, 0x00000000c4290000, 0x00000000c44a0000)
 concurrent mark-sweep generation total 42368K, used 6218K [0x00000000cd660000, 0x00000000cffc0000, 0x0000000100000000)
 Metaspace       used 17700K, capacity 18178K, committed 18304K, reserved 1064960K
  class space    used 2220K, capacity 2365K, committed 2432K, reserved 1048576K
2020-02-27T14:34:03.109+0000: 5.912: [GC (Allocation Failure) 2020-02-27T14:34:03.109+0000: 5.912: [ParNew
Desired survivor size 1081344 bytes, new threshold 6 (max 6)
- age   1:      80536 bytes,      80536 total
- age   2:      56576 bytes,     137112 total
- age   3:      58472 bytes,     195584 total
- age   4:      47840 bytes,     243424 total
- age   5:      35280 bytes,     278704 total
- age   6:      39192 bytes,     317896 total
: 17252K->391K(19008K), 0.0079457 secs] 23470K->6634K(61376K), 0.0080262 secs] [Times: user=0.01 sys=0.00, real=0.01 secs] 
Heap after GC invocations=57 (full 0):
 par new generation   total 19008K, used 391K [0x00000000c3000000, 0x00000000c44a0000, 0x00000000cd660000)
  eden space 16896K,   0% used [0x00000000c3000000, 0x00000000c3000000, 0x00000000c4080000)
  from space 2112K,  18% used [0x00000000c4290000, 0x00000000c42f1c68, 0x00000000c44a0000)
  to   space 2112K,   0% used [0x00000000c4080000, 0x00000000c4080000, 0x00000000c4290000)
 concurrent mark-sweep generation total 42368K, used 6243K [0x00000000cd660000, 0x00000000cffc0000, 0x0000000100000000)
 Metaspace       used 17700K, capacity 18178K, committed 18304K, reserved 1064960K
  class space    used 2220K, capacity 2365K, committed 2432K, reserved 1048576K
}
2020-02-27T14:34:03.117+0000: 5.920: Total time for which application threads were stopped: 0.0182538 seconds, Stopping threads took: 0.0100543 seconds
{Heap before GC invocations=57 (full 0):
 par new generation   total 19008K, used 17287K [0x00000000c3000000, 0x00000000c44a0000, 0x00000000cd660000)
  eden space 16896K, 100% used [0x00000000c3000000, 0x00000000c4080000, 0x00000000c4080000)
  from space 2112K,  18% used [0x00000000c4290000, 0x00000000c42f1c68, 0x00000000c44a0000)
  to   space 2112K,   0% used [0x00000000c4080000, 0x00000000c4080000, 0x00000000c4290000)
 concurrent mark-sweep generation total 42368K, used 6243K [0x00000000cd660000, 0x00000000cffc0000, 0x0000000100000000)
 Metaspace       used 18085K, capacity 18494K, committed 18560K, reserved 1064960K
  class space    used 2275K, capacity 2409K, committed 2432K, reserved 1048576K
2020-02-27T14:34:03.233+0000: 6.036: [GC (Allocation Failure) 2020-02-27T14:34:03.233+0000: 6.036: [ParNew
Desired survivor size 1081344 bytes, new threshold 6 (max 6)
- age   1:     107392 bytes,     107392 total
- age   2:      68104 bytes,     175496 total
- age   3:      55128 bytes,     230624 total
- age   4:      57120 bytes,     287744 total
- age   5:      46192 bytes,     333936 total
- age   6:      35280 bytes,     369216 total
: 17287K->591K(19008K), 0.0082728 secs] 23530K->6874K(61376K), 0.0083397 secs] [Times: user=0.01 sys=0.01, real=0.01 secs] 
Heap after GC invocations=58 (full 0):
 par new generation   total 19008K, used 591K [0x00000000c3000000, 0x00000000c44a0000, 0x00000000cd660000)
  eden space 16896K,   0% used [0x00000000c3000000, 0x00000000c3000000, 0x00000000c4080000)
  from space 2112K,  28% used [0x00000000c4080000, 0x00000000c4113f00, 0x00000000c4290000)
  to   space 2112K,   0% used [0x00000000c4290000, 0x00000000c4290000, 0x00000000c44a0000)
 concurrent mark-sweep generation total 42368K, used 6282K [0x00000000cd660000, 0x00000000cffc0000, 0x0000000100000000)
 Metaspace       used 18085K, capacity 18494K, committed 18560K, reserved 1064960K
  class space    used 2275K, capacity 2409K, committed 2432K, reserved 1048576K
}
2020-02-27T14:34:03.241+0000: 6.044: Total time for which application threads were stopped: 0.0214705 seconds, Stopping threads took: 0.0129916 seconds
{Heap before GC invocations=58 (full 0):
 par new generation   total 19008K, used 17487K [0x00000000c3000000, 0x00000000c44a0000, 0x00000000cd660000)
  eden space 16896K, 100% used [0x00000000c3000000, 0x00000000c4080000, 0x00000000c4080000)
  from space 2112K,  28% used [0x00000000c4080000, 0x00000000c4113f00, 0x00000000c4290000)
  to   space 2112K,   0% used [0x00000000c4290000, 0x00000000c4290000, 0x00000000c44a0000)
 concurrent mark-sweep generation total 42368K, used 6282K [0x00000000cd660000, 0x00000000cffc0000, 0x0000000100000000)
 Metaspace       used 18600K, capacity 19070K, committed 19200K, reserved 1067008K
  class space    used 2328K, capacity 2473K, committed 2560K, reserved 1048576K
2020-02-27T14:34:03.325+0000: 6.128: [GC (Allocation Failure) 2020-02-27T14:34:03.325+0000: 6.128: [ParNew
Desired survivor size 1081344 bytes, new threshold 6 (max 6)
- age   1:      96288 bytes,      96288 total
- age   2:      96400 bytes,     192688 total
- age   3:      64952 bytes,     257640 total
- age   4:      51560 bytes,     309200 total
- age   5:      52792 bytes,     361992 total
- age   6:      43784 bytes,     405776 total
: 17487K->519K(19008K), 0.0162396 secs] 23770K->6835K(61376K), 0.0163148 secs] [Times: user=0.01 sys=0.00, real=0.01 secs] 
Heap after GC invocations=59 (full 0):
 par new generation   total 19008K, used 519K [0x00000000c3000000, 0x00000000c44a0000, 0x00000000cd660000)
  eden space 16896K,   0% used [0x00000000c3000000, 0x00000000c3000000, 0x00000000c4080000)
  from space 2112K,  24% used [0x00000000c4290000, 0x00000000c4311d80, 0x00000000c44a0000)
  to   space 2112K,   0% used [0x00000000c4080000, 0x00000000c4080000, 0x00000000c4290000)
 concurrent mark-sweep generation total 42368K, used 6316K [0x00000000cd660000, 0x00000000cffc0000, 0x0000000100000000)
 Metaspace       used 18600K, capacity 19070K, committed 19200K, reserved 1067008K
  class space    used 2328K, capacity 2473K, committed 2560K, reserved 1048576K
}
2020-02-27T14:34:03.341+0000: 6.144: Total time for which application threads were stopped: 0.0211831 seconds, Stopping threads took: 0.0047109 seconds
{Heap before GC invocations=59 (full 0):
 par new generation   total 19008K, used 17415K [0x00000000c3000000, 0x00000000c44a0000, 0x00000000cd660000)
  eden space 16896K, 100% used [0x00000000c3000000, 0x00000000c4080000, 0x00000000c4080000)
  from space 2112K,  24% used [0x00000000c4290000, 0x00000000c4311d80, 0x00000000c44a0000)
  to   space 2112K,   0% used [0x00000000c4080000, 0x00000000c4080000, 0x00000000c4290000)
 concurrent mark-sweep generation total 42368K, used 6316K [0x00000000cd660000, 0x00000000cffc0000, 0x0000000100000000)
 Metaspace       used 19342K, capacity 19844K, committed 19968K, reserved 1067008K
  class space    used 2399K, capacity 2538K, committed 2560K, reserved 1048576K
2020-02-27T14:34:03.446+0000: 6.249: [GC (Allocation Failure) 2020-02-27T14:34:03.446+0000: 6.249: [ParNew
Desired survivor size 1081344 bytes, new threshold 6 (max 6)
- age   1:     119344 bytes,     119344 total
- age   2:      65312 bytes,     184656 total
- age   3:      95944 bytes,     280600 total
- age   4:      64424 bytes,     345024 total
- age   5:      46208 bytes,     391232 total
- age   6:      51336 bytes,     442568 total
: 17415K->574K(19008K), 0.0108345 secs] 23731K->6934K(61376K), 0.0114265 secs] [Times: user=0.00 sys=0.00, real=0.01 secs] 
Heap after GC invocations=60 (full 0):
 par new generation   total 19008K, used 574K [0x00000000c3000000, 0x00000000c44a0000, 0x00000000cd660000)
  eden space 16896K,   0% used [0x00000000c3000000, 0x00000000c3000000, 0x00000000c4080000)
  from space 2112K,  27% used [0x00000000c4080000, 0x00000000c410faa8, 0x00000000c4290000)
  to   space 2112K,   0% used [0x00000000c4290000, 0x00000000c4290000, 0x00000000c44a0000)
 concurrent mark-sweep generation total 42368K, used 6359K [0x00000000cd660000, 0x00000000cffc0000, 0x0000000100000000)
 Metaspace       used 19342K, capacity 19844K, committed 19968K, reserved 1067008K
  class space    used 2399K, capacity 2538K, committed 2560K, reserved 1048576K
}
2020-02-27T14:34:03.458+0000: 6.261: Total time for which application threads were stopped: 0.0116383 seconds, Stopping threads took: 0.0000350 seconds
{Heap before GC invocations=60 (full 0):
 par new generation   total 19008K, used 17470K [0x00000000c3000000, 0x00000000c44a0000, 0x00000000cd660000)
  eden space 16896K, 100% used [0x00000000c3000000, 0x00000000c4080000, 0x00000000c4080000)
  from space 2112K,  27% used [0x00000000c4080000, 0x00000000c410faa8, 0x00000000c4290000)
  to   space 2112K,   0% used [0x00000000c4290000, 0x00000000c4290000, 0x00000000c44a0000)
 concurrent mark-sweep generation total 42368K, used 6359K [0x00000000cd660000, 0x00000000cffc0000, 0x0000000100000000)
 Metaspace       used 20043K, capacity 20498K, committed 20864K, reserved 1067008K
  class space    used 2470K, capacity 2607K, committed 2688K, reserved 1048576K
2020-02-27T14:34:03.585+0000: 6.388: [GC (Allocation Failure) 2020-02-27T14:34:03.585+0000: 6.388: [ParNew
Desired survivor size 1081344 bytes, new threshold 6 (max 6)
- age   1:     170112 bytes,     170112 total
- age   2:      86096 bytes,     256208 total
- age   3:      61928 bytes,     318136 total
- age   4:      92360 bytes,     410496 total
- age   5:      60376 bytes,     470872 total
- age   6:      40392 bytes,     511264 total
: 17470K->625K(19008K), 0.0053625 secs] 23830K->7036K(61376K), 0.0054313 secs] [Times: user=0.01 sys=0.00, real=0.00 secs] 
Heap after GC invocations=61 (full 0):
 par new generation   total 19008K, used 625K [0x00000000c3000000, 0x00000000c44a0000, 0x00000000cd660000)
  eden space 16896K,   0% used [0x00000000c3000000, 0x00000000c3000000, 0x00000000c4080000)
  from space 2112K,  29% used [0x00000000c4290000, 0x00000000c432c450, 0x00000000c44a0000)
  to   space 2112K,   0% used [0x00000000c4080000, 0x00000000c4080000, 0x00000000c4290000)
 concurrent mark-sweep generation total 42368K, used 6411K [0x00000000cd660000, 0x00000000cffc0000, 0x0000000100000000)
 Metaspace       used 20043K, capacity 20498K, committed 20864K, reserved 1067008K
  class space    used 2470K, capacity 2607K, committed 2688K, reserved 1048576K
}
2020-02-27T14:34:03.591+0000: 6.394: Total time for which application threads were stopped: 0.0056144 seconds, Stopping threads took: 0.0000303 seconds
2020-02-27T14:34:03.719+0000: 6.522: Total time for which application threads were stopped: 0.0054031 seconds, Stopping threads took: 0.0053020 seconds
2020-02-27T14:34:03.727+0000: 6.530: Total time for which application threads were stopped: 0.0069536 seconds, Stopping threads took: 0.0068885 seconds
{Heap before GC invocations=61 (full 0):
 par new generation   total 19008K, used 17521K [0x00000000c3000000, 0x00000000c44a0000, 0x00000000cd660000)
  eden space 16896K, 100% used [0x00000000c3000000, 0x00000000c4080000, 0x00000000c4080000)
  from space 2112K,  29% used [0x00000000c4290000, 0x00000000c432c450, 0x00000000c44a0000)
  to   space 2112K,   0% used [0x00000000c4080000, 0x00000000c4080000, 0x00000000c4290000)
 concurrent mark-sweep generation total 42368K, used 6411K [0x00000000cd660000, 0x00000000cffc0000, 0x0000000100000000)
 Metaspace       used 20793K, capacity 21320K, committed 21628K, reserved 1069056K
  class space    used 2570K, capacity 2708K, committed 2816K, reserved 1048576K
2020-02-27T14:34:03.755+0000: 6.559: [GC (Allocation Failure) 2020-02-27T14:34:03.755+0000: 6.559: [ParNew
Desired survivor size 1081344 bytes, new threshold 6 (max 6)
- age   1:     152352 bytes,     152352 total
- age   2:     136600 bytes,     288952 total
- age   3:      84112 bytes,     373064 total
- age   4:      55360 bytes,     428424 total
- age   5:      89616 bytes,     518040 total
- age   6:      59336 bytes,     577376 total
: 17521K->951K(19008K), 0.0118371 secs] 23932K->7403K(61376K), 0.0119422 secs] [Times: user=0.01 sys=0.00, real=0.02 secs] 
Heap after GC invocations=62 (full 0):
 par new generation   total 19008K, used 951K [0x00000000c3000000, 0x00000000c44a0000, 0x00000000cd660000)
  eden space 16896K,   0% used [0x00000000c3000000, 0x00000000c3000000, 0x00000000c4080000)
  from space 2112K,  45% used [0x00000000c4080000, 0x00000000c416dc88, 0x00000000c4290000)
  to   space 2112K,   0% used [0x00000000c4290000, 0x00000000c4290000, 0x00000000c44a0000)
 concurrent mark-sweep generation total 42368K, used 6452K [0x00000000cd660000, 0x00000000cffc0000, 0x0000000100000000)
 Metaspace       used 20793K, capacity 21320K, committed 21628K, reserved 1069056K
  class space    used 2570K, capacity 2708K, committed 2816K, reserved 1048576K
}
2020-02-27T14:34:03.767+0000: 6.571: Total time for which application threads were stopped: 0.0225392 seconds, Stopping threads took: 0.0104413 seconds
2020-02-27T14:34:03.781+0000: 6.584: [GC (CMS Initial Mark) [1 CMS-initial-mark: 6452K(42368K)] 7678K(61376K), 0.0015885 secs] [Times: user=0.00 sys=0.00, real=0.00 secs] 
2020-02-27T14:34:03.783+0000: 6.586: Total time for which application threads were stopped: 0.0085977 seconds, Stopping threads took: 0.0069321 seconds
2020-02-27T14:34:03.783+0000: 6.586: [CMS-concurrent-mark-start]
2020-02-27T14:34:03.829+0000: 6.632: [CMS-concurrent-mark: 0.046/0.046 secs] [Times: user=0.04 sys=0.00, real=0.05 secs] 
2020-02-27T14:34:03.833+0000: 6.636: Total time for which application threads were stopped: 0.0000936 seconds, Stopping threads took: 0.0000145 seconds
2020-02-27T14:34:03.837+0000: 6.640: [CMS-concurrent-preclean-start]
2020-02-27T14:34:03.837+0000: 6.641: [CMS-concurrent-preclean: 0.001/0.001 secs] [Times: user=0.00 sys=0.00, real=0.00 secs] 
2020-02-27T14:34:03.837+0000: 6.641: [CMS-concurrent-abortable-preclean-start]
2020-02-27T14:34:03.861+0000: 6.664: Total time for which application threads were stopped: 0.0000572 seconds, Stopping threads took: 0.0000143 seconds
2020-02-27T14:34:03.892+0000: 6.696: Total time for which application threads were stopped: 0.0001066 seconds, Stopping threads took: 0.0000129 seconds
2020-02-27T14:34:03.917+0000: 6.720: Total time for which application threads were stopped: 0.0040501 seconds, Stopping threads took: 0.0040020 seconds
{Heap before GC invocations=62 (full 1):
 par new generation   total 19008K, used 17847K [0x00000000c3000000, 0x00000000c44a0000, 0x00000000cd660000)
  eden space 16896K, 100% used [0x00000000c3000000, 0x00000000c4080000, 0x00000000c4080000)
  from space 2112K,  45% used [0x00000000c4080000, 0x00000000c416dc88, 0x00000000c4290000)
  to   space 2112K,   0% used [0x00000000c4290000, 0x00000000c4290000, 0x00000000c44a0000)
 concurrent mark-sweep generation total 42368K, used 6452K [0x00000000cd660000, 0x00000000cffc0000, 0x0000000100000000)
 Metaspace       used 21599K, capacity 22066K, committed 22216K, reserved 1069056K
  class space    used 2678K, capacity 2807K, committed 2816K, reserved 1048576K
2020-02-27T14:34:03.968+0000: 6.771: [GC (Allocation Failure) 2020-02-27T14:34:03.968+0000: 6.772: [ParNew
Desired survivor size 1081344 bytes, new threshold 6 (max 6)
- age   1:     168088 bytes,     168088 total
- age   2:     105328 bytes,     273416 total
- age   3:     130592 bytes,     404008 total
- age   4:      83152 bytes,     487160 total
- age   5:      55216 bytes,     542376 total
- age   6:      86736 bytes,     629112 total
: 17847K->823K(19008K), 0.0074328 secs] 24299K->7335K(61376K), 0.0075067 secs] [Times: user=0.01 sys=0.00, real=0.00 secs] 
Heap after GC invocations=63 (full 1):
 par new generation   total 19008K, used 823K [0x00000000c3000000, 0x00000000c44a0000, 0x00000000cd660000)
  eden space 16896K,   0% used [0x00000000c3000000, 0x00000000c3000000, 0x00000000c4080000)
  from space 2112K,  39% used [0x00000000c4290000, 0x00000000c435dfa8, 0x00000000c44a0000)
  to   space 2112K,   0% used [0x00000000c4080000, 0x00000000c4080000, 0x00000000c4290000)
 concurrent mark-sweep generation total 42368K, used 6511K [0x00000000cd660000, 0x00000000cffc0000, 0x0000000100000000)
 Metaspace       used 21599K, capacity 22066K, committed 22216K, reserved 1069056K
  class space    used 2678K, capacity 2807K, committed 2816K, reserved 1048576K
}
2020-02-27T14:34:03.976+0000: 6.779: Total time for which application threads were stopped: 0.0076670 seconds, Stopping threads took: 0.0000374 seconds
2020-02-27T14:34:04.001+0000: 6.804: Total time for which application threads were stopped: 0.0001285 seconds, Stopping threads took: 0.0000182 seconds
2020-02-27T14:34:04.015+0000: 6.818: Total time for which application threads were stopped: 0.0000899 seconds, Stopping threads took: 0.0000423 seconds
2020-02-27T14:34:04.026+0000: 6.829: [CMS-concurrent-abortable-preclean: 0.100/0.188 secs] [Times: user=0.16 sys=0.01, real=0.19 secs] 
2020-02-27T14:34:04.032+0000: 6.835: [GC (CMS Final Remark) [YG occupancy: 10584 K (19008 K)]2020-02-27T14:34:04.032+0000: 6.835: [Rescan (parallel) , 0.0047834 secs]2020-02-27T14:34:04.037+0000: 6.840: [weak refs processing, 0.0000474 secs]2020-02-27T14:34:04.037+0000: 6.840: [class unloading, 0.0034652 secs]2020-02-27T14:34:04.041+0000: 6.844: [scrub symbol table, 0.0084699 secs]2020-02-27T14:34:04.049+0000: 6.852: [scrub string table, 0.0004181 secs][1 CMS-remark: 6511K(42368K)] 17096K(61376K), 0.0176148 secs] [Times: user=0.01 sys=0.00, real=0.02 secs] 
2020-02-27T14:34:04.050+0000: 6.853: Total time for which application threads were stopped: 0.0240931 seconds, Stopping threads took: 0.0063896 seconds
2020-02-27T14:34:04.069+0000: 6.873: [CMS-concurrent-sweep-start]
2020-02-27T14:34:04.081+0000: 6.885: [CMS-concurrent-sweep: 0.012/0.012 secs] [Times: user=0.01 sys=0.00, real=0.01 secs] 
{Heap before GC invocations=63 (full 1):
 par new generation   total 19008K, used 17719K [0x00000000c3000000, 0x00000000c44a0000, 0x00000000cd660000)
  eden space 16896K, 100% used [0x00000000c3000000, 0x00000000c4080000, 0x00000000c4080000)
  from space 2112K,  39% used [0x00000000c4290000, 0x00000000c435dfa8, 0x00000000c44a0000)
  to   space 2112K,   0% used [0x00000000c4080000, 0x00000000c4080000, 0x00000000c4290000)
 concurrent mark-sweep generation total 42368K, used 6060K [0x00000000cd660000, 0x00000000cffc0000, 0x0000000100000000)
 Metaspace       used 21859K, capacity 22332K, committed 22548K, reserved 1069056K
  class space    used 2727K, capacity 2874K, committed 2892K, reserved 1048576K
2020-02-27T14:34:04.085+0000: 6.888: [GC (Allocation Failure) 2020-02-27T14:34:04.085+0000: 6.888: [ParNew
Desired survivor size 1081344 bytes, new threshold 6 (max 6)
- age   1:      97112 bytes,      97112 total
- age   2:     131936 bytes,     229048 total
- age   3:     104832 bytes,     333880 total
- age   4:     130592 bytes,     464472 total
- age   5:      83120 bytes,     547592 total
- age   6:      54360 bytes,     601952 total
: 17719K->796K(19008K), 0.0022638 secs] 23780K->6941K(61376K), 0.0023286 secs] [Times: user=0.01 sys=0.00, real=0.00 secs] 
Heap after GC invocations=64 (full 1):
 par new generation   total 19008K, used 796K [0x00000000c3000000, 0x00000000c44a0000, 0x00000000cd660000)
  eden space 16896K,   0% used [0x00000000c3000000, 0x00000000c3000000, 0x00000000c4080000)
  from space 2112K,  37% used [0x00000000c4080000, 0x00000000c4147338, 0x00000000c4290000)
  to   space 2112K,   0% used [0x00000000c4290000, 0x00000000c4290000, 0x00000000c44a0000)
 concurrent mark-sweep generation total 42368K, used 6144K [0x00000000cd660000, 0x00000000cffc0000, 0x0000000100000000)
 Metaspace       used 21859K, capacity 22332K, committed 22548K, reserved 1069056K
  class space    used 2727K, capacity 2874K, committed 2892K, reserved 1048576K
}
2020-02-27T14:34:04.087+0000: 6.890: Total time for which application threads were stopped: 0.0025053 seconds, Stopping threads took: 0.0000310 seconds
2020-02-27T14:34:04.089+0000: 6.892: [CMS-concurrent-reset-start]
2020-02-27T14:34:04.136+0000: 6.939: [CMS-concurrent-reset: 0.047/0.047 secs] [Times: user=0.04 sys=0.01, real=0.04 secs] 
{Heap before GC invocations=64 (full 1):
 par new generation   total 19008K, used 17692K [0x00000000c3000000, 0x00000000c44a0000, 0x00000000cd660000)
  eden space 16896K, 100% used [0x00000000c3000000, 0x00000000c4080000, 0x00000000c4080000)
  from space 2112K,  37% used [0x00000000c4080000, 0x00000000c4147338, 0x00000000c4290000)
  to   space 2112K,   0% used [0x00000000c4290000, 0x00000000c4290000, 0x00000000c44a0000)
 concurrent mark-sweep generation total 42368K, used 6144K [0x00000000cd660000, 0x00000000cffc0000, 0x0000000100000000)
 Metaspace       used 21962K, capacity 22428K, committed 22676K, reserved 1069056K
  class space    used 2746K, capacity 2906K, committed 3020K, reserved 1048576K
2020-02-27T14:34:04.143+0000: 6.946: [GC (Allocation Failure) 2020-02-27T14:34:04.143+0000: 6.946: [ParNew
Desired survivor size 1081344 bytes, new threshold 6 (max 6)
- age   1:      39736 bytes,      39736 total
- age   2:      79880 bytes,     119616 total
- age   3:     131936 bytes,     251552 total
- age   4:     104832 bytes,     356384 total
- age   5:     130592 bytes,     486976 total
- age   6:      83120 bytes,     570096 total
: 17692K->572K(19008K), 0.0074728 secs] 23837K->6772K(61376K), 0.0075441 secs] [Times: user=0.01 sys=0.00, real=0.01 secs] 
Heap after GC invocations=65 (full 1):
 par new generation   total 19008K, used 572K [0x00000000c3000000, 0x00000000c44a0000, 0x00000000cd660000)
  eden space 16896K,   0% used [0x00000000c3000000, 0x00000000c3000000, 0x00000000c4080000)
  from space 2112K,  27% used [0x00000000c4290000, 0x00000000c431f080, 0x00000000c44a0000)
  to   space 2112K,   0% used [0x00000000c4080000, 0x00000000c4080000, 0x00000000c4290000)
 concurrent mark-sweep generation total 42368K, used 6200K [0x00000000cd660000, 0x00000000cffc0000, 0x0000000100000000)
 Metaspace       used 21962K, capacity 22428K, committed 22676K, reserved 1069056K
  class space    used 2746K, capacity 2906K, committed 3020K, reserved 1048576K
}
2020-02-27T14:34:04.151+0000: 6.954: Total time for which application threads were stopped: 0.0077240 seconds, Stopping threads took: 0.0000151 seconds
{Heap before GC invocations=65 (full 1):
 par new generation   total 19008K, used 17468K [0x00000000c3000000, 0x00000000c44a0000, 0x00000000cd660000)
  eden space 16896K, 100% used [0x00000000c3000000, 0x00000000c4080000, 0x00000000c4080000)
  from space 2112K,  27% used [0x00000000c4290000, 0x00000000c431f080, 0x00000000c44a0000)
  to   space 2112K,   0% used [0x00000000c4080000, 0x00000000c4080000, 0x00000000c4290000)
 concurrent mark-sweep generation total 42368K, used 6200K [0x00000000cd660000, 0x00000000cffc0000, 0x0000000100000000)
 Metaspace       used 22180K, capacity 22752K, committed 22932K, reserved 1069056K
  class space    used 2778K, capacity 2934K, committed 3020K, reserved 1048576K
2020-02-27T14:34:04.249+0000: 7.052: [GC (Allocation Failure) 2020-02-27T14:34:04.249+0000: 7.052: [ParNew
Desired survivor size 1081344 bytes, new threshold 6 (max 6)
- age   1:     102952 bytes,     102952 total
- age   2:      23592 bytes,     126544 total
- age   3:      77400 bytes,     203944 total
- age   4:     127768 bytes,     331712 total
- age   5:     103032 bytes,     434744 total
- age   6:     130176 bytes,     564920 total
: 17468K->839K(19008K), 0.0024466 secs] 23668K->7121K(61376K), 0.0025052 secs] [Times: user=0.01 sys=0.00, real=0.00 secs] 
Heap after GC invocations=66 (full 1):
 par new generation   total 19008K, used 839K [0x00000000c3000000, 0x00000000c44a0000, 0x00000000cd660000)
  eden space 16896K,   0% used [0x00000000c3000000, 0x00000000c3000000, 0x00000000c4080000)
  from space 2112K,  39% used [0x00000000c4080000, 0x00000000c4151df0, 0x00000000c4290000)
  to   space 2112K,   0% used [0x00000000c4290000, 0x00000000c4290000, 0x00000000c44a0000)
 concurrent mark-sweep generation total 42368K, used 6282K [0x00000000cd660000, 0x00000000cffc0000, 0x0000000100000000)
 Metaspace       used 22180K, capacity 22752K, committed 22932K, reserved 1069056K
  class space    used 2778K, capacity 2934K, committed 3020K, reserved 1048576K
}
2020-02-27T14:34:04.251+0000: 7.055: Total time for which application threads were stopped: 0.0067828 seconds, Stopping threads took: 0.0041080 seconds
2020-02-27T14:34:04.311+0000: 7.115: Total time for which application threads were stopped: 0.0003871 seconds, Stopping threads took: 0.0000577 seconds
{Heap before GC invocations=66 (full 1):
 par new generation   total 19008K, used 17735K [0x00000000c3000000, 0x00000000c44a0000, 0x00000000cd660000)
  eden space 16896K, 100% used [0x00000000c3000000, 0x00000000c4080000, 0x00000000c4080000)
  from space 2112K,  39% used [0x00000000c4080000, 0x00000000c4151df0, 0x00000000c4290000)
  to   space 2112K,   0% used [0x00000000c4290000, 0x00000000c4290000, 0x00000000c44a0000)
 concurrent mark-sweep generation total 42368K, used 6282K [0x00000000cd660000, 0x00000000cffc0000, 0x0000000100000000)
 Metaspace       used 22427K, capacity 22986K, committed 23188K, reserved 1069056K
  class space    used 2811K, capacity 2969K, committed 3020K, reserved 1048576K
2020-02-27T14:34:04.332+0000: 7.135: [GC (Allocation Failure) 2020-02-27T14:34:04.332+0000: 7.135: [ParNew
Desired survivor size 1081344 bytes, new threshold 6 (max 6)
- age   1:     143144 bytes,     143144 total
- age   2:      89136 bytes,     232280 total
- age   3:      23592 bytes,     255872 total
- age   4:      77400 bytes,     333272 total
- age   5:     125520 bytes,     458792 total
- age   6:     100344 bytes,     559136 total
: 17735K->831K(19008K), 0.0130811 secs] 24017K->7238K(61376K), 0.0131463 secs] [Times: user=0.01 sys=0.00, real=0.02 secs] 
Heap after GC invocations=67 (full 1):
 par new generation   total 19008K, used 831K [0x00000000c3000000, 0x00000000c44a0000, 0x00000000cd660000)
  eden space 16896K,   0% used [0x00000000c3000000, 0x00000000c3000000, 0x00000000c4080000)
  from space 2112K,  39% used [0x00000000c4290000, 0x00000000c435ff00, 0x00000000c44a0000)
  to   space 2112K,   0% used [0x00000000c4080000, 0x00000000c4080000, 0x00000000c4290000)
 concurrent mark-sweep generation total 42368K, used 6407K [0x00000000cd660000, 0x00000000cffc0000, 0x0000000100000000)
 Metaspace       used 22427K, capacity 22986K, committed 23188K, reserved 1069056K
  class space    used 2811K, capacity 2969K, committed 3020K, reserved 1048576K
}
2020-02-27T14:34:04.345+0000: 7.148: Total time for which application threads were stopped: 0.0133509 seconds, Stopping threads took: 0.0000666 seconds
2020-02-27T14:34:04.415+0000: 7.218: Total time for which application threads were stopped: 0.0004641 seconds, Stopping threads took: 0.0000798 seconds
{Heap before GC invocations=67 (full 1):
 par new generation   total 19008K, used 17727K [0x00000000c3000000, 0x00000000c44a0000, 0x00000000cd660000)
  eden space 16896K, 100% used [0x00000000c3000000, 0x00000000c4080000, 0x00000000c4080000)
  from space 2112K,  39% used [0x00000000c4290000, 0x00000000c435ff00, 0x00000000c44a0000)
  to   space 2112K,   0% used [0x00000000c4080000, 0x00000000c4080000, 0x00000000c4290000)
 concurrent mark-sweep generation total 42368K, used 6407K [0x00000000cd660000, 0x00000000cffc0000, 0x0000000100000000)
 Metaspace       used 22646K, capacity 23210K, committed 23444K, reserved 1069056K
  class space    used 2834K, capacity 3001K, committed 3020K, reserved 1048576K
2020-02-27T14:34:04.457+0000: 7.260: [GC (Allocation Failure) 2020-02-27T14:34:04.457+0000: 7.260: [ParNew
Desired survivor size 1081344 bytes, new threshold 6 (max 6)
- age   1:     134840 bytes,     134840 total
- age   2:     117776 bytes,     252616 total
- age   3:      89136 bytes,     341752 total
- age   4:      23592 bytes,     365344 total
- age   5:      77400 bytes,     442744 total
- age   6:     124288 bytes,     567032 total
: 17727K->817K(19008K), 0.0051432 secs] 24134K->7325K(61376K), 0.0052330 secs] [Times: user=0.00 sys=0.00, real=0.00 secs] 
Heap after GC invocations=68 (full 1):
 par new generation   total 19008K, used 817K [0x00000000c3000000, 0x00000000c44a0000, 0x00000000cd660000)
  eden space 16896K,   0% used [0x00000000c3000000, 0x00000000c3000000, 0x00000000c4080000)
  from space 2112K,  38% used [0x00000000c4080000, 0x00000000c414c4e0, 0x00000000c4290000)
  to   space 2112K,   0% used [0x00000000c4290000, 0x00000000c4290000, 0x00000000c44a0000)
 concurrent mark-sweep generation total 42368K, used 6508K [0x00000000cd660000, 0x00000000cffc0000, 0x0000000100000000)
 Metaspace       used 22646K, capacity 23210K, committed 23444K, reserved 1069056K
  class space    used 2834K, capacity 3001K, committed 3020K, reserved 1048576K
}
2020-02-27T14:34:04.462+0000: 7.265: Total time for which application threads were stopped: 0.0102930 seconds, Stopping threads took: 0.0049152 seconds
{Heap before GC invocations=68 (full 1):
 par new generation   total 19008K, used 17713K [0x00000000c3000000, 0x00000000c44a0000, 0x00000000cd660000)
  eden space 16896K, 100% used [0x00000000c3000000, 0x00000000c4080000, 0x00000000c4080000)
  from space 2112K,  38% used [0x00000000c4080000, 0x00000000c414c4e0, 0x00000000c4290000)
  to   space 2112K,   0% used [0x00000000c4290000, 0x00000000c4290000, 0x00000000c44a0000)
 concurrent mark-sweep generation total 42368K, used 6508K [0x00000000cd660000, 0x00000000cffc0000, 0x0000000100000000)
 Metaspace       used 23044K, capacity 23630K, committed 23700K, reserved 1071104K
  class space    used 2876K, capacity 3019K, committed 3020K, reserved 1048576K
2020-02-27T14:34:04.666+0000: 7.469: [GC (Allocation Failure) 2020-02-27T14:34:04.666+0000: 7.469: [ParNew
Desired survivor size 1081344 bytes, new threshold 6 (max 6)
- age   1:     343272 bytes,     343272 total
- age   2:     110016 bytes,     453288 total
- age   3:      99728 bytes,     553016 total
- age   4:      87768 bytes,     640784 total
- age   5:      23096 bytes,     663880 total
- age   6:      75576 bytes,     739456 total
: 17713K->826K(19008K), 0.0098427 secs] 24221K->7459K(61376K), 0.0099061 secs] [Times: user=0.01 sys=0.00, real=0.00 secs] 
Heap after GC invocations=69 (full 1):
 par new generation   total 19008K, used 826K [0x00000000c3000000, 0x00000000c44a0000, 0x00000000cd660000)
  eden space 16896K,   0% used [0x00000000c3000000, 0x00000000c3000000, 0x00000000c4080000)
  from space 2112K,  39% used [0x00000000c4290000, 0x00000000c435e9b8, 0x00000000c44a0000)
  to   space 2112K,   0% used [0x00000000c4080000, 0x00000000c4080000, 0x00000000c4290000)
 concurrent mark-sweep generation total 42368K, used 6632K [0x00000000cd660000, 0x00000000cffc0000, 0x0000000100000000)
 Metaspace       used 23044K, capacity 23630K, committed 23700K, reserved 1071104K
  class space    used 2876K, capacity 3019K, committed 3020K, reserved 1048576K
}
2020-02-27T14:34:04.676+0000: 7.479: Total time for which application threads were stopped: 0.0148376 seconds, Stopping threads took: 0.0047747 seconds
{Heap before GC invocations=69 (full 1):
 par new generation   total 19008K, used 17722K [0x00000000c3000000, 0x00000000c44a0000, 0x00000000cd660000)
  eden space 16896K, 100% used [0x00000000c3000000, 0x00000000c4080000, 0x00000000c4080000)
  from space 2112K,  39% used [0x00000000c4290000, 0x00000000c435e9b8, 0x00000000c44a0000)
  to   space 2112K,   0% used [0x00000000c4080000, 0x00000000c4080000, 0x00000000c4290000)
 concurrent mark-sweep generation total 42368K, used 6632K [0x00000000cd660000, 0x00000000cffc0000, 0x0000000100000000)
 Metaspace       used 23660K, capacity 24234K, committed 24340K, reserved 1071104K
  class space    used 2949K, capacity 3125K, committed 3148K, reserved 1048576K
2020-02-27T14:34:04.911+0000: 7.714: [GC (Allocation Failure) 2020-02-27T14:34:04.911+0000: 7.714: [ParNew
Desired survivor size 1081344 bytes, new threshold 5 (max 6)
- age   1:     538088 bytes,     538088 total
- age   2:     315848 bytes,     853936 total
- age   3:     104600 bytes,     958536 total
- age   4:      99536 bytes,    1058072 total
- age   5:      87768 bytes,    1145840 total
- age   6:      23096 bytes,    1168936 total
: 17722K->1356K(19008K), 0.0201816 secs] 24355K->8064K(61376K), 0.0202667 secs] [Times: user=0.01 sys=0.00, real=0.02 secs] 
Heap after GC invocations=70 (full 1):
 par new generation   total 19008K, used 1356K [0x00000000c3000000, 0x00000000c44a0000, 0x00000000cd660000)
  eden space 16896K,   0% used [0x00000000c3000000, 0x00000000c3000000, 0x00000000c4080000)
  from space 2112K,  64% used [0x00000000c4080000, 0x00000000c41d3260, 0x00000000c4290000)
  to   space 2112K,   0% used [0x00000000c4290000, 0x00000000c4290000, 0x00000000c44a0000)
 concurrent mark-sweep generation total 42368K, used 6708K [0x00000000cd660000, 0x00000000cffc0000, 0x0000000100000000)
 Metaspace       used 23660K, capacity 24234K, committed 24340K, reserved 1071104K
  class space    used 2949K, capacity 3125K, committed 3148K, reserved 1048576K
}
2020-02-27T14:34:04.931+0000: 7.734: Total time for which application threads were stopped: 0.0243149 seconds, Stopping threads took: 0.0038832 seconds
{Heap before GC invocations=70 (full 1):
 par new generation   total 19008K, used 18246K [0x00000000c3000000, 0x00000000c44a0000, 0x00000000cd660000)
  eden space 16896K,  99% used [0x00000000c3000000, 0x00000000c407e788, 0x00000000c4080000)
  from space 2112K,  64% used [0x00000000c4080000, 0x00000000c41d3260, 0x00000000c4290000)
  to   space 2112K,   0% used [0x00000000c4290000, 0x00000000c4290000, 0x00000000c44a0000)
 concurrent mark-sweep generation total 42368K, used 6708K [0x00000000cd660000, 0x00000000cffc0000, 0x0000000100000000)
 Metaspace       used 24165K, capacity 24758K, committed 24980K, reserved 1071104K
  class space    used 3016K, capacity 3191K, committed 3276K, reserved 1048576K
2020-02-27T14:34:05.157+0000: 7.960: [GC (Allocation Failure) 2020-02-27T14:34:05.157+0000: 7.960: [ParNew
Desired survivor size 1081344 bytes, new threshold 2 (max 6)
- age   1:     609072 bytes,     609072 total
- age   2:     522784 bytes,    1131856 total
- age   3:     315400 bytes,    1447256 total
- age   4:     104600 bytes,    1551856 total
- age   5:      99400 bytes,    1651256 total
: 18246K->2041K(19008K), 0.0227644 secs] 24954K->8860K(61376K), 0.0228320 secs] [Times: user=0.02 sys=0.00, real=0.02 secs] 
Heap after GC invocations=71 (full 1):
 par new generation   total 19008K, used 2041K [0x00000000c3000000, 0x00000000c44a0000, 0x00000000cd660000)
  eden space 16896K,   0% used [0x00000000c3000000, 0x00000000c3000000, 0x00000000c4080000)
  from space 2112K,  96% used [0x00000000c4290000, 0x00000000c448e768, 0x00000000c44a0000)
  to   space 2112K,   0% used [0x00000000c4080000, 0x00000000c4080000, 0x00000000c4290000)
 concurrent mark-sweep generation total 42368K, used 6819K [0x00000000cd660000, 0x00000000cffc0000, 0x0000000100000000)
 Metaspace       used 24165K, capacity 24758K, committed 24980K, reserved 1071104K
  class space    used 3016K, capacity 3191K, committed 3276K, reserved 1048576K
}
2020-02-27T14:34:05.180+0000: 7.983: Total time for which application threads were stopped: 0.0230320 seconds, Stopping threads took: 0.0000446 seconds
{Heap before GC invocations=71 (full 1):
 par new generation   total 19008K, used 18927K [0x00000000c3000000, 0x00000000c44a0000, 0x00000000cd660000)
  eden space 16896K,  99% used [0x00000000c3000000, 0x00000000c407d740, 0x00000000c4080000)
  from space 2112K,  96% used [0x00000000c4290000, 0x00000000c448e768, 0x00000000c44a0000)
  to   space 2112K,   0% used [0x00000000c4080000, 0x00000000c4080000, 0x00000000c4290000)
 concurrent mark-sweep generation total 42368K, used 6819K [0x00000000cd660000, 0x00000000cffc0000, 0x0000000100000000)
 Metaspace       used 24169K, capacity 24758K, committed 24980K, reserved 1071104K
  class space    used 3016K, capacity 3191K, committed 3276K, reserved 1048576K
2020-02-27T14:34:05.197+0000: 8.000: [GC (Allocation Failure) 2020-02-27T14:34:05.197+0000: 8.000: [ParNew
Desired survivor size 1081344 bytes, new threshold 6 (max 6)
- age   1:      53232 bytes,      53232 total
- age   2:     583096 bytes,     636328 total
: 18927K->1461K(19008K), 0.0246273 secs] 25746K->9319K(61376K), 0.0247152 secs] [Times: user=0.03 sys=0.00, real=0.02 secs] 
Heap after GC invocations=72 (full 1):
 par new generation   total 19008K, used 1461K [0x00000000c3000000, 0x00000000c44a0000, 0x00000000cd660000)
  eden space 16896K,   0% used [0x00000000c3000000, 0x00000000c3000000, 0x00000000c4080000)
  from space 2112K,  69% used [0x00000000c4080000, 0x00000000c41ed790, 0x00000000c4290000)
  to   space 2112K,   0% used [0x00000000c4290000, 0x00000000c4290000, 0x00000000c44a0000)
 concurrent mark-sweep generation total 42368K, used 7857K [0x00000000cd660000, 0x00000000cffc0000, 0x0000000100000000)
 Metaspace       used 24169K, capacity 24758K, committed 24980K, reserved 1071104K
  class space    used 3016K, capacity 3191K, committed 3276K, reserved 1048576K
}
2020-02-27T14:34:05.222+0000: 8.025: Total time for which application threads were stopped: 0.0291840 seconds, Stopping threads took: 0.0043415 seconds
{Heap before GC invocations=72 (full 1):
 par new generation   total 19008K, used 18357K [0x00000000c3000000, 0x00000000c44a0000, 0x00000000cd660000)
  eden space 16896K, 100% used [0x00000000c3000000, 0x00000000c4080000, 0x00000000c4080000)
  from space 2112K,  69% used [0x00000000c4080000, 0x00000000c41ed790, 0x00000000c4290000)
  to   space 2112K,   0% used [0x00000000c4290000, 0x00000000c4290000, 0x00000000c44a0000)
 concurrent mark-sweep generation total 42368K, used 7857K [0x00000000cd660000, 0x00000000cffc0000, 0x0000000100000000)
 Metaspace       used 24215K, capacity 24864K, committed 24980K, reserved 1071104K
  class space    used 3028K, capacity 3198K, committed 3276K, reserved 1048576K
2020-02-27T14:34:05.331+0000: 8.134: [GC (Allocation Failure) 2020-02-27T14:34:05.331+0000: 8.134: [ParNew
Desired survivor size 1081344 bytes, new threshold 6 (max 6)
- age   1:     281768 bytes,     281768 total
- age   2:         96 bytes,     281864 total
- age   3:     543408 bytes,     825272 total
: 18357K->1029K(19008K), 0.0099728 secs] 26215K->8887K(61376K), 0.0100350 secs] [Times: user=0.01 sys=0.00, real=0.01 secs] 
Heap after GC invocations=73 (full 1):
 par new generation   total 19008K, used 1029K [0x00000000c3000000, 0x00000000c44a0000, 0x00000000cd660000)
  eden space 16896K,   0% used [0x00000000c3000000, 0x00000000c3000000, 0x00000000c4080000)
  from space 2112K,  48% used [0x00000000c4290000, 0x00000000c43914d8, 0x00000000c44a0000)
  to   space 2112K,   0% used [0x00000000c4080000, 0x00000000c4080000, 0x00000000c4290000)
 concurrent mark-sweep generation total 42368K, used 7857K [0x00000000cd660000, 0x00000000cffc0000, 0x0000000100000000)
 Metaspace       used 24215K, capacity 24864K, committed 24980K, reserved 1071104K
  class space    used 3028K, capacity 3198K, committed 3276K, reserved 1048576K
}
2020-02-27T14:34:05.341+0000: 8.144: Total time for which application threads were stopped: 0.0102027 seconds, Stopping threads took: 0.0000127 seconds
{Heap before GC invocations=73 (full 1):
 par new generation   total 19008K, used 17925K [0x00000000c3000000, 0x00000000c44a0000, 0x00000000cd660000)
  eden space 16896K, 100% used [0x00000000c3000000, 0x00000000c4080000, 0x00000000c4080000)
  from space 2112K,  48% used [0x00000000c4290000, 0x00000000c43914d8, 0x00000000c44a0000)
  to   space 2112K,   0% used [0x00000000c4080000, 0x00000000c4080000, 0x00000000c4290000)
 concurrent mark-sweep generation total 42368K, used 7857K [0x00000000cd660000, 0x00000000cffc0000, 0x0000000100000000)
 Metaspace       used 24387K, capacity 25028K, committed 25236K, reserved 1071104K
  class space    used 3048K, capacity 3230K, committed 3276K, reserved 1048576K
2020-02-27T14:34:05.571+0000: 8.375: [GC (Allocation Failure) 2020-02-27T14:34:05.571+0000: 8.375: [ParNew
Desired survivor size 1081344 bytes, new threshold 4 (max 6)
- age   1:     443680 bytes,     443680 total
- age   2:     258368 bytes,     702048 total
- age   3:         96 bytes,     702144 total
- age   4:     543120 bytes,    1245264 total
: 17925K->1451K(19008K), 0.0127658 secs] 25783K->9308K(61376K), 0.0128562 secs] [Times: user=0.01 sys=0.00, real=0.01 secs] 
Heap after GC invocations=74 (full 1):
 par new generation   total 19008K, used 1451K [0x00000000c3000000, 0x00000000c44a0000, 0x00000000cd660000)
  eden space 16896K,   0% used [0x00000000c3000000, 0x00000000c3000000, 0x00000000c4080000)
  from space 2112K,  68% used [0x00000000c4080000, 0x00000000c41eacb8, 0x00000000c4290000)
  to   space 2112K,   0% used [0x00000000c4290000, 0x00000000c4290000, 0x00000000c44a0000)
 concurrent mark-sweep generation total 42368K, used 7857K [0x00000000cd660000, 0x00000000cffc0000, 0x0000000100000000)
 Metaspace       used 24387K, capacity 25028K, committed 25236K, reserved 1071104K
  class space    used 3048K, capacity 3230K, committed 3276K, reserved 1048576K
}
2020-02-27T14:34:05.584+0000: 8.387: Total time for which application threads were stopped: 0.0130902 seconds, Stopping threads took: 0.0000800 seconds
{Heap before GC invocations=74 (full 1):
 par new generation   total 19008K, used 18347K [0x00000000c3000000, 0x00000000c44a0000, 0x00000000cd660000)
  eden space 16896K, 100% used [0x00000000c3000000, 0x00000000c4080000, 0x00000000c4080000)
  from space 2112K,  68% used [0x00000000c4080000, 0x00000000c41eacb8, 0x00000000c4290000)
  to   space 2112K,   0% used [0x00000000c4290000, 0x00000000c4290000, 0x00000000c44a0000)
 concurrent mark-sweep generation total 42368K, used 7857K [0x00000000cd660000, 0x00000000cffc0000, 0x0000000100000000)
 Metaspace       used 24811K, capacity 25464K, committed 25492K, reserved 1071104K
  class space    used 3104K, capacity 3264K, committed 3276K, reserved 1048576K
2020-02-27T14:34:05.866+0000: 8.669: [GC (Allocation Failure) 2020-02-27T14:34:05.866+0000: 8.669: [ParNew
Desired survivor size 1081344 bytes, new threshold 2 (max 6)
- age   1:     731736 bytes,     731736 total
- age   2:     405376 bytes,    1137112 total
- age   3:     258000 bytes,    1395112 total
- age   4:         96 bytes,    1395208 total
: 18347K->2089K(19008K), 0.0045418 secs] 26204K->10484K(61376K), 0.0046083 secs] [Times: user=0.01 sys=0.00, real=0.00 secs] 
Heap after GC invocations=75 (full 1):
 par new generation   total 19008K, used 2089K [0x00000000c3000000, 0x00000000c44a0000, 0x00000000cd660000)
  eden space 16896K,   0% used [0x00000000c3000000, 0x00000000c3000000, 0x00000000c4080000)
  from space 2112K,  98% used [0x00000000c4290000, 0x00000000c449a6e0, 0x00000000c44a0000)
  to   space 2112K,   0% used [0x00000000c4080000, 0x00000000c4080000, 0x00000000c4290000)
 concurrent mark-sweep generation total 42368K, used 8395K [0x00000000cd660000, 0x00000000cffc0000, 0x0000000100000000)
 Metaspace       used 24811K, capacity 25464K, committed 25492K, reserved 1071104K
  class space    used 3104K, capacity 3264K, committed 3276K, reserved 1048576K
}
2020-02-27T14:34:05.870+0000: 8.673: Total time for which application threads were stopped: 0.0048318 seconds, Stopping threads took: 0.0000214 seconds
{Heap before GC invocations=75 (full 1):
 par new generation   total 19008K, used 18985K [0x00000000c3000000, 0x00000000c44a0000, 0x00000000cd660000)
  eden space 16896K, 100% used [0x00000000c3000000, 0x00000000c4080000, 0x00000000c4080000)
  from space 2112K,  98% used [0x00000000c4290000, 0x00000000c449a6e0, 0x00000000c44a0000)
  to   space 2112K,   0% used [0x00000000c4080000, 0x00000000c4080000, 0x00000000c4290000)
 concurrent mark-sweep generation total 42368K, used 8395K [0x00000000cd660000, 0x00000000cffc0000, 0x0000000100000000)
 Metaspace       used 24990K, capacity 25640K, committed 25876K, reserved 1071104K
  class space    used 3122K, capacity 3298K, committed 3404K, reserved 1048576K
2020-02-27T14:34:05.957+0000: 8.760: [GC (Allocation Failure) 2020-02-27T14:34:05.957+0000: 8.760: [ParNew
Desired survivor size 1081344 bytes, new threshold 2 (max 6)
- age   1:     588280 bytes,     588280 total
- age   2:     683344 bytes,    1271624 total
: 18985K->2112K(19008K), 0.0050678 secs] 27380K->11190K(61376K), 0.0051506 secs] [Times: user=0.01 sys=0.00, real=0.00 secs] 
Heap after GC invocations=76 (full 1):
 par new generation   total 19008K, used 2112K [0x00000000c3000000, 0x00000000c44a0000, 0x00000000cd660000)
  eden space 16896K,   0% used [0x00000000c3000000, 0x00000000c3000000, 0x00000000c4080000)
  from space 2112K, 100% used [0x00000000c4080000, 0x00000000c4290000, 0x00000000c4290000)
  to   space 2112K,   0% used [0x00000000c4290000, 0x00000000c4290000, 0x00000000c44a0000)
 concurrent mark-sweep generation total 42368K, used 9078K [0x00000000cd660000, 0x00000000cffc0000, 0x0000000100000000)
 Metaspace       used 24990K, capacity 25640K, committed 25876K, reserved 1071104K
  class space    used 3122K, capacity 3298K, committed 3404K, reserved 1048576K
}
2020-02-27T14:34:05.962+0000: 8.766: Total time for which application threads were stopped: 0.0054068 seconds, Stopping threads took: 0.0000719 seconds
{Heap before GC invocations=76 (full 1):
 par new generation   total 19008K, used 19008K [0x00000000c3000000, 0x00000000c44a0000, 0x00000000cd660000)
  eden space 16896K, 100% used [0x00000000c3000000, 0x00000000c4080000, 0x00000000c4080000)
  from space 2112K, 100% used [0x00000000c4080000, 0x00000000c4290000, 0x00000000c4290000)
  to   space 2112K,   0% used [0x00000000c4290000, 0x00000000c4290000, 0x00000000c44a0000)
 concurrent mark-sweep generation total 42368K, used 9078K [0x00000000cd660000, 0x00000000cffc0000, 0x0000000100000000)
 Metaspace       used 25099K, capacity 25774K, committed 26132K, reserved 1073152K
  class space    used 3138K, capacity 3299K, committed 3404K, reserved 1048576K
2020-02-27T14:34:06.048+0000: 8.852: [GC (Allocation Failure) 2020-02-27T14:34:06.048+0000: 8.852: [ParNew
Desired survivor size 1081344 bytes, new threshold 6 (max 6)
- age   1:     434408 bytes,     434408 total
- age   2:     551352 bytes,     985760 total
: 19008K->1523K(19008K), 0.0046316 secs] 28086K->11293K(61376K), 0.0047049 secs] [Times: user=0.02 sys=0.00, real=0.00 secs] 
Heap after GC invocations=77 (full 1):
 par new generation   total 19008K, used 1523K [0x00000000c3000000, 0x00000000c44a0000, 0x00000000cd660000)
  eden space 16896K,   0% used [0x00000000c3000000, 0x00000000c3000000, 0x00000000c4080000)
  from space 2112K,  72% used [0x00000000c4290000, 0x00000000c440cd40, 0x00000000c44a0000)
  to   space 2112K,   0% used [0x00000000c4080000, 0x00000000c4080000, 0x00000000c4290000)
 concurrent mark-sweep generation total 42368K, used 9769K [0x00000000cd660000, 0x00000000cffc0000, 0x0000000100000000)
 Metaspace       used 25099K, capacity 25774K, committed 26132K, reserved 1073152K
  class space    used 3138K, capacity 3299K, committed 3404K, reserved 1048576K
}
2020-02-27T14:34:06.053+0000: 8.856: Total time for which application threads were stopped: 0.0049690 seconds, Stopping threads took: 0.0000906 seconds
{Heap before GC invocations=77 (full 1):
 par new generation   total 19008K, used 18419K [0x00000000c3000000, 0x00000000c44a0000, 0x00000000cd660000)
  eden space 16896K, 100% used [0x00000000c3000000, 0x00000000c4080000, 0x00000000c4080000)
  from space 2112K,  72% used [0x00000000c4290000, 0x00000000c440cd40, 0x00000000c44a0000)
  to   space 2112K,   0% used [0x00000000c4080000, 0x00000000c4080000, 0x00000000c4290000)
 concurrent mark-sweep generation total 42368K, used 9769K [0x00000000cd660000, 0x00000000cffc0000, 0x0000000100000000)
 Metaspace       used 25141K, capacity 25774K, committed 26132K, reserved 1073152K
  class space    used 3138K, capacity 3299K, committed 3404K, reserved 1048576K
2020-02-27T14:34:06.157+0000: 8.960: [GC (Allocation Failure) 2020-02-27T14:34:06.157+0000: 8.960: [ParNew
Desired survivor size 1081344 bytes, new threshold 3 (max 6)
- age   1:     147648 bytes,     147648 total
- age   2:     403952 bytes,     551600 total
- age   3:     541912 bytes,    1093512 total
: 18419K->1354K(19008K), 0.0026069 secs] 28189K->11124K(61376K), 0.0026771 secs] [Times: user=0.01 sys=0.00, real=0.00 secs] 
Heap after GC invocations=78 (full 1):
 par new generation   total 19008K, used 1354K [0x00000000c3000000, 0x00000000c44a0000, 0x00000000cd660000)
  eden space 16896K,   0% used [0x00000000c3000000, 0x00000000c3000000, 0x00000000c4080000)
  from space 2112K,  64% used [0x00000000c4080000, 0x00000000c41d2a78, 0x00000000c4290000)
  to   space 2112K,   0% used [0x00000000c4290000, 0x00000000c4290000, 0x00000000c44a0000)
 concurrent mark-sweep generation total 42368K, used 9769K [0x00000000cd660000, 0x00000000cffc0000, 0x0000000100000000)
 Metaspace       used 25141K, capacity 25774K, committed 26132K, reserved 1073152K
  class space    used 3138K, capacity 3299K, committed 3404K, reserved 1048576K
}
2020-02-27T14:34:06.160+0000: 8.963: Total time for which application threads were stopped: 0.0028740 seconds, Stopping threads took: 0.0000576 seconds
{Heap before GC invocations=78 (full 1):
 par new generation   total 19008K, used 18250K [0x00000000c3000000, 0x00000000c44a0000, 0x00000000cd660000)
  eden space 16896K, 100% used [0x00000000c3000000, 0x00000000c4080000, 0x00000000c4080000)
  from space 2112K,  64% used [0x00000000c4080000, 0x00000000c41d2a78, 0x00000000c4290000)
  to   space 2112K,   0% used [0x00000000c4290000, 0x00000000c4290000, 0x00000000c44a0000)
 concurrent mark-sweep generation total 42368K, used 9769K [0x00000000cd660000, 0x00000000cffc0000, 0x0000000100000000)
 Metaspace       used 25184K, capacity 25838K, committed 26132K, reserved 1073152K
  class space    used 3143K, capacity 3299K, committed 3404K, reserved 1048576K
2020-02-27T14:34:06.216+0000: 9.020: [GC (Allocation Failure) 2020-02-27T14:34:06.216+0000: 9.020: [ParNew
Desired survivor size 1081344 bytes, new threshold 6 (max 6)
- age   1:     203440 bytes,     203440 total
- age   2:     123152 bytes,     326592 total
- age   3:     403664 bytes,     730256 total
: 18250K->1029K(19008K), 0.0049672 secs] 28020K->11344K(61376K), 0.0050308 secs] [Times: user=0.01 sys=0.00, real=0.01 secs] 
Heap after GC invocations=79 (full 1):
 par new generation   total 19008K, used 1029K [0x00000000c3000000, 0x00000000c44a0000, 0x00000000cd660000)
  eden space 16896K,   0% used [0x00000000c3000000, 0x00000000c3000000, 0x00000000c4080000)
  from space 2112K,  48% used [0x00000000c4290000, 0x00000000c4391410, 0x00000000c44a0000)
  to   space 2112K,   0% used [0x00000000c4080000, 0x00000000c4080000, 0x00000000c4290000)
 concurrent mark-sweep generation total 42368K, used 10315K [0x00000000cd660000, 0x00000000cffc0000, 0x0000000100000000)
 Metaspace       used 25184K, capacity 25838K, committed 26132K, reserved 1073152K
  class space    used 3143K, capacity 3299K, committed 3404K, reserved 1048576K
}
2020-02-27T14:34:06.221+0000: 9.025: Total time for which application threads were stopped: 0.0052432 seconds, Stopping threads took: 0.0000750 seconds
{Heap before GC invocations=79 (full 1):
 par new generation   total 19008K, used 17925K [0x00000000c3000000, 0x00000000c44a0000, 0x00000000cd660000)
  eden space 16896K, 100% used [0x00000000c3000000, 0x00000000c4080000, 0x00000000c4080000)
  from space 2112K,  48% used [0x00000000c4290000, 0x00000000c4391410, 0x00000000c44a0000)
  to   space 2112K,   0% used [0x00000000c4080000, 0x00000000c4080000, 0x00000000c4290000)
 concurrent mark-sweep generation total 42368K, used 10315K [0x00000000cd660000, 0x00000000cffc0000, 0x0000000100000000)
 Metaspace       used 25201K, capacity 25838K, committed 26132K, reserved 1073152K
  class space    used 3143K, capacity 3299K, committed 3404K, reserved 1048576K
2020-02-27T14:34:06.271+0000: 9.074: [GC (Allocation Failure) 2020-02-27T14:34:06.271+0000: 9.074: [ParNew
Desired survivor size 1081344 bytes, new threshold 6 (max 6)
- age   1:     172760 bytes,     172760 total
- age   2:     180016 bytes,     352776 total
- age   3:     118424 bytes,     471200 total
- age   4:     403192 bytes,     874392 total
: 17925K->1183K(19008K), 0.0054624 secs] 28240K->11499K(61376K), 0.0055329 secs] [Times: user=0.01 sys=0.00, real=0.00 secs] 
Heap after GC invocations=80 (full 1):
 par new generation   total 19008K, used 1183K [0x00000000c3000000, 0x00000000c44a0000, 0x00000000cd660000)
  eden space 16896K,   0% used [0x00000000c3000000, 0x00000000c3000000, 0x00000000c4080000)
  from space 2112K,  56% used [0x00000000c4080000, 0x00000000c41a7f08, 0x00000000c4290000)
  to   space 2112K,   0% used [0x00000000c4290000, 0x00000000c4290000, 0x00000000c44a0000)
 concurrent mark-sweep generation total 42368K, used 10315K [0x00000000cd660000, 0x00000000cffc0000, 0x0000000100000000)
 Metaspace       used 25201K, capacity 25838K, committed 26132K, reserved 1073152K
  class space    used 3143K, capacity 3299K, committed 3404K, reserved 1048576K
}
2020-02-27T14:34:06.277+0000: 9.080: Total time for which application threads were stopped: 0.0057273 seconds, Stopping threads took: 0.0000628 seconds
{Heap before GC invocations=80 (full 1):
 par new generation   total 19008K, used 18079K [0x00000000c3000000, 0x00000000c44a0000, 0x00000000cd660000)
  eden space 16896K, 100% used [0x00000000c3000000, 0x00000000c4080000, 0x00000000c4080000)
  from space 2112K,  56% used [0x00000000c4080000, 0x00000000c41a7f08, 0x00000000c4290000)
  to   space 2112K,   0% used [0x00000000c4290000, 0x00000000c4290000, 0x00000000c44a0000)
 concurrent mark-sweep generation total 42368K, used 10315K [0x00000000cd660000, 0x00000000cffc0000, 0x0000000100000000)
 Metaspace       used 25220K, capacity 25838K, committed 26132K, reserved 1073152K
  class space    used 3146K, capacity 3299K, committed 3404K, reserved 1048576K
2020-02-27T14:34:06.340+0000: 9.143: [GC (Allocation Failure) 2020-02-27T14:34:06.340+0000: 9.143: [ParNew
Desired survivor size 1081344 bytes, new threshold 5 (max 6)
- age   1:     270680 bytes,     270680 total
- age   2:     147480 bytes,     418160 total
- age   3:     178752 bytes,     596912 total
- age   4:     116288 bytes,     713200 total
- age   5:     402280 bytes,    1115480 total
: 18079K->1669K(19008K), 0.0025845 secs] 28395K->11985K(61376K), 0.0026441 secs] [Times: user=0.00 sys=0.00, real=0.00 secs] 
Heap after GC invocations=81 (full 1):
 par new generation   total 19008K, used 1669K [0x00000000c3000000, 0x00000000c44a0000, 0x00000000cd660000)
  eden space 16896K,   0% used [0x00000000c3000000, 0x00000000c3000000, 0x00000000c4080000)
  from space 2112K,  79% used [0x00000000c4290000, 0x00000000c44316f0, 0x00000000c44a0000)
  to   space 2112K,   0% used [0x00000000c4080000, 0x00000000c4080000, 0x00000000c4290000)
 concurrent mark-sweep generation total 42368K, used 10315K [0x00000000cd660000, 0x00000000cffc0000, 0x0000000100000000)
 Metaspace       used 25220K, capacity 25838K, committed 26132K, reserved 1073152K
  class space    used 3146K, capacity 3299K, committed 3404K, reserved 1048576K
}
2020-02-27T14:34:06.342+0000: 9.145: Total time for which application threads were stopped: 0.0028401 seconds, Stopping threads took: 0.0000646 seconds
{Heap before GC invocations=81 (full 1):
 par new generation   total 19008K, used 18565K [0x00000000c3000000, 0x00000000c44a0000, 0x00000000cd660000)
  eden space 16896K, 100% used [0x00000000c3000000, 0x00000000c4080000, 0x00000000c4080000)
  from space 2112K,  79% used [0x00000000c4290000, 0x00000000c44316f0, 0x00000000c44a0000)
  to   space 2112K,   0% used [0x00000000c4080000, 0x00000000c4080000, 0x00000000c4290000)
 concurrent mark-sweep generation total 42368K, used 10315K [0x00000000cd660000, 0x00000000cffc0000, 0x0000000100000000)
 Metaspace       used 25369K, capacity 26032K, committed 26132K, reserved 1073152K
  class space    used 3164K, capacity 3338K, committed 3404K, reserved 1048576K
2020-02-27T14:34:06.433+0000: 9.236: [GC (Allocation Failure) 2020-02-27T14:34:06.433+0000: 9.236: [ParNew
Desired survivor size 1081344 bytes, new threshold 5 (max 6)
- age   1:     469144 bytes,     469144 total
- age   2:     218888 bytes,     688032 total
- age   3:     145880 bytes,     833912 total
- age   4:     176256 bytes,    1010168 total
- age   5:     115032 bytes,    1125200 total
: 18565K->1536K(19008K), 0.0040741 secs] 28881K->12254K(61376K), 0.0041465 secs] [Times: user=0.01 sys=0.00, real=0.01 secs] 
Heap after GC invocations=82 (full 1):
 par new generation   total 19008K, used 1536K [0x00000000c3000000, 0x00000000c44a0000, 0x00000000cd660000)
  eden space 16896K,   0% used [0x00000000c3000000, 0x00000000c3000000, 0x00000000c4080000)
  from space 2112K,  72% used [0x00000000c4080000, 0x00000000c42001e0, 0x00000000c4290000)
  to   space 2112K,   0% used [0x00000000c4290000, 0x00000000c4290000, 0x00000000c44a0000)
 concurrent mark-sweep generation total 42368K, used 10718K [0x00000000cd660000, 0x00000000cffc0000, 0x0000000100000000)
 Metaspace       used 25369K, capacity 26032K, committed 26132K, reserved 1073152K
  class space    used 3164K, capacity 3338K, committed 3404K, reserved 1048576K
}
2020-02-27T14:34:06.437+0000: 9.240: Total time for which application threads were stopped: 0.0087862 seconds, Stopping threads took: 0.0045040 seconds
{Heap before GC invocations=82 (full 1):
 par new generation   total 19008K, used 18432K [0x00000000c3000000, 0x00000000c44a0000, 0x00000000cd660000)
  eden space 16896K, 100% used [0x00000000c3000000, 0x00000000c4080000, 0x00000000c4080000)
  from space 2112K,  72% used [0x00000000c4080000, 0x00000000c42001e0, 0x00000000c4290000)
  to   space 2112K,   0% used [0x00000000c4290000, 0x00000000c4290000, 0x00000000c44a0000)
 concurrent mark-sweep generation total 42368K, used 10718K [0x00000000cd660000, 0x00000000cffc0000, 0x0000000100000000)
 Metaspace       used 25462K, capacity 26096K, committed 26388K, reserved 1073152K
  class space    used 3176K, capacity 3338K, committed 3404K, reserved 1048576K
2020-02-27T14:34:06.489+0000: 9.292: [GC (Allocation Failure) 2020-02-27T14:34:06.489+0000: 9.292: [ParNew
Desired survivor size 1081344 bytes, new threshold 6 (max 6)
- age   1:      46128 bytes,      46128 total
- age   2:     453472 bytes,     499600 total
- age   3:     218776 bytes,     718376 total
- age   4:     145880 bytes,     864256 total
- age   5:     175320 bytes,    1039576 total
: 18432K->1612K(19008K), 0.0061014 secs] 29150K->12446K(61376K), 0.0061687 secs] [Times: user=0.01 sys=0.00, real=0.00 secs] 
Heap after GC invocations=83 (full 1):
 par new generation   total 19008K, used 1612K [0x00000000c3000000, 0x00000000c44a0000, 0x00000000cd660000)
  eden space 16896K,   0% used [0x00000000c3000000, 0x00000000c3000000, 0x00000000c4080000)
  from space 2112K,  76% used [0x00000000c4290000, 0x00000000c4423020, 0x00000000c44a0000)
  to   space 2112K,   0% used [0x00000000c4080000, 0x00000000c4080000, 0x00000000c4290000)
 concurrent mark-sweep generation total 42368K, used 10834K [0x00000000cd660000, 0x00000000cffc0000, 0x0000000100000000)
 Metaspace       used 25462K, capacity 26096K, committed 26388K, reserved 1073152K
  class space    used 3176K, capacity 3338K, committed 3404K, reserved 1048576K
}
2020-02-27T14:34:06.495+0000: 9.298: Total time for which application threads were stopped: 0.0064423 seconds, Stopping threads took: 0.0001387 seconds
{Heap before GC invocations=83 (full 1):
 par new generation   total 19008K, used 18508K [0x00000000c3000000, 0x00000000c44a0000, 0x00000000cd660000)
  eden space 16896K, 100% used [0x00000000c3000000, 0x00000000c4080000, 0x00000000c4080000)
  from space 2112K,  76% used [0x00000000c4290000, 0x00000000c4423020, 0x00000000c44a0000)
  to   space 2112K,   0% used [0x00000000c4080000, 0x00000000c4080000, 0x00000000c4290000)
 concurrent mark-sweep generation total 42368K, used 10834K [0x00000000cd660000, 0x00000000cffc0000, 0x0000000100000000)
 Metaspace       used 25520K, capacity 26160K, committed 26388K, reserved 1073152K
  class space    used 3183K, capacity 3338K, committed 3404K, reserved 1048576K
2020-02-27T14:34:06.533+0000: 9.336: [GC (Allocation Failure) 2020-02-27T14:34:06.533+0000: 9.336: [ParNew
Desired survivor size 1081344 bytes, new threshold 6 (max 6)
- age   1:      23856 bytes,      23856 total
- age   2:      40136 bytes,      63992 total
- age   3:     453472 bytes,     517464 total
- age   4:     218776 bytes,     736240 total
- age   5:     145880 bytes,     882120 total
- age   6:     174432 bytes,    1056552 total
: 18508K->1543K(19008K), 0.0041063 secs] 29342K->12378K(61376K), 0.0041783 secs] [Times: user=0.01 sys=0.00, real=0.01 secs] 
Heap after GC invocations=84 (full 1):
 par new generation   total 19008K, used 1543K [0x00000000c3000000, 0x00000000c44a0000, 0x00000000cd660000)
  eden space 16896K,   0% used [0x00000000c3000000, 0x00000000c3000000, 0x00000000c4080000)
  from space 2112K,  73% used [0x00000000c4080000, 0x00000000c4201e60, 0x00000000c4290000)
  to   space 2112K,   0% used [0x00000000c4290000, 0x00000000c4290000, 0x00000000c44a0000)
 concurrent mark-sweep generation total 42368K, used 10834K [0x00000000cd660000, 0x00000000cffc0000, 0x0000000100000000)
 Metaspace       used 25520K, capacity 26160K, committed 26388K, reserved 1073152K
  class space    used 3183K, capacity 3338K, committed 3404K, reserved 1048576K
}
2020-02-27T14:34:06.537+0000: 9.340: Total time for which application threads were stopped: 0.0051471 seconds, Stopping threads took: 0.0008546 seconds
{Heap before GC invocations=84 (full 1):
 par new generation   total 19008K, used 18439K [0x00000000c3000000, 0x00000000c44a0000, 0x00000000cd660000)
  eden space 16896K, 100% used [0x00000000c3000000, 0x00000000c4080000, 0x00000000c4080000)
  from space 2112K,  73% used [0x00000000c4080000, 0x00000000c4201e60, 0x00000000c4290000)
  to   space 2112K,   0% used [0x00000000c4290000, 0x00000000c4290000, 0x00000000c44a0000)
 concurrent mark-sweep generation total 42368K, used 10834K [0x00000000cd660000, 0x00000000cffc0000, 0x0000000100000000)
 Metaspace       used 25588K, capacity 26256K, committed 26388K, reserved 1073152K
  class space    used 3191K, capacity 3370K, committed 3404K, reserved 1048576K
2020-02-27T14:34:06.568+0000: 9.371: [GC (Allocation Failure) 2020-02-27T14:34:06.568+0000: 9.371: [ParNew
Desired survivor size 1081344 bytes, new threshold 6 (max 6)
- age   1:      45728 bytes,      45728 total
- age   2:      20048 bytes,      65776 total
- age   3:      40136 bytes,     105912 total
- age   4:     453472 bytes,     559384 total
- age   5:     218776 bytes,     778160 total
- age   6:     145880 bytes,     924040 total
: 18439K->1547K(19008K), 0.0027267 secs] 29274K->12556K(61376K), 0.0027871 secs] [Times: user=0.00 sys=0.00, real=0.00 secs] 
Heap after GC invocations=85 (full 1):
 par new generation   total 19008K, used 1547K [0x00000000c3000000, 0x00000000c44a0000, 0x00000000cd660000)
  eden space 16896K,   0% used [0x00000000c3000000, 0x00000000c3000000, 0x00000000c4080000)
  from space 2112K,  73% used [0x00000000c4290000, 0x00000000c4412c58, 0x00000000c44a0000)
  to   space 2112K,   0% used [0x00000000c4080000, 0x00000000c4080000, 0x00000000c4290000)
 concurrent mark-sweep generation total 42368K, used 11009K [0x00000000cd660000, 0x00000000cffc0000, 0x0000000100000000)
 Metaspace       used 25588K, capacity 26256K, committed 26388K, reserved 1073152K
  class space    used 3191K, capacity 3370K, committed 3404K, reserved 1048576K
}
2020-02-27T14:34:06.571+0000: 9.374: Total time for which application threads were stopped: 0.0029845 seconds, Stopping threads took: 0.0000716 seconds
{Heap before GC invocations=85 (full 1):
 par new generation   total 19008K, used 18443K [0x00000000c3000000, 0x00000000c44a0000, 0x00000000cd660000)
  eden space 16896K, 100% used [0x00000000c3000000, 0x00000000c4080000, 0x00000000c4080000)
  from space 2112K,  73% used [0x00000000c4290000, 0x00000000c4412c58, 0x00000000c44a0000)
  to   space 2112K,   0% used [0x00000000c4080000, 0x00000000c4080000, 0x00000000c4290000)
 concurrent mark-sweep generation total 42368K, used 11009K [0x00000000cd660000, 0x00000000cffc0000, 0x0000000100000000)
 Metaspace       used 25736K, capacity 26384K, committed 26644K, reserved 1073152K
  class space    used 3207K, capacity 3370K, committed 3404K, reserved 1048576K
2020-02-27T14:34:06.599+0000: 9.403: [GC (Allocation Failure) 2020-02-27T14:34:06.599+0000: 9.403: [ParNew
Desired survivor size 1081344 bytes, new threshold 6 (max 6)
- age   1:      50496 bytes,      50496 total
- age   2:      40456 bytes,      90952 total
- age   3:      20048 bytes,     111000 total
- age   4:      40136 bytes,     151136 total
- age   5:     453472 bytes,     604608 total
- age   6:     217352 bytes,     821960 total
: 18443K->1193K(19008K), 0.0025862 secs] 29452K->12351K(61376K), 0.0026496 secs] [Times: user=0.00 sys=0.00, real=0.00 secs] 
Heap after GC invocations=86 (full 1):
 par new generation   total 19008K, used 1193K [0x00000000c3000000, 0x00000000c44a0000, 0x00000000cd660000)
  eden space 16896K,   0% used [0x00000000c3000000, 0x00000000c3000000, 0x00000000c4080000)
  from space 2112K,  56% used [0x00000000c4080000, 0x00000000c41aa4c8, 0x00000000c4290000)
  to   space 2112K,   0% used [0x00000000c4290000, 0x00000000c4290000, 0x00000000c44a0000)
 concurrent mark-sweep generation total 42368K, used 11158K [0x00000000cd660000, 0x00000000cffc0000, 0x0000000100000000)
 Metaspace       used 25736K, capacity 26384K, committed 26644K, reserved 1073152K
  class space    used 3207K, capacity 3370K, committed 3404K, reserved 1048576K
}
2020-02-27T14:34:06.602+0000: 9.405: Total time for which application threads were stopped: 0.0029121 seconds, Stopping threads took: 0.0001527 seconds
{Heap before GC invocations=86 (full 1):
 par new generation   total 19008K, used 18089K [0x00000000c3000000, 0x00000000c44a0000, 0x00000000cd660000)
  eden space 16896K, 100% used [0x00000000c3000000, 0x00000000c4080000, 0x00000000c4080000)
  from space 2112K,  56% used [0x00000000c4080000, 0x00000000c41aa4c8, 0x00000000c4290000)
  to   space 2112K,   0% used [0x00000000c4290000, 0x00000000c4290000, 0x00000000c44a0000)
 concurrent mark-sweep generation total 42368K, used 11158K [0x00000000cd660000, 0x00000000cffc0000, 0x0000000100000000)
 Metaspace       used 25856K, capacity 26544K, committed 26644K, reserved 1073152K
  class space    used 3221K, capacity 3402K, committed 3404K, reserved 1048576K
2020-02-27T14:34:06.638+0000: 9.441: [GC (Allocation Failure) 2020-02-27T14:34:06.638+0000: 9.441: [ParNew
Desired survivor size 1081344 bytes, new threshold 6 (max 6)
- age   1:      62568 bytes,      62568 total
- age   2:      42416 bytes,     104984 total
- age   3:      40456 bytes,     145440 total
- age   4:      20048 bytes,     165488 total
- age   5:      40136 bytes,     205624 total
- age   6:     451840 bytes,     657464 total
: 18089K->1125K(19008K), 0.0051676 secs] 29247K->12505K(61376K), 0.0052269 secs] [Times: user=0.01 sys=0.00, real=0.00 secs] 
Heap after GC invocations=87 (full 1):
 par new generation   total 19008K, used 1125K [0x00000000c3000000, 0x00000000c44a0000, 0x00000000cd660000)
  eden space 16896K,   0% used [0x00000000c3000000, 0x00000000c3000000, 0x00000000c4080000)
  from space 2112K,  53% used [0x00000000c4290000, 0x00000000c43a9640, 0x00000000c44a0000)
  to   space 2112K,   0% used [0x00000000c4080000, 0x00000000c4080000, 0x00000000c4290000)
 concurrent mark-sweep generation total 42368K, used 11379K [0x00000000cd660000, 0x00000000cffc0000, 0x0000000100000000)
 Metaspace       used 25856K, capacity 26544K, committed 26644K, reserved 1073152K
  class space    used 3221K, capacity 3402K, committed 3404K, reserved 1048576K
}
2020-02-27T14:34:06.644+0000: 9.447: Total time for which application threads were stopped: 0.0053693 seconds, Stopping threads took: 0.0000293 seconds
{Heap before GC invocations=87 (full 1):
 par new generation   total 19008K, used 18021K [0x00000000c3000000, 0x00000000c44a0000, 0x00000000cd660000)
  eden space 16896K, 100% used [0x00000000c3000000, 0x00000000c4080000, 0x00000000c4080000)
  from space 2112K,  53% used [0x00000000c4290000, 0x00000000c43a9640, 0x00000000c44a0000)
  to   space 2112K,   0% used [0x00000000c4080000, 0x00000000c4080000, 0x00000000c4290000)
 concurrent mark-sweep generation total 42368K, used 11379K [0x00000000cd660000, 0x00000000cffc0000, 0x0000000100000000)
 Metaspace       used 25989K, capacity 26650K, committed 26772K, reserved 1073152K
  class space    used 3242K, capacity 3415K, committed 3532K, reserved 1048576K
2020-02-27T14:34:06.688+0000: 9.491: [GC (Allocation Failure) 2020-02-27T14:34:06.688+0000: 9.491: [ParNew
Desired survivor size 1081344 bytes, new threshold 6 (max 6)
- age   1:     148224 bytes,     148224 total
- age   2:      56096 bytes,     204320 total
- age   3:      42416 bytes,     246736 total
- age   4:      40456 bytes,     287192 total
- age   5:      20048 bytes,     307240 total
- age   6:      40136 bytes,     347376 total
: 18021K->431K(19008K), 0.0031979 secs] 29401K->12252K(61376K), 0.0032721 secs] [Times: user=0.01 sys=0.01, real=0.00 secs] 
Heap after GC invocations=88 (full 1):
 par new generation   total 19008K, used 431K [0x00000000c3000000, 0x00000000c44a0000, 0x00000000cd660000)
  eden space 16896K,   0% used [0x00000000c3000000, 0x00000000c3000000, 0x00000000c4080000)
  from space 2112K,  20% used [0x00000000c4080000, 0x00000000c40ebf68, 0x00000000c4290000)
  to   space 2112K,   0% used [0x00000000c4290000, 0x00000000c4290000, 0x00000000c44a0000)
 concurrent mark-sweep generation total 42368K, used 11820K [0x00000000cd660000, 0x00000000cffc0000, 0x0000000100000000)
 Metaspace       used 25989K, capacity 26650K, committed 26772K, reserved 1073152K
  class space    used 3242K, capacity 3415K, committed 3532K, reserved 1048576K
}
2020-02-27T14:34:06.691+0000: 9.494: Total time for which application threads were stopped: 0.0034859 seconds, Stopping threads took: 0.0000668 seconds
{Heap before GC invocations=88 (full 1):
 par new generation   total 19008K, used 17327K [0x00000000c3000000, 0x00000000c44a0000, 0x00000000cd660000)
  eden space 16896K, 100% used [0x00000000c3000000, 0x00000000c4080000, 0x00000000c4080000)
  from space 2112K,  20% used [0x00000000c4080000, 0x00000000c40ebf68, 0x00000000c4290000)
  to   space 2112K,   0% used [0x00000000c4290000, 0x00000000c4290000, 0x00000000c44a0000)
 concurrent mark-sweep generation total 42368K, used 11820K [0x00000000cd660000, 0x00000000cffc0000, 0x0000000100000000)
 Metaspace       used 26170K, capacity 26874K, committed 27028K, reserved 1073152K
  class space    used 3259K, capacity 3447K, committed 3532K, reserved 1048576K
2020-02-27T14:34:06.731+0000: 9.534: [GC (Allocation Failure) 2020-02-27T14:34:06.731+0000: 9.534: [ParNew
Desired survivor size 1081344 bytes, new threshold 6 (max 6)
- age   1:     211056 bytes,     211056 total
- age   2:     134384 bytes,     345440 total
- age   3:      55576 bytes,     401016 total
- age   4:      42416 bytes,     443432 total
- age   5:      40456 bytes,     483888 total
- age   6:      20048 bytes,     503936 total
: 17327K->542K(19008K), 0.0049064 secs] 29148K->12403K(61376K), 0.0049636 secs] [Times: user=0.01 sys=0.00, real=0.00 secs] 
Heap after GC invocations=89 (full 1):
 par new generation   total 19008K, used 542K [0x00000000c3000000, 0x00000000c44a0000, 0x00000000cd660000)
  eden space 16896K,   0% used [0x00000000c3000000, 0x00000000c3000000, 0x00000000c4080000)
  from space 2112K,  25% used [0x00000000c4290000, 0x00000000c4317930, 0x00000000c44a0000)
  to   space 2112K,   0% used [0x00000000c4080000, 0x00000000c4080000, 0x00000000c4290000)
 concurrent mark-sweep generation total 42368K, used 11861K [0x00000000cd660000, 0x00000000cffc0000, 0x0000000100000000)
 Metaspace       used 26170K, capacity 26874K, committed 27028K, reserved 1073152K
  class space    used 3259K, capacity 3447K, committed 3532K, reserved 1048576K
}
2020-02-27T14:34:06.736+0000: 9.539: Total time for which application threads were stopped: 0.0051346 seconds, Stopping threads took: 0.0000535 seconds
{Heap before GC invocations=89 (full 1):
 par new generation   total 19008K, used 17438K [0x00000000c3000000, 0x00000000c44a0000, 0x00000000cd660000)
  eden space 16896K, 100% used [0x00000000c3000000, 0x00000000c4080000, 0x00000000c4080000)
  from space 2112K,  25% used [0x00000000c4290000, 0x00000000c4317930, 0x00000000c44a0000)
  to   space 2112K,   0% used [0x00000000c4080000, 0x00000000c4080000, 0x00000000c4290000)
 concurrent mark-sweep generation total 42368K, used 11861K [0x00000000cd660000, 0x00000000cffc0000, 0x0000000100000000)
 Metaspace       used 26470K, capacity 27162K, committed 27284K, reserved 1073152K
  class space    used 3292K, capacity 3479K, committed 3532K, reserved 1048576K
2020-02-27T14:34:06.777+0000: 9.580: [GC (Allocation Failure) 2020-02-27T14:34:06.777+0000: 9.580: [ParNew
Desired survivor size 1081344 bytes, new threshold 6 (max 6)
- age   1:      92272 bytes,      92272 total
- age   2:     146600 bytes,     238872 total
- age   3:     134384 bytes,     373256 total
- age   4:      55544 bytes,     428800 total
- age   5:      42384 bytes,     471184 total
- age   6:      40456 bytes,     511640 total
: 17438K->687K(19008K), 0.0020459 secs] 29299K->12569K(61376K), 0.0021122 secs] [Times: user=0.00 sys=0.00, real=0.00 secs] 
Heap after GC invocations=90 (full 1):
 par new generation   total 19008K, used 687K [0x00000000c3000000, 0x00000000c44a0000, 0x00000000cd660000)
  eden space 16896K,   0% used [0x00000000c3000000, 0x00000000c3000000, 0x00000000c4080000)
  from space 2112K,  32% used [0x00000000c4080000, 0x00000000c412bf90, 0x00000000c4290000)
  to   space 2112K,   0% used [0x00000000c4290000, 0x00000000c4290000, 0x00000000c44a0000)
 concurrent mark-sweep generation total 42368K, used 11881K [0x00000000cd660000, 0x00000000cffc0000, 0x0000000100000000)
 Metaspace       used 26470K, capacity 27162K, committed 27284K, reserved 1073152K
  class space    used 3292K, capacity 3479K, committed 3532K, reserved 1048576K
}
2020-02-27T14:34:06.779+0000: 9.583: Total time for which application threads were stopped: 0.0023003 seconds, Stopping threads took: 0.0000649 seconds
{Heap before GC invocations=90 (full 1):
 par new generation   total 19008K, used 17583K [0x00000000c3000000, 0x00000000c44a0000, 0x00000000cd660000)
  eden space 16896K,  99% used [0x00000000c3000000, 0x00000000c407fff0, 0x00000000c4080000)
  from space 2112K,  32% used [0x00000000c4080000, 0x00000000c412bf90, 0x00000000c4290000)
  to   space 2112K,   0% used [0x00000000c4290000, 0x00000000c4290000, 0x00000000c44a0000)
 concurrent mark-sweep generation total 42368K, used 11881K [0x00000000cd660000, 0x00000000cffc0000, 0x0000000100000000)
 Metaspace       used 26756K, capacity 27450K, committed 27540K, reserved 1073152K
  class space    used 3325K, capacity 3511K, committed 3532K, reserved 1048576K
2020-02-27T14:34:06.827+0000: 9.631: [GC (Allocation Failure) 2020-02-27T14:34:06.827+0000: 9.631: [ParNew
Desired survivor size 1081344 bytes, new threshold 6 (max 6)
- age   1:      84016 bytes,      84016 total
- age   2:      59416 bytes,     143432 total
- age   3:     146128 bytes,     289560 total
- age   4:     134384 bytes,     423944 total
- age   5:      55544 bytes,     479488 total
- age   6:      42384 bytes,     521872 total
: 17583K->731K(19008K), 0.0022552 secs] 29465K->12653K(61376K), 0.0023277 secs] [Times: user=0.01 sys=0.00, real=0.00 secs] 
Heap after GC invocations=91 (full 1):
 par new generation   total 19008K, used 731K [0x00000000c3000000, 0x00000000c44a0000, 0x00000000cd660000)
  eden space 16896K,   0% used [0x00000000c3000000, 0x00000000c3000000, 0x00000000c4080000)
  from space 2112K,  34% used [0x00000000c4290000, 0x00000000c4346d60, 0x00000000c44a0000)
  to   space 2112K,   0% used [0x00000000c4080000, 0x00000000c4080000, 0x00000000c4290000)
 concurrent mark-sweep generation total 42368K, used 11922K [0x00000000cd660000, 0x00000000cffc0000, 0x0000000100000000)
 Metaspace       used 26756K, capacity 27450K, committed 27540K, reserved 1073152K
  class space    used 3325K, capacity 3511K, committed 3532K, reserved 1048576K
}
2020-02-27T14:34:06.830+0000: 9.633: Total time for which application threads were stopped: 0.0025949 seconds, Stopping threads took: 0.0000817 seconds
{Heap before GC invocations=91 (full 1):
 par new generation   total 19008K, used 17627K [0x00000000c3000000, 0x00000000c44a0000, 0x00000000cd660000)
  eden space 16896K, 100% used [0x00000000c3000000, 0x00000000c4080000, 0x00000000c4080000)
  from space 2112K,  34% used [0x00000000c4290000, 0x00000000c4346d60, 0x00000000c44a0000)
  to   space 2112K,   0% used [0x00000000c4080000, 0x00000000c4080000, 0x00000000c4290000)
 concurrent mark-sweep generation total 42368K, used 11922K [0x00000000cd660000, 0x00000000cffc0000, 0x0000000100000000)
 Metaspace       used 27066K, capacity 27738K, committed 27924K, reserved 1073152K
  class space    used 3360K, capacity 3543K, committed 3660K, reserved 1048576K
2020-02-27T14:34:06.880+0000: 9.683: [GC (Allocation Failure) 2020-02-27T14:34:06.880+0000: 9.683: [ParNew
Desired survivor size 1081344 bytes, new threshold 6 (max 6)
- age   1:     132128 bytes,     132128 total
- age   2:      51968 bytes,     184096 total
- age   3:      56080 bytes,     240176 total
- age   4:     144656 bytes,     384832 total
- age   5:     132256 bytes,     517088 total
- age   6:      55544 bytes,     572632 total
: 17627K->754K(19008K), 0.0022933 secs] 29549K->12719K(61376K), 0.0023557 secs] [Times: user=0.01 sys=0.00, real=0.00 secs] 
Heap after GC invocations=92 (full 1):
 par new generation   total 19008K, used 754K [0x00000000c3000000, 0x00000000c44a0000, 0x00000000cd660000)
  eden space 16896K,   0% used [0x00000000c3000000, 0x00000000c3000000, 0x00000000c4080000)
  from space 2112K,  35% used [0x00000000c4080000, 0x00000000c413c988, 0x00000000c4290000)
  to   space 2112K,   0% used [0x00000000c4290000, 0x00000000c4290000, 0x00000000c44a0000)
 concurrent mark-sweep generation total 42368K, used 11964K [0x00000000cd660000, 0x00000000cffc0000, 0x0000000100000000)
 Metaspace       used 27066K, capacity 27738K, committed 27924K, reserved 1073152K
  class space    used 3360K, capacity 3543K, committed 3660K, reserved 1048576K
}
2020-02-27T14:34:06.882+0000: 9.685: Total time for which application threads were stopped: 0.0025575 seconds, Stopping threads took: 0.0000646 seconds
{Heap before GC invocations=92 (full 1):
 par new generation   total 19008K, used 17650K [0x00000000c3000000, 0x00000000c44a0000, 0x00000000cd660000)
  eden space 16896K, 100% used [0x00000000c3000000, 0x00000000c4080000, 0x00000000c4080000)
  from space 2112K,  35% used [0x00000000c4080000, 0x00000000c413c988, 0x00000000c4290000)
  to   space 2112K,   0% used [0x00000000c4290000, 0x00000000c4290000, 0x00000000c44a0000)
 concurrent mark-sweep generation total 42368K, used 11964K [0x00000000cd660000, 0x00000000cffc0000, 0x0000000100000000)
 Metaspace       used 27110K, capacity 27808K, committed 27924K, reserved 1073152K
  class space    used 3369K, capacity 3544K, committed 3660K, reserved 1048576K
2020-02-27T14:34:06.911+0000: 9.715: [GC (Allocation Failure) 2020-02-27T14:34:06.911+0000: 9.715: [ParNew
Desired survivor size 1081344 bytes, new threshold 6 (max 6)
- age   1:      96504 bytes,      96504 total
- age   2:     114416 bytes,     210920 total
- age   3:      51968 bytes,     262888 total
- age   4:      56080 bytes,     318968 total
- age   5:     138272 bytes,     457240 total
- age   6:     128200 bytes,     585440 total
: 17650K->808K(19008K), 0.0024631 secs] 29615K->12829K(61376K), 0.0025321 secs] [Times: user=0.00 sys=0.00, real=0.00 secs] 
Heap after GC invocations=93 (full 1):
 par new generation   total 19008K, used 808K [0x00000000c3000000, 0x00000000c44a0000, 0x00000000cd660000)
  eden space 16896K,   0% used [0x00000000c3000000, 0x00000000c3000000, 0x00000000c4080000)
  from space 2112K,  38% used [0x00000000c4290000, 0x00000000c435a338, 0x00000000c44a0000)
  to   space 2112K,   0% used [0x00000000c4080000, 0x00000000c4080000, 0x00000000c4290000)
 concurrent mark-sweep generation total 42368K, used 12021K [0x00000000cd660000, 0x00000000cffc0000, 0x0000000100000000)
 Metaspace       used 27110K, capacity 27808K, committed 27924K, reserved 1073152K
  class space    used 3369K, capacity 3544K, committed 3660K, reserved 1048576K
}
2020-02-27T14:34:06.914+0000: 9.717: Total time for which application threads were stopped: 0.0027256 seconds, Stopping threads took: 0.0000747 seconds
{Heap before GC invocations=93 (full 1):
 par new generation   total 19008K, used 17704K [0x00000000c3000000, 0x00000000c44a0000, 0x00000000cd660000)
  eden space 16896K, 100% used [0x00000000c3000000, 0x00000000c4080000, 0x00000000c4080000)
  from space 2112K,  38% used [0x00000000c4290000, 0x00000000c435a338, 0x00000000c44a0000)
  to   space 2112K,   0% used [0x00000000c4080000, 0x00000000c4080000, 0x00000000c4290000)
 concurrent mark-sweep generation total 42368K, used 12021K [0x00000000cd660000, 0x00000000cffc0000, 0x0000000100000000)
 Metaspace       used 27185K, capacity 27872K, committed 28180K, reserved 1073152K
  class space    used 3375K, capacity 3544K, committed 3660K, reserved 1048576K
2020-02-27T14:34:06.955+0000: 9.758: [GC (Allocation Failure) 2020-02-27T14:34:06.955+0000: 9.758: [ParNew
Desired survivor size 1081344 bytes, new threshold 6 (max 6)
- age   1:     343792 bytes,     343792 total
- age   2:      73880 bytes,     417672 total
- age   3:     114376 bytes,     532048 total
- age   4:      51968 bytes,     584016 total
- age   5:      56080 bytes,     640096 total
- age   6:     138248 bytes,     778344 total
: 17704K->1126K(19008K), 0.0039780 secs] 29725K->13276K(61376K), 0.0040426 secs] [Times: user=0.01 sys=0.00, real=0.01 secs] 
Heap after GC invocations=94 (full 1):
 par new generation   total 19008K, used 1126K [0x00000000c3000000, 0x00000000c44a0000, 0x00000000cd660000)
  eden space 16896K,   0% used [0x00000000c3000000, 0x00000000c3000000, 0x00000000c4080000)
  from space 2112K,  53% used [0x00000000c4080000, 0x00000000c4199970, 0x00000000c4290000)
  to   space 2112K,   0% used [0x00000000c4290000, 0x00000000c4290000, 0x00000000c44a0000)
 concurrent mark-sweep generation total 42368K, used 12150K [0x00000000cd660000, 0x00000000cffc0000, 0x0000000100000000)
 Metaspace       used 27185K, capacity 27872K, committed 28180K, reserved 1073152K
  class space    used 3375K, capacity 3544K, committed 3660K, reserved 1048576K
}
2020-02-27T14:34:06.959+0000: 9.762: Total time for which application threads were stopped: 0.0042435 seconds, Stopping threads took: 0.0000600 seconds
2020-02-27T14:34:06.975+0000: 9.778: Total time for which application threads were stopped: 0.0005584 seconds, Stopping threads took: 0.0000823 seconds
{Heap before GC invocations=94 (full 1):
 par new generation   total 19008K, used 18022K [0x00000000c3000000, 0x00000000c44a0000, 0x00000000cd660000)
  eden space 16896K, 100% used [0x00000000c3000000, 0x00000000c4080000, 0x00000000c4080000)
  from space 2112K,  53% used [0x00000000c4080000, 0x00000000c4199970, 0x00000000c4290000)
  to   space 2112K,   0% used [0x00000000c4290000, 0x00000000c4290000, 0x00000000c44a0000)
 concurrent mark-sweep generation total 42368K, used 12150K [0x00000000cd660000, 0x00000000cffc0000, 0x0000000100000000)
 Metaspace       used 27323K, capacity 28020K, committed 28180K, reserved 1073152K
  class space    used 3386K, capacity 3546K, committed 3660K, reserved 1048576K
2020-02-27T14:34:07.012+0000: 9.815: [GC (Allocation Failure) 2020-02-27T14:34:07.012+0000: 9.815: [ParNew
Desired survivor size 1081344 bytes, new threshold 6 (max 6)
- age   1:     161320 bytes,     161320 total
- age   2:     295192 bytes,     456512 total
- age   3:      73736 bytes,     530248 total
- age   4:     114376 bytes,     644624 total
- age   5:      51968 bytes,     696592 total
- age   6:      56080 bytes,     752672 total
: 18022K->1416K(19008K), 0.0031935 secs] 30172K->13706K(61376K), 0.0032648 secs] [Times: user=0.01 sys=0.00, real=0.00 secs] 
Heap after GC invocations=95 (full 1):
 par new generation   total 19008K, used 1416K [0x00000000c3000000, 0x00000000c44a0000, 0x00000000cd660000)
  eden space 16896K,   0% used [0x00000000c3000000, 0x00000000c3000000, 0x00000000c4080000)
  from space 2112K,  67% used [0x00000000c4290000, 0x00000000c43f2378, 0x00000000c44a0000)
  to   space 2112K,   0% used [0x00000000c4080000, 0x00000000c4080000, 0x00000000c4290000)
 concurrent mark-sweep generation total 42368K, used 12289K [0x00000000cd660000, 0x00000000cffc0000, 0x0000000100000000)
 Metaspace       used 27323K, capacity 28020K, committed 28180K, reserved 1073152K
  class space    used 3386K, capacity 3546K, committed 3660K, reserved 1048576K
}
2020-02-27T14:34:07.016+0000: 9.819: Total time for which application threads were stopped: 0.0034923 seconds, Stopping threads took: 0.0000987 seconds
{Heap before GC invocations=95 (full 1):
 par new generation   total 19008K, used 18312K [0x00000000c3000000, 0x00000000c44a0000, 0x00000000cd660000)
  eden space 16896K, 100% used [0x00000000c3000000, 0x00000000c4080000, 0x00000000c4080000)
  from space 2112K,  67% used [0x00000000c4290000, 0x00000000c43f2378, 0x00000000c44a0000)
  to   space 2112K,   0% used [0x00000000c4080000, 0x00000000c4080000, 0x00000000c4290000)
 concurrent mark-sweep generation total 42368K, used 12289K [0x00000000cd660000, 0x00000000cffc0000, 0x0000000100000000)
 Metaspace       used 27433K, capacity 28180K, committed 28436K, reserved 1075200K
  class space    used 3393K, capacity 3578K, committed 3660K, reserved 1048576K
2020-02-27T14:34:07.056+0000: 9.859: [GC (Allocation Failure) 2020-02-27T14:34:07.056+0000: 9.859: [ParNew
Desired survivor size 1081344 bytes, new threshold 6 (max 6)
- age   1:     189808 bytes,     189808 total
- age   2:     141936 bytes,     331744 total
- age   3:     294672 bytes,     626416 total
- age   4:      73736 bytes,     700152 total
- age   5:     114568 bytes,     814720 total
- age   6:      51992 bytes,     866712 total
: 18312K->1130K(19008K), 0.0026660 secs] 30602K->13478K(61376K), 0.0027271 secs] [Times: user=0.01 sys=0.00, real=0.01 secs] 
Heap after GC invocations=96 (full 1):
 par new generation   total 19008K, used 1130K [0x00000000c3000000, 0x00000000c44a0000, 0x00000000cd660000)
  eden space 16896K,   0% used [0x00000000c3000000, 0x00000000c3000000, 0x00000000c4080000)
  from space 2112K,  53% used [0x00000000c4080000, 0x00000000c419abe0, 0x00000000c4290000)
  to   space 2112K,   0% used [0x00000000c4290000, 0x00000000c4290000, 0x00000000c44a0000)
 concurrent mark-sweep generation total 42368K, used 12347K [0x00000000cd660000, 0x00000000cffc0000, 0x0000000100000000)
 Metaspace       used 27433K, capacity 28180K, committed 28436K, reserved 1075200K
  class space    used 3393K, capacity 3578K, committed 3660K, reserved 1048576K
}
2020-02-27T14:34:07.059+0000: 9.862: Total time for which application threads were stopped: 0.0029263 seconds, Stopping threads took: 0.0000666 seconds
{Heap before GC invocations=96 (full 1):
 par new generation   total 19008K, used 18026K [0x00000000c3000000, 0x00000000c44a0000, 0x00000000cd660000)
  eden space 16896K, 100% used [0x00000000c3000000, 0x00000000c4080000, 0x00000000c4080000)
  from space 2112K,  53% used [0x00000000c4080000, 0x00000000c419abe0, 0x00000000c4290000)
  to   space 2112K,   0% used [0x00000000c4290000, 0x00000000c4290000, 0x00000000c44a0000)
 concurrent mark-sweep generation total 42368K, used 12347K [0x00000000cd660000, 0x00000000cffc0000, 0x0000000100000000)
 Metaspace       used 27907K, capacity 28596K, committed 28692K, reserved 1075200K
  class space    used 3440K, capacity 3610K, committed 3660K, reserved 1048576K
2020-02-27T14:34:07.101+0000: 9.905: [GC (Allocation Failure) 2020-02-27T14:34:07.101+0000: 9.905: [ParNew
Desired survivor size 1081344 bytes, new threshold 6 (max 6)
- age   1:      91504 bytes,      91504 total
- age   2:     151120 bytes,     242624 total
- age   3:     138976 bytes,     381600 total
- age   4:     294672 bytes,     676272 total
- age   5:      73736 bytes,     750008 total
- age   6:     114376 bytes,     864384 total
: 18026K->1121K(19008K), 0.0027946 secs] 30374K->13522K(61376K), 0.0028668 secs] [Times: user=0.00 sys=0.00, real=0.00 secs] 
Heap after GC invocations=97 (full 1):
 par new generation   total 19008K, used 1121K [0x00000000c3000000, 0x00000000c44a0000, 0x00000000cd660000)
  eden space 16896K,   0% used [0x00000000c3000000, 0x00000000c3000000, 0x00000000c4080000)
  from space 2112K,  53% used [0x00000000c4290000, 0x00000000c43a86c8, 0x00000000c44a0000)
  to   space 2112K,   0% used [0x00000000c4080000, 0x00000000c4080000, 0x00000000c4290000)
 concurrent mark-sweep generation total 42368K, used 12400K [0x00000000cd660000, 0x00000000cffc0000, 0x0000000100000000)
 Metaspace       used 27907K, capacity 28596K, committed 28692K, reserved 1075200K
  class space    used 3440K, capacity 3610K, committed 3660K, reserved 1048576K
}
2020-02-27T14:34:07.104+0000: 9.907: Total time for which application threads were stopped: 0.0030856 seconds, Stopping threads took: 0.0000631 seconds
{Heap before GC invocations=97 (full 1):
 par new generation   total 19008K, used 18017K [0x00000000c3000000, 0x00000000c44a0000, 0x00000000cd660000)
  eden space 16896K, 100% used [0x00000000c3000000, 0x00000000c4080000, 0x00000000c4080000)
  from space 2112K,  53% used [0x00000000c4290000, 0x00000000c43a86c8, 0x00000000c44a0000)
  to   space 2112K,   0% used [0x00000000c4080000, 0x00000000c4080000, 0x00000000c4290000)
 concurrent mark-sweep generation total 42368K, used 12400K [0x00000000cd660000, 0x00000000cffc0000, 0x0000000100000000)
 Metaspace       used 27993K, capacity 28684K, committed 28948K, reserved 1075200K
  class space    used 3450K, capacity 3614K, committed 3660K, reserved 1048576K
2020-02-27T14:34:07.147+0000: 9.951: [GC (Allocation Failure) 2020-02-27T14:34:07.147+0000: 9.951: [ParNew
Desired survivor size 1081344 bytes, new threshold 6 (max 6)
- age   1:     187288 bytes,     187288 total
- age   2:      77368 bytes,     264656 total
- age   3:     145640 bytes,     410296 total
- age   4:     138640 bytes,     548936 total
- age   5:     294672 bytes,     843608 total
- age   6:      73736 bytes,     917344 total
: 18017K->1225K(19008K), 0.0030237 secs] 30418K->13742K(61376K), 0.0030826 secs] [Times: user=0.00 sys=0.00, real=0.00 secs] 
Heap after GC invocations=98 (full 1):
 par new generation   total 19008K, used 1225K [0x00000000c3000000, 0x00000000c44a0000, 0x00000000cd660000)
  eden space 16896K,   0% used [0x00000000c3000000, 0x00000000c3000000, 0x00000000c4080000)
  from space 2112K,  58% used [0x00000000c4080000, 0x00000000c41b24f8, 0x00000000c4290000)
  to   space 2112K,   0% used [0x00000000c4290000, 0x00000000c4290000, 0x00000000c44a0000)
 concurrent mark-sweep generation total 42368K, used 12516K [0x00000000cd660000, 0x00000000cffc0000, 0x0000000100000000)
 Metaspace       used 27993K, capacity 28684K, committed 28948K, reserved 1075200K
  class space    used 3450K, capacity 3614K, committed 3660K, reserved 1048576K
}
2020-02-27T14:34:07.151+0000: 9.954: Total time for which application threads were stopped: 0.0032803 seconds, Stopping threads took: 0.0000702 seconds
{Heap before GC invocations=98 (full 1):
 par new generation   total 19008K, used 18121K [0x00000000c3000000, 0x00000000c44a0000, 0x00000000cd660000)
  eden space 16896K, 100% used [0x00000000c3000000, 0x00000000c4080000, 0x00000000c4080000)
  from space 2112K,  58% used [0x00000000c4080000, 0x00000000c41b24f8, 0x00000000c4290000)
  to   space 2112K,   0% used [0x00000000c4290000, 0x00000000c4290000, 0x00000000c44a0000)
 concurrent mark-sweep generation total 42368K, used 12516K [0x00000000cd660000, 0x00000000cffc0000, 0x0000000100000000)
 Metaspace       used 28027K, capacity 28780K, committed 28948K, reserved 1075200K
  class space    used 3456K, capacity 3646K, committed 3660K, reserved 1048576K
2020-02-27T14:34:07.187+0000: 9.990: [GC (Allocation Failure) 2020-02-27T14:34:07.187+0000: 9.990: [ParNew
Desired survivor size 1081344 bytes, new threshold 6 (max 6)
- age   1:     198168 bytes,     198168 total
- age   2:     172696 bytes,     370864 total
- age   3:      71976 bytes,     442840 total
- age   4:     145664 bytes,     588504 total
- age   5:     138664 bytes,     727168 total
- age   6:     294672 bytes,    1021840 total
: 18121K->1749K(19008K), 0.0029699 secs] 30638K->14340K(61376K), 0.0030433 secs] [Times: user=0.01 sys=0.00, real=0.00 secs] 
Heap after GC invocations=99 (full 1):
 par new generation   total 19008K, used 1749K [0x00000000c3000000, 0x00000000c44a0000, 0x00000000cd660000)
  eden space 16896K,   0% used [0x00000000c3000000, 0x00000000c3000000, 0x00000000c4080000)
  from space 2112K,  82% used [0x00000000c4290000, 0x00000000c4445418, 0x00000000c44a0000)
  to   space 2112K,   0% used [0x00000000c4080000, 0x00000000c4080000, 0x00000000c4290000)
 concurrent mark-sweep generation total 42368K, used 12591K [0x00000000cd660000, 0x00000000cffc0000, 0x0000000100000000)
 Metaspace       used 28027K, capacity 28780K, committed 28948K, reserved 1075200K
  class space    used 3456K, capacity 3646K, committed 3660K, reserved 1048576K
}
2020-02-27T14:34:07.190+0000: 9.993: Total time for which application threads were stopped: 0.0032406 seconds, Stopping threads took: 0.0000697 seconds
{Heap before GC invocations=99 (full 1):
 par new generation   total 19008K, used 18645K [0x00000000c3000000, 0x00000000c44a0000, 0x00000000cd660000)
  eden space 16896K, 100% used [0x00000000c3000000, 0x00000000c4080000, 0x00000000c4080000)
  from space 2112K,  82% used [0x00000000c4290000, 0x00000000c4445418, 0x00000000c44a0000)
  to   space 2112K,   0% used [0x00000000c4080000, 0x00000000c4080000, 0x00000000c4290000)
 concurrent mark-sweep generation total 42368K, used 12591K [0x00000000cd660000, 0x00000000cffc0000, 0x0000000100000000)
 Metaspace       used 28087K, capacity 28798K, committed 28948K, reserved 1075200K
  class space    used 3464K, capacity 3653K, committed 3660K, reserved 1048576K
2020-02-27T14:34:07.226+0000: 10.029: [GC (Allocation Failure) 2020-02-27T14:34:07.226+0000: 10.029: [ParNew
Desired survivor size 1081344 bytes, new threshold 6 (max 6)
- age   1:     179456 bytes,     179456 total
- age   2:     181200 bytes,     360656 total
- age   3:     172568 bytes,     533224 total
- age   4:      71952 bytes,     605176 total
- age   5:     145640 bytes,     750816 total
- age   6:     138640 bytes,     889456 total
: 18645K->1185K(19008K), 0.0035410 secs] 31236K->14077K(61376K), 0.0036000 secs] [Times: user=0.00 sys=0.00, real=0.00 secs] 
Heap after GC invocations=100 (full 1):
 par new generation   total 19008K, used 1185K [0x00000000c3000000, 0x00000000c44a0000, 0x00000000cd660000)
  eden space 16896K,   0% used [0x00000000c3000000, 0x00000000c3000000, 0x00000000c4080000)
  from space 2112K,  56% used [0x00000000c4080000, 0x00000000c41a85a0, 0x00000000c4290000)
  to   space 2112K,   0% used [0x00000000c4290000, 0x00000000c4290000, 0x00000000c44a0000)
 concurrent mark-sweep generation total 42368K, used 12891K [0x00000000cd660000, 0x00000000cffc0000, 0x0000000100000000)
 Metaspace       used 28087K, capacity 28798K, committed 28948K, reserved 1075200K
  class space    used 3464K, capacity 3653K, committed 3660K, reserved 1048576K
}
2020-02-27T14:34:07.230+0000: 10.033: Total time for which application threads were stopped: 0.0037768 seconds, Stopping threads took: 0.0000491 seconds
{Heap before GC invocations=100 (full 1):
 par new generation   total 19008K, used 18081K [0x00000000c3000000, 0x00000000c44a0000, 0x00000000cd660000)
  eden space 16896K, 100% used [0x00000000c3000000, 0x00000000c4080000, 0x00000000c4080000)
  from space 2112K,  56% used [0x00000000c4080000, 0x00000000c41a85a0, 0x00000000c4290000)
  to   space 2112K,   0% used [0x00000000c4290000, 0x00000000c4290000, 0x00000000c44a0000)
 concurrent mark-sweep generation total 42368K, used 12891K [0x00000000cd660000, 0x00000000cffc0000, 0x0000000100000000)
 Metaspace       used 28124K, capacity 28894K, committed 29076K, reserved 1075200K
  class space    used 3471K, capacity 3685K, committed 3788K, reserved 1048576K
2020-02-27T14:34:07.258+0000: 10.062: [GC (Allocation Failure) 2020-02-27T14:34:07.258+0000: 10.062: [ParNew
Desired survivor size 1081344 bytes, new threshold 6 (max 6)
- age   1:     145872 bytes,     145872 total
- age   2:     170928 bytes,     316800 total
- age   3:     175480 bytes,     492280 total
- age   4:     172568 bytes,     664848 total
- age   5:      71952 bytes,     736800 total
- age   6:     145640 bytes,     882440 total
: 18081K->1198K(19008K), 0.0031431 secs] 30973K->14230K(61376K), 0.0032169 secs] [Times: user=0.01 sys=0.00, real=0.00 secs] 
Heap after GC invocations=101 (full 1):
 par new generation   total 19008K, used 1198K [0x00000000c3000000, 0x00000000c44a0000, 0x00000000cd660000)
  eden space 16896K,   0% used [0x00000000c3000000, 0x00000000c3000000, 0x00000000c4080000)
  from space 2112K,  56% used [0x00000000c4290000, 0x00000000c43bb928, 0x00000000c44a0000)
  to   space 2112K,   0% used [0x00000000c4080000, 0x00000000c4080000, 0x00000000c4290000)
 concurrent mark-sweep generation total 42368K, used 13031K [0x00000000cd660000, 0x00000000cffc0000, 0x0000000100000000)
 Metaspace       used 28124K, capacity 28894K, committed 29076K, reserved 1075200K
  class space    used 3471K, capacity 3685K, committed 3788K, reserved 1048576K
}
2020-02-27T14:34:07.262+0000: 10.065: Total time for which application threads were stopped: 0.0034241 seconds, Stopping threads took: 0.0000597 seconds
{Heap before GC invocations=101 (full 1):
 par new generation   total 19008K, used 18094K [0x00000000c3000000, 0x00000000c44a0000, 0x00000000cd660000)
  eden space 16896K, 100% used [0x00000000c3000000, 0x00000000c4080000, 0x00000000c4080000)
  from space 2112K,  56% used [0x00000000c4290000, 0x00000000c43bb928, 0x00000000c44a0000)
  to   space 2112K,   0% used [0x00000000c4080000, 0x00000000c4080000, 0x00000000c4290000)
 concurrent mark-sweep generation total 42368K, used 13031K [0x00000000cd660000, 0x00000000cffc0000, 0x0000000100000000)
 Metaspace       used 28126K, capacity 28894K, committed 29076K, reserved 1075200K
  class space    used 3471K, capacity 3685K, committed 3788K, reserved 1048576K
2020-02-27T14:34:07.292+0000: 10.095: [GC (Allocation Failure) 2020-02-27T14:34:07.292+0000: 10.095: [ParNew
Desired survivor size 1081344 bytes, new threshold 6 (max 6)
- age   1:     206264 bytes,     206264 total
- age   2:     134464 bytes,     340728 total
- age   3:     163424 bytes,     504152 total
- age   4:     174424 bytes,     678576 total
- age   5:     172568 bytes,     851144 total
- age   6:      71952 bytes,     923096 total
: 18094K->1266K(19008K), 0.0050893 secs] 31126K->14446K(61376K), 0.0051526 secs] [Times: user=0.01 sys=0.00, real=0.01 secs] 
Heap after GC invocations=102 (full 1):
 par new generation   total 19008K, used 1266K [0x00000000c3000000, 0x00000000c44a0000, 0x00000000cd660000)
  eden space 16896K,   0% used [0x00000000c3000000, 0x00000000c3000000, 0x00000000c4080000)
  from space 2112K,  59% used [0x00000000c4080000, 0x00000000c41bc9c8, 0x00000000c4290000)
  to   space 2112K,   0% used [0x00000000c4290000, 0x00000000c4290000, 0x00000000c44a0000)
 concurrent mark-sweep generation total 42368K, used 13179K [0x00000000cd660000, 0x00000000cffc0000, 0x0000000100000000)
 Metaspace       used 28126K, capacity 28894K, committed 29076K, reserved 1075200K
  class space    used 3471K, capacity 3685K, committed 3788K, reserved 1048576K
}
2020-02-27T14:34:07.297+0000: 10.100: Total time for which application threads were stopped: 0.0053150 seconds, Stopping threads took: 0.0000314 seconds
2020-02-27T14:34:07.316+0000: 10.119: Total time for which application threads were stopped: 0.0004928 seconds, Stopping threads took: 0.0001024 seconds
{Heap before GC invocations=102 (full 1):
 par new generation   total 19008K, used 18162K [0x00000000c3000000, 0x00000000c44a0000, 0x00000000cd660000)
  eden space 16896K, 100% used [0x00000000c3000000, 0x00000000c4080000, 0x00000000c4080000)
  from space 2112K,  59% used [0x00000000c4080000, 0x00000000c41bc9c8, 0x00000000c4290000)
  to   space 2112K,   0% used [0x00000000c4290000, 0x00000000c4290000, 0x00000000c44a0000)
 concurrent mark-sweep generation total 42368K, used 13179K [0x00000000cd660000, 0x00000000cffc0000, 0x0000000100000000)
 Metaspace       used 28320K, capacity 29046K, committed 29332K, reserved 1075200K
  class space    used 3491K, capacity 3689K, committed 3788K, reserved 1048576K
2020-02-27T14:34:07.344+0000: 10.147: [GC (Allocation Failure) 2020-02-27T14:34:07.344+0000: 10.147: [ParNew
Desired survivor size 1081344 bytes, new threshold 6 (max 6)
- age   1:     131936 bytes,     131936 total
- age   2:     196600 bytes,     328536 total
- age   3:     131728 bytes,     460264 total
- age   4:     163176 bytes,     623440 total
- age   5:     174392 bytes,     797832 total
- age   6:     172568 bytes,     970400 total
: 18162K->1330K(19008K), 0.0031780 secs] 31342K->14583K(61376K), 0.0032588 secs] [Times: user=0.01 sys=0.00, real=0.01 secs] 
Heap after GC invocations=103 (full 1):
 par new generation   total 19008K, used 1330K [0x00000000c3000000, 0x00000000c44a0000, 0x00000000cd660000)
  eden space 16896K,   0% used [0x00000000c3000000, 0x00000000c3000000, 0x00000000c4080000)
  from space 2112K,  63% used [0x00000000c4290000, 0x00000000c43dcbf8, 0x00000000c44a0000)
  to   space 2112K,   0% used [0x00000000c4080000, 0x00000000c4080000, 0x00000000c4290000)
 concurrent mark-sweep generation total 42368K, used 13252K [0x00000000cd660000, 0x00000000cffc0000, 0x0000000100000000)
 Metaspace       used 28320K, capacity 29046K, committed 29332K, reserved 1075200K
  class space    used 3491K, capacity 3689K, committed 3788K, reserved 1048576K
}
2020-02-27T14:34:07.347+0000: 10.150: Total time for which application threads were stopped: 0.0035117 seconds, Stopping threads took: 0.0000904 seconds
2020-02-27T14:34:07.372+0000: 10.175: Total time for which application threads were stopped: 0.0004225 seconds, Stopping threads took: 0.0000786 seconds
{Heap before GC invocations=103 (full 1):
 par new generation   total 19008K, used 18226K [0x00000000c3000000, 0x00000000c44a0000, 0x00000000cd660000)
  eden space 16896K, 100% used [0x00000000c3000000, 0x00000000c4080000, 0x00000000c4080000)
  from space 2112K,  63% used [0x00000000c4290000, 0x00000000c43dcbf8, 0x00000000c44a0000)
  to   space 2112K,   0% used [0x00000000c4080000, 0x00000000c4080000, 0x00000000c4290000)
 concurrent mark-sweep generation total 42368K, used 13252K [0x00000000cd660000, 0x00000000cffc0000, 0x0000000100000000)
 Metaspace       used 28502K, capacity 29352K, committed 29588K, reserved 1075200K
  class space    used 3519K, capacity 3740K, committed 3788K, reserved 1048576K
2020-02-27T14:34:07.396+0000: 10.200: [GC (Allocation Failure) 2020-02-27T14:34:07.396+0000: 10.200: [ParNew
Desired survivor size 1081344 bytes, new threshold 6 (max 6)
- age   1:     142144 bytes,     142144 total
- age   2:     121504 bytes,     263648 total
- age   3:     196600 bytes,     460248 total
- age   4:     131728 bytes,     591976 total
- age   5:     159424 bytes,     751400 total
- age   6:     173872 bytes,     925272 total
: 18226K->1397K(19008K), 0.0033368 secs] 31479K->14826K(61376K), 0.0034052 secs] [Times: user=0.01 sys=0.00, real=0.01 secs] 
Heap after GC invocations=104 (full 1):
 par new generation   total 19008K, used 1397K [0x00000000c3000000, 0x00000000c44a0000, 0x00000000cd660000)
  eden space 16896K,   0% used [0x00000000c3000000, 0x00000000c3000000, 0x00000000c4080000)
  from space 2112K,  66% used [0x00000000c4080000, 0x00000000c41dd7e8, 0x00000000c4290000)
  to   space 2112K,   0% used [0x00000000c4290000, 0x00000000c4290000, 0x00000000c44a0000)
 concurrent mark-sweep generation total 42368K, used 13428K [0x00000000cd660000, 0x00000000cffc0000, 0x0000000100000000)
 Metaspace       used 28502K, capacity 29352K, committed 29588K, reserved 1075200K
  class space    used 3519K, capacity 3740K, committed 3788K, reserved 1048576K
}
2020-02-27T14:34:07.400+0000: 10.203: Total time for which application threads were stopped: 0.0037351 seconds, Stopping threads took: 0.0000885 seconds
{Heap before GC invocations=104 (full 1):
 par new generation   total 19008K, used 18293K [0x00000000c3000000, 0x00000000c44a0000, 0x00000000cd660000)
  eden space 16896K, 100% used [0x00000000c3000000, 0x00000000c4080000, 0x00000000c4080000)
  from space 2112K,  66% used [0x00000000c4080000, 0x00000000c41dd7e8, 0x00000000c4290000)
  to   space 2112K,   0% used [0x00000000c4290000, 0x00000000c4290000, 0x00000000c44a0000)
 concurrent mark-sweep generation total 42368K, used 13428K [0x00000000cd660000, 0x00000000cffc0000, 0x0000000100000000)
 Metaspace       used 28575K, capacity 29422K, committed 29588K, reserved 1075200K
  class space    used 3526K, capacity 3741K, committed 3788K, reserved 1048576K
2020-02-27T14:34:07.435+0000: 10.238: [GC (Allocation Failure) 2020-02-27T14:34:07.435+0000: 10.238: [ParNew
Desired survivor size 1081344 bytes, new threshold 6 (max 6)
- age   1:      95384 bytes,      95384 total
- age   2:      96760 bytes,     192144 total
- age   3:     119040 bytes,     311184 total
- age   4:     196600 bytes,     507784 total
- age   5:     131728 bytes,     639512 total
- age   6:     159424 bytes,     798936 total
: 18293K->1363K(19008K), 0.0029900 secs] 31722K->14968K(61376K), 0.0030678 secs] [Times: user=0.01 sys=0.00, real=0.01 secs] 
Heap after GC invocations=105 (full 1):
 par new generation   total 19008K, used 1363K [0x00000000c3000000, 0x00000000c44a0000, 0x00000000cd660000)
  eden space 16896K,   0% used [0x00000000c3000000, 0x00000000c3000000, 0x00000000c4080000)
  from space 2112K,  64% used [0x00000000c4290000, 0x00000000c43e4f80, 0x00000000c44a0000)
  to   space 2112K,   0% used [0x00000000c4080000, 0x00000000c4080000, 0x00000000c4290000)
 concurrent mark-sweep generation total 42368K, used 13604K [0x00000000cd660000, 0x00000000cffc0000, 0x0000000100000000)
 Metaspace       used 28575K, capacity 29422K, committed 29588K, reserved 1075200K
  class space    used 3526K, capacity 3741K, committed 3788K, reserved 1048576K
}
2020-02-27T14:34:07.438+0000: 10.241: Total time for which application threads were stopped: 0.0032685 seconds, Stopping threads took: 0.0000714 seconds
2020-02-27T14:34:07.450+0000: 10.253: Total time for which application threads were stopped: 0.0004622 seconds, Stopping threads took: 0.0000741 seconds
{Heap before GC invocations=105 (full 1):
 par new generation   total 19008K, used 18259K [0x00000000c3000000, 0x00000000c44a0000, 0x00000000cd660000)
  eden space 16896K, 100% used [0x00000000c3000000, 0x00000000c4080000, 0x00000000c4080000)
  from space 2112K,  64% used [0x00000000c4290000, 0x00000000c43e4f80, 0x00000000c44a0000)
  to   space 2112K,   0% used [0x00000000c4080000, 0x00000000c4080000, 0x00000000c4290000)
 concurrent mark-sweep generation total 42368K, used 13604K [0x00000000cd660000, 0x00000000cffc0000, 0x0000000100000000)
 Metaspace       used 29066K, capacity 29910K, committed 30228K, reserved 1075200K
  class space    used 3572K, capacity 3789K, committed 3916K, reserved 1048576K
2020-02-27T14:34:07.498+0000: 10.301: [GC (Allocation Failure) 2020-02-27T14:34:07.498+0000: 10.301: [ParNew
Desired survivor size 1081344 bytes, new threshold 6 (max 6)
- age   1:     156864 bytes,     156864 total
- age   2:      80536 bytes,     237400 total
- age   3:      93456 bytes,     330856 total
- age   4:     119040 bytes,     449896 total
- age   5:     196600 bytes,     646496 total
- age   6:     131728 bytes,     778224 total
: 18259K->782K(19008K), 0.0030612 secs] 31864K->14549K(61376K), 0.0031955 secs] [Times: user=0.01 sys=0.00, real=0.00 secs] 
Heap after GC invocations=106 (full 1):
 par new generation   total 19008K, used 782K [0x00000000c3000000, 0x00000000c44a0000, 0x00000000cd660000)
  eden space 16896K,   0% used [0x00000000c3000000, 0x00000000c3000000, 0x00000000c4080000)
  from space 2112K,  37% used [0x00000000c4080000, 0x00000000c4143a20, 0x00000000c4290000)
  to   space 2112K,   0% used [0x00000000c4290000, 0x00000000c4290000, 0x00000000c44a0000)
 concurrent mark-sweep generation total 42368K, used 13766K [0x00000000cd660000, 0x00000000cffc0000, 0x0000000100000000)
 Metaspace       used 29066K, capacity 29910K, committed 30228K, reserved 1075200K
  class space    used 3572K, capacity 3789K, committed 3916K, reserved 1048576K
}
2020-02-27T14:34:07.501+0000: 10.304: Total time for which application threads were stopped: 0.0034072 seconds, Stopping threads took: 0.0000632 seconds
{Heap before GC invocations=106 (full 1):
 par new generation   total 19008K, used 17678K [0x00000000c3000000, 0x00000000c44a0000, 0x00000000cd660000)
  eden space 16896K, 100% used [0x00000000c3000000, 0x00000000c4080000, 0x00000000c4080000)
  from space 2112K,  37% used [0x00000000c4080000, 0x00000000c4143a20, 0x00000000c4290000)
  to   space 2112K,   0% used [0x00000000c4290000, 0x00000000c4290000, 0x00000000c44a0000)
 concurrent mark-sweep generation total 42368K, used 13766K [0x00000000cd660000, 0x00000000cffc0000, 0x0000000100000000)
 Metaspace       used 29423K, capacity 30296K, committed 30484K, reserved 1075200K
  class space    used 3630K, capacity 3854K, committed 3916K, reserved 1048576K
2020-02-27T14:34:07.548+0000: 10.352: [GC (Allocation Failure) 2020-02-27T14:34:07.548+0000: 10.352: [ParNew
Desired survivor size 1081344 bytes, new threshold 6 (max 6)
- age   1:      85672 bytes,      85672 total
- age   2:     135776 bytes,     221448 total
- age   3:      80536 bytes,     301984 total
- age   4:      93456 bytes,     395440 total
- age   5:     119040 bytes,     514480 total
- age   6:     196600 bytes,     711080 total
: 17678K->708K(19008K), 0.0029517 secs] 31445K->14608K(61376K), 0.0030199 secs] [Times: user=0.01 sys=0.00, real=0.00 secs] 
Heap after GC invocations=107 (full 1):
 par new generation   total 19008K, used 708K [0x00000000c3000000, 0x00000000c44a0000, 0x00000000cd660000)
  eden space 16896K,   0% used [0x00000000c3000000, 0x00000000c3000000, 0x00000000c4080000)
  from space 2112K,  33% used [0x00000000c4290000, 0x00000000c4341350, 0x00000000c44a0000)
  to   space 2112K,   0% used [0x00000000c4080000, 0x00000000c4080000, 0x00000000c4290000)
 concurrent mark-sweep generation total 42368K, used 13899K [0x00000000cd660000, 0x00000000cffc0000, 0x0000000100000000)
 Metaspace       used 29423K, capacity 30296K, committed 30484K, reserved 1075200K
  class space    used 3630K, capacity 3854K, committed 3916K, reserved 1048576K
}
2020-02-27T14:34:07.552+0000: 10.355: Total time for which application threads were stopped: 0.0032930 seconds, Stopping threads took: 0.0000921 seconds
{Heap before GC invocations=107 (full 1):
 par new generation   total 19008K, used 17604K [0x00000000c3000000, 0x00000000c44a0000, 0x00000000cd660000)
  eden space 16896K, 100% used [0x00000000c3000000, 0x00000000c4080000, 0x00000000c4080000)
  from space 2112K,  33% used [0x00000000c4290000, 0x00000000c4341350, 0x00000000c44a0000)
  to   space 2112K,   0% used [0x00000000c4080000, 0x00000000c4080000, 0x00000000c4290000)
 concurrent mark-sweep generation total 42368K, used 13899K [0x00000000cd660000, 0x00000000cffc0000, 0x0000000100000000)
 Metaspace       used 29631K, capacity 30490K, committed 30868K, reserved 1077248K
  class space    used 3692K, capacity 3919K, committed 4044K, reserved 1048576K
2020-02-27T14:34:07.597+0000: 10.401: [GC (Allocation Failure) 2020-02-27T14:34:07.598+0000: 10.401: [ParNew
Desired survivor size 1081344 bytes, new threshold 6 (max 6)
- age   1:      85760 bytes,      85760 total
- age   2:      49104 bytes,     134864 total
- age   3:     135776 bytes,     270640 total
- age   4:      80536 bytes,     351176 total
- age   5:      93456 bytes,     444632 total
- age   6:     119040 bytes,     563672 total
: 17604K->698K(19008K), 0.0029194 secs] 31504K->14797K(61376K), 0.0029940 secs] [Times: user=0.01 sys=0.00, real=0.00 secs] 
Heap after GC invocations=108 (full 1):
 par new generation   total 19008K, used 698K [0x00000000c3000000, 0x00000000c44a0000, 0x00000000cd660000)
  eden space 16896K,   0% used [0x00000000c3000000, 0x00000000c3000000, 0x00000000c4080000)
  from space 2112K,  33% used [0x00000000c4080000, 0x00000000c412e940, 0x00000000c4290000)
  to   space 2112K,   0% used [0x00000000c4290000, 0x00000000c4290000, 0x00000000c44a0000)
 concurrent mark-sweep generation total 42368K, used 14098K [0x00000000cd660000, 0x00000000cffc0000, 0x0000000100000000)
 Metaspace       used 29631K, capacity 30490K, committed 30868K, reserved 1077248K
  class space    used 3692K, capacity 3919K, committed 4044K, reserved 1048576K
}
2020-02-27T14:34:07.601+0000: 10.404: Total time for which application threads were stopped: 0.0032215 seconds, Stopping threads took: 0.0000663 seconds
{Heap before GC invocations=108 (full 1):
 par new generation   total 19008K, used 17594K [0x00000000c3000000, 0x00000000c44a0000, 0x00000000cd660000)
  eden space 16896K, 100% used [0x00000000c3000000, 0x00000000c4080000, 0x00000000c4080000)
  from space 2112K,  33% used [0x00000000c4080000, 0x00000000c412e940, 0x00000000c4290000)
  to   space 2112K,   0% used [0x00000000c4290000, 0x00000000c4290000, 0x00000000c44a0000)
 concurrent mark-sweep generation total 42368K, used 14098K [0x00000000cd660000, 0x00000000cffc0000, 0x0000000100000000)
 Metaspace       used 29843K, capacity 30748K, committed 30868K, reserved 1077248K
  class space    used 3752K, capacity 3984K, committed 4044K, reserved 1048576K
2020-02-27T14:34:07.647+0000: 10.451: [GC (Allocation Failure) 2020-02-27T14:34:07.647+0000: 10.451: [ParNew
Desired survivor size 1081344 bytes, new threshold 6 (max 6)
- age   1:      84616 bytes,      84616 total
- age   2:      49128 bytes,     133744 total
- age   3:      49104 bytes,     182848 total
- age   4:     135776 bytes,     318624 total
- age   5:      80536 bytes,     399160 total
- age   6:      93456 bytes,     492616 total
: 17594K->873K(19008K), 0.0027073 secs] 31693K->15093K(61376K), 0.0027670 secs] [Times: user=0.01 sys=0.00, real=0.00 secs] 
Heap after GC invocations=109 (full 1):
 par new generation   total 19008K, used 873K [0x00000000c3000000, 0x00000000c44a0000, 0x00000000cd660000)
  eden space 16896K,   0% used [0x00000000c3000000, 0x00000000c3000000, 0x00000000c4080000)
  from space 2112K,  41% used [0x00000000c4290000, 0x00000000c436a400, 0x00000000c44a0000)
  to   space 2112K,   0% used [0x00000000c4080000, 0x00000000c4080000, 0x00000000c4290000)
 concurrent mark-sweep generation total 42368K, used 14220K [0x00000000cd660000, 0x00000000cffc0000, 0x0000000100000000)
 Metaspace       used 29843K, capacity 30748K, committed 30868K, reserved 1077248K
  class space    used 3752K, capacity 3984K, committed 4044K, reserved 1048576K
}
2020-02-27T14:34:07.650+0000: 10.453: Total time for which application threads were stopped: 0.0029563 seconds, Stopping threads took: 0.0000639 seconds
{Heap before GC invocations=109 (full 1):
 par new generation   total 19008K, used 17769K [0x00000000c3000000, 0x00000000c44a0000, 0x00000000cd660000)
  eden space 16896K, 100% used [0x00000000c3000000, 0x00000000c4080000, 0x00000000c4080000)
  from space 2112K,  41% used [0x00000000c4290000, 0x00000000c436a400, 0x00000000c44a0000)
  to   space 2112K,   0% used [0x00000000c4080000, 0x00000000c4080000, 0x00000000c4290000)
 concurrent mark-sweep generation total 42368K, used 14220K [0x00000000cd660000, 0x00000000cffc0000, 0x0000000100000000)
 Metaspace       used 30082K, capacity 30926K, committed 31124K, reserved 1077248K
  class space    used 3802K, capacity 4023K, committed 4044K, reserved 1048576K
2020-02-27T14:34:07.704+0000: 10.507: [GC (Allocation Failure) 2020-02-27T14:34:07.704+0000: 10.507: [ParNew
Desired survivor size 1081344 bytes, new threshold 6 (max 6)
- age   1:     118200 bytes,     118200 total
- age   2:      48024 bytes,     166224 total
- age   3:      49344 bytes,     215568 total
- age   4:      49392 bytes,     264960 total
- age   5:     134288 bytes,     399248 total
- age   6:      79248 bytes,     478496 total
: 17769K->487K(19008K), 0.0027450 secs] 31989K->14798K(61376K), 0.0028194 secs] [Times: user=0.01 sys=0.00, real=0.01 secs] 
Heap after GC invocations=110 (full 1):
 par new generation   total 19008K, used 487K [0x00000000c3000000, 0x00000000c44a0000, 0x00000000cd660000)
  eden space 16896K,   0% used [0x00000000c3000000, 0x00000000c3000000, 0x00000000c4080000)
  from space 2112K,  23% used [0x00000000c4080000, 0x00000000c40f9dd0, 0x00000000c4290000)
  to   space 2112K,   0% used [0x00000000c4290000, 0x00000000c4290000, 0x00000000c44a0000)
 concurrent mark-sweep generation total 42368K, used 14310K [0x00000000cd660000, 0x00000000cffc0000, 0x0000000100000000)
 Metaspace       used 30082K, capacity 30926K, committed 31124K, reserved 1077248K
  class space    used 3802K, capacity 4023K, committed 4044K, reserved 1048576K
}
2020-02-27T14:34:07.707+0000: 10.510: Total time for which application threads were stopped: 0.0050670 seconds, Stopping threads took: 0.0020929 seconds
{Heap before GC invocations=110 (full 1):
 par new generation   total 19008K, used 17383K [0x00000000c3000000, 0x00000000c44a0000, 0x00000000cd660000)
  eden space 16896K,  99% used [0x00000000c3000000, 0x00000000c407ffc8, 0x00000000c4080000)
  from space 2112K,  23% used [0x00000000c4080000, 0x00000000c40f9dd0, 0x00000000c4290000)
  to   space 2112K,   0% used [0x00000000c4290000, 0x00000000c4290000, 0x00000000c44a0000)
 concurrent mark-sweep generation total 42368K, used 14310K [0x00000000cd660000, 0x00000000cffc0000, 0x0000000100000000)
 Metaspace       used 30192K, capacity 31062K, committed 31380K, reserved 1077248K
  class space    used 3812K, capacity 4023K, committed 4044K, reserved 1048576K
2020-02-27T14:34:07.746+0000: 10.549: [GC (Allocation Failure) 2020-02-27T14:34:07.746+0000: 10.549: [ParNew
Desired survivor size 1081344 bytes, new threshold 6 (max 6)
- age   1:     102608 bytes,     102608 total
- age   2:      98120 bytes,     200728 total
- age   3:      47808 bytes,     248536 total
- age   4:      49344 bytes,     297880 total
- age   5:      49248 bytes,     347128 total
- age   6:     130416 bytes,     477544 total
: 17383K->633K(19008K), 0.0023650 secs] 31694K->15021K(61376K), 0.0024194 secs] [Times: user=0.01 sys=0.00, real=0.00 secs] 
Heap after GC invocations=111 (full 1):
 par new generation   total 19008K, used 633K [0x00000000c3000000, 0x00000000c44a0000, 0x00000000cd660000)
  eden space 16896K,   0% used [0x00000000c3000000, 0x00000000c3000000, 0x00000000c4080000)
  from space 2112K,  29% used [0x00000000c4290000, 0x00000000c432e610, 0x00000000c44a0000)
  to   space 2112K,   0% used [0x00000000c4080000, 0x00000000c4080000, 0x00000000c4290000)
 concurrent mark-sweep generation total 42368K, used 14387K [0x00000000cd660000, 0x00000000cffc0000, 0x0000000100000000)
 Metaspace       used 30192K, capacity 31062K, committed 31380K, reserved 1077248K
  class space    used 3812K, capacity 4023K, committed 4044K, reserved 1048576K
}
2020-02-27T14:34:07.748+0000: 10.551: Total time for which application threads were stopped: 0.0026255 seconds, Stopping threads took: 0.0000798 seconds
{Heap before GC invocations=111 (full 1):
 par new generation   total 19008K, used 17529K [0x00000000c3000000, 0x00000000c44a0000, 0x00000000cd660000)
  eden space 16896K, 100% used [0x00000000c3000000, 0x00000000c4080000, 0x00000000c4080000)
  from space 2112K,  29% used [0x00000000c4290000, 0x00000000c432e610, 0x00000000c44a0000)
  to   space 2112K,   0% used [0x00000000c4080000, 0x00000000c4080000, 0x00000000c4290000)
 concurrent mark-sweep generation total 42368K, used 14387K [0x00000000cd660000, 0x00000000cffc0000, 0x0000000100000000)
 Metaspace       used 30280K, capacity 31162K, committed 31508K, reserved 1077248K
  class space    used 3823K, capacity 4055K, committed 4172K, reserved 1048576K
2020-02-27T14:34:07.784+0000: 10.588: [GC (Allocation Failure) 2020-02-27T14:34:07.785+0000: 10.588: [ParNew
Desired survivor size 1081344 bytes, new threshold 6 (max 6)
- age   1:      97944 bytes,      97944 total
- age   2:      91320 bytes,     189264 total
- age   3:      91480 bytes,     280744 total
- age   4:      47664 bytes,     328408 total
- age   5:      49128 bytes,     377536 total
- age   6:      49104 bytes,     426640 total
: 17529K->681K(19008K), 0.0056267 secs] 31917K->15198K(61376K), 0.0057099 secs] [Times: user=0.01 sys=0.00, real=0.01 secs] 
Heap after GC invocations=112 (full 1):
 par new generation   total 19008K, used 681K [0x00000000c3000000, 0x00000000c44a0000, 0x00000000cd660000)
  eden space 16896K,   0% used [0x00000000c3000000, 0x00000000c3000000, 0x00000000c4080000)
  from space 2112K,  32% used [0x00000000c4080000, 0x00000000c412a688, 0x00000000c4290000)
  to   space 2112K,   0% used [0x00000000c4290000, 0x00000000c4290000, 0x00000000c44a0000)
 concurrent mark-sweep generation total 42368K, used 14516K [0x00000000cd660000, 0x00000000cffc0000, 0x0000000100000000)
 Metaspace       used 30280K, capacity 31162K, committed 31508K, reserved 1077248K
  class space    used 3823K, capacity 4055K, committed 4172K, reserved 1048576K
}
2020-02-27T14:34:07.790+0000: 10.593: Total time for which application threads were stopped: 0.0058922 seconds, Stopping threads took: 0.0000510 seconds
{Heap before GC invocations=112 (full 1):
 par new generation   total 19008K, used 17577K [0x00000000c3000000, 0x00000000c44a0000, 0x00000000cd660000)
  eden space 16896K, 100% used [0x00000000c3000000, 0x00000000c4080000, 0x00000000c4080000)
  from space 2112K,  32% used [0x00000000c4080000, 0x00000000c412a688, 0x00000000c4290000)
  to   space 2112K,   0% used [0x00000000c4290000, 0x00000000c4290000, 0x00000000c44a0000)
 concurrent mark-sweep generation total 42368K, used 14516K [0x00000000cd660000, 0x00000000cffc0000, 0x0000000100000000)
 Metaspace       used 30357K, capacity 31234K, committed 31508K, reserved 1077248K
  class space    used 3832K, capacity 4055K, committed 4172K, reserved 1048576K
2020-02-27T14:34:07.833+0000: 10.636: [GC (Allocation Failure) 2020-02-27T14:34:07.833+0000: 10.636: [ParNew
Desired survivor size 1081344 bytes, new threshold 6 (max 6)
- age   1:      90328 bytes,      90328 total
- age   2:      89400 bytes,     179728 total
- age   3:      83040 bytes,     262768 total
- age   4:      89848 bytes,     352616 total
- age   5:      47688 bytes,     400304 total
- age   6:      49272 bytes,     449576 total
: 17577K->637K(19008K), 0.0025060 secs] 32094K->15205K(61376K), 0.0025603 secs] [Times: user=0.01 sys=0.00, real=0.00 secs] 
Heap after GC invocations=113 (full 1):
 par new generation   total 19008K, used 637K [0x00000000c3000000, 0x00000000c44a0000, 0x00000000cd660000)
  eden space 16896K,   0% used [0x00000000c3000000, 0x00000000c3000000, 0x00000000c4080000)
  from space 2112K,  30% used [0x00000000c4290000, 0x00000000c432f6f0, 0x00000000c44a0000)
  to   space 2112K,   0% used [0x00000000c4080000, 0x00000000c4080000, 0x00000000c4290000)
 concurrent mark-sweep generation total 42368K, used 14567K [0x00000000cd660000, 0x00000000cffc0000, 0x0000000100000000)
 Metaspace       used 30357K, capacity 31234K, committed 31508K, reserved 1077248K
  class space    used 3832K, capacity 4055K, committed 4172K, reserved 1048576K
}
2020-02-27T14:34:07.836+0000: 10.639: Total time for which application threads were stopped: 0.0028280 seconds, Stopping threads took: 0.0001546 seconds
{Heap before GC invocations=113 (full 1):
 par new generation   total 19008K, used 17533K [0x00000000c3000000, 0x00000000c44a0000, 0x00000000cd660000)
  eden space 16896K, 100% used [0x00000000c3000000, 0x00000000c4080000, 0x00000000c4080000)
  from space 2112K,  30% used [0x00000000c4290000, 0x00000000c432f6f0, 0x00000000c44a0000)
  to   space 2112K,   0% used [0x00000000c4080000, 0x00000000c4080000, 0x00000000c4290000)
 concurrent mark-sweep generation total 42368K, used 14567K [0x00000000cd660000, 0x00000000cffc0000, 0x0000000100000000)
 Metaspace       used 30486K, capacity 31378K, committed 31764K, reserved 1077248K
  class space    used 3844K, capacity 4057K, committed 4172K, reserved 1048576K
2020-02-27T14:34:07.884+0000: 10.687: [GC (Allocation Failure) 2020-02-27T14:34:07.884+0000: 10.687: [ParNew
Desired survivor size 1081344 bytes, new threshold 6 (max 6)
- age   1:     107824 bytes,     107824 total
- age   2:      81792 bytes,     189616 total
- age   3:      82056 bytes,     271672 total
- age   4:      79880 bytes,     351552 total
- age   5:      87928 bytes,     439480 total
- age   6:      47664 bytes,     487144 total
: 17533K->652K(19008K), 0.0052237 secs] 32101K->15271K(61376K), 0.0053056 secs] [Times: user=0.01 sys=0.00, real=0.01 secs] 
Heap after GC invocations=114 (full 1):
 par new generation   total 19008K, used 652K [0x00000000c3000000, 0x00000000c44a0000, 0x00000000cd660000)
  eden space 16896K,   0% used [0x00000000c3000000, 0x00000000c3000000, 0x00000000c4080000)
  from space 2112K,  30% used [0x00000000c4080000, 0x00000000c41230e0, 0x00000000c4290000)
  to   space 2112K,   0% used [0x00000000c4290000, 0x00000000c4290000, 0x00000000c44a0000)
 concurrent mark-sweep generation total 42368K, used 14619K [0x00000000cd660000, 0x00000000cffc0000, 0x0000000100000000)
 Metaspace       used 30486K, capacity 31378K, committed 31764K, reserved 1077248K
  class space    used 3844K, capacity 4057K, committed 4172K, reserved 1048576K
}
2020-02-27T14:34:07.889+0000: 10.692: Total time for which application threads were stopped: 0.0055008 seconds, Stopping threads took: 0.0000479 seconds
{Heap before GC invocations=114 (full 1):
 par new generation   total 19008K, used 17548K [0x00000000c3000000, 0x00000000c44a0000, 0x00000000cd660000)
  eden space 16896K, 100% used [0x00000000c3000000, 0x00000000c4080000, 0x00000000c4080000)
  from space 2112K,  30% used [0x00000000c4080000, 0x00000000c41230e0, 0x00000000c4290000)
  to   space 2112K,   0% used [0x00000000c4290000, 0x00000000c4290000, 0x00000000c44a0000)
 concurrent mark-sweep generation total 42368K, used 14619K [0x00000000cd660000, 0x00000000cffc0000, 0x0000000100000000)
 Metaspace       used 30582K, capacity 31480K, committed 31764K, reserved 1077248K
  class space    used 3857K, capacity 4090K, committed 4172K, reserved 1048576K
2020-02-27T14:34:07.930+0000: 10.733: [GC (Allocation Failure) 2020-02-27T14:34:07.930+0000: 10.733: [ParNew
Desired survivor size 1081344 bytes, new threshold 6 (max 6)
- age   1:     120176 bytes,     120176 total
- age   2:     101432 bytes,     221608 total
- age   3:      75888 bytes,     297496 total
- age   4:      74904 bytes,     372400 total
- age   5:      75816 bytes,     448216 total
- age   6:      87688 bytes,     535904 total
: 17548K->697K(19008K), 0.0054084 secs] 32167K->15366K(61376K), 0.0054743 secs] [Times: user=0.01 sys=0.00, real=0.00 secs] 
Heap after GC invocations=115 (full 1):
 par new generation   total 19008K, used 697K [0x00000000c3000000, 0x00000000c44a0000, 0x00000000cd660000)
  eden space 16896K,   0% used [0x00000000c3000000, 0x00000000c3000000, 0x00000000c4080000)
  from space 2112K,  33% used [0x00000000c4290000, 0x00000000c433e690, 0x00000000c44a0000)
  to   space 2112K,   0% used [0x00000000c4080000, 0x00000000c4080000, 0x00000000c4290000)
 concurrent mark-sweep generation total 42368K, used 14669K [0x00000000cd660000, 0x00000000cffc0000, 0x0000000100000000)
 Metaspace       used 30582K, capacity 31480K, committed 31764K, reserved 1077248K
  class space    used 3857K, capacity 4090K, committed 4172K, reserved 1048576K
}
2020-02-27T14:34:07.935+0000: 10.739: Total time for which application threads were stopped: 0.0056842 seconds, Stopping threads took: 0.0000630 seconds
{Heap before GC invocations=115 (full 1):
 par new generation   total 19008K, used 17593K [0x00000000c3000000, 0x00000000c44a0000, 0x00000000cd660000)
  eden space 16896K, 100% used [0x00000000c3000000, 0x00000000c4080000, 0x00000000c4080000)
  from space 2112K,  33% used [0x00000000c4290000, 0x00000000c433e690, 0x00000000c44a0000)
  to   space 2112K,   0% used [0x00000000c4080000, 0x00000000c4080000, 0x00000000c4290000)
 concurrent mark-sweep generation total 42368K, used 14669K [0x00000000cd660000, 0x00000000cffc0000, 0x0000000100000000)
 Metaspace       used 30657K, capacity 31544K, committed 31764K, reserved 1077248K
  class space    used 3867K, capacity 4090K, committed 4172K, reserved 1048576K
2020-02-27T14:34:07.978+0000: 10.781: [GC (Allocation Failure) 2020-02-27T14:34:07.978+0000: 10.781: [ParNew
Desired survivor size 1081344 bytes, new threshold 6 (max 6)
- age   1:     102632 bytes,     102632 total
- age   2:     112416 bytes,     215048 total
- age   3:      96912 bytes,     311960 total
- age   4:      68152 bytes,     380112 total
- age   5:      69888 bytes,     450000 total
- age   6:      75776 bytes,     525776 total
: 17593K->761K(19008K), 0.0055266 secs] 32262K->15520K(61376K), 0.0056104 secs] [Times: user=0.01 sys=0.00, real=0.00 secs] 
Heap after GC invocations=116 (full 1):
 par new generation   total 19008K, used 761K [0x00000000c3000000, 0x00000000c44a0000, 0x00000000cd660000)
  eden space 16896K,   0% used [0x00000000c3000000, 0x00000000c3000000, 0x00000000c4080000)
  from space 2112K,  36% used [0x00000000c4080000, 0x00000000c413e680, 0x00000000c4290000)
  to   space 2112K,   0% used [0x00000000c4290000, 0x00000000c4290000, 0x00000000c44a0000)
 concurrent mark-sweep generation total 42368K, used 14758K [0x00000000cd660000, 0x00000000cffc0000, 0x0000000100000000)
 Metaspace       used 30657K, capacity 31544K, committed 31764K, reserved 1077248K
  class space    used 3867K, capacity 4090K, committed 4172K, reserved 1048576K
}
2020-02-27T14:34:07.984+0000: 10.787: Total time for which application threads were stopped: 0.0058136 seconds, Stopping threads took: 0.0000653 seconds
{Heap before GC invocations=116 (full 1):
 par new generation   total 19008K, used 17657K [0x00000000c3000000, 0x00000000c44a0000, 0x00000000cd660000)
  eden space 16896K, 100% used [0x00000000c3000000, 0x00000000c4080000, 0x00000000c4080000)
  from space 2112K,  36% used [0x00000000c4080000, 0x00000000c413e680, 0x00000000c4290000)
  to   space 2112K,   0% used [0x00000000c4290000, 0x00000000c4290000, 0x00000000c44a0000)
 concurrent mark-sweep generation total 42368K, used 14758K [0x00000000cd660000, 0x00000000cffc0000, 0x0000000100000000)
 Metaspace       used 30810K, capacity 31776K, committed 32020K, reserved 1077248K
  class space    used 3892K, capacity 4110K, committed 4172K, reserved 1048576K
2020-02-27T14:34:08.038+0000: 10.841: [GC (Allocation Failure) 2020-02-27T14:34:08.038+0000: 10.841: [ParNew
Desired survivor size 1081344 bytes, new threshold 6 (max 6)
- age   1:     121944 bytes,     121944 total
- age   2:      96280 bytes,     218224 total
- age   3:     109824 bytes,     328048 total
- age   4:      89760 bytes,     417808 total
- age   5:      64728 bytes,     482536 total
- age   6:      69888 bytes,     552424 total
: 17657K->768K(19008K), 0.0053072 secs] 32416K->15604K(61376K), 0.0053697 secs] [Times: user=0.01 sys=0.00, real=0.00 secs] 
Heap after GC invocations=117 (full 1):
 par new generation   total 19008K, used 768K [0x00000000c3000000, 0x00000000c44a0000, 0x00000000cd660000)
  eden space 16896K,   0% used [0x00000000c3000000, 0x00000000c3000000, 0x00000000c4080000)
  from space 2112K,  36% used [0x00000000c4290000, 0x00000000c4350198, 0x00000000c44a0000)
  to   space 2112K,   0% used [0x00000000c4080000, 0x00000000c4080000, 0x00000000c4290000)
 concurrent mark-sweep generation total 42368K, used 14836K [0x00000000cd660000, 0x00000000cffc0000, 0x0000000100000000)
 Metaspace       used 30810K, capacity 31776K, committed 32020K, reserved 1077248K
  class space    used 3892K, capacity 4110K, committed 4172K, reserved 1048576K
}
2020-02-27T14:34:08.044+0000: 10.847: Total time for which application threads were stopped: 0.0055468 seconds, Stopping threads took: 0.0000346 seconds
{Heap before GC invocations=117 (full 1):
 par new generation   total 19008K, used 17664K [0x00000000c3000000, 0x00000000c44a0000, 0x00000000cd660000)
  eden space 16896K, 100% used [0x00000000c3000000, 0x00000000c4080000, 0x00000000c4080000)
  from space 2112K,  36% used [0x00000000c4290000, 0x00000000c4350198, 0x00000000c44a0000)
  to   space 2112K,   0% used [0x00000000c4080000, 0x00000000c4080000, 0x00000000c4290000)
 concurrent mark-sweep generation total 42368K, used 14836K [0x00000000cd660000, 0x00000000cffc0000, 0x0000000100000000)
 Metaspace       used 30943K, capacity 31908K, committed 32020K, reserved 1077248K
  class space    used 3912K, capacity 4152K, committed 4172K, reserved 1048576K
2020-02-27T14:34:08.114+0000: 10.917: [GC (Allocation Failure) 2020-02-27T14:34:08.114+0000: 10.917: [ParNew
Desired survivor size 1081344 bytes, new threshold 6 (max 6)
- age   1:     337360 bytes,     337360 total
- age   2:     111648 bytes,     449008 total
- age   3:      94104 bytes,     543112 total
- age   4:     106312 bytes,     649424 total
- age   5:      89760 bytes,     739184 total
- age   6:      64728 bytes,     803912 total
: 17664K->801K(19008K), 0.0063653 secs] 32500K->15708K(61376K), 0.0064442 secs] [Times: user=0.01 sys=0.00, real=0.01 secs] 
Heap after GC invocations=118 (full 1):
 par new generation   total 19008K, used 801K [0x00000000c3000000, 0x00000000c44a0000, 0x00000000cd660000)
  eden space 16896K,   0% used [0x00000000c3000000, 0x00000000c3000000, 0x00000000c4080000)
  from space 2112K,  37% used [0x00000000c4080000, 0x00000000c41484c0, 0x00000000c4290000)
  to   space 2112K,   0% used [0x00000000c4290000, 0x00000000c4290000, 0x00000000c44a0000)
 concurrent mark-sweep generation total 42368K, used 14907K [0x00000000cd660000, 0x00000000cffc0000, 0x0000000100000000)
 Metaspace       used 30943K, capacity 31908K, committed 32020K, reserved 1077248K
  class space    used 3912K, capacity 4152K, committed 4172K, reserved 1048576K
}
2020-02-27T14:34:08.120+0000: 10.924: Total time for which application threads were stopped: 0.0066705 seconds, Stopping threads took: 0.0000516 seconds
2020-02-27T14:34:08.129+0000: 10.932: Total time for which application threads were stopped: 0.0005002 seconds, Stopping threads took: 0.0000498 seconds
{Heap before GC invocations=118 (full 1):
 par new generation   total 19008K, used 17697K [0x00000000c3000000, 0x00000000c44a0000, 0x00000000cd660000)
  eden space 16896K, 100% used [0x00000000c3000000, 0x00000000c4080000, 0x00000000c4080000)
  from space 2112K,  37% used [0x00000000c4080000, 0x00000000c41484c0, 0x00000000c4290000)
  to   space 2112K,   0% used [0x00000000c4290000, 0x00000000c4290000, 0x00000000c44a0000)
 concurrent mark-sweep generation total 42368K, used 14907K [0x00000000cd660000, 0x00000000cffc0000, 0x0000000100000000)
 Metaspace       used 31201K, capacity 32212K, committed 32404K, reserved 1077248K
  class space    used 3952K, capacity 4202K, committed 4300K, reserved 1048576K
2020-02-27T14:34:08.213+0000: 11.016: [GC (Allocation Failure) 2020-02-27T14:34:08.213+0000: 11.016: [ParNew
Desired survivor size 1081344 bytes, new threshold 6 (max 6)
- age   1:     328600 bytes,     328600 total
- age   2:     322392 bytes,     650992 total
- age   3:     111648 bytes,     762640 total
- age   4:      93632 bytes,     856272 total
- age   5:     106312 bytes,     962584 total
- age   6:      89760 bytes,    1052344 total
: 17697K->1439K(19008K), 0.0048756 secs] 32604K->16413K(61376K), 0.0049338 secs] [Times: user=0.00 sys=0.00, real=0.01 secs] 
Heap after GC invocations=119 (full 1):
 par new generation   total 19008K, used 1439K [0x00000000c3000000, 0x00000000c44a0000, 0x00000000cd660000)
  eden space 16896K,   0% used [0x00000000c3000000, 0x00000000c3000000, 0x00000000c4080000)
  from space 2112K,  68% used [0x00000000c4290000, 0x00000000c43f7cb0, 0x00000000c44a0000)
  to   space 2112K,   0% used [0x00000000c4080000, 0x00000000c4080000, 0x00000000c4290000)
 concurrent mark-sweep generation total 42368K, used 14974K [0x00000000cd660000, 0x00000000cffc0000, 0x0000000100000000)
 Metaspace       used 31201K, capacity 32212K, committed 32404K, reserved 1077248K
  class space    used 3952K, capacity 4202K, committed 4300K, reserved 1048576K
}
2020-02-27T14:34:08.218+0000: 11.021: Total time for which application threads were stopped: 0.0051320 seconds, Stopping threads took: 0.0000583 seconds
{Heap before GC invocations=119 (full 1):
 par new generation   total 19008K, used 18335K [0x00000000c3000000, 0x00000000c44a0000, 0x00000000cd660000)
  eden space 16896K, 100% used [0x00000000c3000000, 0x00000000c4080000, 0x00000000c4080000)
  from space 2112K,  68% used [0x00000000c4290000, 0x00000000c43f7cb0, 0x00000000c44a0000)
  to   space 2112K,   0% used [0x00000000c4080000, 0x00000000c4080000, 0x00000000c4290000)
 concurrent mark-sweep generation total 42368K, used 14974K [0x00000000cd660000, 0x00000000cffc0000, 0x0000000100000000)
 Metaspace       used 31395K, capacity 32416K, committed 32660K, reserved 1077248K
  class space    used 3978K, capacity 4204K, committed 4300K, reserved 1048576K
2020-02-27T14:34:08.268+0000: 11.072: [GC (Allocation Failure) 2020-02-27T14:34:08.268+0000: 11.072: [ParNew
Desired survivor size 1081344 bytes, new threshold 6 (max 6)
- age   1:     122808 bytes,     122808 total
- age   2:     310064 bytes,     432872 total
- age   3:     320328 bytes,     753200 total
- age   4:     111648 bytes,     864848 total
- age   5:      93632 bytes,     958480 total
- age   6:     106312 bytes,    1064792 total
: 18335K->1422K(19008K), 0.0034063 secs] 33309K->16487K(61376K), 0.0034780 secs] [Times: user=0.00 sys=0.00, real=0.00 secs] 
Heap after GC invocations=120 (full 1):
 par new generation   total 19008K, used 1422K [0x00000000c3000000, 0x00000000c44a0000, 0x00000000cd660000)
  eden space 16896K,   0% used [0x00000000c3000000, 0x00000000c3000000, 0x00000000c4080000)
  from space 2112K,  67% used [0x00000000c4080000, 0x00000000c41e3a70, 0x00000000c4290000)
  to   space 2112K,   0% used [0x00000000c4290000, 0x00000000c4290000, 0x00000000c44a0000)
 concurrent mark-sweep generation total 42368K, used 15065K [0x00000000cd660000, 0x00000000cffc0000, 0x0000000100000000)
 Metaspace       used 31395K, capacity 32416K, committed 32660K, reserved 1077248K
  class space    used 3978K, capacity 4204K, committed 4300K, reserved 1048576K
}
2020-02-27T14:34:08.272+0000: 11.075: Total time for which application threads were stopped: 0.0037125 seconds, Stopping threads took: 0.0000720 seconds
{Heap before GC invocations=120 (full 1):
 par new generation   total 19008K, used 18318K [0x00000000c3000000, 0x00000000c44a0000, 0x00000000cd660000)
  eden space 16896K, 100% used [0x00000000c3000000, 0x00000000c4080000, 0x00000000c4080000)
  from space 2112K,  67% used [0x00000000c4080000, 0x00000000c41e3a70, 0x00000000c4290000)
  to   space 2112K,   0% used [0x00000000c4290000, 0x00000000c4290000, 0x00000000c44a0000)
 concurrent mark-sweep generation total 42368K, used 15065K [0x00000000cd660000, 0x00000000cffc0000, 0x0000000100000000)
 Metaspace       used 31538K, capacity 32576K, committed 32660K, reserved 1077248K
  class space    used 3995K, capacity 4236K, committed 4300K, reserved 1048576K
2020-02-27T14:34:08.320+0000: 11.123: [GC (Allocation Failure) 2020-02-27T14:34:08.320+0000: 11.123: [ParNew
Desired survivor size 1081344 bytes, new threshold 6 (max 6)
- age   1:     115376 bytes,     115376 total
- age   2:     107856 bytes,     223232 total
- age   3:     304832 bytes,     528064 total
- age   4:     320328 bytes,     848392 total
- age   5:     111648 bytes,     960040 total
- age   6:      93672 bytes,    1053712 total
: 18318K->1522K(19008K), 0.0036366 secs] 33383K->16696K(61376K), 0.0036984 secs] [Times: user=0.01 sys=0.00, real=0.00 secs] 
Heap after GC invocations=121 (full 1):
 par new generation   total 19008K, used 1522K [0x00000000c3000000, 0x00000000c44a0000, 0x00000000cd660000)
  eden space 16896K,   0% used [0x00000000c3000000, 0x00000000c3000000, 0x00000000c4080000)
  from space 2112K,  72% used [0x00000000c4290000, 0x00000000c440caf0, 0x00000000c44a0000)
  to   space 2112K,   0% used [0x00000000c4080000, 0x00000000c4080000, 0x00000000c4290000)
 concurrent mark-sweep generation total 42368K, used 15173K [0x00000000cd660000, 0x00000000cffc0000, 0x0000000100000000)
 Metaspace       used 31538K, capacity 32576K, committed 32660K, reserved 1077248K
  class space    used 3995K, capacity 4236K, committed 4300K, reserved 1048576K
}
2020-02-27T14:34:08.324+0000: 11.127: Total time for which application threads were stopped: 0.0038764 seconds, Stopping threads took: 0.0000246 seconds
{Heap before GC invocations=121 (full 1):
 par new generation   total 19008K, used 18418K [0x00000000c3000000, 0x00000000c44a0000, 0x00000000cd660000)
  eden space 16896K, 100% used [0x00000000c3000000, 0x00000000c4080000, 0x00000000c4080000)
  from space 2112K,  72% used [0x00000000c4290000, 0x00000000c440caf0, 0x00000000c44a0000)
  to   space 2112K,   0% used [0x00000000c4080000, 0x00000000c4080000, 0x00000000c4290000)
 concurrent mark-sweep generation total 42368K, used 15173K [0x00000000cd660000, 0x00000000cffc0000, 0x0000000100000000)
 Metaspace       used 31759K, capacity 32800K, committed 32916K, reserved 1077248K
  class space    used 4020K, capacity 4268K, committed 4300K, reserved 1048576K
2020-02-27T14:34:08.349+0000: 11.152: [GC (Allocation Failure) 2020-02-27T14:34:08.349+0000: 11.152: [ParNew
Desired survivor size 1081344 bytes, new threshold 6 (max 6)
- age   1:      71048 bytes,      71048 total
- age   2:      85552 bytes,     156600 total
- age   3:     106936 bytes,     263536 total
- age   4:     304832 bytes,     568368 total
- age   5:     320328 bytes,     888696 total
- age   6:     111648 bytes,    1000344 total
: 18418K->1537K(19008K), 0.0032040 secs] 33592K->16805K(61376K), 0.0032759 secs] [Times: user=0.00 sys=0.00, real=0.00 secs] 
Heap after GC invocations=122 (full 1):
 par new generation   total 19008K, used 1537K [0x00000000c3000000, 0x00000000c44a0000, 0x00000000cd660000)
  eden space 16896K,   0% used [0x00000000c3000000, 0x00000000c3000000, 0x00000000c4080000)
  from space 2112K,  72% used [0x00000000c4080000, 0x00000000c4200420, 0x00000000c4290000)
  to   space 2112K,   0% used [0x00000000c4290000, 0x00000000c4290000, 0x00000000c44a0000)
 concurrent mark-sweep generation total 42368K, used 15268K [0x00000000cd660000, 0x00000000cffc0000, 0x0000000100000000)
 Metaspace       used 31759K, capacity 32800K, committed 32916K, reserved 1077248K
  class space    used 4020K, capacity 4268K, committed 4300K, reserved 1048576K
}
2020-02-27T14:34:08.353+0000: 11.156: Total time for which application threads were stopped: 0.0034130 seconds, Stopping threads took: 0.0000234 seconds
2020-02-27T14:34:08.374+0000: 11.177: Total time for which application threads were stopped: 0.0005122 seconds, Stopping threads took: 0.0000702 seconds
{Heap before GC invocations=122 (full 1):
 par new generation   total 19008K, used 18433K [0x00000000c3000000, 0x00000000c44a0000, 0x00000000cd660000)
  eden space 16896K, 100% used [0x00000000c3000000, 0x00000000c4080000, 0x00000000c4080000)
  from space 2112K,  72% used [0x00000000c4080000, 0x00000000c4200420, 0x00000000c4290000)
  to   space 2112K,   0% used [0x00000000c4290000, 0x00000000c4290000, 0x00000000c44a0000)
 concurrent mark-sweep generation total 42368K, used 15268K [0x00000000cd660000, 0x00000000cffc0000, 0x0000000100000000)
 Metaspace       used 31941K, capacity 32986K, committed 33300K, reserved 1079296K
  class space    used 4050K, capacity 4303K, committed 4428K, reserved 1048576K
2020-02-27T14:34:08.408+0000: 11.211: [GC (Allocation Failure) 2020-02-27T14:34:08.408+0000: 11.211: [ParNew
Desired survivor size 1081344 bytes, new threshold 6 (max 6)
- age   1:     185784 bytes,     185784 total
- age   2:      57848 bytes,     243632 total
- age   3:      75392 bytes,     319024 total
- age   4:     103208 bytes,     422232 total
- age   5:     303304 bytes,     725536 total
- age   6:     320304 bytes,    1045840 total
: 18433K->1482K(19008K), 0.0034551 secs] 33701K->16863K(61376K), 0.0035187 secs] [Times: user=0.01 sys=0.00, real=0.00 secs] 
Heap after GC invocations=123 (full 1):
 par new generation   total 19008K, used 1482K [0x00000000c3000000, 0x00000000c44a0000, 0x00000000cd660000)
  eden space 16896K,   0% used [0x00000000c3000000, 0x00000000c3000000, 0x00000000c4080000)
  from space 2112K,  70% used [0x00000000c4290000, 0x00000000c44029b0, 0x00000000c44a0000)
  to   space 2112K,   0% used [0x00000000c4080000, 0x00000000c4080000, 0x00000000c4290000)
 concurrent mark-sweep generation total 42368K, used 15380K [0x00000000cd660000, 0x00000000cffc0000, 0x0000000100000000)
 Metaspace       used 31941K, capacity 32986K, committed 33300K, reserved 1079296K
  class space    used 4050K, capacity 4303K, committed 4428K, reserved 1048576K
}
2020-02-27T14:34:08.412+0000: 11.215: Total time for which application threads were stopped: 0.0037529 seconds, Stopping threads took: 0.0000880 seconds
{Heap before GC invocations=123 (full 1):
 par new generation   total 19008K, used 18378K [0x00000000c3000000, 0x00000000c44a0000, 0x00000000cd660000)
  eden space 16896K, 100% used [0x00000000c3000000, 0x00000000c4080000, 0x00000000c4080000)
  from space 2112K,  70% used [0x00000000c4290000, 0x00000000c44029b0, 0x00000000c44a0000)
  to   space 2112K,   0% used [0x00000000c4080000, 0x00000000c4080000, 0x00000000c4290000)
 concurrent mark-sweep generation total 42368K, used 15380K [0x00000000cd660000, 0x00000000cffc0000, 0x0000000100000000)
 Metaspace       used 32185K, capacity 33242K, committed 33556K, reserved 1079296K
  class space    used 4077K, capacity 4303K, committed 4428K, reserved 1048576K
2020-02-27T14:34:08.454+0000: 11.257: [GC (Allocation Failure) 2020-02-27T14:34:08.454+0000: 11.257: [ParNew
Desired survivor size 1081344 bytes, new threshold 6 (max 6)
- age   1:     141792 bytes,     141792 total
- age   2:     160736 bytes,     302528 total
- age   3:      57848 bytes,     360376 total
- age   4:      75392 bytes,     435768 total
- age   5:     101000 bytes,     536768 total
- age   6:     302768 bytes,     839536 total
: 18378K->1517K(19008K), 0.0039889 secs] 33759K->17220K(61376K), 0.0041163 secs] [Times: user=0.00 sys=0.00, real=0.01 secs] 
Heap after GC invocations=124 (full 1):
 par new generation   total 19008K, used 1517K [0x00000000c3000000, 0x00000000c44a0000, 0x00000000cd660000)
  eden space 16896K,   0% used [0x00000000c3000000, 0x00000000c3000000, 0x00000000c4080000)
  from space 2112K,  71% used [0x00000000c4080000, 0x00000000c41fb758, 0x00000000c4290000)
  to   space 2112K,   0% used [0x00000000c4290000, 0x00000000c4290000, 0x00000000c44a0000)
 concurrent mark-sweep generation total 42368K, used 15702K [0x00000000cd660000, 0x00000000cffc0000, 0x0000000100000000)
 Metaspace       used 32185K, capacity 33242K, committed 33556K, reserved 1079296K
  class space    used 4077K, capacity 4303K, committed 4428K, reserved 1048576K
}
2020-02-27T14:34:08.458+0000: 11.261: Total time for which application threads were stopped: 0.0043592 seconds, Stopping threads took: 0.0000953 seconds
{Heap before GC invocations=124 (full 1):
 par new generation   total 19008K, used 18413K [0x00000000c3000000, 0x00000000c44a0000, 0x00000000cd660000)
  eden space 16896K, 100% used [0x00000000c3000000, 0x00000000c4080000, 0x00000000c4080000)
  from space 2112K,  71% used [0x00000000c4080000, 0x00000000c41fb758, 0x00000000c4290000)
  to   space 2112K,   0% used [0x00000000c4290000, 0x00000000c4290000, 0x00000000c44a0000)
 concurrent mark-sweep generation total 42368K, used 15702K [0x00000000cd660000, 0x00000000cffc0000, 0x0000000100000000)
 Metaspace       used 32377K, capacity 33408K, committed 33556K, reserved 1079296K
  class space    used 4107K, capacity 4336K, committed 4428K, reserved 1048576K
2020-02-27T14:34:08.504+0000: 11.307: [GC (Allocation Failure) 2020-02-27T14:34:08.504+0000: 11.307: [ParNew
Desired survivor size 1081344 bytes, new threshold 6 (max 6)
- age   1:     138112 bytes,     138112 total
- age   2:     111864 bytes,     249976 total
- age   3:     159936 bytes,     409912 total
- age   4:      57848 bytes,     467760 total
- age   5:      75392 bytes,     543152 total
- age   6:     101000 bytes,     644152 total
: 18413K->841K(19008K), 0.0074162 secs] 34116K->16851K(61376K), 0.0074810 secs] [Times: user=0.02 sys=0.00, real=0.01 secs] 
Heap after GC invocations=125 (full 1):
 par new generation   total 19008K, used 841K [0x00000000c3000000, 0x00000000c44a0000, 0x00000000cd660000)
  eden space 16896K,   0% used [0x00000000c3000000, 0x00000000c3000000, 0x00000000c4080000)
  from space 2112K,  39% used [0x00000000c4290000, 0x00000000c4362558, 0x00000000c44a0000)
  to   space 2112K,   0% used [0x00000000c4080000, 0x00000000c4080000, 0x00000000c4290000)
 concurrent mark-sweep generation total 42368K, used 16010K [0x00000000cd660000, 0x00000000cffc0000, 0x0000000100000000)
 Metaspace       used 32377K, capacity 33408K, committed 33556K, reserved 1079296K
  class space    used 4107K, capacity 4336K, committed 4428K, reserved 1048576K
}
2020-02-27T14:34:08.512+0000: 11.315: Total time for which application threads were stopped: 0.0077081 seconds, Stopping threads took: 0.0000527 seconds
2020-02-27T14:34:08.531+0000: 11.334: Total time for which application threads were stopped: 0.0004523 seconds, Stopping threads took: 0.0000620 seconds
{Heap before GC invocations=125 (full 1):
 par new generation   total 19008K, used 17737K [0x00000000c3000000, 0x00000000c44a0000, 0x00000000cd660000)
  eden space 16896K, 100% used [0x00000000c3000000, 0x00000000c4080000, 0x00000000c4080000)
  from space 2112K,  39% used [0x00000000c4290000, 0x00000000c4362558, 0x00000000c44a0000)
  to   space 2112K,   0% used [0x00000000c4080000, 0x00000000c4080000, 0x00000000c4290000)
 concurrent mark-sweep generation total 42368K, used 16010K [0x00000000cd660000, 0x00000000cffc0000, 0x0000000100000000)
 Metaspace       used 32556K, capacity 33570K, committed 33812K, reserved 1079296K
  class space    used 4126K, capacity 4369K, committed 4428K, reserved 1048576K
2020-02-27T14:34:08.553+0000: 11.356: [GC (Allocation Failure) 2020-02-27T14:34:08.553+0000: 11.356: [ParNew
Desired survivor size 1081344 bytes, new threshold 6 (max 6)
- age   1:     265416 bytes,     265416 total
- age   2:     125120 bytes,     390536 total
- age   3:     111864 bytes,     502400 total
- age   4:     159936 bytes,     662336 total
- age   5:      57848 bytes,     720184 total
- age   6:      75392 bytes,     795576 total
: 17737K->914K(19008K), 0.0056014 secs] 33747K->17026K(61376K), 0.0056605 secs] [Times: user=0.01 sys=0.00, real=0.01 secs] 
Heap after GC invocations=126 (full 1):
 par new generation   total 19008K, used 914K [0x00000000c3000000, 0x00000000c44a0000, 0x00000000cd660000)
  eden space 16896K,   0% used [0x00000000c3000000, 0x00000000c3000000, 0x00000000c4080000)
  from space 2112K,  43% used [0x00000000c4080000, 0x00000000c4164870, 0x00000000c4290000)
  to   space 2112K,   0% used [0x00000000c4290000, 0x00000000c4290000, 0x00000000c44a0000)
 concurrent mark-sweep generation total 42368K, used 16112K [0x00000000cd660000, 0x00000000cffc0000, 0x0000000100000000)
 Metaspace       used 32556K, capacity 33570K, committed 33812K, reserved 1079296K
  class space    used 4126K, capacity 4369K, committed 4428K, reserved 1048576K
}
2020-02-27T14:34:08.559+0000: 11.362: Total time for which application threads were stopped: 0.0058129 seconds, Stopping threads took: 0.0000291 seconds
{Heap before GC invocations=126 (full 1):
 par new generation   total 19008K, used 17810K [0x00000000c3000000, 0x00000000c44a0000, 0x00000000cd660000)
  eden space 16896K, 100% used [0x00000000c3000000, 0x00000000c4080000, 0x00000000c4080000)
  from space 2112K,  43% used [0x00000000c4080000, 0x00000000c4164870, 0x00000000c4290000)
  to   space 2112K,   0% used [0x00000000c4290000, 0x00000000c4290000, 0x00000000c44a0000)
 concurrent mark-sweep generation total 42368K, used 16112K [0x00000000cd660000, 0x00000000cffc0000, 0x0000000100000000)
 Metaspace       used 32562K, capacity 33570K, committed 33812K, reserved 1079296K
  class space    used 4127K, capacity 4369K, committed 4428K, reserved 1048576K
2020-02-27T14:34:08.599+0000: 11.402: [GC (Allocation Failure) 2020-02-27T14:34:08.599+0000: 11.403: [ParNew
Desired survivor size 1081344 bytes, new threshold 6 (max 6)
- age   1:     128872 bytes,     128872 total
- age   2:     256440 bytes,     385312 total
- age   3:     124136 bytes,     509448 total
- age   4:     111864 bytes,     621312 total
- age   5:     159936 bytes,     781248 total
- age   6:      57848 bytes,     839096 total
: 17810K->1104K(19008K), 0.0070131 secs] 33922K->17293K(61376K), 0.0070866 secs] [Times: user=0.02 sys=0.00, real=0.01 secs] 
Heap after GC invocations=127 (full 1):
 par new generation   total 19008K, used 1104K [0x00000000c3000000, 0x00000000c44a0000, 0x00000000cd660000)
  eden space 16896K,   0% used [0x00000000c3000000, 0x00000000c3000000, 0x00000000c4080000)
  from space 2112K,  52% used [0x00000000c4290000, 0x00000000c43a4210, 0x00000000c44a0000)
  to   space 2112K,   0% used [0x00000000c4080000, 0x00000000c4080000, 0x00000000c4290000)
 concurrent mark-sweep generation total 42368K, used 16188K [0x00000000cd660000, 0x00000000cffc0000, 0x0000000100000000)
 Metaspace       used 32562K, capacity 33570K, committed 33812K, reserved 1079296K
  class space    used 4127K, capacity 4369K, committed 4428K, reserved 1048576K
}
2020-02-27T14:34:08.606+0000: 11.410: Total time for which application threads were stopped: 0.0072539 seconds, Stopping threads took: 0.0000304 seconds
{Heap before GC invocations=127 (full 1):
 par new generation   total 19008K, used 18000K [0x00000000c3000000, 0x00000000c44a0000, 0x00000000cd660000)
  eden space 16896K, 100% used [0x00000000c3000000, 0x00000000c4080000, 0x00000000c4080000)
  from space 2112K,  52% used [0x00000000c4290000, 0x00000000c43a4210, 0x00000000c44a0000)
  to   space 2112K,   0% used [0x00000000c4080000, 0x00000000c4080000, 0x00000000c4290000)
 concurrent mark-sweep generation total 42368K, used 16188K [0x00000000cd660000, 0x00000000cffc0000, 0x0000000100000000)
 Metaspace       used 32642K, capacity 33698K, committed 33812K, reserved 1079296K
  class space    used 4133K, capacity 4369K, committed 4428K, reserved 1048576K
2020-02-27T14:34:08.662+0000: 11.465: [GC (Allocation Failure) 2020-02-27T14:34:08.662+0000: 11.465: [ParNew
Desired survivor size 1081344 bytes, new threshold 6 (max 6)
- age   1:     142200 bytes,     142200 total
- age   2:      90872 bytes,     233072 total
- age   3:      43416 bytes,     276488 total
- age   4:     123464 bytes,     399952 total
- age   5:     110432 bytes,     510384 total
- age   6:     159936 bytes,     670320 total
: 18000K->1194K(19008K), 0.0031796 secs] 34189K->17441K(61376K), 0.0032325 secs] [Times: user=0.01 sys=0.00, real=0.01 secs] 
Heap after GC invocations=128 (full 1):
 par new generation   total 19008K, used 1194K [0x00000000c3000000, 0x00000000c44a0000, 0x00000000cd660000)
  eden space 16896K,   0% used [0x00000000c3000000, 0x00000000c3000000, 0x00000000c4080000)
  from space 2112K,  56% used [0x00000000c4080000, 0x00000000c41aaad0, 0x00000000c4290000)
  to   space 2112K,   0% used [0x00000000c4290000, 0x00000000c4290000, 0x00000000c44a0000)
 concurrent mark-sweep generation total 42368K, used 16246K [0x00000000cd660000, 0x00000000cffc0000, 0x0000000100000000)
 Metaspace       used 32642K, capacity 33698K, committed 33812K, reserved 1079296K
  class space    used 4133K, capacity 4369K, committed 4428K, reserved 1048576K
}
2020-02-27T14:34:08.665+0000: 11.468: Total time for which application threads were stopped: 0.0034345 seconds, Stopping threads took: 0.0000634 seconds
{Heap before GC invocations=128 (full 1):
 par new generation   total 19008K, used 18090K [0x00000000c3000000, 0x00000000c44a0000, 0x00000000cd660000)
  eden space 16896K, 100% used [0x00000000c3000000, 0x00000000c4080000, 0x00000000c4080000)
  from space 2112K,  56% used [0x00000000c4080000, 0x00000000c41aaad0, 0x00000000c4290000)
  to   space 2112K,   0% used [0x00000000c4290000, 0x00000000c4290000, 0x00000000c44a0000)
 concurrent mark-sweep generation total 42368K, used 16246K [0x00000000cd660000, 0x00000000cffc0000, 0x0000000100000000)
 Metaspace       used 32702K, capacity 33762K, committed 34068K, reserved 1079296K
  class space    used 4146K, capacity 4369K, committed 4428K, reserved 1048576K
2020-02-27T14:34:08.703+0000: 11.507: [GC (Allocation Failure) 2020-02-27T14:34:08.704+0000: 11.507: [ParNew
Desired survivor size 1081344 bytes, new threshold 6 (max 6)
- age   1:     126936 bytes,     126936 total
- age   2:     125224 bytes,     252160 total
- age   3:      90872 bytes,     343032 total
- age   4:      43416 bytes,     386448 total
- age   5:     117416 bytes,     503864 total
- age   6:     104936 bytes,     608800 total
: 18090K->665K(19008K), 0.0038857 secs] 34337K->17073K(61376K), 0.0039580 secs] [Times: user=0.01 sys=0.00, real=0.01 secs] 
Heap after GC invocations=129 (full 1):
 par new generation   total 19008K, used 665K [0x00000000c3000000, 0x00000000c44a0000, 0x00000000cd660000)
  eden space 16896K,   0% used [0x00000000c3000000, 0x00000000c3000000, 0x00000000c4080000)
  from space 2112K,  31% used [0x00000000c4290000, 0x00000000c4336620, 0x00000000c44a0000)
  to   space 2112K,   0% used [0x00000000c4080000, 0x00000000c4080000, 0x00000000c4290000)
 concurrent mark-sweep generation total 42368K, used 16408K [0x00000000cd660000, 0x00000000cffc0000, 0x0000000100000000)
 Metaspace       used 32702K, capacity 33762K, committed 34068K, reserved 1079296K
  class space    used 4146K, capacity 4369K, committed 4428K, reserved 1048576K
}
2020-02-27T14:34:08.707+0000: 11.511: Total time for which application threads were stopped: 0.0041285 seconds, Stopping threads took: 0.0000404 seconds
{Heap before GC invocations=129 (full 1):
 par new generation   total 19008K, used 17561K [0x00000000c3000000, 0x00000000c44a0000, 0x00000000cd660000)
  eden space 16896K, 100% used [0x00000000c3000000, 0x00000000c4080000, 0x00000000c4080000)
  from space 2112K,  31% used [0x00000000c4290000, 0x00000000c4336620, 0x00000000c44a0000)
  to   space 2112K,   0% used [0x00000000c4080000, 0x00000000c4080000, 0x00000000c4290000)
 concurrent mark-sweep generation total 42368K, used 16408K [0x00000000cd660000, 0x00000000cffc0000, 0x0000000100000000)
 Metaspace       used 32853K, capacity 33946K, committed 34068K, reserved 1079296K
  class space    used 4170K, capacity 4405K, committed 4428K, reserved 1048576K
2020-02-27T14:34:08.754+0000: 11.557: [GC (Allocation Failure) 2020-02-27T14:34:08.754+0000: 11.557: [ParNew
Desired survivor size 1081344 bytes, new threshold 6 (max 6)
- age   1:     181000 bytes,     181000 total
- age   2:     103176 bytes,     284176 total
- age   3:     125112 bytes,     409288 total
- age   4:      90872 bytes,     500160 total
- age   5:      43416 bytes,     543576 total
- age   6:     117416 bytes,     660992 total
: 17561K->834K(19008K), 0.0031853 secs] 33969K->17348K(61376K), 0.0032459 secs] [Times: user=0.01 sys=0.00, real=0.01 secs] 
Heap after GC invocations=130 (full 1):
 par new generation   total 19008K, used 834K [0x00000000c3000000, 0x00000000c44a0000, 0x00000000cd660000)
  eden space 16896K,   0% used [0x00000000c3000000, 0x00000000c3000000, 0x00000000c4080000)
  from space 2112K,  39% used [0x00000000c4080000, 0x00000000c4150b48, 0x00000000c4290000)
  to   space 2112K,   0% used [0x00000000c4290000, 0x00000000c4290000, 0x00000000c44a0000)
 concurrent mark-sweep generation total 42368K, used 16513K [0x00000000cd660000, 0x00000000cffc0000, 0x0000000100000000)
 Metaspace       used 32853K, capacity 33946K, committed 34068K, reserved 1079296K
  class space    used 4170K, capacity 4405K, committed 4428K, reserved 1048576K
}
2020-02-27T14:34:08.757+0000: 11.560: Total time for which application threads were stopped: 0.0034690 seconds, Stopping threads took: 0.0000836 seconds
{Heap before GC invocations=130 (full 1):
 par new generation   total 19008K, used 17730K [0x00000000c3000000, 0x00000000c44a0000, 0x00000000cd660000)
  eden space 16896K, 100% used [0x00000000c3000000, 0x00000000c4080000, 0x00000000c4080000)
  from space 2112K,  39% used [0x00000000c4080000, 0x00000000c4150b48, 0x00000000c4290000)
  to   space 2112K,   0% used [0x00000000c4290000, 0x00000000c4290000, 0x00000000c44a0000)
 concurrent mark-sweep generation total 42368K, used 16513K [0x00000000cd660000, 0x00000000cffc0000, 0x0000000100000000)
 Metaspace       used 32932K, capacity 34042K, committed 34196K, reserved 1079296K
  class space    used 4187K, capacity 4437K, committed 4556K, reserved 1048576K
2020-02-27T14:34:08.792+0000: 11.595: [GC (Allocation Failure) 2020-02-27T14:34:08.792+0000: 11.595: [ParNew
Desired survivor size 1081344 bytes, new threshold 6 (max 6)
- age   1:     114320 bytes,     114320 total
- age   2:     165424 bytes,     279744 total
- age   3:     103176 bytes,     382920 total
- age   4:     125112 bytes,     508032 total
- age   5:      90872 bytes,     598904 total
- age   6:      43416 bytes,     642320 total
: 17730K->931K(19008K), 0.0081836 secs] 34244K->17563K(61376K), 0.0082551 secs] [Times: user=0.02 sys=0.00, real=0.01 secs] 
Heap after GC invocations=131 (full 1):
 par new generation   total 19008K, used 931K [0x00000000c3000000, 0x00000000c44a0000, 0x00000000cd660000)
  eden space 16896K,   0% used [0x00000000c3000000, 0x00000000c3000000, 0x00000000c4080000)
  from space 2112K,  44% used [0x00000000c4290000, 0x00000000c4378d70, 0x00000000c44a0000)
  to   space 2112K,   0% used [0x00000000c4080000, 0x00000000c4080000, 0x00000000c4290000)
 concurrent mark-sweep generation total 42368K, used 16631K [0x00000000cd660000, 0x00000000cffc0000, 0x0000000100000000)
 Metaspace       used 32932K, capacity 34042K, committed 34196K, reserved 1079296K
  class space    used 4187K, capacity 4437K, committed 4556K, reserved 1048576K
}
2020-02-27T14:34:08.800+0000: 11.603: Total time for which application threads were stopped: 0.0084049 seconds, Stopping threads took: 0.0000238 seconds
{Heap before GC invocations=131 (full 1):
 par new generation   total 19008K, used 17827K [0x00000000c3000000, 0x00000000c44a0000, 0x00000000cd660000)
  eden space 16896K, 100% used [0x00000000c3000000, 0x00000000c4080000, 0x00000000c4080000)
  from space 2112K,  44% used [0x00000000c4290000, 0x00000000c4378d70, 0x00000000c44a0000)
  to   space 2112K,   0% used [0x00000000c4080000, 0x00000000c4080000, 0x00000000c4290000)
 concurrent mark-sweep generation total 42368K, used 16631K [0x00000000cd660000, 0x00000000cffc0000, 0x0000000100000000)
 Metaspace       used 33074K, capacity 34170K, committed 34452K, reserved 1079296K
  class space    used 4208K, capacity 4437K, committed 4556K, reserved 1048576K
2020-02-27T14:34:08.844+0000: 11.647: [GC (Allocation Failure) 2020-02-27T14:34:08.844+0000: 11.647: [ParNew
Desired survivor size 1081344 bytes, new threshold 6 (max 6)
- age   1:     168104 bytes,     168104 total
- age   2:     101792 bytes,     269896 total
- age   3:     155392 bytes,     425288 total
- age   4:     103176 bytes,     528464 total
- age   5:     125112 bytes,     653576 total
- age   6:      90872 bytes,     744448 total
: 17827K->938K(19008K), 0.0030884 secs] 34459K->17613K(61376K), 0.0031483 secs] [Times: user=0.00 sys=0.00, real=0.01 secs] 
Heap after GC invocations=132 (full 1):
 par new generation   total 19008K, used 938K [0x00000000c3000000, 0x00000000c44a0000, 0x00000000cd660000)
  eden space 16896K,   0% used [0x00000000c3000000, 0x00000000c3000000, 0x00000000c4080000)
  from space 2112K,  44% used [0x00000000c4080000, 0x00000000c416a9a8, 0x00000000c4290000)
  to   space 2112K,   0% used [0x00000000c4290000, 0x00000000c4290000, 0x00000000c44a0000)
 concurrent mark-sweep generation total 42368K, used 16675K [0x00000000cd660000, 0x00000000cffc0000, 0x0000000100000000)
 Metaspace       used 33074K, capacity 34170K, committed 34452K, reserved 1079296K
  class space    used 4208K, capacity 4437K, committed 4556K, reserved 1048576K
}
2020-02-27T14:34:08.847+0000: 11.650: Total time for which application threads were stopped: 0.0033714 seconds, Stopping threads took: 0.0000551 seconds
{Heap before GC invocations=132 (full 1):
 par new generation   total 19008K, used 17834K [0x00000000c3000000, 0x00000000c44a0000, 0x00000000cd660000)
  eden space 16896K, 100% used [0x00000000c3000000, 0x00000000c4080000, 0x00000000c4080000)
  from space 2112K,  44% used [0x00000000c4080000, 0x00000000c416a9a8, 0x00000000c4290000)
  to   space 2112K,   0% used [0x00000000c4290000, 0x00000000c4290000, 0x00000000c44a0000)
 concurrent mark-sweep generation total 42368K, used 16675K [0x00000000cd660000, 0x00000000cffc0000, 0x0000000100000000)
 Metaspace       used 33291K, capacity 34330K, committed 34452K, reserved 1079296K
  class space    used 4239K, capacity 4469K, committed 4556K, reserved 1048576K
2020-02-27T14:34:08.882+0000: 11.685: [GC (Allocation Failure) 2020-02-27T14:34:08.882+0000: 11.686: [ParNew
Desired survivor size 1081344 bytes, new threshold 6 (max 6)
- age   1:     133168 bytes,     133168 total
- age   2:     147392 bytes,     280560 total
- age   3:     101304 bytes,     381864 total
- age   4:     155392 bytes,     537256 total
- age   5:     103176 bytes,     640432 total
- age   6:     125112 bytes,     765544 total
: 17834K->1052K(19008K), 0.0036692 secs] 34509K->17819K(61376K), 0.0037436 secs] [Times: user=0.01 sys=0.00, real=0.01 secs] 
Heap after GC invocations=133 (full 1):
 par new generation   total 19008K, used 1052K [0x00000000c3000000, 0x00000000c44a0000, 0x00000000cd660000)
  eden space 16896K,   0% used [0x00000000c3000000, 0x00000000c3000000, 0x00000000c4080000)
  from space 2112K,  49% used [0x00000000c4290000, 0x00000000c4397088, 0x00000000c44a0000)
  to   space 2112K,   0% used [0x00000000c4080000, 0x00000000c4080000, 0x00000000c4290000)
 concurrent mark-sweep generation total 42368K, used 16767K [0x00000000cd660000, 0x00000000cffc0000, 0x0000000100000000)
 Metaspace       used 33291K, capacity 34330K, committed 34452K, reserved 1079296K
  class space    used 4239K, capacity 4469K, committed 4556K, reserved 1048576K
}
2020-02-27T14:34:08.886+0000: 11.689: Total time for which application threads were stopped: 0.0039066 seconds, Stopping threads took: 0.0000283 seconds
{Heap before GC invocations=133 (full 1):
 par new generation   total 19008K, used 17948K [0x00000000c3000000, 0x00000000c44a0000, 0x00000000cd660000)
  eden space 16896K, 100% used [0x00000000c3000000, 0x00000000c4080000, 0x00000000c4080000)
  from space 2112K,  49% used [0x00000000c4290000, 0x00000000c4397088, 0x00000000c44a0000)
  to   space 2112K,   0% used [0x00000000c4080000, 0x00000000c4080000, 0x00000000c4290000)
 concurrent mark-sweep generation total 42368K, used 16767K [0x00000000cd660000, 0x00000000cffc0000, 0x0000000100000000)
 Metaspace       used 33443K, capacity 34496K, committed 34708K, reserved 1079296K
  class space    used 4265K, capacity 4502K, committed 4556K, reserved 1048576K
2020-02-27T14:34:08.926+0000: 11.729: [GC (Allocation Failure) 2020-02-27T14:34:08.926+0000: 11.729: [ParNew
Desired survivor size 1081344 bytes, new threshold 6 (max 6)
- age   1:     123656 bytes,     123656 total
- age   2:     118168 bytes,     241824 total
- age   3:     136544 bytes,     378368 total
- age   4:     101304 bytes,     479672 total
- age   5:     153256 bytes,     632928 total
- age   6:     103176 bytes,     736104 total
: 17948K->1101K(19008K), 0.0033935 secs] 34715K->17996K(61376K), 0.0034537 secs] [Times: user=0.01 sys=0.00, real=0.00 secs] 
Heap after GC invocations=134 (full 1):
 par new generation   total 19008K, used 1101K [0x00000000c3000000, 0x00000000c44a0000, 0x00000000cd660000)
  eden space 16896K,   0% used [0x00000000c3000000, 0x00000000c3000000, 0x00000000c4080000)
  from space 2112K,  52% used [0x00000000c4080000, 0x00000000c4193520, 0x00000000c4290000)
  to   space 2112K,   0% used [0x00000000c4290000, 0x00000000c4290000, 0x00000000c44a0000)
 concurrent mark-sweep generation total 42368K, used 16895K [0x00000000cd660000, 0x00000000cffc0000, 0x0000000100000000)
 Metaspace       used 33443K, capacity 34496K, committed 34708K, reserved 1079296K
  class space    used 4265K, capacity 4502K, committed 4556K, reserved 1048576K
}
2020-02-27T14:34:08.929+0000: 11.732: Total time for which application threads were stopped: 0.0036068 seconds, Stopping threads took: 0.0000250 seconds
{Heap before GC invocations=134 (full 1):
 par new generation   total 19008K, used 17997K [0x00000000c3000000, 0x00000000c44a0000, 0x00000000cd660000)
  eden space 16896K, 100% used [0x00000000c3000000, 0x00000000c4080000, 0x00000000c4080000)
  from space 2112K,  52% used [0x00000000c4080000, 0x00000000c4193520, 0x00000000c4290000)
  to   space 2112K,   0% used [0x00000000c4290000, 0x00000000c4290000, 0x00000000c44a0000)
 concurrent mark-sweep generation total 42368K, used 16895K [0x00000000cd660000, 0x00000000cffc0000, 0x0000000100000000)
 Metaspace       used 33590K, capacity 34656K, committed 34708K, reserved 1079296K
  class space    used 4287K, capacity 4534K, committed 4556K, reserved 1048576K
2020-02-27T14:34:08.955+0000: 11.758: [GC (Allocation Failure) 2020-02-27T14:34:08.955+0000: 11.758: [ParNew
Desired survivor size 1081344 bytes, new threshold 6 (max 6)
- age   1:      54320 bytes,      54320 total
- age   2:     109272 bytes,     163592 total
- age   3:     118168 bytes,     281760 total
- age   4:     136544 bytes,     418304 total
- age   5:     101304 bytes,     519608 total
- age   6:     152120 bytes,     671728 total
: 17997K->1080K(19008K), 0.0031293 secs] 34892K->18079K(61376K), 0.0032011 secs] [Times: user=0.00 sys=0.00, real=0.01 secs] 
Heap after GC invocations=135 (full 1):
 par new generation   total 19008K, used 1080K [0x00000000c3000000, 0x00000000c44a0000, 0x00000000cd660000)
  eden space 16896K,   0% used [0x00000000c3000000, 0x00000000c3000000, 0x00000000c4080000)
  from space 2112K,  51% used [0x00000000c4290000, 0x00000000c439e1b0, 0x00000000c44a0000)
  to   space 2112K,   0% used [0x00000000c4080000, 0x00000000c4080000, 0x00000000c4290000)
 concurrent mark-sweep generation total 42368K, used 16999K [0x00000000cd660000, 0x00000000cffc0000, 0x0000000100000000)
 Metaspace       used 33590K, capacity 34656K, committed 34708K, reserved 1079296K
  class space    used 4287K, capacity 4534K, committed 4556K, reserved 1048576K
}
2020-02-27T14:34:08.958+0000: 11.761: Total time for which application threads were stopped: 0.0033466 seconds, Stopping threads took: 0.0000244 seconds
2020-02-27T14:34:08.973+0000: 11.776: Total time for which application threads were stopped: 0.0005605 seconds, Stopping threads took: 0.0001088 seconds
2020-02-27T14:34:08.976+0000: 11.780: Total time for which application threads were stopped: 0.0003286 seconds, Stopping threads took: 0.0000311 seconds
{Heap before GC invocations=135 (full 1):
 par new generation   total 19008K, used 17976K [0x00000000c3000000, 0x00000000c44a0000, 0x00000000cd660000)
  eden space 16896K, 100% used [0x00000000c3000000, 0x00000000c4080000, 0x00000000c4080000)
  from space 2112K,  51% used [0x00000000c4290000, 0x00000000c439e1b0, 0x00000000c44a0000)
  to   space 2112K,   0% used [0x00000000c4080000, 0x00000000c4080000, 0x00000000c4290000)
 concurrent mark-sweep generation total 42368K, used 16999K [0x00000000cd660000, 0x00000000cffc0000, 0x0000000100000000)
 Metaspace       used 33811K, capacity 34848K, committed 34964K, reserved 1079296K
  class space    used 4312K, capacity 4534K, committed 4556K, reserved 1048576K
2020-02-27T14:34:08.997+0000: 11.800: [GC (Allocation Failure) 2020-02-27T14:34:08.997+0000: 11.800: [ParNew
Desired survivor size 1081344 bytes, new threshold 6 (max 6)
- age   1:      45072 bytes,      45072 total
- age   2:      33480 bytes,      78552 total
- age   3:     109272 bytes,     187824 total
- age   4:     118168 bytes,     305992 total
- age   5:     136544 bytes,     442536 total
- age   6:     101304 bytes,     543840 total
: 17976K->1005K(19008K), 0.0032198 secs] 34975K->18158K(61376K), 0.0032857 secs] [Times: user=0.01 sys=0.00, real=0.00 secs] 
Heap after GC invocations=136 (full 1):
 par new generation   total 19008K, used 1005K [0x00000000c3000000, 0x00000000c44a0000, 0x00000000cd660000)
  eden space 16896K,   0% used [0x00000000c3000000, 0x00000000c3000000, 0x00000000c4080000)
  from space 2112K,  47% used [0x00000000c4080000, 0x00000000c417b490, 0x00000000c4290000)
  to   space 2112K,   0% used [0x00000000c4290000, 0x00000000c4290000, 0x00000000c44a0000)
 concurrent mark-sweep generation total 42368K, used 17152K [0x00000000cd660000, 0x00000000cffc0000, 0x0000000100000000)
 Metaspace       used 33811K, capacity 34848K, committed 34964K, reserved 1079296K
  class space    used 4312K, capacity 4534K, committed 4556K, reserved 1048576K
}
2020-02-27T14:34:09.000+0000: 11.804: Total time for which application threads were stopped: 0.0034439 seconds, Stopping threads took: 0.0000266 seconds
{Heap before GC invocations=136 (full 1):
 par new generation   total 19008K, used 17901K [0x00000000c3000000, 0x00000000c44a0000, 0x00000000cd660000)
  eden space 16896K, 100% used [0x00000000c3000000, 0x00000000c4080000, 0x00000000c4080000)
  from space 2112K,  47% used [0x00000000c4080000, 0x00000000c417b490, 0x00000000c4290000)
  to   space 2112K,   0% used [0x00000000c4290000, 0x00000000c4290000, 0x00000000c44a0000)
 concurrent mark-sweep generation total 42368K, used 17152K [0x00000000cd660000, 0x00000000cffc0000, 0x0000000100000000)
 Metaspace       used 33998K, capacity 35072K, committed 35348K, reserved 1079296K
  class space    used 4334K, capacity 4566K, committed 4684K, reserved 1048576K
2020-02-27T14:34:09.048+0000: 11.851: [GC (Allocation Failure) 2020-02-27T14:34:09.048+0000: 11.851: [ParNew
Desired survivor size 1081344 bytes, new threshold 6 (max 6)
- age   1:      91704 bytes,      91704 total
- age   2:      24272 bytes,     115976 total
- age   3:      33168 bytes,     149144 total
- age   4:     109272 bytes,     258416 total
- age   5:     118168 bytes,     376584 total
- age   6:     136544 bytes,     513128 total
: 17901K->551K(19008K), 0.0027410 secs] 35054K->17806K(61376K), 0.0028153 secs] [Times: user=0.01 sys=0.00, real=0.00 secs] 
Heap after GC invocations=137 (full 1):
 par new generation   total 19008K, used 551K [0x00000000c3000000, 0x00000000c44a0000, 0x00000000cd660000)
  eden space 16896K,   0% used [0x00000000c3000000, 0x00000000c3000000, 0x00000000c4080000)
  from space 2112K,  26% used [0x00000000c4290000, 0x00000000c4319dd8, 0x00000000c44a0000)
  to   space 2112K,   0% used [0x00000000c4080000, 0x00000000c4080000, 0x00000000c4290000)
 concurrent mark-sweep generation total 42368K, used 17254K [0x00000000cd660000, 0x00000000cffc0000, 0x0000000100000000)
 Metaspace       used 33998K, capacity 35072K, committed 35348K, reserved 1079296K
  class space    used 4334K, capacity 4566K, committed 4684K, reserved 1048576K
}
2020-02-27T14:34:09.051+0000: 11.854: Total time for which application threads were stopped: 0.0030108 seconds, Stopping threads took: 0.0000684 seconds
{Heap before GC invocations=137 (full 1):
 par new generation   total 19008K, used 17447K [0x00000000c3000000, 0x00000000c44a0000, 0x00000000cd660000)
  eden space 16896K, 100% used [0x00000000c3000000, 0x00000000c4080000, 0x00000000c4080000)
  from space 2112K,  26% used [0x00000000c4290000, 0x00000000c4319dd8, 0x00000000c44a0000)
  to   space 2112K,   0% used [0x00000000c4080000, 0x00000000c4080000, 0x00000000c4290000)
 concurrent mark-sweep generation total 42368K, used 17254K [0x00000000cd660000, 0x00000000cffc0000, 0x0000000100000000)
 Metaspace       used 34335K, capacity 35366K, committed 35604K, reserved 1081344K
  class space    used 4363K, capacity 4599K, committed 4684K, reserved 1048576K
2020-02-27T14:34:09.180+0000: 11.983: [GC (Allocation Failure) 2020-02-27T14:34:09.180+0000: 11.984: [ParNew
Desired survivor size 1081344 bytes, new threshold 6 (max 6)
- age   1:     252200 bytes,     252200 total
- age   2:      72056 bytes,     324256 total
- age   3:      24016 bytes,     348272 total
- age   4:      33168 bytes,     381440 total
- age   5:     108504 bytes,     489944 total
- age   6:     118168 bytes,     608112 total
: 17447K->696K(19008K), 0.0031811 secs] 34702K->18088K(61376K), 0.0032504 secs] [Times: user=0.01 sys=0.00, real=0.00 secs] 
Heap after GC invocations=138 (full 1):
 par new generation   total 19008K, used 696K [0x00000000c3000000, 0x00000000c44a0000, 0x00000000cd660000)
  eden space 16896K,   0% used [0x00000000c3000000, 0x00000000c3000000, 0x00000000c4080000)
  from space 2112K,  32% used [0x00000000c4080000, 0x00000000c412e330, 0x00000000c4290000)
  to   space 2112K,   0% used [0x00000000c4290000, 0x00000000c4290000, 0x00000000c44a0000)
 concurrent mark-sweep generation total 42368K, used 17391K [0x00000000cd660000, 0x00000000cffc0000, 0x0000000100000000)
 Metaspace       used 34335K, capacity 35366K, committed 35604K, reserved 1081344K
  class space    used 4363K, capacity 4599K, committed 4684K, reserved 1048576K
}
2020-02-27T14:34:09.184+0000: 11.987: Total time for which application threads were stopped: 0.0034773 seconds, Stopping threads took: 0.0000714 seconds
2020-02-27T14:34:09.302+0000: 12.105: Total time for which application threads were stopped: 0.0005218 seconds, Stopping threads took: 0.0000674 seconds
{Heap before GC invocations=138 (full 1):
 par new generation   total 19008K, used 17592K [0x00000000c3000000, 0x00000000c44a0000, 0x00000000cd660000)
  eden space 16896K, 100% used [0x00000000c3000000, 0x00000000c4080000, 0x00000000c4080000)
  from space 2112K,  32% used [0x00000000c4080000, 0x00000000c412e330, 0x00000000c4290000)
  to   space 2112K,   0% used [0x00000000c4290000, 0x00000000c4290000, 0x00000000c44a0000)
 concurrent mark-sweep generation total 42368K, used 17391K [0x00000000cd660000, 0x00000000cffc0000, 0x0000000100000000)
 Metaspace       used 34803K, capacity 35846K, committed 36116K, reserved 1081344K
  class space    used 4407K, capacity 4631K, committed 4684K, reserved 1048576K
2020-02-27T14:34:09.327+0000: 12.130: [GC (Allocation Failure) 2020-02-27T14:34:09.327+0000: 12.130: [ParNew
Desired survivor size 1081344 bytes, new threshold 6 (max 6)
- age   1:     472656 bytes,     472656 total
- age   2:     225296 bytes,     697952 total
- age   3:      71672 bytes,     769624 total
- age   4:      24016 bytes,     793640 total
- age   5:      33168 bytes,     826808 total
- age   6:     108504 bytes,     935312 total
: 17592K->1120K(19008K), 0.0034975 secs] 34984K->18630K(61376K), 0.0035751 secs] [Times: user=0.01 sys=0.00, real=0.00 secs] 
Heap after GC invocations=139 (full 1):
 par new generation   total 19008K, used 1120K [0x00000000c3000000, 0x00000000c44a0000, 0x00000000cd660000)
  eden space 16896K,   0% used [0x00000000c3000000, 0x00000000c3000000, 0x00000000c4080000)
  from space 2112K,  53% used [0x00000000c4290000, 0x00000000c43a8008, 0x00000000c44a0000)
  to   space 2112K,   0% used [0x00000000c4080000, 0x00000000c4080000, 0x00000000c4290000)
 concurrent mark-sweep generation total 42368K, used 17510K [0x00000000cd660000, 0x00000000cffc0000, 0x0000000100000000)
 Metaspace       used 34803K, capacity 35846K, committed 36116K, reserved 1081344K
  class space    used 4407K, capacity 4631K, committed 4684K, reserved 1048576K
}
2020-02-27T14:34:09.330+0000: 12.133: Total time for which application threads were stopped: 0.0037795 seconds, Stopping threads took: 0.0000682 seconds
{Heap before GC invocations=139 (full 1):
 par new generation   total 19008K, used 18016K [0x00000000c3000000, 0x00000000c44a0000, 0x00000000cd660000)
  eden space 16896K, 100% used [0x00000000c3000000, 0x00000000c4080000, 0x00000000c4080000)
  from space 2112K,  53% used [0x00000000c4290000, 0x00000000c43a8008, 0x00000000c44a0000)
  to   space 2112K,   0% used [0x00000000c4080000, 0x00000000c4080000, 0x00000000c4290000)
 concurrent mark-sweep generation total 42368K, used 17510K [0x00000000cd660000, 0x00000000cffc0000, 0x0000000100000000)
 Metaspace       used 35076K, capacity 36106K, committed 36372K, reserved 1081344K
  class space    used 4441K, capacity 4669K, committed 4684K, reserved 1048576K
2020-02-27T14:34:09.432+0000: 12.235: [GC (Allocation Failure) 2020-02-27T14:34:09.432+0000: 12.235: [ParNew
Desired survivor size 1081344 bytes, new threshold 3 (max 6)
- age   1:     435112 bytes,     435112 total
- age   2:     455672 bytes,     890784 total
- age   3:     225296 bytes,    1116080 total
- age   4:      71232 bytes,    1187312 total
- age   5:      24016 bytes,    1211328 total
- age   6:      33048 bytes,    1244376 total
: 18016K->1650K(19008K), 0.0042821 secs] 35526K->19265K(61376K), 0.0043515 secs] [Times: user=0.01 sys=0.00, real=0.00 secs] 
Heap after GC invocations=140 (full 1):
 par new generation   total 19008K, used 1650K [0x00000000c3000000, 0x00000000c44a0000, 0x00000000cd660000)
  eden space 16896K,   0% used [0x00000000c3000000, 0x00000000c3000000, 0x00000000c4080000)
  from space 2112K,  78% used [0x00000000c4080000, 0x00000000c421ca80, 0x00000000c4290000)
  to   space 2112K,   0% used [0x00000000c4290000, 0x00000000c4290000, 0x00000000c44a0000)
 concurrent mark-sweep generation total 42368K, used 17614K [0x00000000cd660000, 0x00000000cffc0000, 0x0000000100000000)
 Metaspace       used 35076K, capacity 36106K, committed 36372K, reserved 1081344K
  class space    used 4441K, capacity 4669K, committed 4684K, reserved 1048576K
}
2020-02-27T14:34:09.437+0000: 12.240: Total time for which application threads were stopped: 0.0046114 seconds, Stopping threads took: 0.0000794 seconds
{Heap before GC invocations=140 (full 1):
 par new generation   total 19008K, used 18546K [0x00000000c3000000, 0x00000000c44a0000, 0x00000000cd660000)
  eden space 16896K, 100% used [0x00000000c3000000, 0x00000000c4080000, 0x00000000c4080000)
  from space 2112K,  78% used [0x00000000c4080000, 0x00000000c421ca80, 0x00000000c4290000)
  to   space 2112K,   0% used [0x00000000c4290000, 0x00000000c4290000, 0x00000000c44a0000)
 concurrent mark-sweep generation total 42368K, used 17614K [0x00000000cd660000, 0x00000000cffc0000, 0x0000000100000000)
 Metaspace       used 35125K, capacity 36288K, committed 36372K, reserved 1081344K
  class space    used 4448K, capacity 4676K, committed 4684K, reserved 1048576K
2020-02-27T14:34:09.479+0000: 12.282: [GC (Allocation Failure) 2020-02-27T14:34:09.479+0000: 12.282: [ParNew
Desired survivor size 1081344 bytes, new threshold 6 (max 6)
- age   1:     104712 bytes,     104712 total
- age   2:     425568 bytes,     530280 total
- age   3:     455472 bytes,     985752 total
: 18546K->1113K(19008K), 0.0040999 secs] 36161K->19080K(61376K), 0.0041714 secs] [Times: user=0.01 sys=0.00, real=0.00 secs] 
Heap after GC invocations=141 (full 1):
 par new generation   total 19008K, used 1113K [0x00000000c3000000, 0x00000000c44a0000, 0x00000000cd660000)
  eden space 16896K,   0% used [0x00000000c3000000, 0x00000000c3000000, 0x00000000c4080000)
  from space 2112K,  52% used [0x00000000c4290000, 0x00000000c43a67e0, 0x00000000c44a0000)
  to   space 2112K,   0% used [0x00000000c4080000, 0x00000000c4080000, 0x00000000c4290000)
 concurrent mark-sweep generation total 42368K, used 17966K [0x00000000cd660000, 0x00000000cffc0000, 0x0000000100000000)
 Metaspace       used 35125K, capacity 36288K, committed 36372K, reserved 1081344K
  class space    used 4448K, capacity 4676K, committed 4684K, reserved 1048576K
}
2020-02-27T14:34:09.483+0000: 12.286: Total time for which application threads were stopped: 0.0043912 seconds, Stopping threads took: 0.0000725 seconds
{Heap before GC invocations=141 (full 1):
 par new generation   total 19008K, used 18009K [0x00000000c3000000, 0x00000000c44a0000, 0x00000000cd660000)
  eden space 16896K, 100% used [0x00000000c3000000, 0x00000000c4080000, 0x00000000c4080000)
  from space 2112K,  52% used [0x00000000c4290000, 0x00000000c43a67e0, 0x00000000c44a0000)
  to   space 2112K,   0% used [0x00000000c4080000, 0x00000000c4080000, 0x00000000c4290000)
 concurrent mark-sweep generation total 42368K, used 17966K [0x00000000cd660000, 0x00000000cffc0000, 0x0000000100000000)
 Metaspace       used 35224K, capacity 36394K, committed 36500K, reserved 1081344K
  class space    used 4467K, capacity 4711K, committed 4812K, reserved 1048576K
2020-02-27T14:34:09.516+0000: 12.320: [GC (Allocation Failure) 2020-02-27T14:34:09.516+0000: 12.320: [ParNew
Desired survivor size 1081344 bytes, new threshold 6 (max 6)
- age   1:      54472 bytes,      54472 total
- age   2:      99464 bytes,     153936 total
- age   3:     419360 bytes,     573296 total
- age   4:     455448 bytes,    1028744 total
: 18009K->1503K(19008K), 0.0031163 secs] 35976K->19470K(61376K), 0.0031734 secs] [Times: user=0.00 sys=0.00, real=0.01 secs] 
Heap after GC invocations=142 (full 1):
 par new generation   total 19008K, used 1503K [0x00000000c3000000, 0x00000000c44a0000, 0x00000000cd660000)
  eden space 16896K,   0% used [0x00000000c3000000, 0x00000000c3000000, 0x00000000c4080000)
  from space 2112K,  71% used [0x00000000c4080000, 0x00000000c41f7f90, 0x00000000c4290000)
  to   space 2112K,   0% used [0x00000000c4290000, 0x00000000c4290000, 0x00000000c44a0000)
 concurrent mark-sweep generation total 42368K, used 17966K [0x00000000cd660000, 0x00000000cffc0000, 0x0000000100000000)
 Metaspace       used 35224K, capacity 36394K, committed 36500K, reserved 1081344K
  class space    used 4467K, capacity 4711K, committed 4812K, reserved 1048576K
}
2020-02-27T14:34:09.520+0000: 12.323: Total time for which application threads were stopped: 0.0033215 seconds, Stopping threads took: 0.0000251 seconds
{Heap before GC invocations=142 (full 1):
 par new generation   total 19008K, used 18399K [0x00000000c3000000, 0x00000000c44a0000, 0x00000000cd660000)
  eden space 16896K, 100% used [0x00000000c3000000, 0x00000000c4080000, 0x00000000c4080000)
  from space 2112K,  71% used [0x00000000c4080000, 0x00000000c41f7f90, 0x00000000c4290000)
  to   space 2112K,   0% used [0x00000000c4290000, 0x00000000c4290000, 0x00000000c44a0000)
 concurrent mark-sweep generation total 42368K, used 17966K [0x00000000cd660000, 0x00000000cffc0000, 0x0000000100000000)
 Metaspace       used 35421K, capacity 36566K, committed 36756K, reserved 1081344K
  class space    used 4496K, capacity 4745K, committed 4812K, reserved 1048576K
2020-02-27T14:34:09.618+0000: 12.421: [GC (Allocation Failure) 2020-02-27T14:34:09.618+0000: 12.421: [ParNew
Desired survivor size 1081344 bytes, new threshold 5 (max 6)
- age   1:     323000 bytes,     323000 total
- age   2:      37640 bytes,     360640 total
- age   3:      97880 bytes,     458520 total
- age   4:     413376 bytes,     871896 total
- age   5:     453624 bytes,    1325520 total
: 18399K->1506K(19008K), 0.0039126 secs] 36366K->19472K(61376K), 0.0039878 secs] [Times: user=0.01 sys=0.00, real=0.00 secs] 
Heap after GC invocations=143 (full 1):
 par new generation   total 19008K, used 1506K [0x00000000c3000000, 0x00000000c44a0000, 0x00000000cd660000)
  eden space 16896K,   0% used [0x00000000c3000000, 0x00000000c3000000, 0x00000000c4080000)
  from space 2112K,  71% used [0x00000000c4290000, 0x00000000c4408938, 0x00000000c44a0000)
  to   space 2112K,   0% used [0x00000000c4080000, 0x00000000c4080000, 0x00000000c4290000)
 concurrent mark-sweep generation total 42368K, used 17966K [0x00000000cd660000, 0x00000000cffc0000, 0x0000000100000000)
 Metaspace       used 35421K, capacity 36566K, committed 36756K, reserved 1081344K
  class space    used 4496K, capacity 4745K, committed 4812K, reserved 1048576K
}
2020-02-27T14:34:09.622+0000: 12.425: Total time for which application threads were stopped: 0.0042494 seconds, Stopping threads took: 0.0000614 seconds
{Heap before GC invocations=143 (full 1):
 par new generation   total 19008K, used 18402K [0x00000000c3000000, 0x00000000c44a0000, 0x00000000cd660000)
  eden space 16896K, 100% used [0x00000000c3000000, 0x00000000c4080000, 0x00000000c4080000)
  from space 2112K,  71% used [0x00000000c4290000, 0x00000000c4408938, 0x00000000c44a0000)
  to   space 2112K,   0% used [0x00000000c4080000, 0x00000000c4080000, 0x00000000c4290000)
 concurrent mark-sweep generation total 42368K, used 17966K [0x00000000cd660000, 0x00000000cffc0000, 0x0000000100000000)
 Metaspace       used 35570K, capacity 36696K, committed 36756K, reserved 1081344K
  class space    used 4515K, capacity 4756K, committed 4812K, reserved 1048576K
2020-02-27T14:34:09.681+0000: 12.485: [GC (Allocation Failure) 2020-02-27T14:34:09.681+0000: 12.485: [ParNew
Desired survivor size 1081344 bytes, new threshold 5 (max 6)
- age   1:     397808 bytes,     397808 total
- age   2:     253704 bytes,     651512 total
- age   3:      36312 bytes,     687824 total
- age   4:      95784 bytes,     783608 total
- age   5:     413376 bytes,    1196984 total
: 18402K->1825K(19008K), 0.0062559 secs] 36368K->20236K(61376K), 0.0063183 secs] [Times: user=0.01 sys=0.00, real=0.01 secs] 
Heap after GC invocations=144 (full 1):
 par new generation   total 19008K, used 1825K [0x00000000c3000000, 0x00000000c44a0000, 0x00000000cd660000)
  eden space 16896K,   0% used [0x00000000c3000000, 0x00000000c3000000, 0x00000000c4080000)
  from space 2112K,  86% used [0x00000000c4080000, 0x00000000c4248660, 0x00000000c4290000)
  to   space 2112K,   0% used [0x00000000c4290000, 0x00000000c4290000, 0x00000000c44a0000)
 concurrent mark-sweep generation total 42368K, used 18410K [0x00000000cd660000, 0x00000000cffc0000, 0x0000000100000000)
 Metaspace       used 35570K, capacity 36696K, committed 36756K, reserved 1081344K
  class space    used 4515K, capacity 4756K, committed 4812K, reserved 1048576K
}
2020-02-27T14:34:09.688+0000: 12.491: Total time for which application threads were stopped: 0.0065627 seconds, Stopping threads took: 0.0000915 seconds
{Heap before GC invocations=144 (full 1):
 par new generation   total 19008K, used 18721K [0x00000000c3000000, 0x00000000c44a0000, 0x00000000cd660000)
  eden space 16896K, 100% used [0x00000000c3000000, 0x00000000c4080000, 0x00000000c4080000)
  from space 2112K,  86% used [0x00000000c4080000, 0x00000000c4248660, 0x00000000c4290000)
  to   space 2112K,   0% used [0x00000000c4290000, 0x00000000c4290000, 0x00000000c44a0000)
 concurrent mark-sweep generation total 42368K, used 18410K [0x00000000cd660000, 0x00000000cffc0000, 0x0000000100000000)
 Metaspace       used 35791K, capacity 37036K, committed 37396K, reserved 1081344K
  class space    used 4548K, capacity 4826K, committed 4940K, reserved 1048576K
2020-02-27T14:34:09.736+0000: 12.539: [GC (Allocation Failure) 2020-02-27T14:34:09.736+0000: 12.539: [ParNew
Desired survivor size 1081344 bytes, new threshold 6 (max 6)
- age   1:     155648 bytes,     155648 total
- age   2:     395856 bytes,     551504 total
- age   3:     249000 bytes,     800504 total
- age   4:      36312 bytes,     836816 total
- age   5:      95784 bytes,     932600 total
: 18721K->1186K(19008K), 0.0097108 secs] 37132K->20005K(61376K), 0.0097771 secs] [Times: user=0.02 sys=0.00, real=0.02 secs] 
Heap after GC invocations=145 (full 1):
 par new generation   total 19008K, used 1186K [0x00000000c3000000, 0x00000000c44a0000, 0x00000000cd660000)
  eden space 16896K,   0% used [0x00000000c3000000, 0x00000000c3000000, 0x00000000c4080000)
  from space 2112K,  56% used [0x00000000c4290000, 0x00000000c43b8bd0, 0x00000000c44a0000)
  to   space 2112K,   0% used [0x00000000c4080000, 0x00000000c4080000, 0x00000000c4290000)
 concurrent mark-sweep generation total 42368K, used 18818K [0x00000000cd660000, 0x00000000cffc0000, 0x0000000100000000)
 Metaspace       used 35791K, capacity 37036K, committed 37396K, reserved 1081344K
  class space    used 4548K, capacity 4826K, committed 4940K, reserved 1048576K
}
2020-02-27T14:34:09.746+0000: 12.549: Total time for which application threads were stopped: 0.0099659 seconds, Stopping threads took: 0.0000484 seconds
{Heap before GC invocations=145 (full 1):
 par new generation   total 19008K, used 18082K [0x00000000c3000000, 0x00000000c44a0000, 0x00000000cd660000)
  eden space 16896K, 100% used [0x00000000c3000000, 0x00000000c4080000, 0x00000000c4080000)
  from space 2112K,  56% used [0x00000000c4290000, 0x00000000c43b8bd0, 0x00000000c44a0000)
  to   space 2112K,   0% used [0x00000000c4080000, 0x00000000c4080000, 0x00000000c4290000)
 concurrent mark-sweep generation total 42368K, used 18818K [0x00000000cd660000, 0x00000000cffc0000, 0x0000000100000000)
 Metaspace       used 35920K, capacity 37112K, committed 37396K, reserved 1081344K
  class space    used 4568K, capacity 4828K, committed 4940K, reserved 1048576K
2020-02-27T14:34:09.788+0000: 12.591: [GC (Allocation Failure) 2020-02-27T14:34:09.788+0000: 12.592: [ParNew
Desired survivor size 1081344 bytes, new threshold 6 (max 6)
- age   1:     114224 bytes,     114224 total
- age   2:     141672 bytes,     255896 total
- age   3:     395568 bytes,     651464 total
- age   4:     247416 bytes,     898880 total
- age   5:      35840 bytes,     934720 total
- age   6:      95784 bytes,    1030504 total
: 18082K->1463K(19008K), 0.0059015 secs] 36901K->20282K(61376K), 0.0059812 secs] [Times: user=0.01 sys=0.00, real=0.00 secs] 
Heap after GC invocations=146 (full 1):
 par new generation   total 19008K, used 1463K [0x00000000c3000000, 0x00000000c44a0000, 0x00000000cd660000)
  eden space 16896K,   0% used [0x00000000c3000000, 0x00000000c3000000, 0x00000000c4080000)
  from space 2112K,  69% used [0x00000000c4080000, 0x00000000c41edeb0, 0x00000000c4290000)
  to   space 2112K,   0% used [0x00000000c4290000, 0x00000000c4290000, 0x00000000c44a0000)
 concurrent mark-sweep generation total 42368K, used 18818K [0x00000000cd660000, 0x00000000cffc0000, 0x0000000100000000)
 Metaspace       used 35920K, capacity 37112K, committed 37396K, reserved 1081344K
  class space    used 4568K, capacity 4828K, committed 4940K, reserved 1048576K
}
2020-02-27T14:34:09.794+0000: 12.598: Total time for which application threads were stopped: 0.0062242 seconds, Stopping threads took: 0.0000690 seconds
2020-02-27T14:34:09.800+0000: 12.604: Total time for which application threads were stopped: 0.0005522 seconds, Stopping threads took: 0.0000812 seconds
2020-02-27T14:34:09.834+0000: 12.638: Total time for which application threads were stopped: 0.0005301 seconds, Stopping threads took: 0.0000341 seconds
{Heap before GC invocations=146 (full 1):
 par new generation   total 19008K, used 18359K [0x00000000c3000000, 0x00000000c44a0000, 0x00000000cd660000)
  eden space 16896K, 100% used [0x00000000c3000000, 0x00000000c4080000, 0x00000000c4080000)
  from space 2112K,  69% used [0x00000000c4080000, 0x00000000c41edeb0, 0x00000000c4290000)
  to   space 2112K,   0% used [0x00000000c4290000, 0x00000000c4290000, 0x00000000c44a0000)
 concurrent mark-sweep generation total 42368K, used 18818K [0x00000000cd660000, 0x00000000cffc0000, 0x0000000100000000)
 Metaspace       used 36237K, capacity 37430K, committed 37580K, reserved 1081344K
  class space    used 4608K, capacity 4865K, committed 4940K, reserved 1048576K
2020-02-27T14:34:09.890+0000: 12.693: [GC (Allocation Failure) 2020-02-27T14:34:09.890+0000: 12.693: [ParNew
Desired survivor size 1081344 bytes, new threshold 4 (max 6)
- age   1:     452296 bytes,     452296 total
- age   2:     104816 bytes,     557112 total
- age   3:     135632 bytes,     692744 total
- age   4:     395568 bytes,    1088312 total
- age   5:     246464 bytes,    1334776 total
- age   6:      35472 bytes,    1370248 total
: 18359K->1996K(19008K), 0.0130675 secs] 37178K->20910K(61376K), 0.0131339 secs] [Times: user=0.03 sys=0.00, real=0.01 secs] 
Heap after GC invocations=147 (full 1):
 par new generation   total 19008K, used 1996K [0x00000000c3000000, 0x00000000c44a0000, 0x00000000cd660000)
  eden space 16896K,   0% used [0x00000000c3000000, 0x00000000c3000000, 0x00000000c4080000)
  from space 2112K,  94% used [0x00000000c4290000, 0x00000000c4483250, 0x00000000c44a0000)
  to   space 2112K,   0% used [0x00000000c4080000, 0x00000000c4080000, 0x00000000c4290000)
 concurrent mark-sweep generation total 42368K, used 18913K [0x00000000cd660000, 0x00000000cffc0000, 0x0000000100000000)
 Metaspace       used 36237K, capacity 37430K, committed 37580K, reserved 1081344K
  class space    used 4608K, capacity 4865K, committed 4940K, reserved 1048576K
}
2020-02-27T14:34:09.903+0000: 12.706: Total time for which application threads were stopped: 0.0133216 seconds, Stopping threads took: 0.0000385 seconds
2020-02-27T14:34:09.918+0000: 12.721: Total time for which application threads were stopped: 0.0001255 seconds, Stopping threads took: 0.0000653 seconds
2020-02-27T14:34:09.977+0000: 12.781: Total time for which application threads were stopped: 0.0001295 seconds, Stopping threads took: 0.0000598 seconds
{Heap before GC invocations=147 (full 1):
 par new generation   total 19008K, used 18892K [0x00000000c3000000, 0x00000000c44a0000, 0x00000000cd660000)
  eden space 16896K, 100% used [0x00000000c3000000, 0x00000000c4080000, 0x00000000c4080000)
  from space 2112K,  94% used [0x00000000c4290000, 0x00000000c4483250, 0x00000000c44a0000)
  to   space 2112K,   0% used [0x00000000c4080000, 0x00000000c4080000, 0x00000000c4290000)
 concurrent mark-sweep generation total 42368K, used 18913K [0x00000000cd660000, 0x00000000cffc0000, 0x0000000100000000)
 Metaspace       used 36636K, capacity 37934K, committed 38168K, reserved 1083392K
  class space    used 4659K, capacity 4941K, committed 4944K, reserved 1048576K
2020-02-27T14:34:09.980+0000: 12.784: [GC (Allocation Failure) 2020-02-27T14:34:09.980+0000: 12.784: [ParNew
Desired survivor size 1081344 bytes, new threshold 6 (max 6)
- age   1:     301272 bytes,     301272 total
- age   2:     437520 bytes,     738792 total
- age   3:     104816 bytes,     843608 total
- age   4:     135632 bytes,     979240 total
: 18892K->1876K(19008K), 0.0158098 secs] 37806K->21472K(61376K), 0.0158805 secs] [Times: user=0.03 sys=0.00, real=0.01 secs] 
Heap after GC invocations=148 (full 1):
 par new generation   total 19008K, used 1876K [0x00000000c3000000, 0x00000000c44a0000, 0x00000000cd660000)
  eden space 16896K,   0% used [0x00000000c3000000, 0x00000000c3000000, 0x00000000c4080000)
  from space 2112K,  88% used [0x00000000c4080000, 0x00000000c4255380, 0x00000000c4290000)
  to   space 2112K,   0% used [0x00000000c4290000, 0x00000000c4290000, 0x00000000c44a0000)
 concurrent mark-sweep generation total 42368K, used 19595K [0x00000000cd660000, 0x00000000cffc0000, 0x0000000100000000)
 Metaspace       used 36636K, capacity 37934K, committed 38168K, reserved 1083392K
  class space    used 4659K, capacity 4941K, committed 4944K, reserved 1048576K
}
2020-02-27T14:34:09.996+0000: 12.799: Total time for which application threads were stopped: 0.0160418 seconds, Stopping threads took: 0.0000316 seconds
2020-02-27T14:34:09.996+0000: 12.800: [GC (CMS Initial Mark) [1 CMS-initial-mark: 19595K(42368K)] 21472K(61376K), 0.0029698 secs] [Times: user=0.00 sys=0.00, real=0.01 secs] 
2020-02-27T14:34:10.000+0000: 12.803: Total time for which application threads were stopped: 0.0031748 seconds, Stopping threads took: 0.0001035 seconds
2020-02-27T14:34:10.000+0000: 12.803: [CMS-concurrent-mark-start]
2020-02-27T14:34:10.049+0000: 12.853: Total time for which application threads were stopped: 0.0004758 seconds, Stopping threads took: 0.0000221 seconds
2020-02-27T14:34:10.081+0000: 12.884: [CMS-concurrent-mark: 0.078/0.082 secs] [Times: user=0.17 sys=0.00, real=0.08 secs] 
2020-02-27T14:34:10.081+0000: 12.884: [CMS-concurrent-preclean-start]
2020-02-27T14:34:10.082+0000: 12.886: [CMS-concurrent-preclean: 0.001/0.001 secs] [Times: user=0.00 sys=0.00, real=0.00 secs] 
2020-02-27T14:34:10.082+0000: 12.886: [CMS-concurrent-abortable-preclean-start]
2020-02-27T14:34:10.128+0000: 12.932: Total time for which application threads were stopped: 0.0000969 seconds, Stopping threads took: 0.0000300 seconds
{Heap before GC invocations=148 (full 2):
 par new generation   total 19008K, used 18772K [0x00000000c3000000, 0x00000000c44a0000, 0x00000000cd660000)
  eden space 16896K, 100% used [0x00000000c3000000, 0x00000000c4080000, 0x00000000c4080000)
  from space 2112K,  88% used [0x00000000c4080000, 0x00000000c4255380, 0x00000000c4290000)
  to   space 2112K,   0% used [0x00000000c4290000, 0x00000000c4290000, 0x00000000c44a0000)
 concurrent mark-sweep generation total 42368K, used 19595K [0x00000000cd660000, 0x00000000cffc0000, 0x0000000100000000)
 Metaspace       used 36970K, capacity 38496K, committed 38576K, reserved 1083392K
  class space    used 4725K, capacity 5024K, committed 5096K, reserved 1048576K
2020-02-27T14:34:10.204+0000: 13.007: [GC (Allocation Failure) 2020-02-27T14:34:10.204+0000: 13.007: [ParNew
Desired survivor size 1081344 bytes, new threshold 5 (max 6)
- age   1:     266144 bytes,     266144 total
- age   2:     262312 bytes,     528456 total
- age   3:     435552 bytes,     964008 total
- age   4:     104816 bytes,    1068824 total
- age   5:     134264 bytes,    1203088 total
: 18772K->1674K(19008K), 0.0050925 secs] 38368K->21269K(61376K), 0.0051597 secs] [Times: user=0.01 sys=0.00, real=0.01 secs] 
Heap after GC invocations=149 (full 2):
 par new generation   total 19008K, used 1674K [0x00000000c3000000, 0x00000000c44a0000, 0x00000000cd660000)
  eden space 16896K,   0% used [0x00000000c3000000, 0x00000000c3000000, 0x00000000c4080000)
  from space 2112K,  79% used [0x00000000c4290000, 0x00000000c4432908, 0x00000000c44a0000)
  to   space 2112K,   0% used [0x00000000c4080000, 0x00000000c4080000, 0x00000000c4290000)
 concurrent mark-sweep generation total 42368K, used 19595K [0x00000000cd660000, 0x00000000cffc0000, 0x0000000100000000)
 Metaspace       used 36970K, capacity 38496K, committed 38576K, reserved 1083392K
  class space    used 4725K, capacity 5024K, committed 5096K, reserved 1048576K
}
2020-02-27T14:34:10.209+0000: 13.013: Total time for which application threads were stopped: 0.0053383 seconds, Stopping threads took: 0.0000307 seconds
2020-02-27T14:34:10.252+0000: 13.056: Total time for which application threads were stopped: 0.0001180 seconds, Stopping threads took: 0.0000352 seconds
{Heap before GC invocations=149 (full 2):
 par new generation   total 19008K, used 18570K [0x00000000c3000000, 0x00000000c44a0000, 0x00000000cd660000)
  eden space 16896K, 100% used [0x00000000c3000000, 0x00000000c4080000, 0x00000000c4080000)
  from space 2112K,  79% used [0x00000000c4290000, 0x00000000c4432908, 0x00000000c44a0000)
  to   space 2112K,   0% used [0x00000000c4080000, 0x00000000c4080000, 0x00000000c4290000)
 concurrent mark-sweep generation total 42368K, used 19595K [0x00000000cd660000, 0x00000000cffc0000, 0x0000000100000000)
 Metaspace       used 37222K, capacity 38798K, committed 38832K, reserved 1083392K
  class space    used 4763K, capacity 5069K, committed 5096K, reserved 1048576K
2020-02-27T14:34:10.351+0000: 13.154: [GC (Allocation Failure) 2020-02-27T14:34:10.351+0000: 13.154: [ParNew
Desired survivor size 1081344 bytes, new threshold 4 (max 6)
- age   1:     288408 bytes,     288408 total
- age   2:     250184 bytes,     538592 total
- age   3:     259784 bytes,     798376 total
- age   4:     434472 bytes,    1232848 total
- age   5:     104816 bytes,    1337664 total
: 18570K->2095K(19008K), 0.0046907 secs] 38165K->21824K(61376K), 0.0047580 secs] [Times: user=0.00 sys=0.00, real=0.00 secs] 
Heap after GC invocations=150 (full 2):
 par new generation   total 19008K, used 2095K [0x00000000c3000000, 0x00000000c44a0000, 0x00000000cd660000)
  eden space 16896K,   0% used [0x00000000c3000000, 0x00000000c3000000, 0x00000000c4080000)
  from space 2112K,  99% used [0x00000000c4080000, 0x00000000c428bda0, 0x00000000c4290000)
  to   space 2112K,   0% used [0x00000000c4290000, 0x00000000c4290000, 0x00000000c44a0000)
 concurrent mark-sweep generation total 42368K, used 19728K [0x00000000cd660000, 0x00000000cffc0000, 0x0000000100000000)
 Metaspace       used 37222K, capacity 38798K, committed 38832K, reserved 1083392K
  class space    used 4763K, capacity 5069K, committed 5096K, reserved 1048576K
}
2020-02-27T14:34:10.355+0000: 13.159: Total time for which application threads were stopped: 0.0050292 seconds, Stopping threads took: 0.0001041 seconds
2020-02-27T14:34:10.438+0000: 13.241: Total time for which application threads were stopped: 0.0001361 seconds, Stopping threads took: 0.0000605 seconds
2020-02-27T14:34:10.446+0000: 13.250: Total time for which application threads were stopped: 0.0005884 seconds, Stopping threads took: 0.0000444 seconds
2020-02-27T14:34:10.501+0000: 13.304: Total time for which application threads were stopped: 0.0001883 seconds, Stopping threads took: 0.0000636 seconds
2020-02-27T14:34:10.501+0000: 13.304: [CMS-concurrent-abortable-preclean: 0.235/0.419 secs] [Times: user=0.82 sys=0.00, real=0.42 secs] 
2020-02-27T14:34:10.502+0000: 13.305: [GC (CMS Final Remark) [YG occupancy: 15985 K (19008 K)]2020-02-27T14:34:10.502+0000: 13.305: [Rescan (parallel) , 0.0058058 secs]2020-02-27T14:34:10.507+0000: 13.311: [weak refs processing, 0.0000473 secs]2020-02-27T14:34:10.508+0000: 13.311: [class unloading, 0.0064818 secs]2020-02-27T14:34:10.514+0000: 13.317: [scrub symbol table, 0.0058900 secs]2020-02-27T14:34:10.520+0000: 13.323: [scrub string table, 0.0005526 secs][1 CMS-remark: 19728K(42368K)] 35714K(61376K), 0.0192128 secs] [Times: user=0.02 sys=0.00, real=0.02 secs] 
2020-02-27T14:34:10.521+0000: 13.324: Total time for which application threads were stopped: 0.0196033 seconds, Stopping threads took: 0.0003456 seconds
2020-02-27T14:34:10.521+0000: 13.324: [CMS-concurrent-sweep-start]
2020-02-27T14:34:10.532+0000: 13.335: [CMS-concurrent-sweep: 0.011/0.011 secs] [Times: user=0.02 sys=0.00, real=0.01 secs] 
2020-02-27T14:34:10.532+0000: 13.335: [CMS-concurrent-reset-start]
2020-02-27T14:34:10.533+0000: 13.337: [CMS-concurrent-reset: 0.001/0.001 secs] [Times: user=0.01 sys=0.00, real=0.00 secs] 
{Heap before GC invocations=150 (full 2):
 par new generation   total 19008K, used 18991K [0x00000000c3000000, 0x00000000c44a0000, 0x00000000cd660000)
  eden space 16896K, 100% used [0x00000000c3000000, 0x00000000c4080000, 0x00000000c4080000)
  from space 2112K,  99% used [0x00000000c4080000, 0x00000000c428bda0, 0x00000000c4290000)
  to   space 2112K,   0% used [0x00000000c4290000, 0x00000000c4290000, 0x00000000c44a0000)
 concurrent mark-sweep generation total 42368K, used 18499K [0x00000000cd660000, 0x00000000cffc0000, 0x0000000100000000)
 Metaspace       used 37687K, capacity 39266K, committed 39496K, reserved 1083392K
  class space    used 4817K, capacity 5137K, committed 5172K, reserved 1048576K
2020-02-27T14:34:10.542+0000: 13.345: [GC (Allocation Failure) 2020-02-27T14:34:10.542+0000: 13.345: [ParNew
Desired survivor size 1081344 bytes, new threshold 4 (max 6)
- age   1:     368568 bytes,     368568 total
- age   2:     275064 bytes,     643632 total
- age   3:     240560 bytes,     884192 total
- age   4:     252200 bytes,    1136392 total
: 18991K->1861K(19008K), 0.0096572 secs] 37490K->20889K(61376K), 0.0097181 secs] [Times: user=0.02 sys=0.00, real=0.01 secs] 
Heap after GC invocations=151 (full 2):
 par new generation   total 19008K, used 1861K [0x00000000c3000000, 0x00000000c44a0000, 0x00000000cd660000)
  eden space 16896K,   0% used [0x00000000c3000000, 0x00000000c3000000, 0x00000000c4080000)
  from space 2112K,  88% used [0x00000000c4290000, 0x00000000c44614c8, 0x00000000c44a0000)
  to   space 2112K,   0% used [0x00000000c4080000, 0x00000000c4080000, 0x00000000c4290000)
 concurrent mark-sweep generation total 42368K, used 19028K [0x00000000cd660000, 0x00000000cffc0000, 0x0000000100000000)
 Metaspace       used 37687K, capacity 39266K, committed 39496K, reserved 1083392K
  class space    used 4817K, capacity 5137K, committed 5172K, reserved 1048576K
}
2020-02-27T14:34:10.552+0000: 13.355: Total time for which application threads were stopped: 0.0098916 seconds, Stopping threads took: 0.0000461 seconds
{Heap before GC invocations=151 (full 2):
 par new generation   total 19008K, used 18757K [0x00000000c3000000, 0x00000000c44a0000, 0x00000000cd660000)
  eden space 16896K, 100% used [0x00000000c3000000, 0x00000000c4080000, 0x00000000c4080000)
  from space 2112K,  88% used [0x00000000c4290000, 0x00000000c44614c8, 0x00000000c44a0000)
  to   space 2112K,   0% used [0x00000000c4080000, 0x00000000c4080000, 0x00000000c4290000)
 concurrent mark-sweep generation total 42368K, used 19028K [0x00000000cd660000, 0x00000000cffc0000, 0x0000000100000000)
 Metaspace       used 38003K, capacity 39618K, committed 39752K, reserved 1083392K
  class space    used 4848K, capacity 5169K, committed 5172K, reserved 1048576K
2020-02-27T14:34:10.599+0000: 13.402: [GC (Allocation Failure) 2020-02-27T14:34:10.599+0000: 13.402: [ParNew
Desired survivor size 1081344 bytes, new threshold 6 (max 6)
- age   1:     172104 bytes,     172104 total
- age   2:     352128 bytes,     524232 total
- age   3:     275008 bytes,     799240 total
- age   4:     240560 bytes,    1039800 total
: 18757K->1453K(19008K), 0.0046670 secs] 37785K->20730K(61376K), 0.0047369 secs] [Times: user=0.01 sys=0.00, real=0.00 secs] 
Heap after GC invocations=152 (full 2):
 par new generation   total 19008K, used 1453K [0x00000000c3000000, 0x00000000c44a0000, 0x00000000cd660000)
  eden space 16896K,   0% used [0x00000000c3000000, 0x00000000c3000000, 0x00000000c4080000)
  from space 2112K,  68% used [0x00000000c4080000, 0x00000000c41eb4a0, 0x00000000c4290000)
  to   space 2112K,   0% used [0x00000000c4290000, 0x00000000c4290000, 0x00000000c44a0000)
 concurrent mark-sweep generation total 42368K, used 19277K [0x00000000cd660000, 0x00000000cffc0000, 0x0000000100000000)
 Metaspace       used 38003K, capacity 39618K, committed 39752K, reserved 1083392K
  class space    used 4848K, capacity 5169K, committed 5172K, reserved 1048576K
}
2020-02-27T14:34:10.604+0000: 13.407: Total time for which application threads were stopped: 0.0048912 seconds, Stopping threads took: 0.0000245 seconds
2020-02-27T14:34:10.607+0000: 13.410: Total time for which application threads were stopped: 0.0005300 seconds, Stopping threads took: 0.0000254 seconds
2020-02-27T14:34:10.645+0000: 13.448: Total time for which application threads were stopped: 0.0005577 seconds, Stopping threads took: 0.0000475 seconds
2020-02-27T14:34:10.659+0000: 13.462: Total time for which application threads were stopped: 0.0005264 seconds, Stopping threads took: 0.0000400 seconds
2020-02-27T14:34:10.664+0000: 13.467: Total time for which application threads were stopped: 0.0003845 seconds, Stopping threads took: 0.0000397 seconds
{Heap before GC invocations=152 (full 2):
 par new generation   total 19008K, used 18349K [0x00000000c3000000, 0x00000000c44a0000, 0x00000000cd660000)
  eden space 16896K, 100% used [0x00000000c3000000, 0x00000000c4080000, 0x00000000c4080000)
  from space 2112K,  68% used [0x00000000c4080000, 0x00000000c41eb4a0, 0x00000000c4290000)
  to   space 2112K,   0% used [0x00000000c4290000, 0x00000000c4290000, 0x00000000c44a0000)
 concurrent mark-sweep generation total 42368K, used 19277K [0x00000000cd660000, 0x00000000cffc0000, 0x0000000100000000)
 Metaspace       used 38962K, capacity 40578K, committed 40828K, reserved 1085440K
  class space    used 4989K, capacity 5297K, committed 5300K, reserved 1048576K
2020-02-27T14:34:10.710+0000: 13.513: [GC (Allocation Failure) 2020-02-27T14:34:10.710+0000: 13.513: [ParNew
Desired survivor size 1081344 bytes, new threshold 1 (max 6)
- age   1:    1875552 bytes,    1875552 total
- age   2:     105896 bytes,    1981448 total
- age   3:      95352 bytes,    2076800 total
- age   4:      17216 bytes,    2094016 total
- age   5:      67464 bytes,    2161480 total
: 18349K->2112K(19008K), 0.0161479 secs] 37626K->24075K(61376K), 0.0162231 secs] [Times: user=0.03 sys=0.00, real=0.02 secs] 
Heap after GC invocations=153 (full 2):
 par new generation   total 19008K, used 2112K [0x00000000c3000000, 0x00000000c44a0000, 0x00000000cd660000)
  eden space 16896K,   0% used [0x00000000c3000000, 0x00000000c3000000, 0x00000000c4080000)
  from space 2112K, 100% used [0x00000000c4290000, 0x00000000c44a0000, 0x00000000c44a0000)
  to   space 2112K,   0% used [0x00000000c4080000, 0x00000000c4080000, 0x00000000c4290000)
 concurrent mark-sweep generation total 42368K, used 21963K [0x00000000cd660000, 0x00000000cffc0000, 0x0000000100000000)
 Metaspace       used 38962K, capacity 40578K, committed 40828K, reserved 1085440K
  class space    used 4989K, capacity 5297K, committed 5300K, reserved 1048576K
}
2020-02-27T14:34:10.726+0000: 13.530: Total time for which application threads were stopped: 0.0163816 seconds, Stopping threads took: 0.0000255 seconds
2020-02-27T14:34:10.768+0000: 13.571: Total time for which application threads were stopped: 0.0005395 seconds, Stopping threads took: 0.0000601 seconds
{Heap before GC invocations=153 (full 2):
 par new generation   total 19008K, used 19008K [0x00000000c3000000, 0x00000000c44a0000, 0x00000000cd660000)
  eden space 16896K, 100% used [0x00000000c3000000, 0x00000000c4080000, 0x00000000c4080000)
  from space 2112K, 100% used [0x00000000c4290000, 0x00000000c44a0000, 0x00000000c44a0000)
  to   space 2112K,   0% used [0x00000000c4080000, 0x00000000c4080000, 0x00000000c4290000)
 concurrent mark-sweep generation total 42368K, used 21963K [0x00000000cd660000, 0x00000000cffc0000, 0x0000000100000000)
 Metaspace       used 39223K, capacity 40814K, committed 40956K, reserved 1085440K
  class space    used 5017K, capacity 5331K, committed 5428K, reserved 1048576K
2020-02-27T14:34:10.784+0000: 13.587: [GC (Allocation Failure) 2020-02-27T14:34:10.784+0000: 13.587: [ParNew
Desired survivor size 1081344 bytes, new threshold 6 (max 6)
- age   1:     138408 bytes,     138408 total
: 19008K->1686K(19008K), 0.0053943 secs] 40971K->25768K(61376K), 0.0054808 secs] [Times: user=0.01 sys=0.00, real=0.01 secs] 
Heap after GC invocations=154 (full 2):
 par new generation   total 19008K, used 1686K [0x00000000c3000000, 0x00000000c44a0000, 0x00000000cd660000)
  eden space 16896K,   0% used [0x00000000c3000000, 0x00000000c3000000, 0x00000000c4080000)
  from space 2112K,  79% used [0x00000000c4080000, 0x00000000c4225950, 0x00000000c4290000)
  to   space 2112K,   0% used [0x00000000c4290000, 0x00000000c4290000, 0x00000000c44a0000)
 concurrent mark-sweep generation total 42368K, used 24082K [0x00000000cd660000, 0x00000000cffc0000, 0x0000000100000000)
 Metaspace       used 39223K, capacity 40814K, committed 40956K, reserved 1085440K
  class space    used 5017K, capacity 5331K, committed 5428K, reserved 1048576K
}
2020-02-27T14:34:10.790+0000: 13.593: Total time for which application threads were stopped: 0.0056529 seconds, Stopping threads took: 0.0000312 seconds
{Heap before GC invocations=154 (full 2):
 par new generation   total 19008K, used 18582K [0x00000000c3000000, 0x00000000c44a0000, 0x00000000cd660000)
  eden space 16896K, 100% used [0x00000000c3000000, 0x00000000c4080000, 0x00000000c4080000)
  from space 2112K,  79% used [0x00000000c4080000, 0x00000000c4225950, 0x00000000c4290000)
  to   space 2112K,   0% used [0x00000000c4290000, 0x00000000c4290000, 0x00000000c44a0000)
 concurrent mark-sweep generation total 42368K, used 24082K [0x00000000cd660000, 0x00000000cffc0000, 0x0000000100000000)
 Metaspace       used 39465K, capacity 41050K, committed 41212K, reserved 1085440K
  class space    used 5042K, capacity 5365K, committed 5428K, reserved 1048576K
2020-02-27T14:34:10.845+0000: 13.648: [GC (Allocation Failure) 2020-02-27T14:34:10.845+0000: 13.648: [ParNew
Desired survivor size 1081344 bytes, new threshold 6 (max 6)
- age   1:     113136 bytes,     113136 total
- age   2:     120104 bytes,     233240 total
: 18582K->449K(19008K), 0.0021266 secs] 42664K->24531K(61376K), 0.0021901 secs] [Times: user=0.00 sys=0.00, real=0.00 secs] 
Heap after GC invocations=155 (full 2):
 par new generation   total 19008K, used 449K [0x00000000c3000000, 0x00000000c44a0000, 0x00000000cd660000)
  eden space 16896K,   0% used [0x00000000c3000000, 0x00000000c3000000, 0x00000000c4080000)
  from space 2112K,  21% used [0x00000000c4290000, 0x00000000c4300680, 0x00000000c44a0000)
  to   space 2112K,   0% used [0x00000000c4080000, 0x00000000c4080000, 0x00000000c4290000)
 concurrent mark-sweep generation total 42368K, used 24082K [0x00000000cd660000, 0x00000000cffc0000, 0x0000000100000000)
 Metaspace       used 39465K, capacity 41050K, committed 41212K, reserved 1085440K
  class space    used 5042K, capacity 5365K, committed 5428K, reserved 1048576K
}
2020-02-27T14:34:10.847+0000: 13.650: Total time for which application threads were stopped: 0.0024250 seconds, Stopping threads took: 0.0000751 seconds
2020-02-27T14:34:10.872+0000: 13.676: Total time for which application threads were stopped: 0.0006246 seconds, Stopping threads took: 0.0000685 seconds
2020-02-27T14:34:10.883+0000: 13.686: Total time for which application threads were stopped: 0.0006258 seconds, Stopping threads took: 0.0000775 seconds
{Heap before GC invocations=155 (full 2):
 par new generation   total 19008K, used 17345K [0x00000000c3000000, 0x00000000c44a0000, 0x00000000cd660000)
  eden space 16896K, 100% used [0x00000000c3000000, 0x00000000c4080000, 0x00000000c4080000)
  from space 2112K,  21% used [0x00000000c4290000, 0x00000000c4300680, 0x00000000c44a0000)
  to   space 2112K,   0% used [0x00000000c4080000, 0x00000000c4080000, 0x00000000c4290000)
 concurrent mark-sweep generation total 42368K, used 24082K [0x00000000cd660000, 0x00000000cffc0000, 0x0000000100000000)
 Metaspace       used 39761K, capacity 41318K, committed 41468K, reserved 1085440K
  class space    used 5070K, capacity 5367K, committed 5428K, reserved 1048576K
2020-02-27T14:34:10.908+0000: 13.711: [GC (Allocation Failure) 2020-02-27T14:34:10.908+0000: 13.711: [ParNew
Desired survivor size 1081344 bytes, new threshold 6 (max 6)
- age   1:     255896 bytes,     255896 total
- age   2:      93600 bytes,     349496 total
- age   3:     120104 bytes,     469600 total
: 17345K->530K(19008K), 0.0026109 secs] 41427K->24612K(61376K), 0.0026837 secs] [Times: user=0.01 sys=0.00, real=0.00 secs] 
Heap after GC invocations=156 (full 2):
 par new generation   total 19008K, used 530K [0x00000000c3000000, 0x00000000c44a0000, 0x00000000cd660000)
  eden space 16896K,   0% used [0x00000000c3000000, 0x00000000c3000000, 0x00000000c4080000)
  from space 2112K,  25% used [0x00000000c4080000, 0x00000000c4104910, 0x00000000c4290000)
  to   space 2112K,   0% used [0x00000000c4290000, 0x00000000c4290000, 0x00000000c44a0000)
 concurrent mark-sweep generation total 42368K, used 24082K [0x00000000cd660000, 0x00000000cffc0000, 0x0000000100000000)
 Metaspace       used 39761K, capacity 41318K, committed 41468K, reserved 1085440K
  class space    used 5070K, capacity 5367K, committed 5428K, reserved 1048576K
}
2020-02-27T14:34:10.910+0000: 13.714: Total time for which application threads were stopped: 0.0029090 seconds, Stopping threads took: 0.0000762 seconds
2020-02-27T14:34:10.961+0000: 13.764: Total time for which application threads were stopped: 0.0006138 seconds, Stopping threads took: 0.0000689 seconds
2020-02-27T14:34:10.963+0000: 13.766: Total time for which application threads were stopped: 0.0004383 seconds, Stopping threads took: 0.0000580 seconds
{Heap before GC invocations=156 (full 2):
 par new generation   total 19008K, used 17426K [0x00000000c3000000, 0x00000000c44a0000, 0x00000000cd660000)
  eden space 16896K, 100% used [0x00000000c3000000, 0x00000000c4080000, 0x00000000c4080000)
  from space 2112K,  25% used [0x00000000c4080000, 0x00000000c4104910, 0x00000000c4290000)
  to   space 2112K,   0% used [0x00000000c4290000, 0x00000000c4290000, 0x00000000c44a0000)
 concurrent mark-sweep generation total 42368K, used 24082K [0x00000000cd660000, 0x00000000cffc0000, 0x0000000100000000)
 Metaspace       used 40026K, capacity 41606K, committed 41724K, reserved 1085440K
  class space    used 5098K, capacity 5399K, committed 5428K, reserved 1048576K
2020-02-27T14:34:10.977+0000: 13.780: [GC (Allocation Failure) 2020-02-27T14:34:10.977+0000: 13.780: [ParNew
Desired survivor size 1081344 bytes, new threshold 6 (max 6)
- age   1:     248424 bytes,     248424 total
- age   2:     237048 bytes,     485472 total
- age   3:      93600 bytes,     579072 total
- age   4:     120104 bytes,     699176 total
: 17426K->945K(19008K), 0.0066210 secs] 41508K->25027K(61376K), 0.0066935 secs] [Times: user=0.02 sys=0.00, real=0.01 secs] 
Heap after GC invocations=157 (full 2):
 par new generation   total 19008K, used 945K [0x00000000c3000000, 0x00000000c44a0000, 0x00000000cd660000)
  eden space 16896K,   0% used [0x00000000c3000000, 0x00000000c3000000, 0x00000000c4080000)
  from space 2112K,  44% used [0x00000000c4290000, 0x00000000c437c7a8, 0x00000000c44a0000)
  to   space 2112K,   0% used [0x00000000c4080000, 0x00000000c4080000, 0x00000000c4290000)
 concurrent mark-sweep generation total 42368K, used 24082K [0x00000000cd660000, 0x00000000cffc0000, 0x0000000100000000)
 Metaspace       used 40026K, capacity 41606K, committed 41724K, reserved 1085440K
  class space    used 5098K, capacity 5399K, committed 5428K, reserved 1048576K
}
2020-02-27T14:34:10.983+0000: 13.787: Total time for which application threads were stopped: 0.0069268 seconds, Stopping threads took: 0.0000689 seconds
{Heap before GC invocations=157 (full 2):
 par new generation   total 19008K, used 17841K [0x00000000c3000000, 0x00000000c44a0000, 0x00000000cd660000)
  eden space 16896K, 100% used [0x00000000c3000000, 0x00000000c4080000, 0x00000000c4080000)
  from space 2112K,  44% used [0x00000000c4290000, 0x00000000c437c7a8, 0x00000000c44a0000)
  to   space 2112K,   0% used [0x00000000c4080000, 0x00000000c4080000, 0x00000000c4290000)
 concurrent mark-sweep generation total 42368K, used 24082K [0x00000000cd660000, 0x00000000cffc0000, 0x0000000100000000)
 Metaspace       used 40270K, capacity 41830K, committed 42108K, reserved 1085440K
  class space    used 5122K, capacity 5431K, committed 5556K, reserved 1048576K
2020-02-27T14:34:11.040+0000: 13.843: [GC (Allocation Failure) 2020-02-27T14:34:11.040+0000: 13.843: [ParNew
Desired survivor size 1081344 bytes, new threshold 6 (max 6)
- age   1:     129896 bytes,     129896 total
- age   2:     227760 bytes,     357656 total
- age   3:     237048 bytes,     594704 total
- age   4:      93568 bytes,     688272 total
- age   5:     119872 bytes,     808144 total
: 17841K->1141K(19008K), 0.0078202 secs] 41923K->25223K(61376K), 0.0079017 secs] [Times: user=0.02 sys=0.00, real=0.01 secs] 
Heap after GC invocations=158 (full 2):
 par new generation   total 19008K, used 1141K [0x00000000c3000000, 0x00000000c44a0000, 0x00000000cd660000)
  eden space 16896K,   0% used [0x00000000c3000000, 0x00000000c3000000, 0x00000000c4080000)
  from space 2112K,  54% used [0x00000000c4080000, 0x00000000c419d620, 0x00000000c4290000)
  to   space 2112K,   0% used [0x00000000c4290000, 0x00000000c4290000, 0x00000000c44a0000)
 concurrent mark-sweep generation total 42368K, used 24082K [0x00000000cd660000, 0x00000000cffc0000, 0x0000000100000000)
 Metaspace       used 40270K, capacity 41830K, committed 42108K, reserved 1085440K
  class space    used 5122K, capacity 5431K, committed 5556K, reserved 1048576K
}
2020-02-27T14:34:11.048+0000: 13.851: Total time for which application threads were stopped: 0.0081120 seconds, Stopping threads took: 0.0000676 seconds
{Heap before GC invocations=158 (full 2):
 par new generation   total 19008K, used 18037K [0x00000000c3000000, 0x00000000c44a0000, 0x00000000cd660000)
  eden space 16896K, 100% used [0x00000000c3000000, 0x00000000c4080000, 0x00000000c4080000)
  from space 2112K,  54% used [0x00000000c4080000, 0x00000000c419d620, 0x00000000c4290000)
  to   space 2112K,   0% used [0x00000000c4290000, 0x00000000c4290000, 0x00000000c44a0000)
 concurrent mark-sweep generation total 42368K, used 24082K [0x00000000cd660000, 0x00000000cffc0000, 0x0000000100000000)
 Metaspace       used 40527K, capacity 42132K, committed 42364K, reserved 1085440K
  class space    used 5156K, capacity 5468K, committed 5556K, reserved 1048576K
2020-02-27T14:34:11.118+0000: 13.921: [GC (Allocation Failure) 2020-02-27T14:34:11.118+0000: 13.921: [ParNew
Desired survivor size 1081344 bytes, new threshold 6 (max 6)
- age   1:     189024 bytes,     189024 total
- age   2:     110048 bytes,     299072 total
- age   3:     227648 bytes,     526720 total
- age   4:     236928 bytes,     763648 total
- age   5:      93440 bytes,     857088 total
- age   6:     119856 bytes,     976944 total
: 18037K->1101K(19008K), 0.0065648 secs] 42119K->25183K(61376K), 0.0066369 secs] [Times: user=0.01 sys=0.00, real=0.00 secs] 
Heap after GC invocations=159 (full 2):
 par new generation   total 19008K, used 1101K [0x00000000c3000000, 0x00000000c44a0000, 0x00000000cd660000)
  eden space 16896K,   0% used [0x00000000c3000000, 0x00000000c3000000, 0x00000000c4080000)
  from space 2112K,  52% used [0x00000000c4290000, 0x00000000c43a3610, 0x00000000c44a0000)
  to   space 2112K,   0% used [0x00000000c4080000, 0x00000000c4080000, 0x00000000c4290000)
 concurrent mark-sweep generation total 42368K, used 24082K [0x00000000cd660000, 0x00000000cffc0000, 0x0000000100000000)
 Metaspace       used 40527K, capacity 42132K, committed 42364K, reserved 1085440K
  class space    used 5156K, capacity 5468K, committed 5556K, reserved 1048576K
}
2020-02-27T14:34:11.124+0000: 13.928: Total time for which application threads were stopped: 0.0068842 seconds, Stopping threads took: 0.0000656 seconds
2020-02-27T14:34:11.152+0000: 13.955: Total time for which application threads were stopped: 0.0006272 seconds, Stopping threads took: 0.0000813 seconds
{Heap before GC invocations=159 (full 2):
 par new generation   total 19008K, used 17997K [0x00000000c3000000, 0x00000000c44a0000, 0x00000000cd660000)
  eden space 16896K, 100% used [0x00000000c3000000, 0x00000000c4080000, 0x00000000c4080000)
  from space 2112K,  52% used [0x00000000c4290000, 0x00000000c43a3610, 0x00000000c44a0000)
  to   space 2112K,   0% used [0x00000000c4080000, 0x00000000c4080000, 0x00000000c4290000)
 concurrent mark-sweep generation total 42368K, used 24082K [0x00000000cd660000, 0x00000000cffc0000, 0x0000000100000000)
 Metaspace       used 40686K, capacity 42262K, committed 42620K, reserved 1087488K
  class space    used 5176K, capacity 5469K, committed 5556K, reserved 1048576K
2020-02-27T14:34:11.190+0000: 13.993: [GC (Allocation Failure) 2020-02-27T14:34:11.190+0000: 13.993: [ParNew
Desired survivor size 1081344 bytes, new threshold 6 (max 6)
- age   1:     162264 bytes,     162264 total
- age   2:     172056 bytes,     334320 total
- age   3:     110032 bytes,     444352 total
- age   4:     227648 bytes,     672000 total
- age   5:     236768 bytes,     908768 total
- age   6:      93408 bytes,    1002176 total
: 17997K->1343K(19008K), 0.0057557 secs] 42079K->25544K(61376K), 0.0058333 secs] [Times: user=0.01 sys=0.00, real=0.00 secs] 
Heap after GC invocations=160 (full 2):
 par new generation   total 19008K, used 1343K [0x00000000c3000000, 0x00000000c44a0000, 0x00000000cd660000)
  eden space 16896K,   0% used [0x00000000c3000000, 0x00000000c3000000, 0x00000000c4080000)
  from space 2112K,  63% used [0x00000000c4080000, 0x00000000c41cfda8, 0x00000000c4290000)
  to   space 2112K,   0% used [0x00000000c4290000, 0x00000000c4290000, 0x00000000c44a0000)
 concurrent mark-sweep generation total 42368K, used 24201K [0x00000000cd660000, 0x00000000cffc0000, 0x0000000100000000)
 Metaspace       used 40686K, capacity 42262K, committed 42620K, reserved 1087488K
  class space    used 5176K, capacity 5469K, committed 5556K, reserved 1048576K
}
2020-02-27T14:34:11.196+0000: 13.999: Total time for which application threads were stopped: 0.0060269 seconds, Stopping threads took: 0.0000684 seconds
2020-02-27T14:34:11.217+0000: 14.020: Total time for which application threads were stopped: 0.0006067 seconds, Stopping threads took: 0.0000679 seconds
{Heap before GC invocations=160 (full 2):
 par new generation   total 19008K, used 18239K [0x00000000c3000000, 0x00000000c44a0000, 0x00000000cd660000)
  eden space 16896K, 100% used [0x00000000c3000000, 0x00000000c4080000, 0x00000000c4080000)
  from space 2112K,  63% used [0x00000000c4080000, 0x00000000c41cfda8, 0x00000000c4290000)
  to   space 2112K,   0% used [0x00000000c4290000, 0x00000000c4290000, 0x00000000c44a0000)
 concurrent mark-sweep generation total 42368K, used 24201K [0x00000000cd660000, 0x00000000cffc0000, 0x0000000100000000)
 Metaspace       used 40859K, capacity 42454K, committed 42620K, reserved 1087488K
  class space    used 5204K, capacity 5533K, committed 5556K, reserved 1048576K
2020-02-27T14:34:11.260+0000: 14.063: [GC (Allocation Failure) 2020-02-27T14:34:11.260+0000: 14.063: [ParNew
Desired survivor size 1081344 bytes, new threshold 6 (max 6)
- age   1:     177056 bytes,     177056 total
- age   2:     149480 bytes,     326536 total
- age   3:     166232 bytes,     492768 total
- age   4:     110032 bytes,     602800 total
- age   5:     227648 bytes,     830448 total
- age   6:     236576 bytes,    1067024 total
: 18239K->1435K(19008K), 0.0040837 secs] 42440K->25729K(61376K), 0.0041566 secs] [Times: user=0.00 sys=0.00, real=0.00 secs] 
Heap after GC invocations=161 (full 2):
 par new generation   total 19008K, used 1435K [0x00000000c3000000, 0x00000000c44a0000, 0x00000000cd660000)
  eden space 16896K,   0% used [0x00000000c3000000, 0x00000000c3000000, 0x00000000c4080000)
  from space 2112K,  67% used [0x00000000c4290000, 0x00000000c43f6e80, 0x00000000c44a0000)
  to   space 2112K,   0% used [0x00000000c4080000, 0x00000000c4080000, 0x00000000c4290000)
 concurrent mark-sweep generation total 42368K, used 24294K [0x00000000cd660000, 0x00000000cffc0000, 0x0000000100000000)
 Metaspace       used 40859K, capacity 42454K, committed 42620K, reserved 1087488K
  class space    used 5204K, capacity 5533K, committed 5556K, reserved 1048576K
}
2020-02-27T14:34:11.264+0000: 14.067: Total time for which application threads were stopped: 0.0043387 seconds, Stopping threads took: 0.0000296 seconds
2020-02-27T14:34:11.339+0000: 14.142: Total time for which application threads were stopped: 0.0005451 seconds, Stopping threads took: 0.0000305 seconds
{Heap before GC invocations=161 (full 2):
 par new generation   total 19008K, used 18331K [0x00000000c3000000, 0x00000000c44a0000, 0x00000000cd660000)
  eden space 16896K, 100% used [0x00000000c3000000, 0x00000000c4080000, 0x00000000c4080000)
  from space 2112K,  67% used [0x00000000c4290000, 0x00000000c43f6e80, 0x00000000c44a0000)
  to   space 2112K,   0% used [0x00000000c4080000, 0x00000000c4080000, 0x00000000c4290000)
 concurrent mark-sweep generation total 42368K, used 24294K [0x00000000cd660000, 0x00000000cffc0000, 0x0000000100000000)
 Metaspace       used 41100K, capacity 42732K, committed 42876K, reserved 1087488K
  class space    used 5240K, capacity 5556K, committed 5556K, reserved 1048576K
2020-02-27T14:34:11.353+0000: 14.157: [GC (Allocation Failure) 2020-02-27T14:34:11.353+0000: 14.157: [ParNew
Desired survivor size 1081344 bytes, new threshold 6 (max 6)
- age   1:     322120 bytes,     322120 total
- age   2:     153984 bytes,     476104 total
- age   3:     149416 bytes,     625520 total
- age   4:     166184 bytes,     791704 total
- age   5:     110032 bytes,     901736 total
- age   6:     227648 bytes,    1129384 total
: 18331K->1528K(19008K), 0.0060668 secs] 42625K->26059K(61376K), 0.0061490 secs] [Times: user=0.01 sys=0.00, real=0.01 secs] 
Heap after GC invocations=162 (full 2):
 par new generation   total 19008K, used 1528K [0x00000000c3000000, 0x00000000c44a0000, 0x00000000cd660000)
  eden space 16896K,   0% used [0x00000000c3000000, 0x00000000c3000000, 0x00000000c4080000)
  from space 2112K,  72% used [0x00000000c4080000, 0x00000000c41fe218, 0x00000000c4290000)
  to   space 2112K,   0% used [0x00000000c4290000, 0x00000000c4290000, 0x00000000c44a0000)
 concurrent mark-sweep generation total 42368K, used 24531K [0x00000000cd660000, 0x00000000cffc0000, 0x0000000100000000)
 Metaspace       used 41100K, capacity 42732K, committed 42876K, reserved 1087488K
  class space    used 5240K, capacity 5556K, committed 5556K, reserved 1048576K
}
2020-02-27T14:34:11.360+0000: 14.163: Total time for which application threads were stopped: 0.0063755 seconds, Stopping threads took: 0.0000747 seconds
{Heap before GC invocations=162 (full 2):
 par new generation   total 19008K, used 18424K [0x00000000c3000000, 0x00000000c44a0000, 0x00000000cd660000)
  eden space 16896K, 100% used [0x00000000c3000000, 0x00000000c4080000, 0x00000000c4080000)
  from space 2112K,  72% used [0x00000000c4080000, 0x00000000c41fe218, 0x00000000c4290000)
  to   space 2112K,   0% used [0x00000000c4290000, 0x00000000c4290000, 0x00000000c44a0000)
 concurrent mark-sweep generation total 42368K, used 24531K [0x00000000cd660000, 0x00000000cffc0000, 0x0000000100000000)
 Metaspace       used 41508K, capacity 43162K, committed 43516K, reserved 1087488K
  class space    used 5272K, capacity 5591K, committed 5684K, reserved 1048576K
2020-02-27T14:34:11.423+0000: 14.226: [GC (Allocation Failure) 2020-02-27T14:34:11.423+0000: 14.226: [ParNew
Desired survivor size 1081344 bytes, new threshold 6 (max 6)
- age   1:     130352 bytes,     130352 total
- age   2:     260664 bytes,     391016 total
- age   3:     152752 bytes,     543768 total
- age   4:     149416 bytes,     693184 total
- age   5:     166184 bytes,     859368 total
- age   6:     110032 bytes,     969400 total
: 18424K->1623K(19008K), 0.0058194 secs] 42955K->26383K(61376K), 0.0058840 secs] [Times: user=0.02 sys=0.00, real=0.01 secs] 
Heap after GC invocations=163 (full 2):
 par new generation   total 19008K, used 1623K [0x00000000c3000000, 0x00000000c44a0000, 0x00000000cd660000)
  eden space 16896K,   0% used [0x00000000c3000000, 0x00000000c3000000, 0x00000000c4080000)
  from space 2112K,  76% used [0x00000000c4290000, 0x00000000c4425fc0, 0x00000000c44a0000)
  to   space 2112K,   0% used [0x00000000c4080000, 0x00000000c4080000, 0x00000000c4290000)
 concurrent mark-sweep generation total 42368K, used 24759K [0x00000000cd660000, 0x00000000cffc0000, 0x0000000100000000)
 Metaspace       used 41508K, capacity 43162K, committed 43516K, reserved 1087488K
  class space    used 5272K, capacity 5591K, committed 5684K, reserved 1048576K
}
2020-02-27T14:34:11.429+0000: 14.232: Total time for which application threads were stopped: 0.0060887 seconds, Stopping threads took: 0.0000578 seconds
{Heap before GC invocations=163 (full 2):
 par new generation   total 19008K, used 18519K [0x00000000c3000000, 0x00000000c44a0000, 0x00000000cd660000)
  eden space 16896K, 100% used [0x00000000c3000000, 0x00000000c4080000, 0x00000000c4080000)
  from space 2112K,  76% used [0x00000000c4290000, 0x00000000c4425fc0, 0x00000000c44a0000)
  to   space 2112K,   0% used [0x00000000c4080000, 0x00000000c4080000, 0x00000000c4290000)
 concurrent mark-sweep generation total 42368K, used 24759K [0x00000000cd660000, 0x00000000cffc0000, 0x0000000100000000)
 Metaspace       used 41784K, capacity 43458K, committed 43772K, reserved 1087488K
  class space    used 5310K, capacity 5625K, committed 5684K, reserved 1048576K
2020-02-27T14:34:11.463+0000: 14.267: [GC (Allocation Failure) 2020-02-27T14:34:11.463+0000: 14.267: [ParNew
Desired survivor size 1081344 bytes, new threshold 6 (max 6)
- age   1:      97552 bytes,      97552 total
- age   2:     109720 bytes,     207272 total
- age   3:     260584 bytes,     467856 total
- age   4:     152752 bytes,     620608 total
- age   5:     149416 bytes,     770024 total
- age   6:     165608 bytes,     935632 total
: 18519K->1252K(19008K), 0.0037615 secs] 43279K->26120K(61376K), 0.0038340 secs] [Times: user=0.01 sys=0.00, real=0.01 secs] 
Heap after GC invocations=164 (full 2):
 par new generation   total 19008K, used 1252K [0x00000000c3000000, 0x00000000c44a0000, 0x00000000cd660000)
  eden space 16896K,   0% used [0x00000000c3000000, 0x00000000c3000000, 0x00000000c4080000)
  from space 2112K,  59% used [0x00000000c4080000, 0x00000000c41b9020, 0x00000000c4290000)
  to   space 2112K,   0% used [0x00000000c4290000, 0x00000000c4290000, 0x00000000c44a0000)
 concurrent mark-sweep generation total 42368K, used 24868K [0x00000000cd660000, 0x00000000cffc0000, 0x0000000100000000)
 Metaspace       used 41784K, capacity 43458K, committed 43772K, reserved 1087488K
  class space    used 5310K, capacity 5625K, committed 5684K, reserved 1048576K
}
2020-02-27T14:34:11.467+0000: 14.270: Total time for which application threads were stopped: 0.0039818 seconds, Stopping threads took: 0.0000244 seconds
2020-02-27T14:34:11.500+0000: 14.303: Total time for which application threads were stopped: 0.0005280 seconds, Stopping threads took: 0.0000264 seconds
{Heap before GC invocations=164 (full 2):
 par new generation   total 19008K, used 18148K [0x00000000c3000000, 0x00000000c44a0000, 0x00000000cd660000)
  eden space 16896K, 100% used [0x00000000c3000000, 0x00000000c4080000, 0x00000000c4080000)
  from space 2112K,  59% used [0x00000000c4080000, 0x00000000c41b9020, 0x00000000c4290000)
  to   space 2112K,   0% used [0x00000000c4290000, 0x00000000c4290000, 0x00000000c44a0000)
 concurrent mark-sweep generation total 42368K, used 24868K [0x00000000cd660000, 0x00000000cffc0000, 0x0000000100000000)
 Metaspace       used 42394K, capacity 44066K, committed 44412K, reserved 1087488K
  class space    used 5376K, capacity 5721K, committed 5812K, reserved 1048576K
2020-02-27T14:34:11.530+0000: 14.333: [GC (Allocation Failure) 2020-02-27T14:34:11.530+0000: 14.333: [ParNew
Desired survivor size 1081344 bytes, new threshold 6 (max 6)
- age   1:     140848 bytes,     140848 total
- age   2:      84360 bytes,     225208 total
- age   3:     109720 bytes,     334928 total
- age   4:     257176 bytes,     592104 total
- age   5:     152752 bytes,     744856 total
- age   6:     149416 bytes,     894272 total
: 18148K->1261K(19008K), 0.0043312 secs] 43016K->26294K(61376K), 0.0044072 secs] [Times: user=0.01 sys=0.00, real=0.00 secs] 
Heap after GC invocations=165 (full 2):
 par new generation   total 19008K, used 1261K [0x00000000c3000000, 0x00000000c44a0000, 0x00000000cd660000)
  eden space 16896K,   0% used [0x00000000c3000000, 0x00000000c3000000, 0x00000000c4080000)
  from space 2112K,  59% used [0x00000000c4290000, 0x00000000c43cb5c0, 0x00000000c44a0000)
  to   space 2112K,   0% used [0x00000000c4080000, 0x00000000c4080000, 0x00000000c4290000)
 concurrent mark-sweep generation total 42368K, used 25032K [0x00000000cd660000, 0x00000000cffc0000, 0x0000000100000000)
 Metaspace       used 42394K, capacity 44066K, committed 44412K, reserved 1087488K
  class space    used 5376K, capacity 5721K, committed 5812K, reserved 1048576K
}
2020-02-27T14:34:11.534+0000: 14.337: Total time for which application threads were stopped: 0.0045823 seconds, Stopping threads took: 0.0000298 seconds
2020-02-27T14:34:11.552+0000: 14.355: Total time for which application threads were stopped: 0.0005086 seconds, Stopping threads took: 0.0000238 seconds
{Heap before GC invocations=165 (full 2):
 par new generation   total 19008K, used 18157K [0x00000000c3000000, 0x00000000c44a0000, 0x00000000cd660000)
  eden space 16896K, 100% used [0x00000000c3000000, 0x00000000c4080000, 0x00000000c4080000)
  from space 2112K,  59% used [0x00000000c4290000, 0x00000000c43cb5c0, 0x00000000c44a0000)
  to   space 2112K,   0% used [0x00000000c4080000, 0x00000000c4080000, 0x00000000c4290000)
 concurrent mark-sweep generation total 42368K, used 25032K [0x00000000cd660000, 0x00000000cffc0000, 0x0000000100000000)
 Metaspace       used 42980K, capacity 44616K, committed 44924K, reserved 1089536K
  class space    used 5429K, capacity 5754K, committed 5812K, reserved 1048576K
2020-02-27T14:34:11.592+0000: 14.395: [GC (Allocation Failure) 2020-02-27T14:34:11.592+0000: 14.395: [ParNew
Desired survivor size 1081344 bytes, new threshold 6 (max 6)
- age   1:     392256 bytes,     392256 total
- age   2:     105288 bytes,     497544 total
- age   3:      84240 bytes,     581784 total
- age   4:     109720 bytes,     691504 total
- age   5:     255376 bytes,     946880 total
- age   6:     152688 bytes,    1099568 total
: 18157K->1293K(19008K), 0.0043003 secs] 43190K->26474K(61376K), 0.0043553 secs] [Times: user=0.01 sys=0.00, real=0.00 secs] 
Heap after GC invocations=166 (full 2):
 par new generation   total 19008K, used 1293K [0x00000000c3000000, 0x00000000c44a0000, 0x00000000cd660000)
  eden space 16896K,   0% used [0x00000000c3000000, 0x00000000c3000000, 0x00000000c4080000)
  from space 2112K,  61% used [0x00000000c4080000, 0x00000000c41c3478, 0x00000000c4290000)
  to   space 2112K,   0% used [0x00000000c4290000, 0x00000000c4290000, 0x00000000c44a0000)
 concurrent mark-sweep generation total 42368K, used 25181K [0x00000000cd660000, 0x00000000cffc0000, 0x0000000100000000)
 Metaspace       used 42980K, capacity 44616K, committed 44924K, reserved 1089536K
  class space    used 5429K, capacity 5754K, committed 5812K, reserved 1048576K
}
2020-02-27T14:34:11.597+0000: 14.400: Total time for which application threads were stopped: 0.0045187 seconds, Stopping threads took: 0.0000236 seconds
{Heap before GC invocations=166 (full 2):
 par new generation   total 19008K, used 18189K [0x00000000c3000000, 0x00000000c44a0000, 0x00000000cd660000)
  eden space 16896K, 100% used [0x00000000c3000000, 0x00000000c4080000, 0x00000000c4080000)
  from space 2112K,  61% used [0x00000000c4080000, 0x00000000c41c3478, 0x00000000c4290000)
  to   space 2112K,   0% used [0x00000000c4290000, 0x00000000c4290000, 0x00000000c44a0000)
 concurrent mark-sweep generation total 42368K, used 25181K [0x00000000cd660000, 0x00000000cffc0000, 0x0000000100000000)
 Metaspace       used 43282K, capacity 44996K, committed 45180K, reserved 1089536K
  class space    used 5464K, capacity 5792K, committed 5812K, reserved 1048576K
2020-02-27T14:34:11.654+0000: 14.457: [GC (Allocation Failure) 2020-02-27T14:34:11.654+0000: 14.457: [ParNew
Desired survivor size 1081344 bytes, new threshold 6 (max 6)
- age   1:     340024 bytes,     340024 total
- age   2:     378920 bytes,     718944 total
- age   3:     105240 bytes,     824184 total
- age   4:      80672 bytes,     904856 total
- age   5:     104888 bytes,    1009744 total
- age   6:     254504 bytes,    1264248 total
: 18189K->2096K(19008K), 0.0047990 secs] 43370K->27429K(61376K), 0.0048836 secs] [Times: user=0.01 sys=0.00, real=0.01 secs] 
Heap after GC invocations=167 (full 2):
 par new generation   total 19008K, used 2096K [0x00000000c3000000, 0x00000000c44a0000, 0x00000000cd660000)
  eden space 16896K,   0% used [0x00000000c3000000, 0x00000000c3000000, 0x00000000c4080000)
  from space 2112K,  99% used [0x00000000c4290000, 0x00000000c449c3d0, 0x00000000c44a0000)
  to   space 2112K,   0% used [0x00000000c4080000, 0x00000000c4080000, 0x00000000c4290000)
 concurrent mark-sweep generation total 42368K, used 25332K [0x00000000cd660000, 0x00000000cffc0000, 0x0000000100000000)
 Metaspace       used 43282K, capacity 44996K, committed 45180K, reserved 1089536K
  class space    used 5464K, capacity 5792K, committed 5812K, reserved 1048576K
}
2020-02-27T14:34:11.659+0000: 14.462: Total time for which application threads were stopped: 0.0051007 seconds, Stopping threads took: 0.0000610 seconds
{Heap before GC invocations=167 (full 2):
 par new generation   total 19008K, used 18992K [0x00000000c3000000, 0x00000000c44a0000, 0x00000000cd660000)
  eden space 16896K, 100% used [0x00000000c3000000, 0x00000000c4080000, 0x00000000c4080000)
  from space 2112K,  99% used [0x00000000c4290000, 0x00000000c449c3d0, 0x00000000c44a0000)
  to   space 2112K,   0% used [0x00000000c4080000, 0x00000000c4080000, 0x00000000c4290000)
 concurrent mark-sweep generation total 42368K, used 25332K [0x00000000cd660000, 0x00000000cffc0000, 0x0000000100000000)
 Metaspace       used 43686K, capacity 45418K, committed 45820K, reserved 1089536K
  class space    used 5494K, capacity 5825K, committed 5940K, reserved 1048576K
2020-02-27T14:34:11.711+0000: 14.514: [GC (Allocation Failure) 2020-02-27T14:34:11.711+0000: 14.514: [ParNew
Desired survivor size 1081344 bytes, new threshold 4 (max 6)
- age   1:     302568 bytes,     302568 total
- age   2:     313576 bytes,     616144 total
- age   3:     378720 bytes,     994864 total
- age   4:     105240 bytes,    1100104 total
- age   5:      74600 bytes,    1174704 total
- age   6:     104888 bytes,    1279592 total
: 18992K->1731K(19008K), 0.0053950 secs] 44325K->27316K(61376K), 0.0054703 secs] [Times: user=0.01 sys=0.00, real=0.00 secs] 
Heap after GC invocations=168 (full 2):
 par new generation   total 19008K, used 1731K [0x00000000c3000000, 0x00000000c44a0000, 0x00000000cd660000)
  eden space 16896K,   0% used [0x00000000c3000000, 0x00000000c3000000, 0x00000000c4080000)
  from space 2112K,  81% used [0x00000000c4080000, 0x00000000c4230d08, 0x00000000c4290000)
  to   space 2112K,   0% used [0x00000000c4290000, 0x00000000c4290000, 0x00000000c44a0000)
 concurrent mark-sweep generation total 42368K, used 25585K [0x00000000cd660000, 0x00000000cffc0000, 0x0000000100000000)
 Metaspace       used 43686K, capacity 45418K, committed 45820K, reserved 1089536K
  class space    used 5494K, capacity 5825K, committed 5940K, reserved 1048576K
}
2020-02-27T14:34:11.716+0000: 14.519: Total time for which application threads were stopped: 0.0057232 seconds, Stopping threads took: 0.0000877 seconds
{Heap before GC invocations=168 (full 2):
 par new generation   total 19008K, used 18627K [0x00000000c3000000, 0x00000000c44a0000, 0x00000000cd660000)
  eden space 16896K, 100% used [0x00000000c3000000, 0x00000000c4080000, 0x00000000c4080000)
  from space 2112K,  81% used [0x00000000c4080000, 0x00000000c4230d08, 0x00000000c4290000)
  to   space 2112K,   0% used [0x00000000c4290000, 0x00000000c4290000, 0x00000000c44a0000)
 concurrent mark-sweep generation total 42368K, used 25585K [0x00000000cd660000, 0x00000000cffc0000, 0x0000000100000000)
 Metaspace       used 44024K, capacity 45708K, committed 46076K, reserved 1089536K
  class space    used 5523K, capacity 5858K, committed 5940K, reserved 1048576K
2020-02-27T14:34:11.788+0000: 14.592: [GC (Allocation Failure) 2020-02-27T14:34:11.788+0000: 14.592: [ParNew
Desired survivor size 1081344 bytes, new threshold 4 (max 6)
- age   1:     425448 bytes,     425448 total
- age   2:     280432 bytes,     705880 total
- age   3:     313576 bytes,    1019456 total
- age   4:     378720 bytes,    1398176 total
: 18627K->1664K(19008K), 0.0059429 secs] 44212K->27535K(61376K), 0.0060315 secs] [Times: user=0.02 sys=0.00, real=0.00 secs] 
Heap after GC invocations=169 (full 2):
 par new generation   total 19008K, used 1664K [0x00000000c3000000, 0x00000000c44a0000, 0x00000000cd660000)
  eden space 16896K,   0% used [0x00000000c3000000, 0x00000000c3000000, 0x00000000c4080000)
  from space 2112K,  78% used [0x00000000c4290000, 0x00000000c4430058, 0x00000000c44a0000)
  to   space 2112K,   0% used [0x00000000c4080000, 0x00000000c4080000, 0x00000000c4290000)
 concurrent mark-sweep generation total 42368K, used 25871K [0x00000000cd660000, 0x00000000cffc0000, 0x0000000100000000)
 Metaspace       used 44024K, capacity 45708K, committed 46076K, reserved 1089536K
  class space    used 5523K, capacity 5858K, committed 5940K, reserved 1048576K
}
2020-02-27T14:34:11.794+0000: 14.598: Total time for which application threads were stopped: 0.0063409 seconds, Stopping threads took: 0.0001094 seconds
{Heap before GC invocations=169 (full 2):
 par new generation   total 19008K, used 18560K [0x00000000c3000000, 0x00000000c44a0000, 0x00000000cd660000)
  eden space 16896K, 100% used [0x00000000c3000000, 0x00000000c4080000, 0x00000000c4080000)
  from space 2112K,  78% used [0x00000000c4290000, 0x00000000c4430058, 0x00000000c44a0000)
  to   space 2112K,   0% used [0x00000000c4080000, 0x00000000c4080000, 0x00000000c4290000)
 concurrent mark-sweep generation total 42368K, used 25871K [0x00000000cd660000, 0x00000000cffc0000, 0x0000000100000000)
 Metaspace       used 44500K, capacity 46188K, committed 46460K, reserved 1089536K
  class space    used 5631K, capacity 5954K, committed 6068K, reserved 1048576K
2020-02-27T14:34:11.875+0000: 14.679: [GC (Allocation Failure) 2020-02-27T14:34:11.875+0000: 14.679: [ParNew
Desired survivor size 1081344 bytes, new threshold 3 (max 6)
- age   1:     626872 bytes,     626872 total
- age   2:     379936 bytes,    1006808 total
- age   3:     279816 bytes,    1286624 total
- age   4:     313576 bytes,    1600200 total
: 18560K->1952K(19008K), 0.0075279 secs] 44431K->28196K(61376K), 0.0076006 secs] [Times: user=0.02 sys=0.00, real=0.01 secs] 
Heap after GC invocations=170 (full 2):
 par new generation   total 19008K, used 1952K [0x00000000c3000000, 0x00000000c44a0000, 0x00000000cd660000)
  eden space 16896K,   0% used [0x00000000c3000000, 0x00000000c3000000, 0x00000000c4080000)
  from space 2112K,  92% used [0x00000000c4080000, 0x00000000c4268250, 0x00000000c4290000)
  to   space 2112K,   0% used [0x00000000c4290000, 0x00000000c4290000, 0x00000000c44a0000)
 concurrent mark-sweep generation total 42368K, used 26244K [0x00000000cd660000, 0x00000000cffc0000, 0x0000000100000000)
 Metaspace       used 44500K, capacity 46188K, committed 46460K, reserved 1089536K
  class space    used 5631K, capacity 5954K, committed 6068K, reserved 1048576K
}
2020-02-27T14:34:11.883+0000: 14.686: Total time for which application threads were stopped: 0.0077850 seconds, Stopping threads took: 0.0000603 seconds
{Heap before GC invocations=170 (full 2):
 par new generation   total 19008K, used 18848K [0x00000000c3000000, 0x00000000c44a0000, 0x00000000cd660000)
  eden space 16896K, 100% used [0x00000000c3000000, 0x00000000c4080000, 0x00000000c4080000)
  from space 2112K,  92% used [0x00000000c4080000, 0x00000000c4268250, 0x00000000c4290000)
  to   space 2112K,   0% used [0x00000000c4290000, 0x00000000c4290000, 0x00000000c44a0000)
 concurrent mark-sweep generation total 42368K, used 26244K [0x00000000cd660000, 0x00000000cffc0000, 0x0000000100000000)
 Metaspace       used 44635K, capacity 46348K, committed 46716K, reserved 1089536K
  class space    used 5659K, capacity 5986K, committed 6068K, reserved 1048576K
2020-02-27T14:34:11.935+0000: 14.738: [GC (Allocation Failure) 2020-02-27T14:34:11.935+0000: 14.738: [ParNew
Desired survivor size 1081344 bytes, new threshold 3 (max 6)
- age   1:     489944 bytes,     489944 total
- age   2:     587944 bytes,    1077888 total
- age   3:     372808 bytes,    1450696 total
: 18848K->2112K(19008K), 0.0196026 secs] 45092K->28988K(61376K), 0.0196889 secs] [Times: user=0.03 sys=0.00, real=0.02 secs] 
Heap after GC invocations=171 (full 2):
 par new generation   total 19008K, used 2112K [0x00000000c3000000, 0x00000000c44a0000, 0x00000000cd660000)
  eden space 16896K,   0% used [0x00000000c3000000, 0x00000000c3000000, 0x00000000c4080000)
  from space 2112K, 100% used [0x00000000c4290000, 0x00000000c44a0000, 0x00000000c44a0000)
  to   space 2112K,   0% used [0x00000000c4080000, 0x00000000c4080000, 0x00000000c4290000)
 concurrent mark-sweep generation total 42368K, used 26876K [0x00000000cd660000, 0x00000000cffc0000, 0x0000000100000000)
 Metaspace       used 44635K, capacity 46348K, committed 46716K, reserved 1089536K
  class space    used 5659K, capacity 5986K, committed 6068K, reserved 1048576K
}
2020-02-27T14:34:11.955+0000: 14.758: Total time for which application threads were stopped: 0.0199032 seconds, Stopping threads took: 0.0000420 seconds
{Heap before GC invocations=171 (full 2):
 par new generation   total 19008K, used 19008K [0x00000000c3000000, 0x00000000c44a0000, 0x00000000cd660000)
  eden space 16896K, 100% used [0x00000000c3000000, 0x00000000c4080000, 0x00000000c4080000)
  from space 2112K, 100% used [0x00000000c4290000, 0x00000000c44a0000, 0x00000000c44a0000)
  to   space 2112K,   0% used [0x00000000c4080000, 0x00000000c4080000, 0x00000000c4290000)
 concurrent mark-sweep generation total 42368K, used 26876K [0x00000000cd660000, 0x00000000cffc0000, 0x0000000100000000)
 Metaspace       used 44771K, capacity 46412K, committed 46716K, reserved 1089536K
  class space    used 5679K, capacity 5986K, committed 6068K, reserved 1048576K
2020-02-27T14:34:12.012+0000: 14.815: [GC (Allocation Failure) 2020-02-27T14:34:12.012+0000: 14.815: [ParNew
Desired survivor size 1081344 bytes, new threshold 2 (max 6)
- age   1:     653104 bytes,     653104 total
- age   2:     475112 bytes,    1128216 total
- age   3:     587944 bytes,    1716160 total
: 19008K->2112K(19008K), 0.0092229 secs] 45884K->29363K(61376K), 0.0092986 secs] [Times: user=0.01 sys=0.00, real=0.01 secs] 
Heap after GC invocations=172 (full 2):
 par new generation   total 19008K, used 2112K [0x00000000c3000000, 0x00000000c44a0000, 0x00000000cd660000)
  eden space 16896K,   0% used [0x00000000c3000000, 0x00000000c3000000, 0x00000000c4080000)
  from space 2112K, 100% used [0x00000000c4080000, 0x00000000c4290000, 0x00000000c4290000)
  to   space 2112K,   0% used [0x00000000c4290000, 0x00000000c4290000, 0x00000000c44a0000)
 concurrent mark-sweep generation total 42368K, used 27251K [0x00000000cd660000, 0x00000000cffc0000, 0x0000000100000000)
 Metaspace       used 44771K, capacity 46412K, committed 46716K, reserved 1089536K
  class space    used 5679K, capacity 5986K, committed 6068K, reserved 1048576K
}
2020-02-27T14:34:12.021+0000: 14.824: Total time for which application threads were stopped: 0.0095159 seconds, Stopping threads took: 0.0000632 seconds
{Heap before GC invocations=172 (full 2):
 par new generation   total 19008K, used 19008K [0x00000000c3000000, 0x00000000c44a0000, 0x00000000cd660000)
  eden space 16896K, 100% used [0x00000000c3000000, 0x00000000c4080000, 0x00000000c4080000)
  from space 2112K, 100% used [0x00000000c4080000, 0x00000000c4290000, 0x00000000c4290000)
  to   space 2112K,   0% used [0x00000000c4290000, 0x00000000c4290000, 0x00000000c44a0000)
 concurrent mark-sweep generation total 42368K, used 27251K [0x00000000cd660000, 0x00000000cffc0000, 0x0000000100000000)
 Metaspace       used 44879K, capacity 46508K, committed 46716K, reserved 1089536K
  class space    used 5695K, capacity 6018K, committed 6068K, reserved 1048576K
2020-02-27T14:34:12.070+0000: 14.874: [GC (Allocation Failure) 2020-02-27T14:34:12.070+0000: 14.874: [ParNew
Desired survivor size 1081344 bytes, new threshold 6 (max 6)
- age   1:     328288 bytes,     328288 total
- age   2:     638792 bytes,     967080 total
: 19008K->2112K(19008K), 0.0115969 secs] 46259K->30420K(61376K), 0.0116921 secs] [Times: user=0.03 sys=0.00, real=0.01 secs] 
Heap after GC invocations=173 (full 2):
 par new generation   total 19008K, used 2112K [0x00000000c3000000, 0x00000000c44a0000, 0x00000000cd660000)
  eden space 16896K,   0% used [0x00000000c3000000, 0x00000000c3000000, 0x00000000c4080000)
  from space 2112K, 100% used [0x00000000c4290000, 0x00000000c44a0000, 0x00000000c44a0000)
  to   space 2112K,   0% used [0x00000000c4080000, 0x00000000c4080000, 0x00000000c4290000)
 concurrent mark-sweep generation total 42368K, used 28308K [0x00000000cd660000, 0x00000000cffc0000, 0x0000000100000000)
 Metaspace       used 44879K, capacity 46508K, committed 46716K, reserved 1089536K
  class space    used 5695K, capacity 6018K, committed 6068K, reserved 1048576K
}
2020-02-27T14:34:12.082+0000: 14.885: Total time for which application threads were stopped: 0.0159376 seconds, Stopping threads took: 0.0040782 seconds
{Heap before GC invocations=173 (full 2):
 par new generation   total 19008K, used 19008K [0x00000000c3000000, 0x00000000c44a0000, 0x00000000cd660000)
  eden space 16896K, 100% used [0x00000000c3000000, 0x00000000c4080000, 0x00000000c4080000)
  from space 2112K, 100% used [0x00000000c4290000, 0x00000000c44a0000, 0x00000000c44a0000)
  to   space 2112K,   0% used [0x00000000c4080000, 0x00000000c4080000, 0x00000000c4290000)
 concurrent mark-sweep generation total 42368K, used 28308K [0x00000000cd660000, 0x00000000cffc0000, 0x0000000100000000)
 Metaspace       used 45004K, capacity 46636K, committed 46972K, reserved 1089536K
  class space    used 5710K, capacity 6018K, committed 6068K, reserved 1048576K
2020-02-27T14:34:12.122+0000: 14.925: [GC (Allocation Failure) 2020-02-27T14:34:12.122+0000: 14.925: [ParNew
Desired survivor size 1081344 bytes, new threshold 3 (max 6)
- age   1:     227072 bytes,     227072 total
- age   2:     311656 bytes,     538728 total
- age   3:     638792 bytes,    1177520 total
: 19008K->1520K(19008K), 0.0054061 secs] 47316K->29829K(61376K), 0.0054758 secs] [Times: user=0.01 sys=0.00, real=0.01 secs] 
Heap after GC invocations=174 (full 2):
 par new generation   total 19008K, used 1520K [0x00000000c3000000, 0x00000000c44a0000, 0x00000000cd660000)
  eden space 16896K,   0% used [0x00000000c3000000, 0x00000000c3000000, 0x00000000c4080000)
  from space 2112K,  71% used [0x00000000c4080000, 0x00000000c41fc278, 0x00000000c4290000)
  to   space 2112K,   0% used [0x00000000c4290000, 0x00000000c4290000, 0x00000000c44a0000)
 concurrent mark-sweep generation total 42368K, used 28308K [0x00000000cd660000, 0x00000000cffc0000, 0x0000000100000000)
 Metaspace       used 45004K, capacity 46636K, committed 46972K, reserved 1089536K
  class space    used 5710K, capacity 6018K, committed 6068K, reserved 1048576K
}
2020-02-27T14:34:12.127+0000: 14.930: Total time for which application threads were stopped: 0.0056865 seconds, Stopping threads took: 0.0000676 seconds
{Heap before GC invocations=174 (full 2):
 par new generation   total 19008K, used 18416K [0x00000000c3000000, 0x00000000c44a0000, 0x00000000cd660000)
  eden space 16896K, 100% used [0x00000000c3000000, 0x00000000c4080000, 0x00000000c4080000)
  from space 2112K,  71% used [0x00000000c4080000, 0x00000000c41fc278, 0x00000000c4290000)
  to   space 2112K,   0% used [0x00000000c4290000, 0x00000000c4290000, 0x00000000c44a0000)
 concurrent mark-sweep generation total 42368K, used 28308K [0x00000000cd660000, 0x00000000cffc0000, 0x0000000100000000)
 Metaspace       used 45096K, capacity 46732K, committed 46972K, reserved 1089536K
  class space    used 5726K, capacity 6050K, committed 6068K, reserved 1048576K
2020-02-27T14:34:12.160+0000: 14.963: [GC (Allocation Failure) 2020-02-27T14:34:12.160+0000: 14.963: [ParNew
Desired survivor size 1081344 bytes, new threshold 6 (max 6)
- age   1:      34504 bytes,      34504 total
- age   2:     209320 bytes,     243824 total
- age   3:     311200 bytes,     555024 total
: 18416K->1052K(19008K), 0.0079983 secs] 46725K->29995K(61376K), 0.0080807 secs] [Times: user=0.01 sys=0.00, real=0.01 secs] 
Heap after GC invocations=175 (full 2):
 par new generation   total 19008K, used 1052K [0x00000000c3000000, 0x00000000c44a0000, 0x00000000cd660000)
  eden space 16896K,   0% used [0x00000000c3000000, 0x00000000c3000000, 0x00000000c4080000)
  from space 2112K,  49% used [0x00000000c4290000, 0x00000000c4397370, 0x00000000c44a0000)
  to   space 2112K,   0% used [0x00000000c4080000, 0x00000000c4080000, 0x00000000c4290000)
 concurrent mark-sweep generation total 42368K, used 28942K [0x00000000cd660000, 0x00000000cffc0000, 0x0000000100000000)
 Metaspace       used 45096K, capacity 46732K, committed 46972K, reserved 1089536K
  class space    used 5726K, capacity 6050K, committed 6068K, reserved 1048576K
}
2020-02-27T14:34:12.168+0000: 14.971: Total time for which application threads were stopped: 0.0083521 seconds, Stopping threads took: 0.0001036 seconds
{Heap before GC invocations=175 (full 2):
 par new generation   total 19008K, used 17948K [0x00000000c3000000, 0x00000000c44a0000, 0x00000000cd660000)
  eden space 16896K, 100% used [0x00000000c3000000, 0x00000000c4080000, 0x00000000c4080000)
  from space 2112K,  49% used [0x00000000c4290000, 0x00000000c4397370, 0x00000000c44a0000)
  to   space 2112K,   0% used [0x00000000c4080000, 0x00000000c4080000, 0x00000000c4290000)
 concurrent mark-sweep generation total 42368K, used 28942K [0x00000000cd660000, 0x00000000cffc0000, 0x0000000100000000)
 Metaspace       used 45223K, capacity 46892K, committed 47100K, reserved 1089536K
  class space    used 5752K, capacity 6082K, committed 6196K, reserved 1048576K
2020-02-27T14:34:12.200+0000: 15.003: [GC (Allocation Failure) 2020-02-27T14:34:12.200+0000: 15.003: [ParNew
Desired survivor size 1081344 bytes, new threshold 6 (max 6)
- age   1:      33616 bytes,      33616 total
- age   2:      17552 bytes,      51168 total
- age   3:     209320 bytes,     260488 total
- age   4:     311200 bytes,     571688 total
: 17948K->699K(19008K), 0.0019550 secs] 46891K->29642K(61376K), 0.0020115 secs] [Times: user=0.00 sys=0.00, real=0.00 secs] 
Heap after GC invocations=176 (full 2):
 par new generation   total 19008K, used 699K [0x00000000c3000000, 0x00000000c44a0000, 0x00000000cd660000)
  eden space 16896K,   0% used [0x00000000c3000000, 0x00000000c3000000, 0x00000000c4080000)
  from space 2112K,  33% used [0x00000000c4080000, 0x00000000c412ef48, 0x00000000c4290000)
  to   space 2112K,   0% used [0x00000000c4290000, 0x00000000c4290000, 0x00000000c44a0000)
 concurrent mark-sweep generation total 42368K, used 28942K [0x00000000cd660000, 0x00000000cffc0000, 0x0000000100000000)
 Metaspace       used 45223K, capacity 46892K, committed 47100K, reserved 1089536K
  class space    used 5752K, capacity 6082K, committed 6196K, reserved 1048576K
}
2020-02-27T14:34:12.202+0000: 15.005: Total time for which application threads were stopped: 0.0022942 seconds, Stopping threads took: 0.0001646 seconds
{Heap before GC invocations=176 (full 2):
 par new generation   total 19008K, used 17595K [0x00000000c3000000, 0x00000000c44a0000, 0x00000000cd660000)
  eden space 16896K, 100% used [0x00000000c3000000, 0x00000000c4080000, 0x00000000c4080000)
  from space 2112K,  33% used [0x00000000c4080000, 0x00000000c412ef48, 0x00000000c4290000)
  to   space 2112K,   0% used [0x00000000c4290000, 0x00000000c4290000, 0x00000000c44a0000)
 concurrent mark-sweep generation total 42368K, used 28942K [0x00000000cd660000, 0x00000000cffc0000, 0x0000000100000000)
 Metaspace       used 45330K, capacity 46956K, committed 47356K, reserved 1091584K
  class space    used 5775K, capacity 6082K, committed 6196K, reserved 1048576K
2020-02-27T14:34:12.234+0000: 15.037: [GC (Allocation Failure) 2020-02-27T14:34:12.234+0000: 15.037: [ParNew
Desired survivor size 1081344 bytes, new threshold 6 (max 6)
- age   1:      32720 bytes,      32720 total
- age   2:      15904 bytes,      48624 total
- age   3:      17552 bytes,      66176 total
- age   4:     209320 bytes,     275496 total
- age   5:     311200 bytes,     586696 total
: 17595K->801K(19008K), 0.0020678 secs] 46538K->29743K(61376K), 0.0021488 secs] [Times: user=0.01 sys=0.00, real=0.00 secs] 
Heap after GC invocations=177 (full 2):
 par new generation   total 19008K, used 801K [0x00000000c3000000, 0x00000000c44a0000, 0x00000000cd660000)
  eden space 16896K,   0% used [0x00000000c3000000, 0x00000000c3000000, 0x00000000c4080000)
  from space 2112K,  37% used [0x00000000c4290000, 0x00000000c4358610, 0x00000000c44a0000)
  to   space 2112K,   0% used [0x00000000c4080000, 0x00000000c4080000, 0x00000000c4290000)
 concurrent mark-sweep generation total 42368K, used 28942K [0x00000000cd660000, 0x00000000cffc0000, 0x0000000100000000)
 Metaspace       used 45330K, capacity 46956K, committed 47356K, reserved 1091584K
  class space    used 5775K, capacity 6082K, committed 6196K, reserved 1048576K
}
2020-02-27T14:34:12.236+0000: 15.039: Total time for which application threads were stopped: 0.0023763 seconds, Stopping threads took: 0.0000803 seconds
{Heap before GC invocations=177 (full 2):
 par new generation   total 19008K, used 17697K [0x00000000c3000000, 0x00000000c44a0000, 0x00000000cd660000)
  eden space 16896K, 100% used [0x00000000c3000000, 0x00000000c4080000, 0x00000000c4080000)
  from space 2112K,  37% used [0x00000000c4290000, 0x00000000c4358610, 0x00000000c44a0000)
  to   space 2112K,   0% used [0x00000000c4080000, 0x00000000c4080000, 0x00000000c4290000)
 concurrent mark-sweep generation total 42368K, used 28942K [0x00000000cd660000, 0x00000000cffc0000, 0x0000000100000000)
 Metaspace       used 45540K, capacity 47244K, committed 47612K, reserved 1091584K
  class space    used 5803K, capacity 6114K, committed 6196K, reserved 1048576K
2020-02-27T14:34:12.275+0000: 15.079: [GC (Allocation Failure) 2020-02-27T14:34:12.275+0000: 15.079: [ParNew
Desired survivor size 1081344 bytes, new threshold 6 (max 6)
- age   1:      38704 bytes,      38704 total
- age   2:      14224 bytes,      52928 total
- age   3:      15856 bytes,      68784 total
- age   4:      17536 bytes,      86320 total
- age   5:     209320 bytes,     295640 total
- age   6:     311200 bytes,     606840 total
: 17697K->843K(19008K), 0.0020970 secs] 46639K->29785K(61376K), 0.0021627 secs] [Times: user=0.01 sys=0.00, real=0.01 secs] 
Heap after GC invocations=178 (full 2):
 par new generation   total 19008K, used 843K [0x00000000c3000000, 0x00000000c44a0000, 0x00000000cd660000)
  eden space 16896K,   0% used [0x00000000c3000000, 0x00000000c3000000, 0x00000000c4080000)
  from space 2112K,  39% used [0x00000000c4080000, 0x00000000c4152e40, 0x00000000c4290000)
  to   space 2112K,   0% used [0x00000000c4290000, 0x00000000c4290000, 0x00000000c44a0000)
 concurrent mark-sweep generation total 42368K, used 28942K [0x00000000cd660000, 0x00000000cffc0000, 0x0000000100000000)
 Metaspace       used 45540K, capacity 47244K, committed 47612K, reserved 1091584K
  class space    used 5803K, capacity 6114K, committed 6196K, reserved 1048576K
}
2020-02-27T14:34:12.278+0000: 15.081: Total time for which application threads were stopped: 0.0023924 seconds, Stopping threads took: 0.0000900 seconds
{Heap before GC invocations=178 (full 2):
 par new generation   total 19008K, used 17739K [0x00000000c3000000, 0x00000000c44a0000, 0x00000000cd660000)
  eden space 16896K, 100% used [0x00000000c3000000, 0x00000000c4080000, 0x00000000c4080000)
  from space 2112K,  39% used [0x00000000c4080000, 0x00000000c4152e40, 0x00000000c4290000)
  to   space 2112K,   0% used [0x00000000c4290000, 0x00000000c4290000, 0x00000000c44a0000)
 concurrent mark-sweep generation total 42368K, used 28942K [0x00000000cd660000, 0x00000000cffc0000, 0x0000000100000000)
 Metaspace       used 45636K, capacity 47342K, committed 47612K, reserved 1091584K
  class space    used 5823K, capacity 6147K, committed 6196K, reserved 1048576K
2020-02-27T14:34:12.311+0000: 15.114: [GC (Allocation Failure) 2020-02-27T14:34:12.311+0000: 15.114: [ParNew
Desired survivor size 1081344 bytes, new threshold 6 (max 6)
- age   1:      38000 bytes,      38000 total
- age   2:      20432 bytes,      58432 total
- age   3:      14224 bytes,      72656 total
- age   4:      15800 bytes,      88456 total
- age   5:      17504 bytes,     105960 total
- age   6:     209320 bytes,     315280 total
: 17739K->585K(19008K), 0.0026499 secs] 46681K->29835K(61376K), 0.0027450 secs] [Times: user=0.01 sys=0.00, real=0.00 secs] 
Heap after GC invocations=179 (full 2):
 par new generation   total 19008K, used 585K [0x00000000c3000000, 0x00000000c44a0000, 0x00000000cd660000)
  eden space 16896K,   0% used [0x00000000c3000000, 0x00000000c3000000, 0x00000000c4080000)
  from space 2112K,  27% used [0x00000000c4290000, 0x00000000c4322640, 0x00000000c44a0000)
  to   space 2112K,   0% used [0x00000000c4080000, 0x00000000c4080000, 0x00000000c4290000)
 concurrent mark-sweep generation total 42368K, used 29249K [0x00000000cd660000, 0x00000000cffc0000, 0x0000000100000000)
 Metaspace       used 45636K, capacity 47342K, committed 47612K, reserved 1091584K
  class space    used 5823K, capacity 6147K, committed 6196K, reserved 1048576K
}
2020-02-27T14:34:12.314+0000: 15.117: Total time for which application threads were stopped: 0.0030141 seconds, Stopping threads took: 0.0000797 seconds
{Heap before GC invocations=179 (full 2):
 par new generation   total 19008K, used 17481K [0x00000000c3000000, 0x00000000c44a0000, 0x00000000cd660000)
  eden space 16896K, 100% used [0x00000000c3000000, 0x00000000c4080000, 0x00000000c4080000)
  from space 2112K,  27% used [0x00000000c4290000, 0x00000000c4322640, 0x00000000c44a0000)
  to   space 2112K,   0% used [0x00000000c4080000, 0x00000000c4080000, 0x00000000c4290000)
 concurrent mark-sweep generation total 42368K, used 29249K [0x00000000cd660000, 0x00000000cffc0000, 0x0000000100000000)
 Metaspace       used 45766K, capacity 47502K, committed 47612K, reserved 1091584K
  class space    used 5850K, capacity 6179K, committed 6196K, reserved 1048576K
2020-02-27T14:34:12.348+0000: 15.152: [GC (Allocation Failure) 2020-02-27T14:34:12.349+0000: 15.152: [ParNew
Desired survivor size 1081344 bytes, new threshold 6 (max 6)
- age   1:      33608 bytes,      33608 total
- age   2:      19608 bytes,      53216 total
- age   3:      20432 bytes,      73648 total
- age   4:      14224 bytes,      87872 total
- age   5:      15800 bytes,     103672 total
- age   6:      17504 bytes,     121176 total
: 17481K->262K(19008K), 0.0020467 secs] 46731K->29720K(61376K), 0.0021120 secs] [Times: user=0.00 sys=0.00, real=0.00 secs] 
Heap after GC invocations=180 (full 2):
 par new generation   total 19008K, used 262K [0x00000000c3000000, 0x00000000c44a0000, 0x00000000cd660000)
  eden space 16896K,   0% used [0x00000000c3000000, 0x00000000c3000000, 0x00000000c4080000)
  from space 2112K,  12% used [0x00000000c4080000, 0x00000000c40c1bb0, 0x00000000c4290000)
  to   space 2112K,   0% used [0x00000000c4290000, 0x00000000c4290000, 0x00000000c44a0000)
 concurrent mark-sweep generation total 42368K, used 29457K [0x00000000cd660000, 0x00000000cffc0000, 0x0000000100000000)
 Metaspace       used 45766K, capacity 47502K, committed 47612K, reserved 1091584K
  class space    used 5850K, capacity 6179K, committed 6196K, reserved 1048576K
}
2020-02-27T14:34:12.351+0000: 15.154: Total time for which application threads were stopped: 0.0023314 seconds, Stopping threads took: 0.0000829 seconds
{Heap before GC invocations=180 (full 2):
 par new generation   total 19008K, used 17158K [0x00000000c3000000, 0x00000000c44a0000, 0x00000000cd660000)
  eden space 16896K, 100% used [0x00000000c3000000, 0x00000000c4080000, 0x00000000c4080000)
  from space 2112K,  12% used [0x00000000c4080000, 0x00000000c40c1bb0, 0x00000000c4290000)
  to   space 2112K,   0% used [0x00000000c4290000, 0x00000000c4290000, 0x00000000c44a0000)
 concurrent mark-sweep generation total 42368K, used 29457K [0x00000000cd660000, 0x00000000cffc0000, 0x0000000100000000)
 Metaspace       used 45855K, capacity 47566K, committed 47868K, reserved 1091584K
  class space    used 5868K, capacity 6179K, committed 6196K, reserved 1048576K
2020-02-27T14:34:12.382+0000: 15.186: [GC (Allocation Failure) 2020-02-27T14:34:12.382+0000: 15.186: [ParNew
Desired survivor size 1081344 bytes, new threshold 6 (max 6)
- age   1:      38472 bytes,      38472 total
- age   2:      15256 bytes,      53728 total
- age   3:      19608 bytes,      73336 total
- age   4:      20432 bytes,      93768 total
- age   5:      14224 bytes,     107992 total
- age   6:      15800 bytes,     123792 total
: 17158K->165K(19008K), 0.0019393 secs] 46616K->29641K(61376K), 0.0020279 secs] [Times: user=0.01 sys=0.00, real=0.00 secs] 
Heap after GC invocations=181 (full 2):
 par new generation   total 19008K, used 165K [0x00000000c3000000, 0x00000000c44a0000, 0x00000000cd660000)
  eden space 16896K,   0% used [0x00000000c3000000, 0x00000000c3000000, 0x00000000c4080000)
  from space 2112K,   7% used [0x00000000c4290000, 0x00000000c42b9628, 0x00000000c44a0000)
  to   space 2112K,   0% used [0x00000000c4080000, 0x00000000c4080000, 0x00000000c4290000)
 concurrent mark-sweep generation total 42368K, used 29475K [0x00000000cd660000, 0x00000000cffc0000, 0x0000000100000000)
 Metaspace       used 45855K, capacity 47566K, committed 47868K, reserved 1091584K
  class space    used 5868K, capacity 6179K, committed 6196K, reserved 1048576K
}
2020-02-27T14:34:12.385+0000: 15.188: Total time for which application threads were stopped: 0.0022486 seconds, Stopping threads took: 0.0000718 seconds
{Heap before GC invocations=181 (full 2):
 par new generation   total 19008K, used 17061K [0x00000000c3000000, 0x00000000c44a0000, 0x00000000cd660000)
  eden space 16896K, 100% used [0x00000000c3000000, 0x00000000c4080000, 0x00000000c4080000)
  from space 2112K,   7% used [0x00000000c4290000, 0x00000000c42b9628, 0x00000000c44a0000)
  to   space 2112K,   0% used [0x00000000c4080000, 0x00000000c4080000, 0x00000000c4290000)
 concurrent mark-sweep generation total 42368K, used 29475K [0x00000000cd660000, 0x00000000cffc0000, 0x0000000100000000)
 Metaspace       used 45927K, capacity 47662K, committed 47996K, reserved 1091584K
  class space    used 5885K, capacity 6211K, committed 6324K, reserved 1048576K
2020-02-27T14:34:12.416+0000: 15.219: [GC (Allocation Failure) 2020-02-27T14:34:12.416+0000: 15.219: [ParNew
Desired survivor size 1081344 bytes, new threshold 6 (max 6)
- age   1:      36272 bytes,      36272 total
- age   2:      19528 bytes,      55800 total
- age   3:      15256 bytes,      71056 total
- age   4:      19608 bytes,      90664 total
- age   5:      20432 bytes,     111096 total
- age   6:      14224 bytes,     125320 total
: 17061K->175K(19008K), 0.0018561 secs] 46537K->29667K(61376K), 0.0019267 secs] [Times: user=0.01 sys=0.00, real=0.01 secs] 
Heap after GC invocations=182 (full 2):
 par new generation   total 19008K, used 175K [0x00000000c3000000, 0x00000000c44a0000, 0x00000000cd660000)
  eden space 16896K,   0% used [0x00000000c3000000, 0x00000000c3000000, 0x00000000c4080000)
  from space 2112K,   8% used [0x00000000c4080000, 0x00000000c40abf38, 0x00000000c4290000)
  to   space 2112K,   0% used [0x00000000c4290000, 0x00000000c4290000, 0x00000000c44a0000)
 concurrent mark-sweep generation total 42368K, used 29492K [0x00000000cd660000, 0x00000000cffc0000, 0x0000000100000000)
 Metaspace       used 45927K, capacity 47662K, committed 47996K, reserved 1091584K
  class space    used 5885K, capacity 6211K, committed 6324K, reserved 1048576K
}
2020-02-27T14:34:12.418+0000: 15.221: Total time for which application threads were stopped: 0.0021618 seconds, Stopping threads took: 0.0000779 seconds
{Heap before GC invocations=182 (full 2):
 par new generation   total 19008K, used 17071K [0x00000000c3000000, 0x00000000c44a0000, 0x00000000cd660000)
  eden space 16896K, 100% used [0x00000000c3000000, 0x00000000c4080000, 0x00000000c4080000)
  from space 2112K,   8% used [0x00000000c4080000, 0x00000000c40abf38, 0x00000000c4290000)
  to   space 2112K,   0% used [0x00000000c4290000, 0x00000000c4290000, 0x00000000c44a0000)
 concurrent mark-sweep generation total 42368K, used 29492K [0x00000000cd660000, 0x00000000cffc0000, 0x0000000100000000)
 Metaspace       used 46045K, capacity 47758K, committed 47996K, reserved 1091584K
  class space    used 5913K, capacity 6243K, committed 6324K, reserved 1048576K
2020-02-27T14:34:12.455+0000: 15.259: [GC (Allocation Failure) 2020-02-27T14:34:12.455+0000: 15.259: [ParNew
Desired survivor size 1081344 bytes, new threshold 6 (max 6)
- age   1:      55232 bytes,      55232 total
- age   2:      17328 bytes,      72560 total
- age   3:      19512 bytes,      92072 total
- age   4:      15256 bytes,     107328 total
- age   5:      19608 bytes,     126936 total
- age   6:      20432 bytes,     147368 total
: 17071K->179K(19008K), 0.0018237 secs] 46563K->29686K(61376K), 0.0018956 secs] [Times: user=0.00 sys=0.00, real=0.01 secs] 
Heap after GC invocations=183 (full 2):
 par new generation   total 19008K, used 179K [0x00000000c3000000, 0x00000000c44a0000, 0x00000000cd660000)
  eden space 16896K,   0% used [0x00000000c3000000, 0x00000000c3000000, 0x00000000c4080000)
  from space 2112K,   8% used [0x00000000c4290000, 0x00000000c42bcfd0, 0x00000000c44a0000)
  to   space 2112K,   0% used [0x00000000c4080000, 0x00000000c4080000, 0x00000000c4290000)
 concurrent mark-sweep generation total 42368K, used 29506K [0x00000000cd660000, 0x00000000cffc0000, 0x0000000100000000)
 Metaspace       used 46045K, capacity 47758K, committed 47996K, reserved 1091584K
  class space    used 5913K, capacity 6243K, committed 6324K, reserved 1048576K
}
2020-02-27T14:34:12.457+0000: 15.261: Total time for which application threads were stopped: 0.0020970 seconds, Stopping threads took: 0.0000692 seconds
{Heap before GC invocations=183 (full 2):
 par new generation   total 19008K, used 17075K [0x00000000c3000000, 0x00000000c44a0000, 0x00000000cd660000)
  eden space 16896K, 100% used [0x00000000c3000000, 0x00000000c4080000, 0x00000000c4080000)
  from space 2112K,   8% used [0x00000000c4290000, 0x00000000c42bcfd0, 0x00000000c44a0000)
  to   space 2112K,   0% used [0x00000000c4080000, 0x00000000c4080000, 0x00000000c4290000)
 concurrent mark-sweep generation total 42368K, used 29506K [0x00000000cd660000, 0x00000000cffc0000, 0x0000000100000000)
 Metaspace       used 46138K, capacity 47822K, committed 47996K, reserved 1091584K
  class space    used 5931K, capacity 6243K, committed 6324K, reserved 1048576K
2020-02-27T14:34:12.487+0000: 15.290: [GC (Allocation Failure) 2020-02-27T14:34:12.487+0000: 15.290: [ParNew
Desired survivor size 1081344 bytes, new threshold 6 (max 6)
- age   1:      43608 bytes,      43608 total
- age   2:      36632 bytes,      80240 total
- age   3:      16240 bytes,      96480 total
- age   4:      19192 bytes,     115672 total
- age   5:      15256 bytes,     130928 total
- age   6:      19560 bytes,     150488 total
: 17075K->206K(19008K), 0.0019935 secs] 46582K->29733K(61376K), 0.0020628 secs] [Times: user=0.01 sys=0.00, real=0.00 secs] 
Heap after GC invocations=184 (full 2):
 par new generation   total 19008K, used 206K [0x00000000c3000000, 0x00000000c44a0000, 0x00000000cd660000)
  eden space 16896K,   0% used [0x00000000c3000000, 0x00000000c3000000, 0x00000000c4080000)
  from space 2112K,   9% used [0x00000000c4080000, 0x00000000c40b3900, 0x00000000c4290000)
  to   space 2112K,   0% used [0x00000000c4290000, 0x00000000c4290000, 0x00000000c44a0000)
 concurrent mark-sweep generation total 42368K, used 29527K [0x00000000cd660000, 0x00000000cffc0000, 0x0000000100000000)
 Metaspace       used 46138K, capacity 47822K, committed 47996K, reserved 1091584K
  class space    used 5931K, capacity 6243K, committed 6324K, reserved 1048576K
}
2020-02-27T14:34:12.489+0000: 15.292: Total time for which application threads were stopped: 0.0022919 seconds, Stopping threads took: 0.0000810 seconds
{Heap before GC invocations=184 (full 2):
 par new generation   total 19008K, used 17102K [0x00000000c3000000, 0x00000000c44a0000, 0x00000000cd660000)
  eden space 16896K, 100% used [0x00000000c3000000, 0x00000000c4080000, 0x00000000c4080000)
  from space 2112K,   9% used [0x00000000c4080000, 0x00000000c40b3900, 0x00000000c4290000)
  to   space 2112K,   0% used [0x00000000c4290000, 0x00000000c4290000, 0x00000000c44a0000)
 concurrent mark-sweep generation total 42368K, used 29527K [0x00000000cd660000, 0x00000000cffc0000, 0x0000000100000000)
 Metaspace       used 46340K, capacity 48078K, committed 48252K, reserved 1091584K
  class space    used 5955K, capacity 6307K, committed 6324K, reserved 1048576K
2020-02-27T14:34:12.528+0000: 15.331: [GC (Allocation Failure) 2020-02-27T14:34:12.528+0000: 15.332: [ParNew
Desired survivor size 1081344 bytes, new threshold 6 (max 6)
- age   1:      60720 bytes,      60720 total
- age   2:      32856 bytes,      93576 total
- age   3:      36632 bytes,     130208 total
- age   4:      16240 bytes,     146448 total
- age   5:      18768 bytes,     165216 total
- age   6:      15256 bytes,     180472 total
: 17102K->216K(19008K), 0.0019491 secs] 46629K->29763K(61376K), 0.0020157 secs] [Times: user=0.01 sys=0.00, real=0.00 secs] 
Heap after GC invocations=185 (full 2):
 par new generation   total 19008K, used 216K [0x00000000c3000000, 0x00000000c44a0000, 0x00000000cd660000)
  eden space 16896K,   0% used [0x00000000c3000000, 0x00000000c3000000, 0x00000000c4080000)
  from space 2112K,  10% used [0x00000000c4290000, 0x00000000c42c6180, 0x00000000c44a0000)
  to   space 2112K,   0% used [0x00000000c4080000, 0x00000000c4080000, 0x00000000c4290000)
 concurrent mark-sweep generation total 42368K, used 29546K [0x00000000cd660000, 0x00000000cffc0000, 0x0000000100000000)
 Metaspace       used 46340K, capacity 48078K, committed 48252K, reserved 1091584K
  class space    used 5955K, capacity 6307K, committed 6324K, reserved 1048576K
}
2020-02-27T14:34:12.530+0000: 15.334: Total time for which application threads were stopped: 0.0022190 seconds, Stopping threads took: 0.0000698 seconds
{Heap before GC invocations=185 (full 2):
 par new generation   total 19008K, used 17112K [0x00000000c3000000, 0x00000000c44a0000, 0x00000000cd660000)
  eden space 16896K, 100% used [0x00000000c3000000, 0x00000000c4080000, 0x00000000c4080000)
  from space 2112K,  10% used [0x00000000c4290000, 0x00000000c42c6180, 0x00000000c44a0000)
  to   space 2112K,   0% used [0x00000000c4080000, 0x00000000c4080000, 0x00000000c4290000)
 concurrent mark-sweep generation total 42368K, used 29546K [0x00000000cd660000, 0x00000000cffc0000, 0x0000000100000000)
 Metaspace       used 46508K, capacity 48256K, committed 48636K, reserved 1091584K
  class space    used 5981K, capacity 6342K, committed 6452K, reserved 1048576K
2020-02-27T14:34:12.576+0000: 15.379: [GC (Allocation Failure) 2020-02-27T14:34:12.576+0000: 15.379: [ParNew
Desired survivor size 1081344 bytes, new threshold 6 (max 6)
- age   1:      63472 bytes,      63472 total
- age   2:      41448 bytes,     104920 total
- age   3:      32784 bytes,     137704 total
- age   4:      36632 bytes,     174336 total
- age   5:      16240 bytes,     190576 total
- age   6:      18768 bytes,     209344 total
: 17112K->251K(19008K), 0.0019817 secs] 46659K->29813K(61376K), 0.0020362 secs] [Times: user=0.00 sys=0.00, real=0.01 secs] 
Heap after GC invocations=186 (full 2):
 par new generation   total 19008K, used 251K [0x00000000c3000000, 0x00000000c44a0000, 0x00000000cd660000)
  eden space 16896K,   0% used [0x00000000c3000000, 0x00000000c3000000, 0x00000000c4080000)
  from space 2112K,  11% used [0x00000000c4080000, 0x00000000c40bee20, 0x00000000c4290000)
  to   space 2112K,   0% used [0x00000000c4290000, 0x00000000c4290000, 0x00000000c44a0000)
 concurrent mark-sweep generation total 42368K, used 29562K [0x00000000cd660000, 0x00000000cffc0000, 0x0000000100000000)
 Metaspace       used 46508K, capacity 48256K, committed 48636K, reserved 1091584K
  class space    used 5981K, capacity 6342K, committed 6452K, reserved 1048576K
}
2020-02-27T14:34:12.578+0000: 15.381: Total time for which application threads were stopped: 0.0021800 seconds, Stopping threads took: 0.0000359 seconds
{Heap before GC invocations=186 (full 2):
 par new generation   total 19008K, used 17147K [0x00000000c3000000, 0x00000000c44a0000, 0x00000000cd660000)
  eden space 16896K, 100% used [0x00000000c3000000, 0x00000000c4080000, 0x00000000c4080000)
  from space 2112K,  11% used [0x00000000c4080000, 0x00000000c40bee20, 0x00000000c4290000)
  to   space 2112K,   0% used [0x00000000c4290000, 0x00000000c4290000, 0x00000000c44a0000)
 concurrent mark-sweep generation total 42368K, used 29562K [0x00000000cd660000, 0x00000000cffc0000, 0x0000000100000000)
 Metaspace       used 46640K, capacity 48320K, committed 48636K, reserved 1091584K
  class space    used 6005K, capacity 6342K, committed 6452K, reserved 1048576K
2020-02-27T14:34:12.614+0000: 15.418: [GC (Allocation Failure) 2020-02-27T14:34:12.614+0000: 15.418: [ParNew
Desired survivor size 1081344 bytes, new threshold 6 (max 6)
- age   1:      63152 bytes,      63152 total
- age   2:      40552 bytes,     103704 total
- age   3:      41448 bytes,     145152 total
- age   4:      32784 bytes,     177936 total
- age   5:      36632 bytes,     214568 total
- age   6:      16240 bytes,     230808 total
: 17147K->289K(19008K), 0.0045168 secs] 46709K->29871K(61376K), 0.0045982 secs] [Times: user=0.01 sys=0.00, real=0.01 secs] 
Heap after GC invocations=187 (full 2):
 par new generation   total 19008K, used 289K [0x00000000c3000000, 0x00000000c44a0000, 0x00000000cd660000)
  eden space 16896K,   0% used [0x00000000c3000000, 0x00000000c3000000, 0x00000000c4080000)
  from space 2112K,  13% used [0x00000000c4290000, 0x00000000c42d87f8, 0x00000000c44a0000)
  to   space 2112K,   0% used [0x00000000c4080000, 0x00000000c4080000, 0x00000000c4290000)
 concurrent mark-sweep generation total 42368K, used 29581K [0x00000000cd660000, 0x00000000cffc0000, 0x0000000100000000)
 Metaspace       used 46640K, capacity 48320K, committed 48636K, reserved 1091584K
  class space    used 6005K, capacity 6342K, committed 6452K, reserved 1048576K
}
2020-02-27T14:34:12.619+0000: 15.422: Total time for which application threads were stopped: 0.0047868 seconds, Stopping threads took: 0.0000375 seconds
{Heap before GC invocations=187 (full 2):
 par new generation   total 19008K, used 17185K [0x00000000c3000000, 0x00000000c44a0000, 0x00000000cd660000)
  eden space 16896K, 100% used [0x00000000c3000000, 0x00000000c4080000, 0x00000000c4080000)
  from space 2112K,  13% used [0x00000000c4290000, 0x00000000c42d87f8, 0x00000000c44a0000)
  to   space 2112K,   0% used [0x00000000c4080000, 0x00000000c4080000, 0x00000000c4290000)
 concurrent mark-sweep generation total 42368K, used 29581K [0x00000000cd660000, 0x00000000cffc0000, 0x0000000100000000)
 Metaspace       used 46758K, capacity 48480K, committed 48892K, reserved 1091584K
  class space    used 6035K, capacity 6374K, committed 6452K, reserved 1048576K
2020-02-27T14:34:12.653+0000: 15.457: [GC (Allocation Failure) 2020-02-27T14:34:12.653+0000: 15.457: [ParNew
Desired survivor size 1081344 bytes, new threshold 6 (max 6)
- age   1:      49536 bytes,      49536 total
- age   2:      41488 bytes,      91024 total
- age   3:      40552 bytes,     131576 total
- age   4:      41448 bytes,     173024 total
- age   5:      32784 bytes,     205808 total
- age   6:      36632 bytes,     242440 total
: 17185K->325K(19008K), 0.0047484 secs] 46767K->29923K(61376K), 0.0048140 secs] [Times: user=0.00 sys=0.00, real=0.01 secs] 
Heap after GC invocations=188 (full 2):
 par new generation   total 19008K, used 325K [0x00000000c3000000, 0x00000000c44a0000, 0x00000000cd660000)
  eden space 16896K,   0% used [0x00000000c3000000, 0x00000000c3000000, 0x00000000c4080000)
  from space 2112K,  15% used [0x00000000c4080000, 0x00000000c40d1510, 0x00000000c4290000)
  to   space 2112K,   0% used [0x00000000c4290000, 0x00000000c4290000, 0x00000000c44a0000)
 concurrent mark-sweep generation total 42368K, used 29598K [0x00000000cd660000, 0x00000000cffc0000, 0x0000000100000000)
 Metaspace       used 46758K, capacity 48480K, committed 48892K, reserved 1091584K
  class space    used 6035K, capacity 6374K, committed 6452K, reserved 1048576K
}
2020-02-27T14:34:12.658+0000: 15.461: Total time for which application threads were stopped: 0.0050344 seconds, Stopping threads took: 0.0000677 seconds
{Heap before GC invocations=188 (full 2):
 par new generation   total 19008K, used 17221K [0x00000000c3000000, 0x00000000c44a0000, 0x00000000cd660000)
  eden space 16896K, 100% used [0x00000000c3000000, 0x00000000c4080000, 0x00000000c4080000)
  from space 2112K,  15% used [0x00000000c4080000, 0x00000000c40d1510, 0x00000000c4290000)
  to   space 2112K,   0% used [0x00000000c4290000, 0x00000000c4290000, 0x00000000c44a0000)
 concurrent mark-sweep generation total 42368K, used 29598K [0x00000000cd660000, 0x00000000cffc0000, 0x0000000100000000)
 Metaspace       used 47041K, capacity 48768K, committed 49020K, reserved 1091584K
  class space    used 6111K, capacity 6470K, committed 6580K, reserved 1048576K
2020-02-27T14:34:12.704+0000: 15.507: [GC (Allocation Failure) 2020-02-27T14:34:12.704+0000: 15.507: [ParNew
Desired survivor size 1081344 bytes, new threshold 6 (max 6)
- age   1:      54496 bytes,      54496 total
- age   2:      26264 bytes,      80760 total
- age   3:      41488 bytes,     122248 total
- age   4:      40552 bytes,     162800 total
- age   5:      41448 bytes,     204248 total
- age   6:      32784 bytes,     237032 total
: 17221K->345K(19008K), 0.0052018 secs] 46819K->29980K(61376K), 0.0052816 secs] [Times: user=0.01 sys=0.00, real=0.01 secs] 
Heap after GC invocations=189 (full 2):
 par new generation   total 19008K, used 345K [0x00000000c3000000, 0x00000000c44a0000, 0x00000000cd660000)
  eden space 16896K,   0% used [0x00000000c3000000, 0x00000000c3000000, 0x00000000c4080000)
  from space 2112K,  16% used [0x00000000c4290000, 0x00000000c42e6688, 0x00000000c44a0000)
  to   space 2112K,   0% used [0x00000000c4080000, 0x00000000c4080000, 0x00000000c4290000)
 concurrent mark-sweep generation total 42368K, used 29635K [0x00000000cd660000, 0x00000000cffc0000, 0x0000000100000000)
 Metaspace       used 47041K, capacity 48768K, committed 49020K, reserved 1091584K
  class space    used 6111K, capacity 6470K, committed 6580K, reserved 1048576K
}
2020-02-27T14:34:12.709+0000: 15.513: Total time for which application threads were stopped: 0.0054803 seconds, Stopping threads took: 0.0000581 seconds
{Heap before GC invocations=189 (full 2):
 par new generation   total 19008K, used 17241K [0x00000000c3000000, 0x00000000c44a0000, 0x00000000cd660000)
  eden space 16896K, 100% used [0x00000000c3000000, 0x00000000c4080000, 0x00000000c4080000)
  from space 2112K,  16% used [0x00000000c4290000, 0x00000000c42e6688, 0x00000000c44a0000)
  to   space 2112K,   0% used [0x00000000c4080000, 0x00000000c4080000, 0x00000000c4290000)
 concurrent mark-sweep generation total 42368K, used 29635K [0x00000000cd660000, 0x00000000cffc0000, 0x0000000100000000)
 Metaspace       used 47324K, capacity 49038K, committed 49276K, reserved 1091584K
  class space    used 6179K, capacity 6541K, committed 6580K, reserved 1048576K
2020-02-27T14:34:12.756+0000: 15.559: [GC (Allocation Failure) 2020-02-27T14:34:12.756+0000: 15.559: [ParNew
Desired survivor size 1081344 bytes, new threshold 6 (max 6)
- age   1:      62488 bytes,      62488 total
- age   2:      31320 bytes,      93808 total
- age   3:      26264 bytes,     120072 total
- age   4:      41488 bytes,     161560 total
- age   5:      40552 bytes,     202112 total
- age   6:      41448 bytes,     243560 total
: 17241K->343K(19008K), 0.0022492 secs] 46876K->30011K(61376K), 0.0023070 secs] [Times: user=0.00 sys=0.00, real=0.01 secs] 
Heap after GC invocations=190 (full 2):
 par new generation   total 19008K, used 343K [0x00000000c3000000, 0x00000000c44a0000, 0x00000000cd660000)
  eden space 16896K,   0% used [0x00000000c3000000, 0x00000000c3000000, 0x00000000c4080000)
  from space 2112K,  16% used [0x00000000c4080000, 0x00000000c40d5d10, 0x00000000c4290000)
  to   space 2112K,   0% used [0x00000000c4290000, 0x00000000c4290000, 0x00000000c44a0000)
 concurrent mark-sweep generation total 42368K, used 29668K [0x00000000cd660000, 0x00000000cffc0000, 0x0000000100000000)
 Metaspace       used 47324K, capacity 49038K, committed 49276K, reserved 1091584K
  class space    used 6179K, capacity 6541K, committed 6580K, reserved 1048576K
}
2020-02-27T14:34:12.758+0000: 15.562: Total time for which application threads were stopped: 0.0024767 seconds, Stopping threads took: 0.0000491 seconds
{Heap before GC invocations=190 (full 2):
 par new generation   total 19008K, used 17239K [0x00000000c3000000, 0x00000000c44a0000, 0x00000000cd660000)
  eden space 16896K, 100% used [0x00000000c3000000, 0x00000000c4080000, 0x00000000c4080000)
  from space 2112K,  16% used [0x00000000c4080000, 0x00000000c40d5d10, 0x00000000c4290000)
  to   space 2112K,   0% used [0x00000000c4290000, 0x00000000c4290000, 0x00000000c44a0000)
 concurrent mark-sweep generation total 42368K, used 29668K [0x00000000cd660000, 0x00000000cffc0000, 0x0000000100000000)
 Metaspace       used 47597K, capacity 49332K, committed 49532K, reserved 1091584K
  class space    used 6235K, capacity 6574K, committed 6580K, reserved 1048576K
2020-02-27T14:34:12.799+0000: 15.603: [GC (Allocation Failure) 2020-02-27T14:34:12.799+0000: 15.603: [ParNew
Desired survivor size 1081344 bytes, new threshold 6 (max 6)
- age   1:      47208 bytes,      47208 total
- age   2:      39520 bytes,      86728 total
- age   3:      31304 bytes,     118032 total
- age   4:      26264 bytes,     144296 total
- age   5:      41488 bytes,     185784 total
- age   6:      40552 bytes,     226336 total
: 17239K->349K(19008K), 0.0022790 secs] 46907K->30059K(61376K), 0.0023493 secs] [Times: user=0.01 sys=0.00, real=0.00 secs] 
Heap after GC invocations=191 (full 2):
 par new generation   total 19008K, used 349K [0x00000000c3000000, 0x00000000c44a0000, 0x00000000cd660000)
  eden space 16896K,   0% used [0x00000000c3000000, 0x00000000c3000000, 0x00000000c4080000)
  from space 2112K,  16% used [0x00000000c4290000, 0x00000000c42e7600, 0x00000000c44a0000)
  to   space 2112K,   0% used [0x00000000c4080000, 0x00000000c4080000, 0x00000000c4290000)
 concurrent mark-sweep generation total 42368K, used 29710K [0x00000000cd660000, 0x00000000cffc0000, 0x0000000100000000)
 Metaspace       used 47597K, capacity 49332K, committed 49532K, reserved 1091584K
  class space    used 6235K, capacity 6574K, committed 6580K, reserved 1048576K
}
2020-02-27T14:34:12.802+0000: 15.605: Total time for which application threads were stopped: 0.0025337 seconds, Stopping threads took: 0.0000594 seconds
2020-02-27T14:34:12.861+0000: 15.664: Total time for which application threads were stopped: 0.0006277 seconds, Stopping threads took: 0.0000572 seconds
{Heap before GC invocations=191 (full 2):
 par new generation   total 19008K, used 17245K [0x00000000c3000000, 0x00000000c44a0000, 0x00000000cd660000)
  eden space 16896K, 100% used [0x00000000c3000000, 0x00000000c4080000, 0x00000000c4080000)
  from space 2112K,  16% used [0x00000000c4290000, 0x00000000c42e7600, 0x00000000c44a0000)
  to   space 2112K,   0% used [0x00000000c4080000, 0x00000000c4080000, 0x00000000c4290000)
 concurrent mark-sweep generation total 42368K, used 29710K [0x00000000cd660000, 0x00000000cffc0000, 0x0000000100000000)
 Metaspace       used 48069K, capacity 49786K, committed 50172K, reserved 1093632K
  class space    used 6293K, capacity 6639K, committed 6708K, reserved 1048576K
2020-02-27T14:34:12.874+0000: 15.678: [GC (Allocation Failure) 2020-02-27T14:34:12.874+0000: 15.678: [ParNew
Desired survivor size 1081344 bytes, new threshold 6 (max 6)
- age   1:     241176 bytes,     241176 total
- age   2:      26872 bytes,     268048 total
- age   3:      39520 bytes,     307568 total
- age   4:      31304 bytes,     338872 total
- age   5:      26264 bytes,     365136 total
- age   6:      41472 bytes,     406608 total
: 17245K->465K(19008K), 0.0053209 secs] 46955K->30217K(61376K), 0.0053902 secs] [Times: user=0.01 sys=0.00, real=0.01 secs] 
Heap after GC invocations=192 (full 2):
 par new generation   total 19008K, used 465K [0x00000000c3000000, 0x00000000c44a0000, 0x00000000cd660000)
  eden space 16896K,   0% used [0x00000000c3000000, 0x00000000c3000000, 0x00000000c4080000)
  from space 2112K,  22% used [0x00000000c4080000, 0x00000000c40f4698, 0x00000000c4290000)
  to   space 2112K,   0% used [0x00000000c4290000, 0x00000000c4290000, 0x00000000c44a0000)
 concurrent mark-sweep generation total 42368K, used 29751K [0x00000000cd660000, 0x00000000cffc0000, 0x0000000100000000)
 Metaspace       used 48069K, capacity 49786K, committed 50172K, reserved 1093632K
  class space    used 6293K, capacity 6639K, committed 6708K, reserved 1048576K
}
2020-02-27T14:34:12.880+0000: 15.683: Total time for which application threads were stopped: 0.0055935 seconds, Stopping threads took: 0.0000386 seconds
{Heap before GC invocations=192 (full 2):
 par new generation   total 19008K, used 17361K [0x00000000c3000000, 0x00000000c44a0000, 0x00000000cd660000)
  eden space 16896K, 100% used [0x00000000c3000000, 0x00000000c4080000, 0x00000000c4080000)
  from space 2112K,  22% used [0x00000000c4080000, 0x00000000c40f4698, 0x00000000c4290000)
  to   space 2112K,   0% used [0x00000000c4290000, 0x00000000c4290000, 0x00000000c44a0000)
 concurrent mark-sweep generation total 42368K, used 29751K [0x00000000cd660000, 0x00000000cffc0000, 0x0000000100000000)
 Metaspace       used 48210K, capacity 49914K, committed 50172K, reserved 1093632K
  class space    used 6304K, capacity 6639K, committed 6708K, reserved 1048576K
2020-02-27T14:34:12.987+0000: 15.790: [GC (Allocation Failure) 2020-02-27T14:34:12.987+0000: 15.790: [ParNew
Desired survivor size 1081344 bytes, new threshold 1 (max 6)
- age   1:    1866168 bytes,    1866168 total
- age   2:      75000 bytes,    1941168 total
- age   3:      26872 bytes,    1968040 total
- age   4:      39520 bytes,    2007560 total
- age   5:      31304 bytes,    2038864 total
- age   6:      26264 bytes,    2065128 total
: 17361K->2111K(19008K), 0.0054513 secs] 47113K->32390K(61376K), 0.0055202 secs] [Times: user=0.01 sys=0.00, real=0.00 secs] 
Heap after GC invocations=193 (full 2):
 par new generation   total 19008K, used 2111K [0x00000000c3000000, 0x00000000c44a0000, 0x00000000cd660000)
  eden space 16896K,   0% used [0x00000000c3000000, 0x00000000c3000000, 0x00000000c4080000)
  from space 2112K,  99% used [0x00000000c4290000, 0x00000000c449fff0, 0x00000000c44a0000)
  to   space 2112K,   0% used [0x00000000c4080000, 0x00000000c4080000, 0x00000000c4290000)
 concurrent mark-sweep generation total 42368K, used 30278K [0x00000000cd660000, 0x00000000cffc0000, 0x0000000100000000)
 Metaspace       used 48210K, capacity 49914K, committed 50172K, reserved 1093632K
  class space    used 6304K, capacity 6639K, committed 6708K, reserved 1048576K
}
2020-02-27T14:34:12.992+0000: 15.796: Total time for which application threads were stopped: 0.0057046 seconds, Stopping threads took: 0.0000413 seconds
{Heap before GC invocations=193 (full 2):
 par new generation   total 19008K, used 19007K [0x00000000c3000000, 0x00000000c44a0000, 0x00000000cd660000)
  eden space 16896K, 100% used [0x00000000c3000000, 0x00000000c4080000, 0x00000000c4080000)
  from space 2112K,  99% used [0x00000000c4290000, 0x00000000c449fff0, 0x00000000c44a0000)
  to   space 2112K,   0% used [0x00000000c4080000, 0x00000000c4080000, 0x00000000c4290000)
 concurrent mark-sweep generation total 42368K, used 30278K [0x00000000cd660000, 0x00000000cffc0000, 0x0000000100000000)
 Metaspace       used 48218K, capacity 49914K, committed 50172K, reserved 1093632K
  class space    used 6304K, capacity 6639K, committed 6708K, reserved 1048576K
2020-02-27T14:34:13.044+0000: 15.848: [GC (Allocation Failure) 2020-02-27T14:34:13.044+0000: 15.848: [ParNew
Desired survivor size 1081344 bytes, new threshold 1 (max 6)
- age   1:    1925032 bytes,    1925032 total
: 19007K->2111K(19008K), 0.0031532 secs] 49286K->32860K(61376K), 0.0032273 secs] [Times: user=0.00 sys=0.00, real=0.01 secs] 
Heap after GC invocations=194 (full 2):
 par new generation   total 19008K, used 2111K [0x00000000c3000000, 0x00000000c44a0000, 0x00000000cd660000)
  eden space 16896K,   0% used [0x00000000c3000000, 0x00000000c3000000, 0x00000000c4080000)
  from space 2112K,  99% used [0x00000000c4080000, 0x00000000c428fff0, 0x00000000c4290000)
  to   space 2112K,   0% used [0x00000000c4290000, 0x00000000c4290000, 0x00000000c44a0000)
 concurrent mark-sweep generation total 42368K, used 30748K [0x00000000cd660000, 0x00000000cffc0000, 0x0000000100000000)
 Metaspace       used 48218K, capacity 49914K, committed 50172K, reserved 1093632K
  class space    used 6304K, capacity 6639K, committed 6708K, reserved 1048576K
}
2020-02-27T14:34:13.048+0000: 15.851: Total time for which application threads were stopped: 0.0035624 seconds, Stopping threads took: 0.0001625 seconds
{Heap before GC invocations=194 (full 2):
 par new generation   total 19008K, used 19007K [0x00000000c3000000, 0x00000000c44a0000, 0x00000000cd660000)
  eden space 16896K, 100% used [0x00000000c3000000, 0x00000000c4080000, 0x00000000c4080000)
  from space 2112K,  99% used [0x00000000c4080000, 0x00000000c428fff0, 0x00000000c4290000)
  to   space 2112K,   0% used [0x00000000c4290000, 0x00000000c4290000, 0x00000000c44a0000)
 concurrent mark-sweep generation total 42368K, used 30748K [0x00000000cd660000, 0x00000000cffc0000, 0x0000000100000000)
 Metaspace       used 48218K, capacity 49914K, committed 50172K, reserved 1093632K
  class space    used 6304K, capacity 6639K, committed 6708K, reserved 1048576K
2020-02-27T14:34:13.058+0000: 15.861: [GC (Allocation Failure) 2020-02-27T14:34:13.058+0000: 15.861: [ParNew
Desired survivor size 1081344 bytes, new threshold 1 (max 6)
- age   1:    1147920 bytes,    1147920 total
: 19007K->1195K(19008K), 0.0032062 secs] 49756K->31944K(61376K), 0.0032860 secs] [Times: user=0.01 sys=0.00, real=0.00 secs] 
Heap after GC invocations=195 (full 2):
 par new generation   total 19008K, used 1195K [0x00000000c3000000, 0x00000000c44a0000, 0x00000000cd660000)
  eden space 16896K,   0% used [0x00000000c3000000, 0x00000000c3000000, 0x00000000c4080000)
  from space 2112K,  56% used [0x00000000c4290000, 0x00000000c43bae40, 0x00000000c44a0000)
  to   space 2112K,   0% used [0x00000000c4080000, 0x00000000c4080000, 0x00000000c4290000)
 concurrent mark-sweep generation total 42368K, used 30749K [0x00000000cd660000, 0x00000000cffc0000, 0x0000000100000000)
 Metaspace       used 48218K, capacity 49914K, committed 50172K, reserved 1093632K
  class space    used 6304K, capacity 6639K, committed 6708K, reserved 1048576K
}
2020-02-27T14:34:13.061+0000: 15.864: Total time for which application threads were stopped: 0.0034606 seconds, Stopping threads took: 0.0000298 seconds
{Heap before GC invocations=195 (full 2):
 par new generation   total 19008K, used 18091K [0x00000000c3000000, 0x00000000c44a0000, 0x00000000cd660000)
  eden space 16896K, 100% used [0x00000000c3000000, 0x00000000c4080000, 0x00000000c4080000)
  from space 2112K,  56% used [0x00000000c4290000, 0x00000000c43bae40, 0x00000000c44a0000)
  to   space 2112K,   0% used [0x00000000c4080000, 0x00000000c4080000, 0x00000000c4290000)
 concurrent mark-sweep generation total 42368K, used 30749K [0x00000000cd660000, 0x00000000cffc0000, 0x0000000100000000)
 Metaspace       used 48218K, capacity 49914K, committed 50172K, reserved 1093632K
  class space    used 6304K, capacity 6639K, committed 6708K, reserved 1048576K
2020-02-27T14:34:13.074+0000: 15.877: [GC (Allocation Failure) 2020-02-27T14:34:13.074+0000: 15.877: [ParNew
Desired survivor size 1081344 bytes, new threshold 1 (max 6)
- age   1:    2155864 bytes,    2155864 total
: 18091K->2112K(19008K), 0.0098621 secs] 48840K->41105K(61376K), 0.0099382 secs] [Times: user=0.02 sys=0.01, real=0.01 secs] 
Heap after GC invocations=196 (full 2):
 par new generation   total 19008K, used 2112K [0x00000000c3000000, 0x00000000c44a0000, 0x00000000cd660000)
  eden space 16896K,   0% used [0x00000000c3000000, 0x00000000c3000000, 0x00000000c4080000)
  from space 2112K, 100% used [0x00000000c4080000, 0x00000000c4290000, 0x00000000c4290000)
  to   space 2112K,   0% used [0x00000000c4290000, 0x00000000c4290000, 0x00000000c44a0000)
 concurrent mark-sweep generation total 42368K, used 38993K [0x00000000cd660000, 0x00000000cffc0000, 0x0000000100000000)
 Metaspace       used 48218K, capacity 49914K, committed 50172K, reserved 1093632K
  class space    used 6304K, capacity 6639K, committed 6708K, reserved 1048576K
}
2020-02-27T14:34:13.084+0000: 15.887: Total time for which application threads were stopped: 0.0101314 seconds, Stopping threads took: 0.0000492 seconds
2020-02-27T14:34:13.084+0000: 15.887: [GC (CMS Initial Mark) [1 CMS-initial-mark: 38993K(42368K)] 41109K(61376K), 0.0018950 secs] [Times: user=0.00 sys=0.00, real=0.01 secs] 
2020-02-27T14:34:13.086+0000: 15.889: Total time for which application threads were stopped: 0.0019867 seconds, Stopping threads took: 0.0000222 seconds
2020-02-27T14:34:13.086+0000: 15.889: [CMS-concurrent-mark-start]
{Heap before GC invocations=196 (full 3):
 par new generation   total 19008K, used 15968K [0x00000000c3000000, 0x00000000c44a0000, 0x00000000cd660000)
  eden space 16896K,  82% used [0x00000000c3000000, 0x00000000c3d883a8, 0x00000000c4080000)
  from space 2112K, 100% used [0x00000000c4080000, 0x00000000c4290000, 0x00000000c4290000)
  to   space 2112K,   0% used [0x00000000c4290000, 0x00000000c4290000, 0x00000000c44a0000)
 concurrent mark-sweep generation total 42368K, used 38993K [0x00000000cd660000, 0x00000000cffc0000, 0x0000000100000000)
 Metaspace       used 48218K, capacity 49914K, committed 50172K, reserved 1093632K
  class space    used 6304K, capacity 6639K, committed 6708K, reserved 1048576K
2020-02-27T14:34:13.103+0000: 15.906: [GC (Allocation Failure) 2020-02-27T14:34:13.103+0000: 15.906: [ParNew
Desired survivor size 1081344 bytes, new threshold 1 (max 6)
- age   1:    2154856 bytes,    2154856 total
: 15968K->2112K(19008K), 0.0139186 secs]2020-02-27T14:34:13.117+0000: 15.920: [CMS2020-02-27T14:34:13.149+0000: 15.952: [CMS-concurrent-mark: 0.063/0.063 secs] [Times: user=0.09 sys=0.01, real=0.06 secs] 
 (concurrent mode failure): 52444K->53119K(53120K), 0.1344076 secs] 54962K->53244K(72128K), [Metaspace: 48218K->48218K(1093632K)], 0.1485626 secs] [Times: user=0.16 sys=0.01, real=0.15 secs] 
Heap after GC invocations=197 (full 4):
 par new generation   total 39936K, used 125K [0x00000000c3000000, 0x00000000c5b50000, 0x00000000cd660000)
  eden space 35520K,   0% used [0x00000000c3000000, 0x00000000c301f4d8, 0x00000000c52b0000)
  from space 4416K,   0% used [0x00000000c52b0000, 0x00000000c52b0000, 0x00000000c5700000)
  to   space 4416K,   0% used [0x00000000c5700000, 0x00000000c5700000, 0x00000000c5b50000)
 concurrent mark-sweep generation total 88536K, used 53119K [0x00000000cd660000, 0x00000000d2cd6000, 0x0000000100000000)
 Metaspace       used 48218K, capacity 49914K, committed 50172K, reserved 1093632K
  class space    used 6304K, capacity 6639K, committed 6708K, reserved 1048576K
}
2020-02-27T14:34:13.252+0000: 16.055: Total time for which application threads were stopped: 0.1487547 seconds, Stopping threads took: 0.0000503 seconds
{Heap before GC invocations=197 (full 4):
 par new generation   total 39936K, used 35520K [0x00000000c3000000, 0x00000000c5b50000, 0x00000000cd660000)
  eden space 35520K, 100% used [0x00000000c3000000, 0x00000000c52b0000, 0x00000000c52b0000)
  from space 4416K,   0% used [0x00000000c52b0000, 0x00000000c52b0000, 0x00000000c5700000)
  to   space 4416K,   0% used [0x00000000c5700000, 0x00000000c5700000, 0x00000000c5b50000)
 concurrent mark-sweep generation total 88536K, used 53119K [0x00000000cd660000, 0x00000000d2cd6000, 0x0000000100000000)
 Metaspace       used 48218K, capacity 49914K, committed 50172K, reserved 1093632K
  class space    used 6304K, capacity 6639K, committed 6708K, reserved 1048576K
2020-02-27T14:34:13.273+0000: 16.076: [GC (Allocation Failure) 2020-02-27T14:34:13.273+0000: 16.076: [ParNew
Desired survivor size 2260992 bytes, new threshold 6 (max 6)
- age   1:    2037392 bytes,    2037392 total
: 35520K->3042K(39936K), 0.0194462 secs] 88639K->56162K(128472K), 0.0195279 secs] [Times: user=0.04 sys=0.00, real=0.02 secs] 
Heap after GC invocations=198 (full 4):
 par new generation   total 39936K, used 3042K [0x00000000c3000000, 0x00000000c5b50000, 0x00000000cd660000)
  eden space 35520K,   0% used [0x00000000c3000000, 0x00000000c3000000, 0x00000000c52b0000)
  from space 4416K,  68% used [0x00000000c5700000, 0x00000000c59f8a30, 0x00000000c5b50000)
  to   space 4416K,   0% used [0x00000000c52b0000, 0x00000000c52b0000, 0x00000000c5700000)
 concurrent mark-sweep generation total 88536K, used 53119K [0x00000000cd660000, 0x00000000d2cd6000, 0x0000000100000000)
 Metaspace       used 48218K, capacity 49914K, committed 50172K, reserved 1093632K
  class space    used 6304K, capacity 6639K, committed 6708K, reserved 1048576K
}
2020-02-27T14:34:13.292+0000: 16.095: Total time for which application threads were stopped: 0.0196870 seconds, Stopping threads took: 0.0000301 seconds
{Heap before GC invocations=198 (full 4):
 par new generation   total 39936K, used 38562K [0x00000000c3000000, 0x00000000c5b50000, 0x00000000cd660000)
  eden space 35520K, 100% used [0x00000000c3000000, 0x00000000c52b0000, 0x00000000c52b0000)
  from space 4416K,  68% used [0x00000000c5700000, 0x00000000c59f8a30, 0x00000000c5b50000)
  to   space 4416K,   0% used [0x00000000c52b0000, 0x00000000c52b0000, 0x00000000c5700000)
 concurrent mark-sweep generation total 88536K, used 53119K [0x00000000cd660000, 0x00000000d2cd6000, 0x0000000100000000)
 Metaspace       used 48218K, capacity 49914K, committed 50172K, reserved 1093632K
  class space    used 6304K, capacity 6639K, committed 6708K, reserved 1048576K
2020-02-27T14:34:13.312+0000: 16.115: [GC (Allocation Failure) 2020-02-27T14:34:13.312+0000: 16.115: [ParNew
Desired survivor size 2260992 bytes, new threshold 6 (max 6)
- age   1:     153016 bytes,     153016 total
- age   2:     128312 bytes,     281328 total
: 38562K->1001K(39936K), 0.0034156 secs] 91682K->54120K(128472K), 0.0034804 secs] [Times: user=0.00 sys=0.00, real=0.00 secs] 
Heap after GC invocations=199 (full 4):
 par new generation   total 39936K, used 1001K [0x00000000c3000000, 0x00000000c5b50000, 0x00000000cd660000)
  eden space 35520K,   0% used [0x00000000c3000000, 0x00000000c3000000, 0x00000000c52b0000)
  from space 4416K,  22% used [0x00000000c52b0000, 0x00000000c53aa538, 0x00000000c5700000)
  to   space 4416K,   0% used [0x00000000c5700000, 0x00000000c5700000, 0x00000000c5b50000)
 concurrent mark-sweep generation total 88536K, used 53119K [0x00000000cd660000, 0x00000000d2cd6000, 0x0000000100000000)
 Metaspace       used 48218K, capacity 49914K, committed 50172K, reserved 1093632K
  class space    used 6304K, capacity 6639K, committed 6708K, reserved 1048576K
}
2020-02-27T14:34:13.316+0000: 16.119: Total time for which application threads were stopped: 0.0036611 seconds, Stopping threads took: 0.0000400 seconds
{Heap before GC invocations=199 (full 4):
 par new generation   total 39936K, used 35729K [0x00000000c3000000, 0x00000000c5b50000, 0x00000000cd660000)
  eden space 35520K,  97% used [0x00000000c3000000, 0x00000000c51ea248, 0x00000000c52b0000)
  from space 4416K,  22% used [0x00000000c52b0000, 0x00000000c53aa538, 0x00000000c5700000)
  to   space 4416K,   0% used [0x00000000c5700000, 0x00000000c5700000, 0x00000000c5b50000)
 concurrent mark-sweep generation total 88536K, used 53119K [0x00000000cd660000, 0x00000000d2cd6000, 0x0000000100000000)
 Metaspace       used 48218K, capacity 49914K, committed 50172K, reserved 1093632K
  class space    used 6304K, capacity 6639K, committed 6708K, reserved 1048576K
2020-02-27T14:34:13.336+0000: 16.139: [GC (Allocation Failure) 2020-02-27T14:34:13.336+0000: 16.139: [ParNew
Desired survivor size 2260992 bytes, new threshold 6 (max 6)
- age   1:    1152504 bytes,    1152504 total
- age   2:         96 bytes,    1152600 total
- age   3:     128216 bytes,    1280816 total
: 35729K->1420K(39936K), 0.0035542 secs] 88849K->54540K(128472K), 0.0036241 secs] [Times: user=0.00 sys=0.00, real=0.01 secs] 
Heap after GC invocations=200 (full 4):
 par new generation   total 39936K, used 1420K [0x00000000c3000000, 0x00000000c5b50000, 0x00000000cd660000)
  eden space 35520K,   0% used [0x00000000c3000000, 0x00000000c3000000, 0x00000000c52b0000)
  from space 4416K,  32% used [0x00000000c5700000, 0x00000000c5863290, 0x00000000c5b50000)
  to   space 4416K,   0% used [0x00000000c52b0000, 0x00000000c52b0000, 0x00000000c5700000)
 concurrent mark-sweep generation total 88536K, used 53119K [0x00000000cd660000, 0x00000000d2cd6000, 0x0000000100000000)
 Metaspace       used 48218K, capacity 49914K, committed 50172K, reserved 1093632K
  class space    used 6304K, capacity 6639K, committed 6708K, reserved 1048576K
}
2020-02-27T14:34:13.339+0000: 16.143: Total time for which application threads were stopped: 0.0037975 seconds, Stopping threads took: 0.0000319 seconds
{Heap before GC invocations=200 (full 4):
 par new generation   total 39936K, used 34002K [0x00000000c3000000, 0x00000000c5b50000, 0x00000000cd660000)
  eden space 35520K,  91% used [0x00000000c3000000, 0x00000000c4fd17d0, 0x00000000c52b0000)
  from space 4416K,  32% used [0x00000000c5700000, 0x00000000c5863290, 0x00000000c5b50000)
  to   space 4416K,   0% used [0x00000000c52b0000, 0x00000000c52b0000, 0x00000000c5700000)
 concurrent mark-sweep generation total 88536K, used 53119K [0x00000000cd660000, 0x00000000d2cd6000, 0x0000000100000000)
 Metaspace       used 48218K, capacity 49914K, committed 50172K, reserved 1093632K
  class space    used 6304K, capacity 6639K, committed 6708K, reserved 1048576K
2020-02-27T14:34:13.359+0000: 16.162: [GC (Allocation Failure) 2020-02-27T14:34:13.359+0000: 16.162: [ParNew
Desired survivor size 2260992 bytes, new threshold 1 (max 6)
- age   1:    3826992 bytes,    3826992 total
- age   2:         40 bytes,    3827032 total
- age   4:     128216 bytes,    3955248 total
: 34002K->4416K(39936K), 0.0077248 secs] 87122K->60683K(128472K), 0.0078080 secs] [Times: user=0.01 sys=0.00, real=0.01 secs] 
Heap after GC invocations=201 (full 4):
 par new generation   total 39936K, used 4416K [0x00000000c3000000, 0x00000000c5b50000, 0x00000000cd660000)
  eden space 35520K,   0% used [0x00000000c3000000, 0x00000000c3000000, 0x00000000c52b0000)
  from space 4416K, 100% used [0x00000000c52b0000, 0x00000000c5700000, 0x00000000c5700000)
  to   space 4416K,   0% used [0x00000000c5700000, 0x00000000c5700000, 0x00000000c5b50000)
 concurrent mark-sweep generation total 88536K, used 56267K [0x00000000cd660000, 0x00000000d2cd6000, 0x0000000100000000)
 Metaspace       used 48218K, capacity 49914K, committed 50172K, reserved 1093632K
  class space    used 6304K, capacity 6639K, committed 6708K, reserved 1048576K
}
2020-02-27T14:34:13.366+0000: 16.170: Total time for which application threads were stopped: 0.0079818 seconds, Stopping threads took: 0.0000304 seconds
{Heap before GC invocations=201 (full 4):
 par new generation   total 39936K, used 37396K [0x00000000c3000000, 0x00000000c5b50000, 0x00000000cd660000)
  eden space 35520K,  92% used [0x00000000c3000000, 0x00000000c5035350, 0x00000000c52b0000)
  from space 4416K, 100% used [0x00000000c52b0000, 0x00000000c5700000, 0x00000000c5700000)
  to   space 4416K,   0% used [0x00000000c5700000, 0x00000000c5700000, 0x00000000c5b50000)
 concurrent mark-sweep generation total 88536K, used 56267K [0x00000000cd660000, 0x00000000d2cd6000, 0x0000000100000000)
 Metaspace       used 48218K, capacity 49914K, committed 50172K, reserved 1093632K
  class space    used 6304K, capacity 6639K, committed 6708K, reserved 1048576K
2020-02-27T14:34:13.385+0000: 16.188: [GC (Allocation Failure) 2020-02-27T14:34:13.385+0000: 16.188: [ParNew
Desired survivor size 2260992 bytes, new threshold 1 (max 6)
- age   1:    4517936 bytes,    4517936 total
: 37396K->4416K(39936K), 0.0136437 secs] 93664K->69015K(128472K), 0.0137161 secs] [Times: user=0.02 sys=0.00, real=0.01 secs] 
Heap after GC invocations=202 (full 4):
 par new generation   total 39936K, used 4416K [0x00000000c3000000, 0x00000000c5b50000, 0x00000000cd660000)
  eden space 35520K,   0% used [0x00000000c3000000, 0x00000000c3000000, 0x00000000c52b0000)
  from space 4416K, 100% used [0x00000000c5700000, 0x00000000c5b50000, 0x00000000c5b50000)
  to   space 4416K,   0% used [0x00000000c52b0000, 0x00000000c52b0000, 0x00000000c5700000)
 concurrent mark-sweep generation total 88536K, used 64599K [0x00000000cd660000, 0x00000000d2cd6000, 0x0000000100000000)
 Metaspace       used 48218K, capacity 49914K, committed 50172K, reserved 1093632K
  class space    used 6304K, capacity 6639K, committed 6708K, reserved 1048576K
}
2020-02-27T14:34:13.399+0000: 16.202: Total time for which application threads were stopped: 0.0139286 seconds, Stopping threads took: 0.0000565 seconds
{Heap before GC invocations=202 (full 4):
 par new generation   total 39936K, used 39936K [0x00000000c3000000, 0x00000000c5b50000, 0x00000000cd660000)
  eden space 35520K, 100% used [0x00000000c3000000, 0x00000000c52b0000, 0x00000000c52b0000)
  from space 4416K, 100% used [0x00000000c5700000, 0x00000000c5b50000, 0x00000000c5b50000)
  to   space 4416K,   0% used [0x00000000c52b0000, 0x00000000c52b0000, 0x00000000c5700000)
 concurrent mark-sweep generation total 88536K, used 64599K [0x00000000cd660000, 0x00000000d2cd6000, 0x0000000100000000)
 Metaspace       used 48218K, capacity 49914K, committed 50172K, reserved 1093632K
  class space    used 6304K, capacity 6639K, committed 6708K, reserved 1048576K
2020-02-27T14:34:13.417+0000: 16.220: [GC (Allocation Failure) 2020-02-27T14:34:13.417+0000: 16.220: [ParNew
Desired survivor size 2260992 bytes, new threshold 6 (max 6)
- age   1:      16952 bytes,      16952 total
: 39936K->2052K(39936K), 0.0057345 secs] 104535K->71059K(128472K), 0.0058160 secs] [Times: user=0.00 sys=0.00, real=0.00 secs] 
Heap after GC invocations=203 (full 4):
 par new generation   total 39936K, used 2052K [0x00000000c3000000, 0x00000000c5b50000, 0x00000000cd660000)
  eden space 35520K,   0% used [0x00000000c3000000, 0x00000000c3000000, 0x00000000c52b0000)
  from space 4416K,  46% used [0x00000000c52b0000, 0x00000000c54b12c8, 0x00000000c5700000)
  to   space 4416K,   0% used [0x00000000c5700000, 0x00000000c5700000, 0x00000000c5b50000)
 concurrent mark-sweep generation total 88536K, used 69006K [0x00000000cd660000, 0x00000000d2cd6000, 0x0000000100000000)
 Metaspace       used 48218K, capacity 49914K, committed 50172K, reserved 1093632K
  class space    used 6304K, capacity 6639K, committed 6708K, reserved 1048576K
}
2020-02-27T14:34:13.423+0000: 16.226: Total time for which application threads were stopped: 0.0060093 seconds, Stopping threads took: 0.0000513 seconds
2020-02-27T14:34:13.427+0000: 16.230: [GC (CMS Initial Mark) [1 CMS-initial-mark: 69006K(88536K)] 71063K(128472K), 0.0017804 secs] [Times: user=0.00 sys=0.00, real=0.00 secs] 
2020-02-27T14:34:13.428+0000: 16.232: Total time for which application threads were stopped: 0.0056402 seconds, Stopping threads took: 0.0037574 seconds
2020-02-27T14:34:13.429+0000: 16.232: [CMS-concurrent-mark-start]
{Heap before GC invocations=203 (full 5):
 par new generation   total 39936K, used 36765K [0x00000000c3000000, 0x00000000c5b50000, 0x00000000cd660000)
  eden space 35520K,  97% used [0x00000000c3000000, 0x00000000c51e6480, 0x00000000c52b0000)
  from space 4416K,  46% used [0x00000000c52b0000, 0x00000000c54b12c8, 0x00000000c5700000)
  to   space 4416K,   0% used [0x00000000c5700000, 0x00000000c5700000, 0x00000000c5b50000)
 concurrent mark-sweep generation total 88536K, used 69006K [0x00000000cd660000, 0x00000000d2cd6000, 0x0000000100000000)
 Metaspace       used 48218K, capacity 49914K, committed 50172K, reserved 1093632K
  class space    used 6304K, capacity 6639K, committed 6708K, reserved 1048576K
2020-02-27T14:34:13.481+0000: 16.284: [GC (Allocation Failure) 2020-02-27T14:34:13.481+0000: 16.284: [ParNew
Desired survivor size 2260992 bytes, new threshold 6 (max 6)
- age   1:     994576 bytes,     994576 total
- age   2:         96 bytes,     994672 total
: 36765K->1028K(39936K), 0.0030153 secs] 105772K->70035K(128472K), 0.0030909 secs] [Times: user=0.00 sys=0.00, real=0.00 secs] 
Heap after GC invocations=204 (full 5):
 par new generation   total 39936K, used 1028K [0x00000000c3000000, 0x00000000c5b50000, 0x00000000cd660000)
  eden space 35520K,   0% used [0x00000000c3000000, 0x00000000c3000000, 0x00000000c52b0000)
  from space 4416K,  23% used [0x00000000c5700000, 0x00000000c5801340, 0x00000000c5b50000)
  to   space 4416K,   0% used [0x00000000c52b0000, 0x00000000c52b0000, 0x00000000c5700000)
 concurrent mark-sweep generation total 88536K, used 69006K [0x00000000cd660000, 0x00000000d2cd6000, 0x0000000100000000)
 Metaspace       used 48218K, capacity 49914K, committed 50172K, reserved 1093632K
  class space    used 6304K, capacity 6639K, committed 6708K, reserved 1048576K
}
2020-02-27T14:34:13.484+0000: 16.287: Total time for which application threads were stopped: 0.0033267 seconds, Stopping threads took: 0.0000511 seconds
2020-02-27T14:34:13.532+0000: 16.335: [CMS-concurrent-mark: 0.103/0.103 secs] [Times: user=0.19 sys=0.01, real=0.10 secs] 
2020-02-27T14:34:13.532+0000: 16.335: [CMS-concurrent-preclean-start]
{Heap before GC invocations=204 (full 5):
 par new generation   total 39936K, used 36548K [0x00000000c3000000, 0x00000000c5b50000, 0x00000000cd660000)
  eden space 35520K, 100% used [0x00000000c3000000, 0x00000000c52b0000, 0x00000000c52b0000)
  from space 4416K,  23% used [0x00000000c5700000, 0x00000000c5801340, 0x00000000c5b50000)
  to   space 4416K,   0% used [0x00000000c52b0000, 0x00000000c52b0000, 0x00000000c5700000)
 concurrent mark-sweep generation total 88536K, used 69006K [0x00000000cd660000, 0x00000000d2cd6000, 0x0000000100000000)
 Metaspace       used 48219K, capacity 49914K, committed 50172K, reserved 1093632K
  class space    used 6305K, capacity 6639K, committed 6708K, reserved 1048576K
2020-02-27T14:34:13.533+0000: 16.336: [GC (Allocation Failure) 2020-02-27T14:34:13.533+0000: 16.336: [ParNew
Desired survivor size 2260992 bytes, new threshold 6 (max 6)
- age   1:       9712 bytes,       9712 total
- age   2:         96 bytes,       9808 total
: 36548K->495K(39936K), 0.0031890 secs] 105555K->69501K(128472K), 0.0032436 secs] [Times: user=0.00 sys=0.00, real=0.00 secs] 
Heap after GC invocations=205 (full 5):
 par new generation   total 39936K, used 495K [0x00000000c3000000, 0x00000000c5b50000, 0x00000000cd660000)
  eden space 35520K,   0% used [0x00000000c3000000, 0x00000000c3000000, 0x00000000c52b0000)
  from space 4416K,  11% used [0x00000000c52b0000, 0x00000000c532be48, 0x00000000c5700000)
  to   space 4416K,   0% used [0x00000000c5700000, 0x00000000c5700000, 0x00000000c5b50000)
 concurrent mark-sweep generation total 88536K, used 69006K [0x00000000cd660000, 0x00000000d2cd6000, 0x0000000100000000)
 Metaspace       used 48219K, capacity 49914K, committed 50172K, reserved 1093632K
  class space    used 6305K, capacity 6639K, committed 6708K, reserved 1048576K
}
2020-02-27T14:34:13.536+0000: 16.340: Total time for which application threads were stopped: 0.0035058 seconds, Stopping threads took: 0.0000536 seconds
2020-02-27T14:34:13.544+0000: 16.348: [CMS-concurrent-preclean: 0.013/0.013 secs] [Times: user=0.03 sys=0.00, real=0.01 secs] 
2020-02-27T14:34:13.544+0000: 16.348: [CMS-concurrent-abortable-preclean-start]
{Heap before GC invocations=205 (full 5):
 par new generation   total 39936K, used 36015K [0x00000000c3000000, 0x00000000c5b50000, 0x00000000cd660000)
  eden space 35520K, 100% used [0x00000000c3000000, 0x00000000c52b0000, 0x00000000c52b0000)
  from space 4416K,  11% used [0x00000000c52b0000, 0x00000000c532be48, 0x00000000c5700000)
  to   space 4416K,   0% used [0x00000000c5700000, 0x00000000c5700000, 0x00000000c5b50000)
 concurrent mark-sweep generation total 88536K, used 69006K [0x00000000cd660000, 0x00000000d2cd6000, 0x0000000100000000)
 Metaspace       used 48490K, capacity 50236K, committed 50428K, reserved 1093632K
  class space    used 6351K, capacity 6704K, committed 6708K, reserved 1048576K
2020-02-27T14:34:13.636+0000: 16.439: [GC (Allocation Failure) 2020-02-27T14:34:13.636+0000: 16.439: [ParNew
Desired survivor size 2260992 bytes, new threshold 6 (max 6)
- age   1:     114448 bytes,     114448 total
- age   2:       1000 bytes,     115448 total
: 36015K->136K(39936K), 0.0052536 secs] 105021K->69142K(128472K), 0.0053283 secs] [Times: user=0.00 sys=0.00, real=0.01 secs] 
Heap after GC invocations=206 (full 5):
 par new generation   total 39936K, used 136K [0x00000000c3000000, 0x00000000c5b50000, 0x00000000cd660000)
  eden space 35520K,   0% used [0x00000000c3000000, 0x00000000c3000000, 0x00000000c52b0000)
  from space 4416K,   3% used [0x00000000c5700000, 0x00000000c57221a8, 0x00000000c5b50000)
  to   space 4416K,   0% used [0x00000000c52b0000, 0x00000000c52b0000, 0x00000000c5700000)
 concurrent mark-sweep generation total 88536K, used 69006K [0x00000000cd660000, 0x00000000d2cd6000, 0x0000000100000000)
 Metaspace       used 48490K, capacity 50236K, committed 50428K, reserved 1093632K
  class space    used 6351K, capacity 6704K, committed 6708K, reserved 1048576K
}
2020-02-27T14:34:13.641+0000: 16.444: Total time for which application threads were stopped: 0.0055652 seconds, Stopping threads took: 0.0000774 seconds
2020-02-27T14:34:13.749+0000: 16.552: [CMS-concurrent-abortable-preclean: 0.009/0.204 secs] [Times: user=0.36 sys=0.00, real=0.21 secs] 
2020-02-27T14:34:13.750+0000: 16.553: [GC (CMS Final Remark) [YG occupancy: 19226 K (39936 K)]2020-02-27T14:34:13.750+0000: 16.553: [Rescan (parallel) , 0.0052781 secs]2020-02-27T14:34:13.755+0000: 16.559: [weak refs processing, 0.0000539 secs]2020-02-27T14:34:13.755+0000: 16.559: [class unloading, 0.0073561 secs]2020-02-27T14:34:13.763+0000: 16.566: [scrub symbol table, 0.0087869 secs]2020-02-27T14:34:13.772+0000: 16.575: [scrub string table, 0.0007125 secs][1 CMS-remark: 69006K(88536K)] 88233K(128472K), 0.0223941 secs] [Times: user=0.02 sys=0.00, real=0.02 secs] 
2020-02-27T14:34:13.772+0000: 16.576: Total time for which application threads were stopped: 0.0235001 seconds, Stopping threads took: 0.0010355 seconds
2020-02-27T14:34:13.773+0000: 16.576: [CMS-concurrent-sweep-start]
2020-02-27T14:34:13.805+0000: 16.609: [CMS-concurrent-sweep: 0.033/0.033 secs] [Times: user=0.04 sys=0.01, real=0.04 secs] 
2020-02-27T14:34:13.809+0000: 16.612: [CMS-concurrent-reset-start]
2020-02-27T14:34:13.810+0000: 16.614: [CMS-concurrent-reset: 0.001/0.001 secs] [Times: user=0.01 sys=0.00, real=0.00 secs] 
{Heap before GC invocations=206 (full 5):
 par new generation   total 39936K, used 35656K [0x00000000c3000000, 0x00000000c5b50000, 0x00000000cd660000)
  eden space 35520K, 100% used [0x00000000c3000000, 0x00000000c52b0000, 0x00000000c52b0000)
  from space 4416K,   3% used [0x00000000c5700000, 0x00000000c57221a8, 0x00000000c5b50000)
  to   space 4416K,   0% used [0x00000000c52b0000, 0x00000000c52b0000, 0x00000000c5700000)
 concurrent mark-sweep generation total 88536K, used 29446K [0x00000000cd660000, 0x00000000d2cd6000, 0x0000000100000000)
 Metaspace       used 48958K, capacity 50690K, committed 51068K, reserved 1093632K
  class space    used 6409K, capacity 6769K, committed 6836K, reserved 1048576K
2020-02-27T14:34:14.002+0000: 16.805: [GC (Allocation Failure) 2020-02-27T14:34:14.002+0000: 16.806: [ParNew
Desired survivor size 2260992 bytes, new threshold 6 (max 6)
- age   1:     432152 bytes,     432152 total
- age   2:      83432 bytes,     515584 total
- age   3:       1000 bytes,     516584 total
: 35656K->560K(39936K), 0.0140137 secs] 65102K->30006K(128472K), 0.0140776 secs] [Times: user=0.01 sys=0.00, real=0.01 secs] 
Heap after GC invocations=207 (full 5):
 par new generation   total 39936K, used 560K [0x00000000c3000000, 0x00000000c5b50000, 0x00000000cd660000)
  eden space 35520K,   0% used [0x00000000c3000000, 0x00000000c3000000, 0x00000000c52b0000)
  from space 4416K,  12% used [0x00000000c52b0000, 0x00000000c533c2a0, 0x00000000c5700000)
  to   space 4416K,   0% used [0x00000000c5700000, 0x00000000c5700000, 0x00000000c5b50000)
 concurrent mark-sweep generation total 88536K, used 29446K [0x00000000cd660000, 0x00000000d2cd6000, 0x0000000100000000)
 Metaspace       used 48958K, capacity 50690K, committed 51068K, reserved 1093632K
  class space    used 6409K, capacity 6769K, committed 6836K, reserved 1048576K
}
2020-02-27T14:34:14.016+0000: 16.820: Total time for which application threads were stopped: 0.0142508 seconds, Stopping threads took: 0.0000225 seconds
{Heap before GC invocations=207 (full 5):
 par new generation   total 39936K, used 36080K [0x00000000c3000000, 0x00000000c5b50000, 0x00000000cd660000)
  eden space 35520K, 100% used [0x00000000c3000000, 0x00000000c52b0000, 0x00000000c52b0000)
  from space 4416K,  12% used [0x00000000c52b0000, 0x00000000c533c2a0, 0x00000000c5700000)
  to   space 4416K,   0% used [0x00000000c5700000, 0x00000000c5700000, 0x00000000c5b50000)
 concurrent mark-sweep generation total 88536K, used 29446K [0x00000000cd660000, 0x00000000d2cd6000, 0x0000000100000000)
 Metaspace       used 49694K, capacity 51394K, committed 51580K, reserved 1093632K
  class space    used 6497K, capacity 6833K, committed 6836K, reserved 1048576K
2020-02-27T14:34:14.231+0000: 17.034: [GC (Allocation Failure) 2020-02-27T14:34:14.231+0000: 17.034: [ParNew
Desired survivor size 2260992 bytes, new threshold 6 (max 6)
- age   1:     133336 bytes,     133336 total
- age   2:     399824 bytes,     533160 total
- age   3:      83432 bytes,     616592 total
- age   4:       1000 bytes,     617592 total
: 36080K->820K(39936K), 0.0132922 secs] 65526K->30266K(128472K), 0.0133786 secs] [Times: user=0.01 sys=0.00, real=0.01 secs] 
Heap after GC invocations=208 (full 5):
 par new generation   total 39936K, used 820K [0x00000000c3000000, 0x00000000c5b50000, 0x00000000cd660000)
  eden space 35520K,   0% used [0x00000000c3000000, 0x00000000c3000000, 0x00000000c52b0000)
  from space 4416K,  18% used [0x00000000c5700000, 0x00000000c57cd340, 0x00000000c5b50000)
  to   space 4416K,   0% used [0x00000000c52b0000, 0x00000000c52b0000, 0x00000000c5700000)
 concurrent mark-sweep generation total 88536K, used 29446K [0x00000000cd660000, 0x00000000d2cd6000, 0x0000000100000000)
 Metaspace       used 49694K, capacity 51394K, committed 51580K, reserved 1093632K
  class space    used 6497K, capacity 6833K, committed 6836K, reserved 1048576K
}
2020-02-27T14:34:14.244+0000: 17.047: Total time for which application threads were stopped: 0.0146372 seconds, Stopping threads took: 0.0000538 seconds
{Heap before GC invocations=208 (full 5):
 par new generation   total 39936K, used 36340K [0x00000000c3000000, 0x00000000c5b50000, 0x00000000cd660000)
  eden space 35520K, 100% used [0x00000000c3000000, 0x00000000c52b0000, 0x00000000c52b0000)
  from space 4416K,  18% used [0x00000000c5700000, 0x00000000c57cd340, 0x00000000c5b50000)
  to   space 4416K,   0% used [0x00000000c52b0000, 0x00000000c52b0000, 0x00000000c5700000)
 concurrent mark-sweep generation total 88536K, used 29446K [0x00000000cd660000, 0x00000000d2cd6000, 0x0000000100000000)
 Metaspace       used 50126K, capacity 51842K, committed 52220K, reserved 1095680K
  class space    used 6555K, capacity 6897K, committed 6964K, reserved 1048576K
2020-02-27T14:34:14.388+0000: 17.191: [GC (Allocation Failure) 2020-02-27T14:34:14.388+0000: 17.191: [ParNew
Desired survivor size 2260992 bytes, new threshold 6 (max 6)
- age   1:     115112 bytes,     115112 total
- age   2:      96696 bytes,     211808 total
- age   3:     399728 bytes,     611536 total
- age   4:      83416 bytes,     694952 total
- age   5:       1000 bytes,     695952 total
: 36340K->1097K(39936K), 0.0089968 secs] 65786K->30543K(128472K), 0.0090649 secs] [Times: user=0.01 sys=0.00, real=0.00 secs] 
Heap after GC invocations=209 (full 5):
 par new generation   total 39936K, used 1097K [0x00000000c3000000, 0x00000000c5b50000, 0x00000000cd660000)
  eden space 35520K,   0% used [0x00000000c3000000, 0x00000000c3000000, 0x00000000c52b0000)
  from space 4416K,  24% used [0x00000000c52b0000, 0x00000000c53c2670, 0x00000000c5700000)
  to   space 4416K,   0% used [0x00000000c5700000, 0x00000000c5700000, 0x00000000c5b50000)
 concurrent mark-sweep generation total 88536K, used 29446K [0x00000000cd660000, 0x00000000d2cd6000, 0x0000000100000000)
 Metaspace       used 50126K, capacity 51842K, committed 52220K, reserved 1095680K
  class space    used 6555K, capacity 6897K, committed 6964K, reserved 1048576K
}
2020-02-27T14:34:14.397+0000: 17.200: Total time for which application threads were stopped: 0.0092436 seconds, Stopping threads took: 0.0000265 seconds
{Heap before GC invocations=209 (full 5):
 par new generation   total 39936K, used 36617K [0x00000000c3000000, 0x00000000c5b50000, 0x00000000cd660000)
  eden space 35520K, 100% used [0x00000000c3000000, 0x00000000c52b0000, 0x00000000c52b0000)
  from space 4416K,  24% used [0x00000000c52b0000, 0x00000000c53c2670, 0x00000000c5700000)
  to   space 4416K,   0% used [0x00000000c5700000, 0x00000000c5700000, 0x00000000c5b50000)
 concurrent mark-sweep generation total 88536K, used 29446K [0x00000000cd660000, 0x00000000d2cd6000, 0x0000000100000000)
 Metaspace       used 50577K, capacity 52314K, committed 52860K, reserved 1095680K
  class space    used 6618K, capacity 6965K, committed 7092K, reserved 1048576K
2020-02-27T14:34:14.649+0000: 17.452: [GC (Allocation Failure) 2020-02-27T14:34:14.649+0000: 17.452: [ParNew
Desired survivor size 2260992 bytes, new threshold 6 (max 6)
- age   1:     868328 bytes,     868328 total
- age   2:      68392 bytes,     936720 total
- age   3:      93888 bytes,    1030608 total
- age   4:     399664 bytes,    1430272 total
- age   5:      83008 bytes,    1513280 total
- age   6:       1000 bytes,    1514280 total
: 36617K->1916K(39936K), 0.0042596 secs] 66063K->31363K(128472K), 0.0043351 secs] [Times: user=0.00 sys=0.00, real=0.00 secs] 
Heap after GC invocations=210 (full 5):
 par new generation   total 39936K, used 1916K [0x00000000c3000000, 0x00000000c5b50000, 0x00000000cd660000)
  eden space 35520K,   0% used [0x00000000c3000000, 0x00000000c3000000, 0x00000000c52b0000)
  from space 4416K,  43% used [0x00000000c5700000, 0x00000000c58df370, 0x00000000c5b50000)
  to   space 4416K,   0% used [0x00000000c52b0000, 0x00000000c52b0000, 0x00000000c5700000)
 concurrent mark-sweep generation total 88536K, used 29446K [0x00000000cd660000, 0x00000000d2cd6000, 0x0000000100000000)
 Metaspace       used 50577K, capacity 52314K, committed 52860K, reserved 1095680K
  class space    used 6618K, capacity 6965K, committed 7092K, reserved 1048576K
}
2020-02-27T14:34:14.653+0000: 17.457: Total time for which application threads were stopped: 0.0046601 seconds, Stopping threads took: 0.0001343 seconds
{Heap before GC invocations=210 (full 5):
 par new generation   total 39936K, used 37436K [0x00000000c3000000, 0x00000000c5b50000, 0x00000000cd660000)
  eden space 35520K, 100% used [0x00000000c3000000, 0x00000000c52b0000, 0x00000000c52b0000)
  from space 4416K,  43% used [0x00000000c5700000, 0x00000000c58df370, 0x00000000c5b50000)
  to   space 4416K,   0% used [0x00000000c52b0000, 0x00000000c52b0000, 0x00000000c5700000)
 concurrent mark-sweep generation total 88536K, used 29446K [0x00000000cd660000, 0x00000000d2cd6000, 0x0000000100000000)
 Metaspace       used 51109K, capacity 52870K, committed 53116K, reserved 1095680K
  class space    used 6710K, capacity 7063K, committed 7092K, reserved 1048576K
2020-02-27T14:34:14.721+0000: 17.524: [GC (Allocation Failure) 2020-02-27T14:34:14.721+0000: 17.524: [ParNew
Desired survivor size 2260992 bytes, new threshold 6 (max 6)
- age   1:     121344 bytes,     121344 total
- age   2:     832104 bytes,     953448 total
- age   3:      68176 bytes,    1021624 total
- age   4:      93448 bytes,    1115072 total
- age   5:     399624 bytes,    1514696 total
- age   6:      81640 bytes,    1596336 total
: 37436K->1899K(39936K), 0.0047343 secs] 66883K->31346K(128472K), 0.0047985 secs] [Times: user=0.01 sys=0.00, real=0.01 secs] 
Heap after GC invocations=211 (full 5):
 par new generation   total 39936K, used 1899K [0x00000000c3000000, 0x00000000c5b50000, 0x00000000cd660000)
  eden space 35520K,   0% used [0x00000000c3000000, 0x00000000c3000000, 0x00000000c52b0000)
  from space 4416K,  43% used [0x00000000c52b0000, 0x00000000c548aed0, 0x00000000c5700000)
  to   space 4416K,   0% used [0x00000000c5700000, 0x00000000c5700000, 0x00000000c5b50000)
 concurrent mark-sweep generation total 88536K, used 29447K [0x00000000cd660000, 0x00000000d2cd6000, 0x0000000100000000)
 Metaspace       used 51109K, capacity 52870K, committed 53116K, reserved 1095680K
  class space    used 6710K, capacity 7063K, committed 7092K, reserved 1048576K
}
2020-02-27T14:34:14.726+0000: 17.529: Total time for which application threads were stopped: 0.0049525 seconds, Stopping threads took: 0.0000248 seconds
{Heap before GC invocations=211 (full 5):
 par new generation   total 39936K, used 37419K [0x00000000c3000000, 0x00000000c5b50000, 0x00000000cd660000)
  eden space 35520K, 100% used [0x00000000c3000000, 0x00000000c52b0000, 0x00000000c52b0000)
  from space 4416K,  43% used [0x00000000c52b0000, 0x00000000c548aed0, 0x00000000c5700000)
  to   space 4416K,   0% used [0x00000000c5700000, 0x00000000c5700000, 0x00000000c5b50000)
 concurrent mark-sweep generation total 88536K, used 29447K [0x00000000cd660000, 0x00000000d2cd6000, 0x0000000100000000)
 Metaspace       used 51613K, capacity 53362K, committed 53756K, reserved 1095680K
  class space    used 6769K, capacity 7097K, committed 7220K, reserved 1048576K
2020-02-27T14:34:14.798+0000: 17.601: [GC (Allocation Failure) 2020-02-27T14:34:14.798+0000: 17.601: [ParNew
Desired survivor size 2260992 bytes, new threshold 6 (max 6)
- age   1:     144760 bytes,     144760 total
- age   2:      84920 bytes,     229680 total
- age   3:     830744 bytes,    1060424 total
- age   4:      68176 bytes,    1128600 total
- age   5:      93448 bytes,    1222048 total
- age   6:     399624 bytes,    1621672 total
: 37419K->2221K(39936K), 0.0046680 secs] 66866K->31751K(128472K), 0.0047450 secs] [Times: user=0.01 sys=0.00, real=0.00 secs] 
Heap after GC invocations=212 (full 5):
 par new generation   total 39936K, used 2221K [0x00000000c3000000, 0x00000000c5b50000, 0x00000000cd660000)
  eden space 35520K,   0% used [0x00000000c3000000, 0x00000000c3000000, 0x00000000c52b0000)
  from space 4416K,  50% used [0x00000000c5700000, 0x00000000c592b750, 0x00000000c5b50000)
  to   space 4416K,   0% used [0x00000000c52b0000, 0x00000000c52b0000, 0x00000000c5700000)
 concurrent mark-sweep generation total 88536K, used 29529K [0x00000000cd660000, 0x00000000d2cd6000, 0x0000000100000000)
 Metaspace       used 51613K, capacity 53362K, committed 53756K, reserved 1095680K
  class space    used 6769K, capacity 7097K, committed 7220K, reserved 1048576K
}
2020-02-27T14:34:14.803+0000: 17.606: Total time for which application threads were stopped: 0.0049151 seconds, Stopping threads took: 0.0000261 seconds
{Heap before GC invocations=212 (full 5):
 par new generation   total 39936K, used 37741K [0x00000000c3000000, 0x00000000c5b50000, 0x00000000cd660000)
  eden space 35520K, 100% used [0x00000000c3000000, 0x00000000c52b0000, 0x00000000c52b0000)
  from space 4416K,  50% used [0x00000000c5700000, 0x00000000c592b750, 0x00000000c5b50000)
  to   space 4416K,   0% used [0x00000000c52b0000, 0x00000000c52b0000, 0x00000000c5700000)
 concurrent mark-sweep generation total 88536K, used 29529K [0x00000000cd660000, 0x00000000d2cd6000, 0x0000000100000000)
 Metaspace       used 52004K, capacity 53752K, committed 54012K, reserved 1095680K
  class space    used 6822K, capacity 7162K, committed 7220K, reserved 1048576K
2020-02-27T14:34:14.883+0000: 17.686: [GC (Allocation Failure) 2020-02-27T14:34:14.883+0000: 17.686: [ParNew
Desired survivor size 2260992 bytes, new threshold 6 (max 6)
- age   1:     361840 bytes,     361840 total
- age   2:      98024 bytes,     459864 total
- age   3:      84520 bytes,     544384 total
- age   4:     819448 bytes,    1363832 total
- age   5:      68176 bytes,    1432008 total
- age   6:      93448 bytes,    1525456 total
: 37741K->2330K(39936K), 0.0061140 secs] 67271K->32262K(128472K), 0.0061792 secs] [Times: user=0.01 sys=0.00, real=0.01 secs] 
Heap after GC invocations=213 (full 5):
 par new generation   total 39936K, used 2330K [0x00000000c3000000, 0x00000000c5b50000, 0x00000000cd660000)
  eden space 35520K,   0% used [0x00000000c3000000, 0x00000000c3000000, 0x00000000c52b0000)
  from space 4416K,  52% used [0x00000000c52b0000, 0x00000000c54f6b18, 0x00000000c5700000)
  to   space 4416K,   0% used [0x00000000c5700000, 0x00000000c5700000, 0x00000000c5b50000)
 concurrent mark-sweep generation total 88536K, used 29931K [0x00000000cd660000, 0x00000000d2cd6000, 0x0000000100000000)
 Metaspace       used 52004K, capacity 53752K, committed 54012K, reserved 1095680K
  class space    used 6822K, capacity 7162K, committed 7220K, reserved 1048576K
}
2020-02-27T14:34:14.889+0000: 17.693: Total time for which application threads were stopped: 0.0063623 seconds, Stopping threads took: 0.0000308 seconds
{Heap before GC invocations=213 (full 5):
 par new generation   total 39936K, used 37850K [0x00000000c3000000, 0x00000000c5b50000, 0x00000000cd660000)
  eden space 35520K, 100% used [0x00000000c3000000, 0x00000000c52b0000, 0x00000000c52b0000)
  from space 4416K,  52% used [0x00000000c52b0000, 0x00000000c54f6b18, 0x00000000c5700000)
  to   space 4416K,   0% used [0x00000000c5700000, 0x00000000c5700000, 0x00000000c5b50000)
 concurrent mark-sweep generation total 88536K, used 29931K [0x00000000cd660000, 0x00000000d2cd6000, 0x0000000100000000)
 Metaspace       used 52409K, capacity 54140K, committed 54524K, reserved 1097728K
  class space    used 6873K, capacity 7202K, committed 7220K, reserved 1048576K
2020-02-27T14:34:14.978+0000: 17.782: [GC (Allocation Failure) 2020-02-27T14:34:14.979+0000: 17.782: [ParNew
Desired survivor size 2260992 bytes, new threshold 6 (max 6)
- age   1:     233208 bytes,     233208 total
- age   2:     330592 bytes,     563800 total
- age   3:      97008 bytes,     660808 total
- age   4:      84480 bytes,     745288 total
- age   5:     819520 bytes,    1564808 total
- age   6:      68248 bytes,    1633056 total
: 37850K->2250K(39936K), 0.0067399 secs] 67782K->32277K(128472K), 0.0068165 secs] [Times: user=0.01 sys=0.00, real=0.01 secs] 
Heap after GC invocations=214 (full 5):
 par new generation   total 39936K, used 2250K [0x00000000c3000000, 0x00000000c5b50000, 0x00000000cd660000)
  eden space 35520K,   0% used [0x00000000c3000000, 0x00000000c3000000, 0x00000000c52b0000)
  from space 4416K,  50% used [0x00000000c5700000, 0x00000000c5932b60, 0x00000000c5b50000)
  to   space 4416K,   0% used [0x00000000c52b0000, 0x00000000c52b0000, 0x00000000c5700000)
 concurrent mark-sweep generation total 88536K, used 30027K [0x00000000cd660000, 0x00000000d2cd6000, 0x0000000100000000)
 Metaspace       used 52409K, capacity 54140K, committed 54524K, reserved 1097728K
  class space    used 6873K, capacity 7202K, committed 7220K, reserved 1048576K
}
2020-02-27T14:34:14.985+0000: 17.789: Total time for which application threads were stopped: 0.0070217 seconds, Stopping threads took: 0.0000483 seconds
{Heap before GC invocations=214 (full 5):
 par new generation   total 39936K, used 37770K [0x00000000c3000000, 0x00000000c5b50000, 0x00000000cd660000)
  eden space 35520K, 100% used [0x00000000c3000000, 0x00000000c52b0000, 0x00000000c52b0000)
  from space 4416K,  50% used [0x00000000c5700000, 0x00000000c5932b60, 0x00000000c5b50000)
  to   space 4416K,   0% used [0x00000000c52b0000, 0x00000000c52b0000, 0x00000000c5700000)
 concurrent mark-sweep generation total 88536K, used 30027K [0x00000000cd660000, 0x00000000d2cd6000, 0x0000000100000000)
 Metaspace       used 52894K, capacity 54712K, committed 55164K, reserved 1097728K
  class space    used 6918K, capacity 7278K, committed 7348K, reserved 1048576K
2020-02-27T14:34:15.246+0000: 18.049: [GC (Allocation Failure) 2020-02-27T14:34:15.246+0000: 18.049: [ParNew
Desired survivor size 2260992 bytes, new threshold 6 (max 6)
- age   1:     405672 bytes,     405672 total
- age   2:     142816 bytes,     548488 total
- age   3:     327640 bytes,     876128 total
- age   4:      96912 bytes,     973040 total
- age   5:      84480 bytes,    1057520 total
- age   6:     819448 bytes,    1876968 total
: 37770K->3132K(39936K), 0.0053050 secs] 67797K->33229K(128472K), 0.0053752 secs] [Times: user=0.01 sys=0.00, real=0.00 secs] 
Heap after GC invocations=215 (full 5):
 par new generation   total 39936K, used 3132K [0x00000000c3000000, 0x00000000c5b50000, 0x00000000cd660000)
  eden space 35520K,   0% used [0x00000000c3000000, 0x00000000c3000000, 0x00000000c52b0000)
  from space 4416K,  70% used [0x00000000c52b0000, 0x00000000c55bf270, 0x00000000c5700000)
  to   space 4416K,   0% used [0x00000000c5700000, 0x00000000c5700000, 0x00000000c5b50000)
 concurrent mark-sweep generation total 88536K, used 30097K [0x00000000cd660000, 0x00000000d2cd6000, 0x0000000100000000)
 Metaspace       used 52894K, capacity 54712K, committed 55164K, reserved 1097728K
  class space    used 6918K, capacity 7278K, committed 7348K, reserved 1048576K
}
2020-02-27T14:34:15.252+0000: 18.055: Total time for which application threads were stopped: 0.0056887 seconds, Stopping threads took: 0.0000600 seconds
{Heap before GC invocations=215 (full 5):
 par new generation   total 39936K, used 38652K [0x00000000c3000000, 0x00000000c5b50000, 0x00000000cd660000)
  eden space 35520K, 100% used [0x00000000c3000000, 0x00000000c52b0000, 0x00000000c52b0000)
  from space 4416K,  70% used [0x00000000c52b0000, 0x00000000c55bf270, 0x00000000c5700000)
  to   space 4416K,   0% used [0x00000000c5700000, 0x00000000c5700000, 0x00000000c5b50000)
 concurrent mark-sweep generation total 88536K, used 30097K [0x00000000cd660000, 0x00000000d2cd6000, 0x0000000100000000)
 Metaspace       used 53402K, capacity 55204K, committed 55420K, reserved 1097728K
  class space    used 6977K, capacity 7312K, committed 7348K, reserved 1048576K
2020-02-27T14:34:15.336+0000: 18.139: [GC (Allocation Failure) 2020-02-27T14:34:15.336+0000: 18.139: [ParNew
Desired survivor size 2260992 bytes, new threshold 6 (max 6)
- age   1:     151808 bytes,     151808 total
- age   2:     384288 bytes,     536096 total
- age   3:     140160 bytes,     676256 total
- age   4:     327352 bytes,    1003608 total
- age   5:      96768 bytes,    1100376 total
- age   6:      84384 bytes,    1184760 total
: 38652K->1624K(39936K), 0.0075726 secs] 68749K->32537K(128472K), 0.0076553 secs] [Times: user=0.02 sys=0.00, real=0.01 secs] 
Heap after GC invocations=216 (full 5):
 par new generation   total 39936K, used 1624K [0x00000000c3000000, 0x00000000c5b50000, 0x00000000cd660000)
  eden space 35520K,   0% used [0x00000000c3000000, 0x00000000c3000000, 0x00000000c52b0000)
  from space 4416K,  36% used [0x00000000c5700000, 0x00000000c5896170, 0x00000000c5b50000)
  to   space 4416K,   0% used [0x00000000c52b0000, 0x00000000c52b0000, 0x00000000c5700000)
 concurrent mark-sweep generation total 88536K, used 30912K [0x00000000cd660000, 0x00000000d2cd6000, 0x0000000100000000)
 Metaspace       used 53402K, capacity 55204K, committed 55420K, reserved 1097728K
  class space    used 6977K, capacity 7312K, committed 7348K, reserved 1048576K
}
2020-02-27T14:34:15.344+0000: 18.147: Total time for which application threads were stopped: 0.0078762 seconds, Stopping threads took: 0.0000649 seconds
{Heap before GC invocations=216 (full 5):
 par new generation   total 39936K, used 37144K [0x00000000c3000000, 0x00000000c5b50000, 0x00000000cd660000)
  eden space 35520K, 100% used [0x00000000c3000000, 0x00000000c52b0000, 0x00000000c52b0000)
  from space 4416K,  36% used [0x00000000c5700000, 0x00000000c5896170, 0x00000000c5b50000)
  to   space 4416K,   0% used [0x00000000c52b0000, 0x00000000c52b0000, 0x00000000c5700000)
 concurrent mark-sweep generation total 88536K, used 30912K [0x00000000cd660000, 0x00000000d2cd6000, 0x0000000100000000)
 Metaspace       used 53653K, capacity 55460K, committed 55804K, reserved 1097728K
  class space    used 7036K, capacity 7376K, committed 7476K, reserved 1048576K
2020-02-27T14:34:15.394+0000: 18.197: [GC (Allocation Failure) 2020-02-27T14:34:15.394+0000: 18.197: [ParNew
Desired survivor size 2260992 bytes, new threshold 6 (max 6)
- age   1:      61800 bytes,      61800 total
- age   2:      84024 bytes,     145824 total
- age   3:     384288 bytes,     530112 total
- age   4:     140160 bytes,     670272 total
- age   5:     327352 bytes,     997624 total
- age   6:      96768 bytes,    1094392 total
: 37144K->1699K(39936K), 0.0040837 secs] 68057K->32698K(128472K), 0.0041632 secs] [Times: user=0.00 sys=0.00, real=0.01 secs] 
Heap after GC invocations=217 (full 5):
 par new generation   total 39936K, used 1699K [0x00000000c3000000, 0x00000000c5b50000, 0x00000000cd660000)
  eden space 35520K,   0% used [0x00000000c3000000, 0x00000000c3000000, 0x00000000c52b0000)
  from space 4416K,  38% used [0x00000000c52b0000, 0x00000000c5458dd0, 0x00000000c5700000)
  to   space 4416K,   0% used [0x00000000c5700000, 0x00000000c5700000, 0x00000000c5b50000)
 concurrent mark-sweep generation total 88536K, used 30999K [0x00000000cd660000, 0x00000000d2cd6000, 0x0000000100000000)
 Metaspace       used 53653K, capacity 55460K, committed 55804K, reserved 1097728K
  class space    used 7036K, capacity 7376K, committed 7476K, reserved 1048576K
}
2020-02-27T14:34:15.398+0000: 18.201: Total time for which application threads were stopped: 0.0043464 seconds, Stopping threads took: 0.0000308 seconds
{Heap before GC invocations=217 (full 5):
 par new generation   total 39936K, used 37219K [0x00000000c3000000, 0x00000000c5b50000, 0x00000000cd660000)
  eden space 35520K, 100% used [0x00000000c3000000, 0x00000000c52b0000, 0x00000000c52b0000)
  from space 4416K,  38% used [0x00000000c52b0000, 0x00000000c5458dd0, 0x00000000c5700000)
  to   space 4416K,   0% used [0x00000000c5700000, 0x00000000c5700000, 0x00000000c5b50000)
 concurrent mark-sweep generation total 88536K, used 30999K [0x00000000cd660000, 0x00000000d2cd6000, 0x0000000100000000)
 Metaspace       used 53908K, capacity 55716K, committed 56060K, reserved 1097728K
  class space    used 7106K, capacity 7440K, committed 7476K, reserved 1048576K
2020-02-27T14:34:15.444+0000: 18.247: [GC (Allocation Failure) 2020-02-27T14:34:15.444+0000: 18.247: [ParNew
Desired survivor size 2260992 bytes, new threshold 6 (max 6)
- age   1:      73984 bytes,      73984 total
- age   2:      35712 bytes,     109696 total
- age   3:      83624 bytes,     193320 total
- age   4:     384288 bytes,     577608 total
- age   5:     140160 bytes,     717768 total
- age   6:     327352 bytes,    1045120 total
: 37219K->1624K(39936K), 0.0039292 secs] 68218K->32721K(128472K), 0.0039948 secs] [Times: user=0.00 sys=0.00, real=0.01 secs] 
Heap after GC invocations=218 (full 5):
 par new generation   total 39936K, used 1624K [0x00000000c3000000, 0x00000000c5b50000, 0x00000000cd660000)
  eden space 35520K,   0% used [0x00000000c3000000, 0x00000000c3000000, 0x00000000c52b0000)
  from space 4416K,  36% used [0x00000000c5700000, 0x00000000c5896128, 0x00000000c5b50000)
  to   space 4416K,   0% used [0x00000000c52b0000, 0x00000000c52b0000, 0x00000000c5700000)
 concurrent mark-sweep generation total 88536K, used 31097K [0x00000000cd660000, 0x00000000d2cd6000, 0x0000000100000000)
 Metaspace       used 53908K, capacity 55716K, committed 56060K, reserved 1097728K
  class space    used 7106K, capacity 7440K, committed 7476K, reserved 1048576K
}
2020-02-27T14:34:15.448+0000: 18.252: Total time for which application threads were stopped: 0.0041738 seconds, Stopping threads took: 0.0000317 seconds
{Heap before GC invocations=218 (full 5):
 par new generation   total 39936K, used 37144K [0x00000000c3000000, 0x00000000c5b50000, 0x00000000cd660000)
  eden space 35520K, 100% used [0x00000000c3000000, 0x00000000c52b0000, 0x00000000c52b0000)
  from space 4416K,  36% used [0x00000000c5700000, 0x00000000c5896128, 0x00000000c5b50000)
  to   space 4416K,   0% used [0x00000000c52b0000, 0x00000000c52b0000, 0x00000000c5700000)
 concurrent mark-sweep generation total 88536K, used 31097K [0x00000000cd660000, 0x00000000d2cd6000, 0x0000000100000000)
 Metaspace       used 54127K, capacity 55914K, committed 56188K, reserved 1097728K
  class space    used 7161K, capacity 7505K, committed 7604K, reserved 1048576K
2020-02-27T14:34:15.503+0000: 18.307: [GC (Allocation Failure) 2020-02-27T14:34:15.503+0000: 18.307: [ParNew
Desired survivor size 2260992 bytes, new threshold 6 (max 6)
- age   1:      57048 bytes,      57048 total
- age   2:      43720 bytes,     100768 total
- age   3:      35712 bytes,     136480 total
- age   4:      83624 bytes,     220104 total
- age   5:     384288 bytes,     604392 total
- age   6:     140160 bytes,     744552 total
: 37144K->1035K(39936K), 0.0043241 secs] 68241K->32460K(128472K), 0.0044017 secs] [Times: user=0.00 sys=0.00, real=0.01 secs] 
Heap after GC invocations=219 (full 5):
 par new generation   total 39936K, used 1035K [0x00000000c3000000, 0x00000000c5b50000, 0x00000000cd660000)
  eden space 35520K,   0% used [0x00000000c3000000, 0x00000000c3000000, 0x00000000c52b0000)
  from space 4416K,  23% used [0x00000000c52b0000, 0x00000000c53b2fa0, 0x00000000c5700000)
  to   space 4416K,   0% used [0x00000000c5700000, 0x00000000c5700000, 0x00000000c5b50000)
 concurrent mark-sweep generation total 88536K, used 31424K [0x00000000cd660000, 0x00000000d2cd6000, 0x0000000100000000)
 Metaspace       used 54127K, capacity 55914K, committed 56188K, reserved 1097728K
  class space    used 7161K, capacity 7505K, committed 7604K, reserved 1048576K
}
2020-02-27T14:34:15.508+0000: 18.311: Total time for which application threads were stopped: 0.0045997 seconds, Stopping threads took: 0.0000346 seconds
{Heap before GC invocations=219 (full 5):
 par new generation   total 39936K, used 36555K [0x00000000c3000000, 0x00000000c5b50000, 0x00000000cd660000)
  eden space 35520K, 100% used [0x00000000c3000000, 0x00000000c52b0000, 0x00000000c52b0000)
  from space 4416K,  23% used [0x00000000c52b0000, 0x00000000c53b2fa0, 0x00000000c5700000)
  to   space 4416K,   0% used [0x00000000c5700000, 0x00000000c5700000, 0x00000000c5b50000)
 concurrent mark-sweep generation total 88536K, used 31424K [0x00000000cd660000, 0x00000000d2cd6000, 0x0000000100000000)
 Metaspace       used 54400K, capacity 56276K, committed 56444K, reserved 1097728K
  class space    used 7214K, capacity 7576K, committed 7604K, reserved 1048576K
2020-02-27T14:34:15.583+0000: 18.386: [GC (Allocation Failure) 2020-02-27T14:34:15.583+0000: 18.386: [ParNew
Desired survivor size 2260992 bytes, new threshold 6 (max 6)
- age   1:     135600 bytes,     135600 total
- age   2:      29936 bytes,     165536 total
- age   3:      43584 bytes,     209120 total
- age   4:      35712 bytes,     244832 total
- age   5:      83208 bytes,     328040 total
- age   6:     384288 bytes,     712328 total
: 36555K->1203K(39936K), 0.0038225 secs] 67980K->32767K(128472K), 0.0038840 secs] [Times: user=0.01 sys=0.00, real=0.01 secs] 
Heap after GC invocations=220 (full 5):
 par new generation   total 39936K, used 1203K [0x00000000c3000000, 0x00000000c5b50000, 0x00000000cd660000)
  eden space 35520K,   0% used [0x00000000c3000000, 0x00000000c3000000, 0x00000000c52b0000)
  from space 4416K,  27% used [0x00000000c5700000, 0x00000000c582ccf0, 0x00000000c5b50000)
  to   space 4416K,   0% used [0x00000000c52b0000, 0x00000000c52b0000, 0x00000000c5700000)
 concurrent mark-sweep generation total 88536K, used 31564K [0x00000000cd660000, 0x00000000d2cd6000, 0x0000000100000000)
 Metaspace       used 54400K, capacity 56276K, committed 56444K, reserved 1097728K
  class space    used 7214K, capacity 7576K, committed 7604K, reserved 1048576K
}
2020-02-27T14:34:15.587+0000: 18.390: Total time for which application threads were stopped: 0.0041539 seconds, Stopping threads took: 0.0000283 seconds
{Heap before GC invocations=220 (full 5):
 par new generation   total 39936K, used 36723K [0x00000000c3000000, 0x00000000c5b50000, 0x00000000cd660000)
  eden space 35520K, 100% used [0x00000000c3000000, 0x00000000c52b0000, 0x00000000c52b0000)
  from space 4416K,  27% used [0x00000000c5700000, 0x00000000c582ccf0, 0x00000000c5b50000)
  to   space 4416K,   0% used [0x00000000c52b0000, 0x00000000c52b0000, 0x00000000c5700000)
 concurrent mark-sweep generation total 88536K, used 31564K [0x00000000cd660000, 0x00000000d2cd6000, 0x0000000100000000)
 Metaspace       used 54733K, capacity 56564K, committed 56828K, reserved 1097728K
  class space    used 7259K, capacity 7608K, committed 7732K, reserved 1048576K
2020-02-27T14:34:15.637+0000: 18.440: [GC (Allocation Failure) 2020-02-27T14:34:15.637+0000: 18.440: [ParNew
Desired survivor size 2260992 bytes, new threshold 6 (max 6)
- age   1:      58968 bytes,      58968 total
- age   2:     106304 bytes,     165272 total
- age   3:      29880 bytes,     195152 total
- age   4:      43552 bytes,     238704 total
- age   5:      35712 bytes,     274416 total
- age   6:      83208 bytes,     357624 total
: 36723K->465K(39936K), 0.0039126 secs] 68287K->32409K(128472K), 0.0039837 secs] [Times: user=0.01 sys=0.00, real=0.00 secs] 
Heap after GC invocations=221 (full 5):
 par new generation   total 39936K, used 465K [0x00000000c3000000, 0x00000000c5b50000, 0x00000000cd660000)
  eden space 35520K,   0% used [0x00000000c3000000, 0x00000000c3000000, 0x00000000c52b0000)
  from space 4416K,  10% used [0x00000000c52b0000, 0x00000000c5324600, 0x00000000c5700000)
  to   space 4416K,   0% used [0x00000000c5700000, 0x00000000c5700000, 0x00000000c5b50000)
 concurrent mark-sweep generation total 88536K, used 31943K [0x00000000cd660000, 0x00000000d2cd6000, 0x0000000100000000)
 Metaspace       used 54733K, capacity 56564K, committed 56828K, reserved 1097728K
  class space    used 7259K, capacity 7608K, committed 7732K, reserved 1048576K
}
2020-02-27T14:34:15.641+0000: 18.444: Total time for which application threads were stopped: 0.0041380 seconds, Stopping threads took: 0.0000259 seconds
{Heap before GC invocations=221 (full 5):
 par new generation   total 39936K, used 35985K [0x00000000c3000000, 0x00000000c5b50000, 0x00000000cd660000)
  eden space 35520K, 100% used [0x00000000c3000000, 0x00000000c52b0000, 0x00000000c52b0000)
  from space 4416K,  10% used [0x00000000c52b0000, 0x00000000c5324600, 0x00000000c5700000)
  to   space 4416K,   0% used [0x00000000c5700000, 0x00000000c5700000, 0x00000000c5b50000)
 concurrent mark-sweep generation total 88536K, used 31943K [0x00000000cd660000, 0x00000000d2cd6000, 0x0000000100000000)
 Metaspace       used 54972K, capacity 56788K, committed 57084K, reserved 1099776K
  class space    used 7302K, capacity 7640K, committed 7732K, reserved 1048576K
2020-02-27T14:34:15.698+0000: 18.501: [GC (Allocation Failure) 2020-02-27T14:34:15.698+0000: 18.501: [ParNew
Desired survivor size 2260992 bytes, new threshold 6 (max 6)
- age   1:      92736 bytes,      92736 total
- age   2:      31656 bytes,     124392 total
- age   3:     106288 bytes,     230680 total
- age   4:      29880 bytes,     260560 total
- age   5:      43552 bytes,     304112 total
- age   6:      35712 bytes,     339824 total
: 35985K->562K(39936K), 0.0027674 secs] 67929K->32590K(128472K), 0.0028259 secs] [Times: user=0.00 sys=0.00, real=0.00 secs] 
Heap after GC invocations=222 (full 5):
 par new generation   total 39936K, used 562K [0x00000000c3000000, 0x00000000c5b50000, 0x00000000cd660000)
  eden space 35520K,   0% used [0x00000000c3000000, 0x00000000c3000000, 0x00000000c52b0000)
  from space 4416K,  12% used [0x00000000c5700000, 0x00000000c578ca78, 0x00000000c5b50000)
  to   space 4416K,   0% used [0x00000000c52b0000, 0x00000000c52b0000, 0x00000000c5700000)
 concurrent mark-sweep generation total 88536K, used 32028K [0x00000000cd660000, 0x00000000d2cd6000, 0x0000000100000000)
 Metaspace       used 54972K, capacity 56788K, committed 57084K, reserved 1099776K
  class space    used 7302K, capacity 7640K, committed 7732K, reserved 1048576K
}
2020-02-27T14:34:15.701+0000: 18.504: Total time for which application threads were stopped: 0.0029881 seconds, Stopping threads took: 0.0000277 seconds
{Heap before GC invocations=222 (full 5):
 par new generation   total 39936K, used 36082K [0x00000000c3000000, 0x00000000c5b50000, 0x00000000cd660000)
  eden space 35520K, 100% used [0x00000000c3000000, 0x00000000c52b0000, 0x00000000c52b0000)
  from space 4416K,  12% used [0x00000000c5700000, 0x00000000c578ca78, 0x00000000c5b50000)
  to   space 4416K,   0% used [0x00000000c52b0000, 0x00000000c52b0000, 0x00000000c5700000)
 concurrent mark-sweep generation total 88536K, used 32028K [0x00000000cd660000, 0x00000000d2cd6000, 0x0000000100000000)
 Metaspace       used 55326K, capacity 57216K, committed 57724K, reserved 1099776K
  class space    used 7359K, capacity 7738K, committed 7860K, reserved 1048576K
2020-02-27T14:34:15.773+0000: 18.576: [GC (Allocation Failure) 2020-02-27T14:34:15.773+0000: 18.576: [ParNew
Desired survivor size 2260992 bytes, new threshold 6 (max 6)
- age   1:     146672 bytes,     146672 total
- age   2:      34416 bytes,     181088 total
- age   3:      27536 bytes,     208624 total
- age   4:      37584 bytes,     246208 total
- age   5:      28384 bytes,     274592 total
- age   6:      42312 bytes,     316904 total
: 36082K->437K(39936K), 0.0031448 secs] 68110K->32501K(128472K), 0.0032155 secs] [Times: user=0.00 sys=0.00, real=0.00 secs] 
Heap after GC invocations=223 (full 5):
 par new generation   total 39936K, used 437K [0x00000000c3000000, 0x00000000c5b50000, 0x00000000cd660000)
  eden space 35520K,   0% used [0x00000000c3000000, 0x00000000c3000000, 0x00000000c52b0000)
  from space 4416K,   9% used [0x00000000c52b0000, 0x00000000c531d570, 0x00000000c5700000)
  to   space 4416K,   0% used [0x00000000c5700000, 0x00000000c5700000, 0x00000000c5b50000)
 concurrent mark-sweep generation total 88536K, used 32064K [0x00000000cd660000, 0x00000000d2cd6000, 0x0000000100000000)
 Metaspace       used 55326K, capacity 57216K, committed 57724K, reserved 1099776K
  class space    used 7359K, capacity 7738K, committed 7860K, reserved 1048576K
}
2020-02-27T14:34:15.776+0000: 18.579: Total time for which application threads were stopped: 0.0033838 seconds, Stopping threads took: 0.0000267 seconds
2020-02-27T14:34:16.068+0000: 18.871: Total time for which application threads were stopped: 0.0001955 seconds, Stopping threads took: 0.0000349 seconds
2020-02-27T14:34:16.224+0000: 19.027: Total time for which application threads were stopped: 0.0002867 seconds, Stopping threads took: 0.0000941 seconds
{Heap before GC invocations=223 (full 5):
 par new generation   total 39936K, used 35957K [0x00000000c3000000, 0x00000000c5b50000, 0x00000000cd660000)
  eden space 35520K, 100% used [0x00000000c3000000, 0x00000000c52b0000, 0x00000000c52b0000)
  from space 4416K,   9% used [0x00000000c52b0000, 0x00000000c531d570, 0x00000000c5700000)
  to   space 4416K,   0% used [0x00000000c5700000, 0x00000000c5700000, 0x00000000c5b50000)
 concurrent mark-sweep generation total 88536K, used 32064K [0x00000000cd660000, 0x00000000d2cd6000, 0x0000000100000000)
 Metaspace       used 55731K, capacity 57624K, committed 57980K, reserved 1099776K
  class space    used 7383K, capacity 7742K, committed 7860K, reserved 1048576K
2020-02-27T14:34:16.245+0000: 19.049: [GC (Allocation Failure) 2020-02-27T14:34:16.245+0000: 19.049: [ParNew
Desired survivor size 2260992 bytes, new threshold 6 (max 6)
- age   1:     716896 bytes,     716896 total
- age   2:     122680 bytes,     839576 total
- age   3:      34416 bytes,     873992 total
- age   4:      27536 bytes,     901528 total
- age   5:      37192 bytes,     938720 total
- age   6:      28368 bytes,     967088 total
: 35957K->1118K(39936K), 0.0037604 secs] 68021K->33225K(128472K), 0.0038305 secs] [Times: user=0.01 sys=0.00, real=0.00 secs] 
Heap after GC invocations=224 (full 5):
 par new generation   total 39936K, used 1118K [0x00000000c3000000, 0x00000000c5b50000, 0x00000000cd660000)
  eden space 35520K,   0% used [0x00000000c3000000, 0x00000000c3000000, 0x00000000c52b0000)
  from space 4416K,  25% used [0x00000000c5700000, 0x00000000c5817920, 0x00000000c5b50000)
  to   space 4416K,   0% used [0x00000000c52b0000, 0x00000000c52b0000, 0x00000000c5700000)
 concurrent mark-sweep generation total 88536K, used 32107K [0x00000000cd660000, 0x00000000d2cd6000, 0x0000000100000000)
 Metaspace       used 55731K, capacity 57624K, committed 57980K, reserved 1099776K
  class space    used 7383K, capacity 7742K, committed 7860K, reserved 1048576K
}
2020-02-27T14:34:16.249+0000: 19.052: Total time for which application threads were stopped: 0.0040903 seconds, Stopping threads took: 0.0001060 seconds
{Heap before GC invocations=224 (full 5):
 par new generation   total 39936K, used 36638K [0x00000000c3000000, 0x00000000c5b50000, 0x00000000cd660000)
  eden space 35520K, 100% used [0x00000000c3000000, 0x00000000c52b0000, 0x00000000c52b0000)
  from space 4416K,  25% used [0x00000000c5700000, 0x00000000c5817920, 0x00000000c5b50000)
  to   space 4416K,   0% used [0x00000000c52b0000, 0x00000000c52b0000, 0x00000000c5700000)
 concurrent mark-sweep generation total 88536K, used 32107K [0x00000000cd660000, 0x00000000d2cd6000, 0x0000000100000000)
 Metaspace       used 56134K, capacity 58012K, committed 58236K, reserved 1099776K
  class space    used 7443K, capacity 7808K, committed 7860K, reserved 1048576K
2020-02-27T14:34:16.329+0000: 19.132: [GC (Allocation Failure) 2020-02-27T14:34:16.329+0000: 19.132: [ParNew
Desired survivor size 2260992 bytes, new threshold 6 (max 6)
- age   1:     165728 bytes,     165728 total
- age   2:     641456 bytes,     807184 total
- age   3:     122232 bytes,     929416 total
- age   4:      34416 bytes,     963832 total
- age   5:      27536 bytes,     991368 total
- age   6:      37192 bytes,    1028560 total
: 36638K->1176K(39936K), 0.0036759 secs] 68745K->33313K(128472K), 0.0037495 secs] [Times: user=0.01 sys=0.00, real=0.00 secs] 
Heap after GC invocations=225 (full 5):
 par new generation   total 39936K, used 1176K [0x00000000c3000000, 0x00000000c5b50000, 0x00000000cd660000)
  eden space 35520K,   0% used [0x00000000c3000000, 0x00000000c3000000, 0x00000000c52b0000)
  from space 4416K,  26% used [0x00000000c52b0000, 0x00000000c53d62a0, 0x00000000c5700000)
  to   space 4416K,   0% used [0x00000000c5700000, 0x00000000c5700000, 0x00000000c5b50000)
 concurrent mark-sweep generation total 88536K, used 32136K [0x00000000cd660000, 0x00000000d2cd6000, 0x0000000100000000)
 Metaspace       used 56134K, capacity 58012K, committed 58236K, reserved 1099776K
  class space    used 7443K, capacity 7808K, committed 7860K, reserved 1048576K
}
2020-02-27T14:34:16.332+0000: 19.136: Total time for which application threads were stopped: 0.0039480 seconds, Stopping threads took: 0.0000244 seconds
{Heap before GC invocations=225 (full 5):
 par new generation   total 39936K, used 36696K [0x00000000c3000000, 0x00000000c5b50000, 0x00000000cd660000)
  eden space 35520K, 100% used [0x00000000c3000000, 0x00000000c52b0000, 0x00000000c52b0000)
  from space 4416K,  26% used [0x00000000c52b0000, 0x00000000c53d62a0, 0x00000000c5700000)
  to   space 4416K,   0% used [0x00000000c5700000, 0x00000000c5700000, 0x00000000c5b50000)
 concurrent mark-sweep generation total 88536K, used 32136K [0x00000000cd660000, 0x00000000d2cd6000, 0x0000000100000000)
 Metaspace       used 56590K, capacity 58462K, committed 58876K, reserved 1099776K
  class space    used 7505K, capacity 7873K, committed 7988K, reserved 1048576K
2020-02-27T14:34:16.432+0000: 19.235: [GC (Allocation Failure) 2020-02-27T14:34:16.432+0000: 19.235: [ParNew
Desired survivor size 2260992 bytes, new threshold 6 (max 6)
- age   1:     425912 bytes,     425912 total
- age   2:     132208 bytes,     558120 total
- age   3:     641456 bytes,    1199576 total
- age   4:     122232 bytes,    1321808 total
- age   5:      34416 bytes,    1356224 total
- age   6:      27536 bytes,    1383760 total
: 36696K->1888K(39936K), 0.0043087 secs] 68833K->34062K(128472K), 0.0043774 secs] [Times: user=0.01 sys=0.00, real=0.00 secs] 
Heap after GC invocations=226 (full 5):
 par new generation   total 39936K, used 1888K [0x00000000c3000000, 0x00000000c5b50000, 0x00000000cd660000)
  eden space 35520K,   0% used [0x00000000c3000000, 0x00000000c3000000, 0x00000000c52b0000)
  from space 4416K,  42% used [0x00000000c5700000, 0x00000000c58d8030, 0x00000000c5b50000)
  to   space 4416K,   0% used [0x00000000c52b0000, 0x00000000c52b0000, 0x00000000c5700000)
 concurrent mark-sweep generation total 88536K, used 32174K [0x00000000cd660000, 0x00000000d2cd6000, 0x0000000100000000)
 Metaspace       used 56590K, capacity 58462K, committed 58876K, reserved 1099776K
  class space    used 7505K, capacity 7873K, committed 7988K, reserved 1048576K
}
2020-02-27T14:34:16.436+0000: 19.239: Total time for which application threads were stopped: 0.0046021 seconds, Stopping threads took: 0.0000629 seconds
{Heap before GC invocations=226 (full 5):
 par new generation   total 39936K, used 37408K [0x00000000c3000000, 0x00000000c5b50000, 0x00000000cd660000)
  eden space 35520K, 100% used [0x00000000c3000000, 0x00000000c52b0000, 0x00000000c52b0000)
  from space 4416K,  42% used [0x00000000c5700000, 0x00000000c58d8030, 0x00000000c5b50000)
  to   space 4416K,   0% used [0x00000000c52b0000, 0x00000000c52b0000, 0x00000000c5700000)
 concurrent mark-sweep generation total 88536K, used 32174K [0x00000000cd660000, 0x00000000d2cd6000, 0x0000000100000000)
 Metaspace       used 56706K, capacity 58558K, committed 58876K, reserved 1099776K
  class space    used 7528K, capacity 7905K, committed 7988K, reserved 1048576K
2020-02-27T14:34:16.488+0000: 19.291: [GC (Allocation Failure) 2020-02-27T14:34:16.488+0000: 19.291: [ParNew
Desired survivor size 2260992 bytes, new threshold 6 (max 6)
- age   1:      82704 bytes,      82704 total
- age   2:     390792 bytes,     473496 total
- age   3:     132152 bytes,     605648 total
- age   4:     641456 bytes,    1247104 total
- age   5:     122232 bytes,    1369336 total
- age   6:      34416 bytes,    1403752 total
: 37408K->1862K(39936K), 0.0040270 secs] 69582K->34065K(128472K), 0.0041065 secs] [Times: user=0.01 sys=0.00, real=0.00 secs] 
Heap after GC invocations=227 (full 5):
 par new generation   total 39936K, used 1862K [0x00000000c3000000, 0x00000000c5b50000, 0x00000000cd660000)
  eden space 35520K,   0% used [0x00000000c3000000, 0x00000000c3000000, 0x00000000c52b0000)
  from space 4416K,  42% used [0x00000000c52b0000, 0x00000000c5481948, 0x00000000c5700000)
  to   space 4416K,   0% used [0x00000000c5700000, 0x00000000c5700000, 0x00000000c5b50000)
 concurrent mark-sweep generation total 88536K, used 32202K [0x00000000cd660000, 0x00000000d2cd6000, 0x0000000100000000)
 Metaspace       used 56706K, capacity 58558K, committed 58876K, reserved 1099776K
  class space    used 7528K, capacity 7905K, committed 7988K, reserved 1048576K
}
2020-02-27T14:34:16.492+0000: 19.295: Total time for which application threads were stopped: 0.0043076 seconds, Stopping threads took: 0.0000622 seconds
{Heap before GC invocations=227 (full 5):
 par new generation   total 39936K, used 37382K [0x00000000c3000000, 0x00000000c5b50000, 0x00000000cd660000)
  eden space 35520K, 100% used [0x00000000c3000000, 0x00000000c52b0000, 0x00000000c52b0000)
  from space 4416K,  42% used [0x00000000c52b0000, 0x00000000c5481948, 0x00000000c5700000)
  to   space 4416K,   0% used [0x00000000c5700000, 0x00000000c5700000, 0x00000000c5b50000)
 concurrent mark-sweep generation total 88536K, used 32202K [0x00000000cd660000, 0x00000000d2cd6000, 0x0000000100000000)
 Metaspace       used 57115K, capacity 59010K, committed 59388K, reserved 1101824K
  class space    used 7570K, capacity 7943K, committed 7988K, reserved 1048576K
2020-02-27T14:34:16.599+0000: 19.403: [GC (Allocation Failure) 2020-02-27T14:34:16.600+0000: 19.403: [ParNew
Desired survivor size 2260992 bytes, new threshold 6 (max 6)
- age   1:     518576 bytes,     518576 total
- age   2:      60376 bytes,     578952 total
- age   3:     390792 bytes,     969744 total
- age   4:     132152 bytes,    1101896 total
- age   5:     641456 bytes,    1743352 total
- age   6:     122232 bytes,    1865584 total
: 37382K->2008K(39936K), 0.0058981 secs] 69585K->34246K(128472K), 0.0059813 secs] [Times: user=0.01 sys=0.00, real=0.01 secs] 
Heap after GC invocations=228 (full 5):
 par new generation   total 39936K, used 2008K [0x00000000c3000000, 0x00000000c5b50000, 0x00000000cd660000)
  eden space 35520K,   0% used [0x00000000c3000000, 0x00000000c3000000, 0x00000000c52b0000)
  from space 4416K,  45% used [0x00000000c5700000, 0x00000000c58f60b0, 0x00000000c5b50000)
  to   space 4416K,   0% used [0x00000000c52b0000, 0x00000000c52b0000, 0x00000000c5700000)
 concurrent mark-sweep generation total 88536K, used 32237K [0x00000000cd660000, 0x00000000d2cd6000, 0x0000000100000000)
 Metaspace       used 57115K, capacity 59010K, committed 59388K, reserved 1101824K
  class space    used 7570K, capacity 7943K, committed 7988K, reserved 1048576K
}
2020-02-27T14:34:16.606+0000: 19.409: Total time for which application threads were stopped: 0.0062743 seconds, Stopping threads took: 0.0000795 seconds
{Heap before GC invocations=228 (full 5):
 par new generation   total 39936K, used 37528K [0x00000000c3000000, 0x00000000c5b50000, 0x00000000cd660000)
  eden space 35520K, 100% used [0x00000000c3000000, 0x00000000c52b0000, 0x00000000c52b0000)
  from space 4416K,  45% used [0x00000000c5700000, 0x00000000c58f60b0, 0x00000000c5b50000)
  to   space 4416K,   0% used [0x00000000c52b0000, 0x00000000c52b0000, 0x00000000c5700000)
 concurrent mark-sweep generation total 88536K, used 32237K [0x00000000cd660000, 0x00000000d2cd6000, 0x0000000100000000)
 Metaspace       used 57399K, capacity 59284K, committed 59644K, reserved 1101824K
  class space    used 7608K, capacity 7988K, committed 7988K, reserved 1048576K
2020-02-27T14:34:16.714+0000: 19.517: [GC (Allocation Failure) 2020-02-27T14:34:16.714+0000: 19.517: [ParNew
Desired survivor size 2260992 bytes, new threshold 6 (max 6)
- age   1:     536752 bytes,     536752 total
- age   2:     504144 bytes,    1040896 total
- age   3:      60376 bytes,    1101272 total
- age   4:     390792 bytes,    1492064 total
- age   5:     132152 bytes,    1624216 total
- age   6:     641456 bytes,    2265672 total
: 37528K->2547K(39936K), 0.0107511 secs] 69766K->34907K(128472K), 0.0108512 secs] [Times: user=0.01 sys=0.00, real=0.02 secs] 
Heap after GC invocations=229 (full 5):
 par new generation   total 39936K, used 2547K [0x00000000c3000000, 0x00000000c5b50000, 0x00000000cd660000)
  eden space 35520K,   0% used [0x00000000c3000000, 0x00000000c3000000, 0x00000000c52b0000)
  from space 4416K,  57% used [0x00000000c52b0000, 0x00000000c552ce88, 0x00000000c5700000)
  to   space 4416K,   0% used [0x00000000c5700000, 0x00000000c5700000, 0x00000000c5b50000)
 concurrent mark-sweep generation total 88536K, used 32360K [0x00000000cd660000, 0x00000000d2cd6000, 0x0000000100000000)
 Metaspace       used 57399K, capacity 59284K, committed 59644K, reserved 1101824K
  class space    used 7608K, capacity 7988K, committed 7988K, reserved 1048576K
}
2020-02-27T14:34:16.725+0000: 19.528: Total time for which application threads were stopped: 0.0112859 seconds, Stopping threads took: 0.0000862 seconds
{Heap before GC invocations=229 (full 5):
 par new generation   total 39936K, used 38067K [0x00000000c3000000, 0x00000000c5b50000, 0x00000000cd660000)
  eden space 35520K, 100% used [0x00000000c3000000, 0x00000000c52b0000, 0x00000000c52b0000)
  from space 4416K,  57% used [0x00000000c52b0000, 0x00000000c552ce88, 0x00000000c5700000)
  to   space 4416K,   0% used [0x00000000c5700000, 0x00000000c5700000, 0x00000000c5b50000)
 concurrent mark-sweep generation total 88536K, used 32360K [0x00000000cd660000, 0x00000000d2cd6000, 0x0000000100000000)
 Metaspace       used 58113K, capacity 60004K, committed 60284K, reserved 1101824K
  class space    used 7693K, capacity 8056K, committed 8116K, reserved 1048576K
2020-02-27T14:34:16.830+0000: 19.633: [GC (Allocation Failure) 2020-02-27T14:34:16.830+0000: 19.633: [ParNew
Desired survivor size 2260992 bytes, new threshold 6 (max 6)
- age   1:      99152 bytes,      99152 total
- age   2:     525328 bytes,     624480 total
- age   3:     496720 bytes,    1121200 total
- age   4:      57080 bytes,    1178280 total
- age   5:     390760 bytes,    1569040 total
- age   6:     132152 bytes,    1701192 total
: 38067K->2091K(39936K), 0.0112432 secs] 70427K->35084K(128472K), 0.0113224 secs] [Times: user=0.02 sys=0.00, real=0.01 secs] 
Heap after GC invocations=230 (full 5):
 par new generation   total 39936K, used 2091K [0x00000000c3000000, 0x00000000c5b50000, 0x00000000cd660000)
  eden space 35520K,   0% used [0x00000000c3000000, 0x00000000c3000000, 0x00000000c52b0000)
  from space 4416K,  47% used [0x00000000c5700000, 0x00000000c590ad50, 0x00000000c5b50000)
  to   space 4416K,   0% used [0x00000000c52b0000, 0x00000000c52b0000, 0x00000000c5700000)
 concurrent mark-sweep generation total 88536K, used 32993K [0x00000000cd660000, 0x00000000d2cd6000, 0x0000000100000000)
 Metaspace       used 58113K, capacity 60004K, committed 60284K, reserved 1101824K
  class space    used 7693K, capacity 8056K, committed 8116K, reserved 1048576K
}
2020-02-27T14:34:16.842+0000: 19.645: Total time for which application threads were stopped: 0.0115611 seconds, Stopping threads took: 0.0000759 seconds
{Heap before GC invocations=230 (full 5):
 par new generation   total 39936K, used 37611K [0x00000000c3000000, 0x00000000c5b50000, 0x00000000cd660000)
  eden space 35520K, 100% used [0x00000000c3000000, 0x00000000c52b0000, 0x00000000c52b0000)
  from space 4416K,  47% used [0x00000000c5700000, 0x00000000c590ad50, 0x00000000c5b50000)
  to   space 4416K,   0% used [0x00000000c52b0000, 0x00000000c52b0000, 0x00000000c5700000)
 concurrent mark-sweep generation total 88536K, used 32993K [0x00000000cd660000, 0x00000000d2cd6000, 0x0000000100000000)
 Metaspace       used 58791K, capacity 61034K, committed 61180K, reserved 1101824K
  class space    used 7797K, capacity 8209K, committed 8244K, reserved 1048576K
2020-02-27T14:34:16.983+0000: 19.786: [GC (Allocation Failure) 2020-02-27T14:34:16.983+0000: 19.786: [ParNew
Desired survivor size 2260992 bytes, new threshold 6 (max 6)
- age   1:     318160 bytes,     318160 total
- age   2:      65064 bytes,     383224 total
- age   3:     517640 bytes,     900864 total
- age   4:     496280 bytes,    1397144 total
- age   5:      57080 bytes,    1454224 total
- age   6:     390760 bytes,    1844984 total
: 37611K->2645K(39936K), 0.0062913 secs] 70604K->35771K(128472K), 0.0063682 secs] [Times: user=0.01 sys=0.00, real=0.01 secs] 
Heap after GC invocations=231 (full 5):
 par new generation   total 39936K, used 2645K [0x00000000c3000000, 0x00000000c5b50000, 0x00000000cd660000)
  eden space 35520K,   0% used [0x00000000c3000000, 0x00000000c3000000, 0x00000000c52b0000)
  from space 4416K,  59% used [0x00000000c52b0000, 0x00000000c5545410, 0x00000000c5700000)
  to   space 4416K,   0% used [0x00000000c5700000, 0x00000000c5700000, 0x00000000c5b50000)
 concurrent mark-sweep generation total 88536K, used 33126K [0x00000000cd660000, 0x00000000d2cd6000, 0x0000000100000000)
 Metaspace       used 58791K, capacity 61034K, committed 61180K, reserved 1101824K
  class space    used 7797K, capacity 8209K, committed 8244K, reserved 1048576K
}
2020-02-27T14:34:16.989+0000: 19.792: Total time for which application threads were stopped: 0.0067437 seconds, Stopping threads took: 0.0001999 seconds
2020-02-27T14:34:17.029+0000: 19.832: Total time for which application threads were stopped: 0.0008611 seconds, Stopping threads took: 0.0000720 seconds
{Heap before GC invocations=231 (full 5):
 par new generation   total 39936K, used 38165K [0x00000000c3000000, 0x00000000c5b50000, 0x00000000cd660000)
  eden space 35520K, 100% used [0x00000000c3000000, 0x00000000c52b0000, 0x00000000c52b0000)
  from space 4416K,  59% used [0x00000000c52b0000, 0x00000000c5545410, 0x00000000c5700000)
  to   space 4416K,   0% used [0x00000000c5700000, 0x00000000c5700000, 0x00000000c5b50000)
 concurrent mark-sweep generation total 88536K, used 33126K [0x00000000cd660000, 0x00000000d2cd6000, 0x0000000100000000)
 Metaspace       used 59173K, capacity 61414K, committed 61564K, reserved 1101824K
  class space    used 7859K, capacity 8267K, committed 8372K, reserved 1048576K
2020-02-27T14:34:17.092+0000: 19.895: [GC (Allocation Failure) 2020-02-27T14:34:17.092+0000: 19.895: [ParNew
Desired survivor size 2260992 bytes, new threshold 6 (max 6)
- age   1:     254936 bytes,     254936 total
- age   2:     286416 bytes,     541352 total
- age   3:      65064 bytes,     606416 total
- age   4:     514984 bytes,    1121400 total
- age   5:     496280 bytes,    1617680 total
- age   6:      57080 bytes,    1674760 total
: 38165K->2682K(39936K), 0.0067461 secs] 71291K->36194K(128472K), 0.0068245 secs] [Times: user=0.01 sys=0.00, real=0.01 secs] 
Heap after GC invocations=232 (full 5):
 par new generation   total 39936K, used 2682K [0x00000000c3000000, 0x00000000c5b50000, 0x00000000cd660000)
  eden space 35520K,   0% used [0x00000000c3000000, 0x00000000c3000000, 0x00000000c52b0000)
  from space 4416K,  60% used [0x00000000c5700000, 0x00000000c599ea88, 0x00000000c5b50000)
  to   space 4416K,   0% used [0x00000000c52b0000, 0x00000000c52b0000, 0x00000000c5700000)
 concurrent mark-sweep generation total 88536K, used 33511K [0x00000000cd660000, 0x00000000d2cd6000, 0x0000000100000000)
 Metaspace       used 59173K, capacity 61414K, committed 61564K, reserved 1101824K
  class space    used 7859K, capacity 8267K, committed 8372K, reserved 1048576K
}
2020-02-27T14:34:17.098+0000: 19.902: Total time for which application threads were stopped: 0.0070708 seconds, Stopping threads took: 0.0000748 seconds
{Heap before GC invocations=232 (full 5):
 par new generation   total 39936K, used 38202K [0x00000000c3000000, 0x00000000c5b50000, 0x00000000cd660000)
  eden space 35520K, 100% used [0x00000000c3000000, 0x00000000c52b0000, 0x00000000c52b0000)
  from space 4416K,  60% used [0x00000000c5700000, 0x00000000c599ea88, 0x00000000c5b50000)
  to   space 4416K,   0% used [0x00000000c52b0000, 0x00000000c52b0000, 0x00000000c5700000)
 concurrent mark-sweep generation total 88536K, used 33511K [0x00000000cd660000, 0x00000000d2cd6000, 0x0000000100000000)
 Metaspace       used 59684K, capacity 61978K, committed 62204K, reserved 1103872K
  class space    used 7950K, capacity 8379K, committed 8500K, reserved 1048576K
2020-02-27T14:34:17.193+0000: 19.996: [GC (Allocation Failure) 2020-02-27T14:34:17.193+0000: 19.996: [ParNew
Desired survivor size 2260992 bytes, new threshold 6 (max 6)
- age   1:     165784 bytes,     165784 total
- age   2:     160200 bytes,     325984 total
- age   3:     283256 bytes,     609240 total
- age   4:      65016 bytes,     674256 total
- age   5:     512304 bytes,    1186560 total
- age   6:     496264 bytes,    1682824 total
: 38202K->2509K(39936K), 0.0059643 secs] 71714K->36078K(128472K), 0.0060857 secs] [Times: user=0.01 sys=0.00, real=0.01 secs] 
Heap after GC invocations=233 (full 5):
 par new generation   total 39936K, used 2509K [0x00000000c3000000, 0x00000000c5b50000, 0x00000000cd660000)
  eden space 35520K,   0% used [0x00000000c3000000, 0x00000000c3000000, 0x00000000c52b0000)
  from space 4416K,  56% used [0x00000000c52b0000, 0x00000000c5523780, 0x00000000c5700000)
  to   space 4416K,   0% used [0x00000000c5700000, 0x00000000c5700000, 0x00000000c5b50000)
 concurrent mark-sweep generation total 88536K, used 33569K [0x00000000cd660000, 0x00000000d2cd6000, 0x0000000100000000)
 Metaspace       used 59684K, capacity 61978K, committed 62204K, reserved 1103872K
  class space    used 7950K, capacity 8379K, committed 8500K, reserved 1048576K
}
2020-02-27T14:34:17.199+0000: 20.002: Total time for which application threads were stopped: 0.0063725 seconds, Stopping threads took: 0.0001210 seconds
{Heap before GC invocations=233 (full 5):
 par new generation   total 39936K, used 38029K [0x00000000c3000000, 0x00000000c5b50000, 0x00000000cd660000)
  eden space 35520K, 100% used [0x00000000c3000000, 0x00000000c52b0000, 0x00000000c52b0000)
  from space 4416K,  56% used [0x00000000c52b0000, 0x00000000c5523780, 0x00000000c5700000)
  to   space 4416K,   0% used [0x00000000c5700000, 0x00000000c5700000, 0x00000000c5b50000)
 concurrent mark-sweep generation total 88536K, used 33569K [0x00000000cd660000, 0x00000000d2cd6000, 0x0000000100000000)
 Metaspace       used 60423K, capacity 62764K, committed 62972K, reserved 1103872K
  class space    used 8048K, capacity 8476K, committed 8500K, reserved 1048576K
2020-02-27T14:34:17.342+0000: 20.145: [GC (Allocation Failure) 2020-02-27T14:34:17.342+0000: 20.145: [ParNew
Desired survivor size 2260992 bytes, new threshold 6 (max 6)
- age   1:     301880 bytes,     301880 total
- age   2:     127368 bytes,     429248 total
- age   3:     156920 bytes,     586168 total
- age   4:     273760 bytes,     859928 total
- age   5:      65016 bytes,     924944 total
- age   6:     511408 bytes,    1436352 total
: 38029K->2471K(39936K), 0.0067655 secs] 71598K->36533K(128472K), 0.0068535 secs] [Times: user=0.02 sys=0.00, real=0.01 secs] 
Heap after GC invocations=234 (full 5):
 par new generation   total 39936K, used 2471K [0x00000000c3000000, 0x00000000c5b50000, 0x00000000cd660000)
  eden space 35520K,   0% used [0x00000000c3000000, 0x00000000c3000000, 0x00000000c52b0000)
  from space 4416K,  55% used [0x00000000c5700000, 0x00000000c5969eb0, 0x00000000c5b50000)
  to   space 4416K,   0% used [0x00000000c52b0000, 0x00000000c52b0000, 0x00000000c5700000)
 concurrent mark-sweep generation total 88536K, used 34061K [0x00000000cd660000, 0x00000000d2cd6000, 0x0000000100000000)
 Metaspace       used 60423K, capacity 62764K, committed 62972K, reserved 1103872K
  class space    used 8048K, capacity 8476K, committed 8500K, reserved 1048576K
}
2020-02-27T14:34:17.349+0000: 20.152: Total time for which application threads were stopped: 0.0070918 seconds, Stopping threads took: 0.0000772 seconds
2020-02-27T14:34:17.404+0000: 20.207: Total time for which application threads were stopped: 0.0008409 seconds, Stopping threads took: 0.0000622 seconds
2020-02-27T14:34:17.414+0000: 20.217: Total time for which application threads were stopped: 0.0008303 seconds, Stopping threads took: 0.0000415 seconds
{Heap before GC invocations=234 (full 5):
 par new generation   total 39936K, used 37991K [0x00000000c3000000, 0x00000000c5b50000, 0x00000000cd660000)
  eden space 35520K, 100% used [0x00000000c3000000, 0x00000000c52b0000, 0x00000000c52b0000)
  from space 4416K,  55% used [0x00000000c5700000, 0x00000000c5969eb0, 0x00000000c5b50000)
  to   space 4416K,   0% used [0x00000000c52b0000, 0x00000000c52b0000, 0x00000000c5700000)
 concurrent mark-sweep generation total 88536K, used 34061K [0x00000000cd660000, 0x00000000d2cd6000, 0x0000000100000000)
 Metaspace       used 60867K, capacity 63352K, committed 63612K, reserved 1103872K
  class space    used 8100K, capacity 8566K, committed 8628K, reserved 1048576K
2020-02-27T14:34:17.531+0000: 20.334: [GC (Allocation Failure) 2020-02-27T14:34:17.531+0000: 20.334: [ParNew
Desired survivor size 2260992 bytes, new threshold 6 (max 6)
- age   1:     911904 bytes,     911904 total
- age   2:     277232 bytes,    1189136 total
- age   3:     126504 bytes,    1315640 total
- age   4:     156920 bytes,    1472560 total
- age   5:     273072 bytes,    1745632 total
- age   6:      65016 bytes,    1810648 total
: 37991K->2333K(39936K), 0.0112360 secs] 72053K->36901K(128472K), 0.0113106 secs] [Times: user=0.02 sys=0.00, real=0.01 secs] 
Heap after GC invocations=235 (full 5):
 par new generation   total 39936K, used 2333K [0x00000000c3000000, 0x00000000c5b50000, 0x00000000cd660000)
  eden space 35520K,   0% used [0x00000000c3000000, 0x00000000c3000000, 0x00000000c52b0000)
  from space 4416K,  52% used [0x00000000c52b0000, 0x00000000c54f7750, 0x00000000c5700000)
  to   space 4416K,   0% used [0x00000000c5700000, 0x00000000c5700000, 0x00000000c5b50000)
 concurrent mark-sweep generation total 88536K, used 34568K [0x00000000cd660000, 0x00000000d2cd6000, 0x0000000100000000)
 Metaspace       used 60867K, capacity 63352K, committed 63612K, reserved 1103872K
  class space    used 8100K, capacity 8566K, committed 8628K, reserved 1048576K
}
2020-02-27T14:34:17.542+0000: 20.346: Total time for which application threads were stopped: 0.0115598 seconds, Stopping threads took: 0.0000483 seconds
2020-02-27T14:34:17.662+0000: 20.465: Total time for which application threads were stopped: 0.0008520 seconds, Stopping threads took: 0.0000266 seconds
{Heap before GC invocations=235 (full 5):
 par new generation   total 39936K, used 37853K [0x00000000c3000000, 0x00000000c5b50000, 0x00000000cd660000)
  eden space 35520K, 100% used [0x00000000c3000000, 0x00000000c52b0000, 0x00000000c52b0000)
  from space 4416K,  52% used [0x00000000c52b0000, 0x00000000c54f7750, 0x00000000c5700000)
  to   space 4416K,   0% used [0x00000000c5700000, 0x00000000c5700000, 0x00000000c5b50000)
 concurrent mark-sweep generation total 88536K, used 34568K [0x00000000cd660000, 0x00000000d2cd6000, 0x0000000100000000)
 Metaspace       used 61560K, capacity 64052K, committed 64252K, reserved 1105920K
  class space    used 8187K, capacity 8644K, committed 8756K, reserved 1048576K
2020-02-27T14:34:17.667+0000: 20.470: [GC (Allocation Failure) 2020-02-27T14:34:17.667+0000: 20.470: [ParNew
Desired survivor size 2260992 bytes, new threshold 6 (max 6)
- age   1:     437536 bytes,     437536 total
- age   2:     898008 bytes,    1335544 total
- age   3:     265960 bytes,    1601504 total
- age   4:     120696 bytes,    1722200 total
- age   5:     156920 bytes,    1879120 total
- age   6:     272936 bytes,    2152056 total
: 37853K->3118K(39936K), 0.0067016 secs] 72421K->37753K(128472K), 0.0067740 secs] [Times: user=0.01 sys=0.00, real=0.00 secs] 
Heap after GC invocations=236 (full 5):
 par new generation   total 39936K, used 3118K [0x00000000c3000000, 0x00000000c5b50000, 0x00000000cd660000)
  eden space 35520K,   0% used [0x00000000c3000000, 0x00000000c3000000, 0x00000000c52b0000)
  from space 4416K,  70% used [0x00000000c5700000, 0x00000000c5a0bb08, 0x00000000c5b50000)
  to   space 4416K,   0% used [0x00000000c52b0000, 0x00000000c52b0000, 0x00000000c5700000)
 concurrent mark-sweep generation total 88536K, used 34634K [0x00000000cd660000, 0x00000000d2cd6000, 0x0000000100000000)
 Metaspace       used 61560K, capacity 64052K, committed 64252K, reserved 1105920K
  class space    used 8187K, capacity 8644K, committed 8756K, reserved 1048576K
}
2020-02-27T14:34:17.673+0000: 20.477: Total time for which application threads were stopped: 0.0069991 seconds, Stopping threads took: 0.0000725 seconds
{Heap before GC invocations=236 (full 5):
 par new generation   total 39936K, used 38638K [0x00000000c3000000, 0x00000000c5b50000, 0x00000000cd660000)
  eden space 35520K, 100% used [0x00000000c3000000, 0x00000000c52b0000, 0x00000000c52b0000)
  from space 4416K,  70% used [0x00000000c5700000, 0x00000000c5a0bb08, 0x00000000c5b50000)
  to   space 4416K,   0% used [0x00000000c52b0000, 0x00000000c52b0000, 0x00000000c5700000)
 concurrent mark-sweep generation total 88536K, used 34634K [0x00000000cd660000, 0x00000000d2cd6000, 0x0000000100000000)
 Metaspace       used 62145K, capacity 64634K, committed 64764K, reserved 1105920K
  class space    used 8250K, capacity 8709K, committed 8756K, reserved 1048576K
2020-02-27T14:34:17.849+0000: 20.652: [GC (Allocation Failure) 2020-02-27T14:34:17.849+0000: 20.652: [ParNew
Desired survivor size 2260992 bytes, new threshold 6 (max 6)
- age   1:     117736 bytes,     117736 total
- age   2:     407576 bytes,     525312 total
- age   3:     898008 bytes,    1423320 total
- age   4:     265960 bytes,    1689280 total
- age   5:     120696 bytes,    1809976 total
- age   6:     156920 bytes,    1966896 total
: 38638K->2946K(39936K), 0.0071114 secs] 73273K->37854K(128472K), 0.0071800 secs] [Times: user=0.02 sys=0.00, real=0.00 secs] 
Heap after GC invocations=237 (full 5):
 par new generation   total 39936K, used 2946K [0x00000000c3000000, 0x00000000c5b50000, 0x00000000cd660000)
  eden space 35520K,   0% used [0x00000000c3000000, 0x00000000c3000000, 0x00000000c52b0000)
  from space 4416K,  66% used [0x00000000c52b0000, 0x00000000c5590908, 0x00000000c5700000)
  to   space 4416K,   0% used [0x00000000c5700000, 0x00000000c5700000, 0x00000000c5b50000)
 concurrent mark-sweep generation total 88536K, used 34908K [0x00000000cd660000, 0x00000000d2cd6000, 0x0000000100000000)
 Metaspace       used 62145K, capacity 64634K, committed 64764K, reserved 1105920K
  class space    used 8250K, capacity 8709K, committed 8756K, reserved 1048576K
}
2020-02-27T14:34:17.856+0000: 20.659: Total time for which application threads were stopped: 0.0074067 seconds, Stopping threads took: 0.0000645 seconds
{Heap before GC invocations=237 (full 5):
 par new generation   total 39936K, used 38466K [0x00000000c3000000, 0x00000000c5b50000, 0x00000000cd660000)
  eden space 35520K, 100% used [0x00000000c3000000, 0x00000000c52b0000, 0x00000000c52b0000)
  from space 4416K,  66% used [0x00000000c52b0000, 0x00000000c5590908, 0x00000000c5700000)
  to   space 4416K,   0% used [0x00000000c5700000, 0x00000000c5700000, 0x00000000c5b50000)
 concurrent mark-sweep generation total 88536K, used 34908K [0x00000000cd660000, 0x00000000d2cd6000, 0x0000000100000000)
 Metaspace       used 62816K, capacity 65352K, committed 65660K, reserved 1105920K
  class space    used 8331K, capacity 8814K, committed 8884K, reserved 1048576K
2020-02-27T14:34:18.028+0000: 20.832: [GC (Allocation Failure) 2020-02-27T14:34:18.028+0000: 20.832: [ParNew
Desired survivor size 2260992 bytes, new threshold 5 (max 6)
- age   1:     777840 bytes,     777840 total
- age   2:      78880 bytes,     856720 total
- age   3:     403352 bytes,    1260072 total
- age   4:     890400 bytes,    2150472 total
- age   5:     265960 bytes,    2416432 total
- age   6:     120696 bytes,    2537128 total
: 38466K->2895K(39936K), 0.0079922 secs] 73374K->37961K(128472K), 0.0080842 secs] [Times: user=0.02 sys=0.00, real=0.00 secs] 
Heap after GC invocations=238 (full 5):
 par new generation   total 39936K, used 2895K [0x00000000c3000000, 0x00000000c5b50000, 0x00000000cd660000)
  eden space 35520K,   0% used [0x00000000c3000000, 0x00000000c3000000, 0x00000000c52b0000)
  from space 4416K,  65% used [0x00000000c5700000, 0x00000000c59d3dc8, 0x00000000c5b50000)
  to   space 4416K,   0% used [0x00000000c52b0000, 0x00000000c52b0000, 0x00000000c5700000)
 concurrent mark-sweep generation total 88536K, used 35066K [0x00000000cd660000, 0x00000000d2cd6000, 0x0000000100000000)
 Metaspace       used 62816K, capacity 65352K, committed 65660K, reserved 1105920K
  class space    used 8331K, capacity 8814K, committed 8884K, reserved 1048576K
}
2020-02-27T14:34:18.037+0000: 20.840: Total time for which application threads were stopped: 0.0084143 seconds, Stopping threads took: 0.0000831 seconds
{Heap before GC invocations=238 (full 5):
 par new generation   total 39936K, used 38415K [0x00000000c3000000, 0x00000000c5b50000, 0x00000000cd660000)
  eden space 35520K, 100% used [0x00000000c3000000, 0x00000000c52b0000, 0x00000000c52b0000)
  from space 4416K,  65% used [0x00000000c5700000, 0x00000000c59d3dc8, 0x00000000c5b50000)
  to   space 4416K,   0% used [0x00000000c52b0000, 0x00000000c52b0000, 0x00000000c5700000)
 concurrent mark-sweep generation total 88536K, used 35066K [0x00000000cd660000, 0x00000000d2cd6000, 0x0000000100000000)
 Metaspace       used 63542K, capacity 66134K, committed 66300K, reserved 1105920K
  class space    used 8406K, capacity 8891K, committed 9012K, reserved 1048576K
2020-02-27T14:34:18.332+0000: 21.136: [GC (Allocation Failure) 2020-02-27T14:34:18.333+0000: 21.136: [ParNew
Desired survivor size 2260992 bytes, new threshold 5 (max 6)
- age   1:     882536 bytes,     882536 total
- age   2:     736032 bytes,    1618568 total
- age   3:      76192 bytes,    1694760 total
- age   4:     402336 bytes,    2097096 total
- age   5:     887672 bytes,    2984768 total
: 38415K->4416K(39936K), 0.0093432 secs] 73481K->39883K(128472K), 0.0094166 secs] [Times: user=0.02 sys=0.00, real=0.01 secs] 
Heap after GC invocations=239 (full 5):
 par new generation   total 39936K, used 4416K [0x00000000c3000000, 0x00000000c5b50000, 0x00000000cd660000)
  eden space 35520K,   0% used [0x00000000c3000000, 0x00000000c3000000, 0x00000000c52b0000)
  from space 4416K, 100% used [0x00000000c52b0000, 0x00000000c5700000, 0x00000000c5700000)
  to   space 4416K,   0% used [0x00000000c5700000, 0x00000000c5700000, 0x00000000c5b50000)
 concurrent mark-sweep generation total 88536K, used 35467K [0x00000000cd660000, 0x00000000d2cd6000, 0x0000000100000000)
 Metaspace       used 63542K, capacity 66134K, committed 66300K, reserved 1105920K
  class space    used 8406K, capacity 8891K, committed 9012K, reserved 1048576K
}
2020-02-27T14:34:18.342+0000: 21.145: Total time for which application threads were stopped: 0.0097360 seconds, Stopping threads took: 0.0000651 seconds
{Heap before GC invocations=239 (full 5):
 par new generation   total 39936K, used 39936K [0x00000000c3000000, 0x00000000c5b50000, 0x00000000cd660000)
  eden space 35520K, 100% used [0x00000000c3000000, 0x00000000c52b0000, 0x00000000c52b0000)
  from space 4416K, 100% used [0x00000000c52b0000, 0x00000000c5700000, 0x00000000c5700000)
  to   space 4416K,   0% used [0x00000000c5700000, 0x00000000c5700000, 0x00000000c5b50000)
 concurrent mark-sweep generation total 88536K, used 35467K [0x00000000cd660000, 0x00000000d2cd6000, 0x0000000100000000)
 Metaspace       used 63954K, capacity 66538K, committed 66812K, reserved 1107968K
  class space    used 8449K, capacity 8935K, committed 9012K, reserved 1048576K
2020-02-27T14:34:18.531+0000: 21.334: [GC (Allocation Failure) 2020-02-27T14:34:18.531+0000: 21.334: [ParNew
Desired survivor size 2260992 bytes, new threshold 4 (max 6)
- age   1:     609688 bytes,     609688 total
- age   2:     864664 bytes,    1474352 total
- age   3:     734320 bytes,    2208672 total
- age   4:      76192 bytes,    2284864 total
- age   5:     402072 bytes,    2686936 total
: 39936K->2774K(39936K), 0.0116694 secs] 75403K->39123K(128472K), 0.0117616 secs] [Times: user=0.02 sys=0.00, real=0.01 secs] 
Heap after GC invocations=240 (full 5):
 par new generation   total 39936K, used 2774K [0x00000000c3000000, 0x00000000c5b50000, 0x00000000cd660000)
  eden space 35520K,   0% used [0x00000000c3000000, 0x00000000c3000000, 0x00000000c52b0000)
  from space 4416K,  62% used [0x00000000c5700000, 0x00000000c59b5b30, 0x00000000c5b50000)
  to   space 4416K,   0% used [0x00000000c52b0000, 0x00000000c52b0000, 0x00000000c5700000)
 concurrent mark-sweep generation total 88536K, used 36348K [0x00000000cd660000, 0x00000000d2cd6000, 0x0000000100000000)
 Metaspace       used 63954K, capacity 66538K, committed 66812K, reserved 1107968K
  class space    used 8449K, capacity 8935K, committed 9012K, reserved 1048576K
}
2020-02-27T14:34:18.543+0000: 21.346: Total time for which application threads were stopped: 0.0120896 seconds, Stopping threads took: 0.0000693 seconds
{Heap before GC invocations=240 (full 5):
 par new generation   total 39936K, used 38294K [0x00000000c3000000, 0x00000000c5b50000, 0x00000000cd660000)
  eden space 35520K, 100% used [0x00000000c3000000, 0x00000000c52b0000, 0x00000000c52b0000)
  from space 4416K,  62% used [0x00000000c5700000, 0x00000000c59b5b30, 0x00000000c5b50000)
  to   space 4416K,   0% used [0x00000000c52b0000, 0x00000000c52b0000, 0x00000000c5700000)
 concurrent mark-sweep generation total 88536K, used 36348K [0x00000000cd660000, 0x00000000d2cd6000, 0x0000000100000000)
 Metaspace       used 64387K, capacity 67062K, committed 67324K, reserved 1107968K
  class space    used 8498K, capacity 8985K, committed 9012K, reserved 1048576K
2020-02-27T14:34:18.751+0000: 21.554: [GC (Allocation Failure) 2020-02-27T14:34:18.751+0000: 21.554: [ParNew
Desired survivor size 2260992 bytes, new threshold 3 (max 6)
- age   1:     941104 bytes,     941104 total
- age   2:     564176 bytes,    1505280 total
- age   3:     858776 bytes,    2364056 total
- age   4:     728336 bytes,    3092392 total
: 38294K->3987K(39936K), 0.0097383 secs] 74643K->40815K(128472K), 0.0098083 secs] [Times: user=0.02 sys=0.00, real=0.01 secs] 
Heap after GC invocations=241 (full 5):
 par new generation   total 39936K, used 3987K [0x00000000c3000000, 0x00000000c5b50000, 0x00000000cd660000)
  eden space 35520K,   0% used [0x00000000c3000000, 0x00000000c3000000, 0x00000000c52b0000)
  from space 4416K,  90% used [0x00000000c52b0000, 0x00000000c5694d80, 0x00000000c5700000)
  to   space 4416K,   0% used [0x00000000c5700000, 0x00000000c5700000, 0x00000000c5b50000)
 concurrent mark-sweep generation total 88536K, used 36828K [0x00000000cd660000, 0x00000000d2cd6000, 0x0000000100000000)
 Metaspace       used 64387K, capacity 67062K, committed 67324K, reserved 1107968K
  class space    used 8498K, capacity 8985K, committed 9012K, reserved 1048576K
}
2020-02-27T14:34:18.760+0000: 21.564: Total time for which application threads were stopped: 0.0100302 seconds, Stopping threads took: 0.0000275 seconds
{Heap before GC invocations=241 (full 5):
 par new generation   total 39936K, used 39507K [0x00000000c3000000, 0x00000000c5b50000, 0x00000000cd660000)
  eden space 35520K, 100% used [0x00000000c3000000, 0x00000000c52b0000, 0x00000000c52b0000)
  from space 4416K,  90% used [0x00000000c52b0000, 0x00000000c5694d80, 0x00000000c5700000)
  to   space 4416K,   0% used [0x00000000c5700000, 0x00000000c5700000, 0x00000000c5b50000)
 concurrent mark-sweep generation total 88536K, used 36828K [0x00000000cd660000, 0x00000000d2cd6000, 0x0000000100000000)
 Metaspace       used 64583K, capacity 67278K, committed 67324K, reserved 1107968K
  class space    used 8508K, capacity 8989K, committed 9012K, reserved 1048576K
2020-02-27T14:34:18.915+0000: 21.718: [GC (Allocation Failure) 2020-02-27T14:34:18.915+0000: 21.719: [ParNew
Desired survivor size 2260992 bytes, new threshold 3 (max 6)
- age   1:     786184 bytes,     786184 total
- age   2:     926144 bytes,    1712328 total
- age   3:     561720 bytes,    2274048 total
: 39507K->2927K(39936K), 0.0117234 secs] 76335K->41332K(128472K), 0.0118085 secs] [Times: user=0.03 sys=0.00, real=0.02 secs] 
Heap after GC invocations=242 (full 5):
 par new generation   total 39936K, used 2927K [0x00000000c3000000, 0x00000000c5b50000, 0x00000000cd660000)
  eden space 35520K,   0% used [0x00000000c3000000, 0x00000000c3000000, 0x00000000c52b0000)
  from space 4416K,  66% used [0x00000000c5700000, 0x00000000c59dbcb0, 0x00000000c5b50000)
  to   space 4416K,   0% used [0x00000000c52b0000, 0x00000000c52b0000, 0x00000000c5700000)
 concurrent mark-sweep generation total 88536K, used 38405K [0x00000000cd660000, 0x00000000d2cd6000, 0x0000000100000000)
 Metaspace       used 64583K, capacity 67278K, committed 67324K, reserved 1107968K
  class space    used 8508K, capacity 8989K, committed 9012K, reserved 1048576K
}
2020-02-27T14:34:18.927+0000: 21.730: Total time for which application threads were stopped: 0.0120092 seconds, Stopping threads took: 0.0000496 seconds
{Heap before GC invocations=242 (full 5):
 par new generation   total 39936K, used 38447K [0x00000000c3000000, 0x00000000c5b50000, 0x00000000cd660000)
  eden space 35520K, 100% used [0x00000000c3000000, 0x00000000c52b0000, 0x00000000c52b0000)
  from space 4416K,  66% used [0x00000000c5700000, 0x00000000c59dbcb0, 0x00000000c5b50000)
  to   space 4416K,   0% used [0x00000000c52b0000, 0x00000000c52b0000, 0x00000000c5700000)
 concurrent mark-sweep generation total 88536K, used 38405K [0x00000000cd660000, 0x00000000d2cd6000, 0x0000000100000000)
 Metaspace       used 64881K, capacity 67592K, committed 67708K, reserved 1107968K
  class space    used 8525K, capacity 9034K, committed 9140K, reserved 1048576K
2020-02-27T14:34:19.106+0000: 21.910: [GC (Allocation Failure) 2020-02-27T14:34:19.106+0000: 21.910: [ParNew
Desired survivor size 2260992 bytes, new threshold 3 (max 6)
- age   1:    1254768 bytes,    1254768 total
- age   2:     771360 bytes,    2026128 total
- age   3:     921224 bytes,    2947352 total
: 38447K->4416K(39936K), 0.0095065 secs] 76852K->43389K(128472K), 0.0095779 secs] [Times: user=0.01 sys=0.00, real=0.00 secs] 
Heap after GC invocations=243 (full 5):
 par new generation   total 39936K, used 4416K [0x00000000c3000000, 0x00000000c5b50000, 0x00000000cd660000)
  eden space 35520K,   0% used [0x00000000c3000000, 0x00000000c3000000, 0x00000000c52b0000)
  from space 4416K, 100% used [0x00000000c52b0000, 0x00000000c5700000, 0x00000000c5700000)
  to   space 4416K,   0% used [0x00000000c5700000, 0x00000000c5700000, 0x00000000c5b50000)
 concurrent mark-sweep generation total 88536K, used 38973K [0x00000000cd660000, 0x00000000d2cd6000, 0x0000000100000000)
 Metaspace       used 64881K, capacity 67592K, committed 67708K, reserved 1107968K
  class space    used 8525K, capacity 9034K, committed 9140K, reserved 1048576K
}
2020-02-27T14:34:19.116+0000: 21.919: Total time for which application threads were stopped: 0.0099117 seconds, Stopping threads took: 0.0001016 seconds
{Heap before GC invocations=243 (full 5):
 par new generation   total 39936K, used 39936K [0x00000000c3000000, 0x00000000c5b50000, 0x00000000cd660000)
  eden space 35520K, 100% used [0x00000000c3000000, 0x00000000c52b0000, 0x00000000c52b0000)
  from space 4416K, 100% used [0x00000000c52b0000, 0x00000000c5700000, 0x00000000c5700000)
  to   space 4416K,   0% used [0x00000000c5700000, 0x00000000c5700000, 0x00000000c5b50000)
 concurrent mark-sweep generation total 88536K, used 38973K [0x00000000cd660000, 0x00000000d2cd6000, 0x0000000100000000)
 Metaspace       used 65198K, capacity 67986K, committed 68220K, reserved 1107968K
  class space    used 8547K, capacity 9057K, committed 9140K, reserved 1048576K
2020-02-27T14:34:19.259+0000: 22.062: [GC (Allocation Failure) 2020-02-27T14:34:19.259+0000: 22.062: [ParNew
Desired survivor size 2260992 bytes, new threshold 3 (max 6)
- age   1:     710240 bytes,     710240 total
- age   2:    1073336 bytes,    1783576 total
- age   3:     767888 bytes,    2551464 total
: 39936K->2758K(39936K), 0.0096202 secs] 78909K->42652K(128472K), 0.0097097 secs] [Times: user=0.02 sys=0.00, real=0.01 secs] 
Heap after GC invocations=244 (full 5):
 par new generation   total 39936K, used 2758K [0x00000000c3000000, 0x00000000c5b50000, 0x00000000cd660000)
  eden space 35520K,   0% used [0x00000000c3000000, 0x00000000c3000000, 0x00000000c52b0000)
  from space 4416K,  62% used [0x00000000c5700000, 0x00000000c59b1b50, 0x00000000c5b50000)
  to   space 4416K,   0% used [0x00000000c52b0000, 0x00000000c52b0000, 0x00000000c5700000)
 concurrent mark-sweep generation total 88536K, used 39893K [0x00000000cd660000, 0x00000000d2cd6000, 0x0000000100000000)
 Metaspace       used 65198K, capacity 67986K, committed 68220K, reserved 1107968K
  class space    used 8547K, capacity 9057K, committed 9140K, reserved 1048576K
}
2020-02-27T14:34:19.269+0000: 22.072: Total time for which application threads were stopped: 0.0099615 seconds, Stopping threads took: 0.0000759 seconds
{Heap before GC invocations=244 (full 5):
 par new generation   total 39936K, used 38278K [0x00000000c3000000, 0x00000000c5b50000, 0x00000000cd660000)
  eden space 35520K, 100% used [0x00000000c3000000, 0x00000000c52b0000, 0x00000000c52b0000)
  from space 4416K,  62% used [0x00000000c5700000, 0x00000000c59b1b50, 0x00000000c5b50000)
  to   space 4416K,   0% used [0x00000000c52b0000, 0x00000000c52b0000, 0x00000000c5700000)
 concurrent mark-sweep generation total 88536K, used 39893K [0x00000000cd660000, 0x00000000d2cd6000, 0x0000000100000000)
 Metaspace       used 65472K, capacity 68230K, committed 68476K, reserved 1107968K
  class space    used 8564K, capacity 9065K, committed 9140K, reserved 1048576K
2020-02-27T14:34:19.422+0000: 22.225: [GC (Allocation Failure) 2020-02-27T14:34:19.422+0000: 22.225: [ParNew
Desired survivor size 2260992 bytes, new threshold 3 (max 6)
- age   1:     830160 bytes,     830160 total
- age   2:     698016 bytes,    1528176 total
- age   3:    1067720 bytes,    2595896 total
: 38278K->3838K(39936K), 0.0092055 secs] 78172K->44498K(128472K), 0.0092827 secs] [Times: user=0.01 sys=0.00, real=0.01 secs] 
Heap after GC invocations=245 (full 5):
 par new generation   total 39936K, used 3838K [0x00000000c3000000, 0x00000000c5b50000, 0x00000000cd660000)
  eden space 35520K,   0% used [0x00000000c3000000, 0x00000000c3000000, 0x00000000c52b0000)
  from space 4416K,  86% used [0x00000000c52b0000, 0x00000000c566f910, 0x00000000c5700000)
  to   space 4416K,   0% used [0x00000000c5700000, 0x00000000c5700000, 0x00000000c5b50000)
 concurrent mark-sweep generation total 88536K, used 40660K [0x00000000cd660000, 0x00000000d2cd6000, 0x0000000100000000)
 Metaspace       used 65472K, capacity 68230K, committed 68476K, reserved 1107968K
  class space    used 8564K, capacity 9065K, committed 9140K, reserved 1048576K
}
2020-02-27T14:34:19.431+0000: 22.234: Total time for which application threads were stopped: 0.0095387 seconds, Stopping threads took: 0.0000755 seconds
{Heap before GC invocations=245 (full 5):
 par new generation   total 39936K, used 39358K [0x00000000c3000000, 0x00000000c5b50000, 0x00000000cd660000)
  eden space 35520K, 100% used [0x00000000c3000000, 0x00000000c52b0000, 0x00000000c52b0000)
  from space 4416K,  86% used [0x00000000c52b0000, 0x00000000c566f910, 0x00000000c5700000)
  to   space 4416K,   0% used [0x00000000c5700000, 0x00000000c5700000, 0x00000000c5b50000)
 concurrent mark-sweep generation total 88536K, used 40660K [0x00000000cd660000, 0x00000000d2cd6000, 0x0000000100000000)
 Metaspace       used 65634K, capacity 68374K, committed 68476K, reserved 1107968K
  class space    used 8570K, capacity 9067K, committed 9140K, reserved 1048576K
2020-02-27T14:34:19.555+0000: 22.359: [GC (Allocation Failure) 2020-02-27T14:34:19.555+0000: 22.359: [ParNew
Desired survivor size 2260992 bytes, new threshold 6 (max 6)
- age   1:     724608 bytes,     724608 total
- age   2:     813504 bytes,    1538112 total
- age   3:     694544 bytes,    2232656 total
: 39358K->2539K(39936K), 0.0097580 secs] 80018K->44271K(128472K), 0.0098500 secs] [Times: user=0.02 sys=0.00, real=0.02 secs] 
Heap after GC invocations=246 (full 5):
 par new generation   total 39936K, used 2539K [0x00000000c3000000, 0x00000000c5b50000, 0x00000000cd660000)
  eden space 35520K,   0% used [0x00000000c3000000, 0x00000000c3000000, 0x00000000c52b0000)
  from space 4416K,  57% used [0x00000000c5700000, 0x00000000c597afe0, 0x00000000c5b50000)
  to   space 4416K,   0% used [0x00000000c52b0000, 0x00000000c52b0000, 0x00000000c5700000)
 concurrent mark-sweep generation total 88536K, used 41731K [0x00000000cd660000, 0x00000000d2cd6000, 0x0000000100000000)
 Metaspace       used 65634K, capacity 68374K, committed 68476K, reserved 1107968K
  class space    used 8570K, capacity 9067K, committed 9140K, reserved 1048576K
}
2020-02-27T14:34:19.565+0000: 22.368: Total time for which application threads were stopped: 0.0101714 seconds, Stopping threads took: 0.0000767 seconds
{Heap before GC invocations=246 (full 5):
 par new generation   total 39936K, used 38059K [0x00000000c3000000, 0x00000000c5b50000, 0x00000000cd660000)
  eden space 35520K, 100% used [0x00000000c3000000, 0x00000000c52b0000, 0x00000000c52b0000)
  from space 4416K,  57% used [0x00000000c5700000, 0x00000000c597afe0, 0x00000000c5b50000)
  to   space 4416K,   0% used [0x00000000c52b0000, 0x00000000c52b0000, 0x00000000c5700000)
 concurrent mark-sweep generation total 88536K, used 41731K [0x00000000cd660000, 0x00000000d2cd6000, 0x0000000100000000)
 Metaspace       used 65841K, capacity 68684K, committed 68988K, reserved 1110016K
  class space    used 8579K, capacity 9102K, committed 9140K, reserved 1048576K
2020-02-27T14:34:19.687+0000: 22.490: [GC (Allocation Failure) 2020-02-27T14:34:19.687+0000: 22.490: [ParNew
Desired survivor size 2260992 bytes, new threshold 4 (max 6)
- age   1:     677464 bytes,     677464 total
- age   2:     712936 bytes,    1390400 total
- age   3:     810400 bytes,    2200800 total
- age   4:     694048 bytes,    2894848 total
: 38059K->4416K(39936K), 0.0074978 secs] 79791K->46149K(128472K), 0.0075788 secs] [Times: user=0.02 sys=0.00, real=0.00 secs] 
Heap after GC invocations=247 (full 5):
 par new generation   total 39936K, used 4416K [0x00000000c3000000, 0x00000000c5b50000, 0x00000000cd660000)
  eden space 35520K,   0% used [0x00000000c3000000, 0x00000000c3000000, 0x00000000c52b0000)
  from space 4416K, 100% used [0x00000000c52b0000, 0x00000000c5700000, 0x00000000c5700000)
  to   space 4416K,   0% used [0x00000000c5700000, 0x00000000c5700000, 0x00000000c5b50000)
 concurrent mark-sweep generation total 88536K, used 41733K [0x00000000cd660000, 0x00000000d2cd6000, 0x0000000100000000)
 Metaspace       used 65841K, capacity 68684K, committed 68988K, reserved 1110016K
  class space    used 8579K, capacity 9102K, committed 9140K, reserved 1048576K
}
2020-02-27T14:34:19.695+0000: 22.498: Total time for which application threads were stopped: 0.0078609 seconds, Stopping threads took: 0.0000760 seconds
{Heap before GC invocations=247 (full 5):
 par new generation   total 39936K, used 39936K [0x00000000c3000000, 0x00000000c5b50000, 0x00000000cd660000)
  eden space 35520K, 100% used [0x00000000c3000000, 0x00000000c52b0000, 0x00000000c52b0000)
  from space 4416K, 100% used [0x00000000c52b0000, 0x00000000c5700000, 0x00000000c5700000)
  to   space 4416K,   0% used [0x00000000c5700000, 0x00000000c5700000, 0x00000000c5b50000)
 concurrent mark-sweep generation total 88536K, used 41733K [0x00000000cd660000, 0x00000000d2cd6000, 0x0000000100000000)
 Metaspace       used 66074K, capacity 68908K, committed 68988K, reserved 1110016K
  class space    used 8590K, capacity 9106K, committed 9140K, reserved 1048576K
2020-02-27T14:34:19.880+0000: 22.683: [GC (Allocation Failure) 2020-02-27T14:34:19.880+0000: 22.683: [ParNew
Desired survivor size 2260992 bytes, new threshold 3 (max 6)
- age   1:     979512 bytes,     979512 total
- age   2:     664440 bytes,    1643952 total
- age   3:     712352 bytes,    2356304 total
- age   4:     805080 bytes,    3161384 total
: 39936K->4416K(39936K), 0.0106329 secs] 81669K->46844K(128472K), 0.0107364 secs] [Times: user=0.02 sys=0.00, real=0.01 secs] 
Heap after GC invocations=248 (full 5):
 par new generation   total 39936K, used 4416K [0x00000000c3000000, 0x00000000c5b50000, 0x00000000cd660000)
  eden space 35520K,   0% used [0x00000000c3000000, 0x00000000c3000000, 0x00000000c52b0000)
  from space 4416K, 100% used [0x00000000c5700000, 0x00000000c5b50000, 0x00000000c5b50000)
  to   space 4416K,   0% used [0x00000000c52b0000, 0x00000000c52b0000, 0x00000000c5700000)
 concurrent mark-sweep generation total 88536K, used 42428K [0x00000000cd660000, 0x00000000d2cd6000, 0x0000000100000000)
 Metaspace       used 66074K, capacity 68908K, committed 68988K, reserved 1110016K
  class space    used 8590K, capacity 9106K, committed 9140K, reserved 1048576K
}
2020-02-27T14:34:19.891+0000: 22.694: Total time for which application threads were stopped: 0.0110535 seconds, Stopping threads took: 0.0000817 seconds
2020-02-27T14:34:20.061+0000: 22.864: Total time for which application threads were stopped: 0.0010500 seconds, Stopping threads took: 0.0000823 seconds
2020-02-27T14:34:20.062+0000: 22.865: Total time for which application threads were stopped: 0.0003912 seconds, Stopping threads took: 0.0000524 seconds
{Heap before GC invocations=248 (full 5):
 par new generation   total 39936K, used 39936K [0x00000000c3000000, 0x00000000c5b50000, 0x00000000cd660000)
  eden space 35520K, 100% used [0x00000000c3000000, 0x00000000c52b0000, 0x00000000c52b0000)
  from space 4416K, 100% used [0x00000000c5700000, 0x00000000c5b50000, 0x00000000c5b50000)
  to   space 4416K,   0% used [0x00000000c52b0000, 0x00000000c52b0000, 0x00000000c5700000)
 concurrent mark-sweep generation total 88536K, used 42428K [0x00000000cd660000, 0x00000000d2cd6000, 0x0000000100000000)
 Metaspace       used 67087K, capacity 69918K, committed 70140K, reserved 1110016K
  class space    used 8704K, capacity 9205K, committed 9268K, reserved 1048576K
2020-02-27T14:34:20.146+0000: 22.949: [GC (Allocation Failure) 2020-02-27T14:34:20.146+0000: 22.949: [ParNew
Desired survivor size 2260992 bytes, new threshold 3 (max 6)
- age   1:     989936 bytes,     989936 total
- age   2:     971280 bytes,    1961216 total
- age   3:     664368 bytes,    2625584 total
: 39936K->3009K(39936K), 0.0181613 secs] 82364K->46960K(128472K), 0.0182347 secs] [Times: user=0.04 sys=0.00, real=0.01 secs] 
Heap after GC invocations=249 (full 5):
 par new generation   total 39936K, used 3009K [0x00000000c3000000, 0x00000000c5b50000, 0x00000000cd660000)
  eden space 35520K,   0% used [0x00000000c3000000, 0x00000000c3000000, 0x00000000c52b0000)
  from space 4416K,  68% used [0x00000000c52b0000, 0x00000000c55a0568, 0x00000000c5700000)
  to   space 4416K,   0% used [0x00000000c5700000, 0x00000000c5700000, 0x00000000c5b50000)
 concurrent mark-sweep generation total 88536K, used 43950K [0x00000000cd660000, 0x00000000d2cd6000, 0x0000000100000000)
 Metaspace       used 67087K, capacity 69918K, committed 70140K, reserved 1110016K
  class space    used 8704K, capacity 9205K, committed 9268K, reserved 1048576K
}
2020-02-27T14:34:20.164+0000: 22.968: Total time for which application threads were stopped: 0.0184703 seconds, Stopping threads took: 0.0000643 seconds
2020-02-27T14:34:20.470+0000: 23.273: Total time for which application threads were stopped: 0.0010203 seconds, Stopping threads took: 0.0000645 seconds
{Heap before GC invocations=249 (full 5):
 par new generation   total 39936K, used 38529K [0x00000000c3000000, 0x00000000c5b50000, 0x00000000cd660000)
  eden space 35520K, 100% used [0x00000000c3000000, 0x00000000c52b0000, 0x00000000c52b0000)
  from space 4416K,  68% used [0x00000000c52b0000, 0x00000000c55a0568, 0x00000000c5700000)
  to   space 4416K,   0% used [0x00000000c5700000, 0x00000000c5700000, 0x00000000c5b50000)
 concurrent mark-sweep generation total 88536K, used 43950K [0x00000000cd660000, 0x00000000d2cd6000, 0x0000000100000000)
 Metaspace       used 69333K, capacity 72216K, committed 72444K, reserved 1112064K
  class space    used 8911K, capacity 9436K, committed 9524K, reserved 1048576K
2020-02-27T14:34:20.530+0000: 23.333: [GC (Allocation Failure) 2020-02-27T14:34:20.530+0000: 23.333: [ParNew
Desired survivor size 2260992 bytes, new threshold 3 (max 6)
- age   1:     762328 bytes,     762328 total
- age   2:     929944 bytes,    1692272 total
- age   3:     971168 bytes,    2663440 total
: 38529K->2696K(39936K), 0.0213102 secs] 82480K->47315K(128472K), 0.0214246 secs] [Times: user=0.04 sys=0.01, real=0.02 secs] 
Heap after GC invocations=250 (full 5):
 par new generation   total 39936K, used 2696K [0x00000000c3000000, 0x00000000c5b50000, 0x00000000cd660000)
  eden space 35520K,   0% used [0x00000000c3000000, 0x00000000c3000000, 0x00000000c52b0000)
  from space 4416K,  61% used [0x00000000c5700000, 0x00000000c59a23e0, 0x00000000c5b50000)
  to   space 4416K,   0% used [0x00000000c52b0000, 0x00000000c52b0000, 0x00000000c5700000)
 concurrent mark-sweep generation total 88536K, used 44618K [0x00000000cd660000, 0x00000000d2cd6000, 0x0000000100000000)
 Metaspace       used 69333K, capacity 72216K, committed 72444K, reserved 1112064K
  class space    used 8911K, capacity 9436K, committed 9524K, reserved 1048576K
}
2020-02-27T14:34:20.551+0000: 23.355: Total time for which application threads were stopped: 0.0216886 seconds, Stopping threads took: 0.0000758 seconds
2020-02-27T14:34:20.705+0000: 23.508: Total time for which application threads were stopped: 0.0003199 seconds, Stopping threads took: 0.0000869 seconds
2020-02-27T14:34:20.770+0000: 23.573: Total time for which application threads were stopped: 0.0010175 seconds, Stopping threads took: 0.0000787 seconds
{Heap before GC invocations=250 (full 5):
 par new generation   total 39936K, used 38216K [0x00000000c3000000, 0x00000000c5b50000, 0x00000000cd660000)
  eden space 35520K, 100% used [0x00000000c3000000, 0x00000000c52b0000, 0x00000000c52b0000)
  from space 4416K,  61% used [0x00000000c5700000, 0x00000000c59a23e0, 0x00000000c5b50000)
  to   space 4416K,   0% used [0x00000000c52b0000, 0x00000000c52b0000, 0x00000000c5700000)
 concurrent mark-sweep generation total 88536K, used 44618K [0x00000000cd660000, 0x00000000d2cd6000, 0x0000000100000000)
 Metaspace       used 71216K, capacity 74176K, committed 74492K, reserved 1114112K
  class space    used 9119K, capacity 9682K, committed 9780K, reserved 1048576K
2020-02-27T14:34:20.896+0000: 23.700: [GC (Allocation Failure) 2020-02-27T14:34:20.896+0000: 23.700: [ParNew
Desired survivor size 2260992 bytes, new threshold 2 (max 6)
- age   1:    1884312 bytes,    1884312 total
- age   2:     686888 bytes,    2571200 total
- age   3:     928248 bytes,    3499448 total
: 38216K->4416K(39936K), 0.0189450 secs] 82835K->50614K(128472K), 0.0190221 secs] [Times: user=0.04 sys=0.00, real=0.02 secs] 
Heap after GC invocations=251 (full 5):
 par new generation   total 39936K, used 4416K [0x00000000c3000000, 0x00000000c5b50000, 0x00000000cd660000)
  eden space 35520K,   0% used [0x00000000c3000000, 0x00000000c3000000, 0x00000000c52b0000)
  from space 4416K, 100% used [0x00000000c52b0000, 0x00000000c5700000, 0x00000000c5700000)
  to   space 4416K,   0% used [0x00000000c5700000, 0x00000000c5700000, 0x00000000c5b50000)
 concurrent mark-sweep generation total 88536K, used 46198K [0x00000000cd660000, 0x00000000d2cd6000, 0x0000000100000000)
 Metaspace       used 71216K, capacity 74176K, committed 74492K, reserved 1114112K
  class space    used 9119K, capacity 9682K, committed 9780K, reserved 1048576K
}
2020-02-27T14:34:20.915+0000: 23.719: Total time for which application threads were stopped: 0.0233572 seconds, Stopping threads took: 0.0040945 seconds
2020-02-27T14:34:21.131+0000: 23.935: Total time for which application threads were stopped: 0.0009340 seconds, Stopping threads took: 0.0000271 seconds
{Heap before GC invocations=251 (full 5):
 par new generation   total 39936K, used 39936K [0x00000000c3000000, 0x00000000c5b50000, 0x00000000cd660000)
  eden space 35520K, 100% used [0x00000000c3000000, 0x00000000c52b0000, 0x00000000c52b0000)
  from space 4416K, 100% used [0x00000000c52b0000, 0x00000000c5700000, 0x00000000c5700000)
  to   space 4416K,   0% used [0x00000000c5700000, 0x00000000c5700000, 0x00000000c5b50000)
 concurrent mark-sweep generation total 88536K, used 46198K [0x00000000cd660000, 0x00000000d2cd6000, 0x0000000100000000)
 Metaspace       used 72714K, capacity 75870K, committed 76028K, reserved 1116160K
  class space    used 9373K, capacity 10029K, committed 10036K, reserved 1048576K
2020-02-27T14:34:21.209+0000: 24.012: [GC (Allocation Failure) 2020-02-27T14:34:21.209+0000: 24.012: [ParNew
Desired survivor size 2260992 bytes, new threshold 2 (max 6)
- age   1:    1288648 bytes,    1288648 total
- age   2:    1297816 bytes,    2586464 total
: 39936K->4415K(39936K), 0.0124302 secs] 86134K->52571K(128472K), 0.0125179 secs] [Times: user=0.02 sys=0.00, real=0.01 secs] 
Heap after GC invocations=252 (full 5):
 par new generation   total 39936K, used 4415K [0x00000000c3000000, 0x00000000c5b50000, 0x00000000cd660000)
  eden space 35520K,   0% used [0x00000000c3000000, 0x00000000c3000000, 0x00000000c52b0000)
  from space 4416K,  99% used [0x00000000c5700000, 0x00000000c5b4fff8, 0x00000000c5b50000)
  to   space 4416K,   0% used [0x00000000c52b0000, 0x00000000c52b0000, 0x00000000c5700000)
 concurrent mark-sweep generation total 88536K, used 48155K [0x00000000cd660000, 0x00000000d2cd6000, 0x0000000100000000)
 Metaspace       used 72714K, capacity 75870K, committed 76028K, reserved 1116160K
  class space    used 9373K, capacity 10029K, committed 10036K, reserved 1048576K
}
2020-02-27T14:34:21.221+0000: 24.024: Total time for which application threads were stopped: 0.0127253 seconds, Stopping threads took: 0.0000347 seconds
{Heap before GC invocations=252 (full 5):
 par new generation   total 39936K, used 39935K [0x00000000c3000000, 0x00000000c5b50000, 0x00000000cd660000)
  eden space 35520K, 100% used [0x00000000c3000000, 0x00000000c52b0000, 0x00000000c52b0000)
  from space 4416K,  99% used [0x00000000c5700000, 0x00000000c5b4fff8, 0x00000000c5b50000)
  to   space 4416K,   0% used [0x00000000c52b0000, 0x00000000c52b0000, 0x00000000c5700000)
 concurrent mark-sweep generation total 88536K, used 48155K [0x00000000cd660000, 0x00000000d2cd6000, 0x0000000100000000)
 Metaspace       used 72896K, capacity 76086K, committed 76412K, reserved 1116160K
  class space    used 9402K, capacity 10081K, committed 10164K, reserved 1048576K
2020-02-27T14:34:21.308+0000: 24.111: [GC (Allocation Failure) 2020-02-27T14:34:21.308+0000: 24.111: [ParNew
Desired survivor size 2260992 bytes, new threshold 6 (max 6)
- age   1:     207544 bytes,     207544 total
- age   2:    1045840 bytes,    1253384 total
: 39935K->1569K(39936K), 0.0186848 secs] 88091K->51011K(128472K), 0.0187607 secs] [Times: user=0.03 sys=0.00, real=0.02 secs] 
Heap after GC invocations=253 (full 5):
 par new generation   total 39936K, used 1569K [0x00000000c3000000, 0x00000000c5b50000, 0x00000000cd660000)
  eden space 35520K,   0% used [0x00000000c3000000, 0x00000000c3000000, 0x00000000c52b0000)
  from space 4416K,  35% used [0x00000000c52b0000, 0x00000000c54386f0, 0x00000000c5700000)
  to   space 4416K,   0% used [0x00000000c5700000, 0x00000000c5700000, 0x00000000c5b50000)
 concurrent mark-sweep generation total 88536K, used 49442K [0x00000000cd660000, 0x00000000d2cd6000, 0x0000000100000000)
 Metaspace       used 72896K, capacity 76086K, committed 76412K, reserved 1116160K
  class space    used 9402K, capacity 10081K, committed 10164K, reserved 1048576K
}
2020-02-27T14:34:21.327+0000: 24.130: Total time for which application threads were stopped: 0.0189633 seconds, Stopping threads took: 0.0000316 seconds
{Heap before GC invocations=253 (full 5):
 par new generation   total 39936K, used 37089K [0x00000000c3000000, 0x00000000c5b50000, 0x00000000cd660000)
  eden space 35520K, 100% used [0x00000000c3000000, 0x00000000c52b0000, 0x00000000c52b0000)
  from space 4416K,  35% used [0x00000000c52b0000, 0x00000000c54386f0, 0x00000000c5700000)
  to   space 4416K,   0% used [0x00000000c5700000, 0x00000000c5700000, 0x00000000c5b50000)
 concurrent mark-sweep generation total 88536K, used 49442K [0x00000000cd660000, 0x00000000d2cd6000, 0x0000000100000000)
 Metaspace       used 73372K, capacity 76628K, committed 76668K, reserved 1116160K
  class space    used 9457K, capacity 10150K, committed 10164K, reserved 1048576K
2020-02-27T14:34:21.455+0000: 24.258: [GC (Allocation Failure) 2020-02-27T14:34:21.455+0000: 24.258: [ParNew
Desired survivor size 2260992 bytes, new threshold 6 (max 6)
- age   1:     745008 bytes,     745008 total
- age   2:     200120 bytes,     945128 total
- age   3:    1042976 bytes,    1988104 total
: 37089K->2621K(39936K), 0.0192254 secs] 86531K->52063K(128472K), 0.0193186 secs] [Times: user=0.04 sys=0.00, real=0.02 secs] 
Heap after GC invocations=254 (full 5):
 par new generation   total 39936K, used 2621K [0x00000000c3000000, 0x00000000c5b50000, 0x00000000cd660000)
  eden space 35520K,   0% used [0x00000000c3000000, 0x00000000c3000000, 0x00000000c52b0000)
  from space 4416K,  59% used [0x00000000c5700000, 0x00000000c598f670, 0x00000000c5b50000)
  to   space 4416K,   0% used [0x00000000c52b0000, 0x00000000c52b0000, 0x00000000c5700000)
 concurrent mark-sweep generation total 88536K, used 49442K [0x00000000cd660000, 0x00000000d2cd6000, 0x0000000100000000)
 Metaspace       used 73372K, capacity 76628K, committed 76668K, reserved 1116160K
  class space    used 9457K, capacity 10150K, committed 10164K, reserved 1048576K
}
2020-02-27T14:34:21.474+0000: 24.277: Total time for which application threads were stopped: 0.0195505 seconds, Stopping threads took: 0.0000482 seconds
2020-02-27T14:34:21.569+0000: 24.373: Total time for which application threads were stopped: 0.0010786 seconds, Stopping threads took: 0.0000594 seconds
{Heap before GC invocations=254 (full 5):
 par new generation   total 39936K, used 38141K [0x00000000c3000000, 0x00000000c5b50000, 0x00000000cd660000)
  eden space 35520K, 100% used [0x00000000c3000000, 0x00000000c52b0000, 0x00000000c52b0000)
  from space 4416K,  59% used [0x00000000c5700000, 0x00000000c598f670, 0x00000000c5b50000)
  to   space 4416K,   0% used [0x00000000c52b0000, 0x00000000c52b0000, 0x00000000c5700000)
 concurrent mark-sweep generation total 88536K, used 49442K [0x00000000cd660000, 0x00000000d2cd6000, 0x0000000100000000)
 Metaspace       used 73710K, capacity 77024K, committed 77308K, reserved 1116160K
  class space    used 9503K, capacity 10190K, committed 10292K, reserved 1048576K
2020-02-27T14:34:21.576+0000: 24.380: [GC (Allocation Failure) 2020-02-27T14:34:21.576+0000: 24.380: [ParNew
Desired survivor size 2260992 bytes, new threshold 4 (max 6)
- age   1:     328272 bytes,     328272 total
- age   2:     717144 bytes,    1045416 total
- age   3:     193976 bytes,    1239392 total
- age   4:    1038104 bytes,    2277496 total
: 38141K->2675K(39936K), 0.0152565 secs] 87583K->52117K(128472K), 0.0153228 secs] [Times: user=0.03 sys=0.00, real=0.02 secs] 
Heap after GC invocations=255 (full 5):
 par new generation   total 39936K, used 2675K [0x00000000c3000000, 0x00000000c5b50000, 0x00000000cd660000)
  eden space 35520K,   0% used [0x00000000c3000000, 0x00000000c3000000, 0x00000000c52b0000)
  from space 4416K,  60% used [0x00000000c52b0000, 0x00000000c554cd30, 0x00000000c5700000)
  to   space 4416K,   0% used [0x00000000c5700000, 0x00000000c5700000, 0x00000000c5b50000)
 concurrent mark-sweep generation total 88536K, used 49442K [0x00000000cd660000, 0x00000000d2cd6000, 0x0000000100000000)
 Metaspace       used 73710K, capacity 77024K, committed 77308K, reserved 1116160K
  class space    used 9503K, capacity 10190K, committed 10292K, reserved 1048576K
}
2020-02-27T14:34:21.592+0000: 24.395: Total time for which application threads were stopped: 0.0154937 seconds, Stopping threads took: 0.0000390 seconds
2020-02-27T14:34:21.617+0000: 24.420: Total time for which application threads were stopped: 0.0009724 seconds, Stopping threads took: 0.0000546 seconds
2020-02-27T14:34:21.649+0000: 24.452: Total time for which application threads were stopped: 0.0010591 seconds, Stopping threads took: 0.0000689 seconds
2020-02-27T14:34:21.650+0000: 24.453: Total time for which application threads were stopped: 0.0004695 seconds, Stopping threads took: 0.0000600 seconds
2020-02-27T14:34:21.651+0000: 24.454: Total time for which application threads were stopped: 0.0004487 seconds, Stopping threads took: 0.0000536 seconds
{Heap before GC invocations=255 (full 5):
 par new generation   total 39936K, used 38195K [0x00000000c3000000, 0x00000000c5b50000, 0x00000000cd660000)
  eden space 35520K, 100% used [0x00000000c3000000, 0x00000000c52b0000, 0x00000000c52b0000)
  from space 4416K,  60% used [0x00000000c52b0000, 0x00000000c554cd30, 0x00000000c5700000)
  to   space 4416K,   0% used [0x00000000c5700000, 0x00000000c5700000, 0x00000000c5b50000)
 concurrent mark-sweep generation total 88536K, used 49442K [0x00000000cd660000, 0x00000000d2cd6000, 0x0000000100000000)
 Metaspace       used 74018K, capacity 77334K, committed 77564K, reserved 1116160K
  class space    used 9546K, capacity 10227K, committed 10292K, reserved 1048576K
2020-02-27T14:34:21.685+0000: 24.489: [GC (Allocation Failure) 2020-02-27T14:34:21.686+0000: 24.489: [ParNew
Desired survivor size 2260992 bytes, new threshold 6 (max 6)
- age   1:     195088 bytes,     195088 total
- age   2:     296328 bytes,     491416 total
- age   3:     716600 bytes,    1208016 total
- age   4:     192344 bytes,    1400360 total
: 38195K->2115K(39936K), 0.0089929 secs] 87637K->52582K(128472K), 0.0090820 secs] [Times: user=0.01 sys=0.00, real=0.00 secs] 
Heap after GC invocations=256 (full 5):
 par new generation   total 39936K, used 2115K [0x00000000c3000000, 0x00000000c5b50000, 0x00000000cd660000)
  eden space 35520K,   0% used [0x00000000c3000000, 0x00000000c3000000, 0x00000000c52b0000)
  from space 4416K,  47% used [0x00000000c5700000, 0x00000000c5910ec0, 0x00000000c5b50000)
  to   space 4416K,   0% used [0x00000000c52b0000, 0x00000000c52b0000, 0x00000000c5700000)
 concurrent mark-sweep generation total 88536K, used 50467K [0x00000000cd660000, 0x00000000d2cd6000, 0x0000000100000000)
 Metaspace       used 74018K, capacity 77334K, committed 77564K, reserved 1116160K
  class space    used 9546K, capacity 10227K, committed 10292K, reserved 1048576K
}
2020-02-27T14:34:21.695+0000: 24.498: Total time for which application threads were stopped: 0.0094052 seconds, Stopping threads took: 0.0000650 seconds
{Heap before GC invocations=256 (full 5):
 par new generation   total 39936K, used 37635K [0x00000000c3000000, 0x00000000c5b50000, 0x00000000cd660000)
  eden space 35520K, 100% used [0x00000000c3000000, 0x00000000c52b0000, 0x00000000c52b0000)
  from space 4416K,  47% used [0x00000000c5700000, 0x00000000c5910ec0, 0x00000000c5b50000)
  to   space 4416K,   0% used [0x00000000c52b0000, 0x00000000c52b0000, 0x00000000c5700000)
 concurrent mark-sweep generation total 88536K, used 50467K [0x00000000cd660000, 0x00000000d2cd6000, 0x0000000100000000)
 Metaspace       used 74421K, capacity 77826K, committed 78204K, reserved 1118208K
  class space    used 9596K, capacity 10293K, committed 10420K, reserved 1048576K
2020-02-27T14:34:21.852+0000: 24.655: [GC (Allocation Failure) 2020-02-27T14:34:21.852+0000: 24.655: [ParNew
Desired survivor size 2260992 bytes, new threshold 6 (max 6)
- age   1:     468832 bytes,     468832 total
- age   2:     163224 bytes,     632056 total
- age   3:     295288 bytes,     927344 total
- age   4:     715152 bytes,    1642496 total
- age   5:     192200 bytes,    1834696 total
: 37635K->2324K(39936K), 0.0067955 secs] 88102K->52791K(128472K), 0.0068705 secs] [Times: user=0.01 sys=0.00, real=0.01 secs] 
Heap after GC invocations=257 (full 5):
 par new generation   total 39936K, used 2324K [0x00000000c3000000, 0x00000000c5b50000, 0x00000000cd660000)
  eden space 35520K,   0% used [0x00000000c3000000, 0x00000000c3000000, 0x00000000c52b0000)
  from space 4416K,  52% used [0x00000000c52b0000, 0x00000000c54f52e0, 0x00000000c5700000)
  to   space 4416K,   0% used [0x00000000c5700000, 0x00000000c5700000, 0x00000000c5b50000)
 concurrent mark-sweep generation total 88536K, used 50467K [0x00000000cd660000, 0x00000000d2cd6000, 0x0000000100000000)
 Metaspace       used 74421K, capacity 77826K, committed 78204K, reserved 1118208K
  class space    used 9596K, capacity 10293K, committed 10420K, reserved 1048576K
}
2020-02-27T14:34:21.859+0000: 24.662: Total time for which application threads were stopped: 0.0070860 seconds, Stopping threads took: 0.0000323 seconds
2020-02-27T14:34:21.890+0000: 24.694: Total time for which application threads were stopped: 0.0010349 seconds, Stopping threads took: 0.0000722 seconds
{Heap before GC invocations=257 (full 5):
 par new generation   total 39936K, used 37844K [0x00000000c3000000, 0x00000000c5b50000, 0x00000000cd660000)
  eden space 35520K, 100% used [0x00000000c3000000, 0x00000000c52b0000, 0x00000000c52b0000)
  from space 4416K,  52% used [0x00000000c52b0000, 0x00000000c54f52e0, 0x00000000c5700000)
  to   space 4416K,   0% used [0x00000000c5700000, 0x00000000c5700000, 0x00000000c5b50000)
 concurrent mark-sweep generation total 88536K, used 50467K [0x00000000cd660000, 0x00000000d2cd6000, 0x0000000100000000)
 Metaspace       used 75069K, capacity 78504K, committed 78716K, reserved 1118208K
  class space    used 9678K, capacity 10370K, committed 10420K, reserved 1048576K
2020-02-27T14:34:21.988+0000: 24.791: [GC (Allocation Failure) 2020-02-27T14:34:21.988+0000: 24.791: [ParNew
Desired survivor size 2260992 bytes, new threshold 6 (max 6)
- age   1:     438400 bytes,     438400 total
- age   2:     446552 bytes,     884952 total
- age   3:     162760 bytes,    1047712 total
- age   4:     295256 bytes,    1342968 total
- age   5:     714664 bytes,    2057632 total
- age   6:     192200 bytes,    2249832 total
: 37844K->2600K(39936K), 0.0090867 secs] 88311K->53067K(128472K), 0.0091596 secs] [Times: user=0.02 sys=0.00, real=0.01 secs] 
Heap after GC invocations=258 (full 5):
 par new generation   total 39936K, used 2600K [0x00000000c3000000, 0x00000000c5b50000, 0x00000000cd660000)
  eden space 35520K,   0% used [0x00000000c3000000, 0x00000000c3000000, 0x00000000c52b0000)
  from space 4416K,  58% used [0x00000000c5700000, 0x00000000c598a160, 0x00000000c5b50000)
  to   space 4416K,   0% used [0x00000000c52b0000, 0x00000000c52b0000, 0x00000000c5700000)
 concurrent mark-sweep generation total 88536K, used 50467K [0x00000000cd660000, 0x00000000d2cd6000, 0x0000000100000000)
 Metaspace       used 75069K, capacity 78504K, committed 78716K, reserved 1118208K
  class space    used 9678K, capacity 10370K, committed 10420K, reserved 1048576K
}
2020-02-27T14:34:21.997+0000: 24.800: Total time for which application threads were stopped: 0.0093864 seconds, Stopping threads took: 0.0000798 seconds
2020-02-27T14:34:22.113+0000: 24.916: Total time for which application threads were stopped: 0.0009711 seconds, Stopping threads took: 0.0000284 seconds
{Heap before GC invocations=258 (full 5):
 par new generation   total 39936K, used 38120K [0x00000000c3000000, 0x00000000c5b50000, 0x00000000cd660000)
  eden space 35520K, 100% used [0x00000000c3000000, 0x00000000c52b0000, 0x00000000c52b0000)
  from space 4416K,  58% used [0x00000000c5700000, 0x00000000c598a160, 0x00000000c5b50000)
  to   space 4416K,   0% used [0x00000000c52b0000, 0x00000000c52b0000, 0x00000000c5700000)
 concurrent mark-sweep generation total 88536K, used 50467K [0x00000000cd660000, 0x00000000d2cd6000, 0x0000000100000000)
 Metaspace       used 76165K, capacity 79774K, committed 79996K, reserved 1118208K
  class space    used 9856K, capacity 10584K, committed 10676K, reserved 1048576K
2020-02-27T14:34:22.184+0000: 24.987: [GC (Allocation Failure) 2020-02-27T14:34:22.184+0000: 24.987: [ParNew
Desired survivor size 2260992 bytes, new threshold 6 (max 6)
- age   1:     670032 bytes,     670032 total
- age   2:     402808 bytes,    1072840 total
- age   3:     445984 bytes,    1518824 total
- age   4:     162632 bytes,    1681456 total
- age   5:     290528 bytes,    1971984 total
- age   6:     703608 bytes,    2675592 total
: 38120K->4170K(39936K), 0.0233052 secs] 88587K->54829K(128472K), 0.0233913 secs] [Times: user=0.04 sys=0.00, real=0.03 secs] 
Heap after GC invocations=259 (full 5):
 par new generation   total 39936K, used 4170K [0x00000000c3000000, 0x00000000c5b50000, 0x00000000cd660000)
  eden space 35520K,   0% used [0x00000000c3000000, 0x00000000c3000000, 0x00000000c52b0000)
  from space 4416K,  94% used [0x00000000c52b0000, 0x00000000c56c2968, 0x00000000c5700000)
  to   space 4416K,   0% used [0x00000000c5700000, 0x00000000c5700000, 0x00000000c5b50000)
 concurrent mark-sweep generation total 88536K, used 50658K [0x00000000cd660000, 0x00000000d2cd6000, 0x0000000100000000)
 Metaspace       used 76165K, capacity 79774K, committed 79996K, reserved 1118208K
  class space    used 9856K, capacity 10584K, committed 10676K, reserved 1048576K
}
2020-02-27T14:34:22.207+0000: 25.010: Total time for which application threads were stopped: 0.0235919 seconds, Stopping threads took: 0.0000377 seconds
{Heap before GC invocations=259 (full 5):
 par new generation   total 39936K, used 39690K [0x00000000c3000000, 0x00000000c5b50000, 0x00000000cd660000)
  eden space 35520K, 100% used [0x00000000c3000000, 0x00000000c52b0000, 0x00000000c52b0000)
  from space 4416K,  94% used [0x00000000c52b0000, 0x00000000c56c2968, 0x00000000c5700000)
  to   space 4416K,   0% used [0x00000000c5700000, 0x00000000c5700000, 0x00000000c5b50000)
 concurrent mark-sweep generation total 88536K, used 50658K [0x00000000cd660000, 0x00000000d2cd6000, 0x0000000100000000)
 Metaspace       used 76562K, capacity 80206K, committed 80252K, reserved 1118208K
  class space    used 9922K, capacity 10656K, committed 10676K, reserved 1048576K
2020-02-27T14:34:22.309+0000: 25.113: [GC (Allocation Failure) 2020-02-27T14:34:22.309+0000: 25.113: [ParNew
Desired survivor size 2260992 bytes, new threshold 6 (max 6)
- age   1:     386808 bytes,     386808 total
- age   2:     597072 bytes,     983880 total
- age   3:     402808 bytes,    1386688 total
- age   4:     445984 bytes,    1832672 total
- age   5:     162632 bytes,    1995304 total
- age   6:     287856 bytes,    2283160 total
: 39690K->3691K(39936K), 0.0132830 secs] 90349K->55045K(128472K), 0.0133549 secs] [Times: user=0.03 sys=0.00, real=0.01 secs] 
Heap after GC invocations=260 (full 5):
 par new generation   total 39936K, used 3691K [0x00000000c3000000, 0x00000000c5b50000, 0x00000000cd660000)
  eden space 35520K,   0% used [0x00000000c3000000, 0x00000000c3000000, 0x00000000c52b0000)
  from space 4416K,  83% used [0x00000000c5700000, 0x00000000c5a9ae00, 0x00000000c5b50000)
  to   space 4416K,   0% used [0x00000000c52b0000, 0x00000000c52b0000, 0x00000000c5700000)
 concurrent mark-sweep generation total 88536K, used 51353K [0x00000000cd660000, 0x00000000d2cd6000, 0x0000000100000000)
 Metaspace       used 76562K, capacity 80206K, committed 80252K, reserved 1118208K
  class space    used 9922K, capacity 10656K, committed 10676K, reserved 1048576K
}
2020-02-27T14:34:22.323+0000: 25.126: Total time for which application threads were stopped: 0.0135336 seconds, Stopping threads took: 0.0000538 seconds
{Heap before GC invocations=260 (full 5):
 par new generation   total 39936K, used 39211K [0x00000000c3000000, 0x00000000c5b50000, 0x00000000cd660000)
  eden space 35520K, 100% used [0x00000000c3000000, 0x00000000c52b0000, 0x00000000c52b0000)
  from space 4416K,  83% used [0x00000000c5700000, 0x00000000c5a9ae00, 0x00000000c5b50000)
  to   space 4416K,   0% used [0x00000000c52b0000, 0x00000000c52b0000, 0x00000000c5700000)
 concurrent mark-sweep generation total 88536K, used 51353K [0x00000000cd660000, 0x00000000d2cd6000, 0x0000000100000000)
 Metaspace       used 76949K, capacity 80646K, committed 80892K, reserved 1120256K
  class space    used 9986K, capacity 10714K, committed 10804K, reserved 1048576K
2020-02-27T14:34:22.445+0000: 25.248: [GC (Allocation Failure) 2020-02-27T14:34:22.445+0000: 25.248: [ParNew
Desired survivor size 2260992 bytes, new threshold 6 (max 6)
- age   1:     453880 bytes,     453880 total
- age   2:     339000 bytes,     792880 total
- age   3:     596416 bytes,    1389296 total
- age   4:     402248 bytes,    1791544 total
- age   5:     445408 bytes,    2236952 total
- age   6:     162632 bytes,    2399584 total
: 39211K->3426K(39936K), 0.0122572 secs] 90565K->55068K(128472K), 0.0123420 secs] [Times: user=0.03 sys=0.00, real=0.02 secs] 
Heap after GC invocations=261 (full 5):
 par new generation   total 39936K, used 3426K [0x00000000c3000000, 0x00000000c5b50000, 0x00000000cd660000)
  eden space 35520K,   0% used [0x00000000c3000000, 0x00000000c3000000, 0x00000000c52b0000)
  from space 4416K,  77% used [0x00000000c52b0000, 0x00000000c56089e0, 0x00000000c5700000)
  to   space 4416K,   0% used [0x00000000c5700000, 0x00000000c5700000, 0x00000000c5b50000)
 concurrent mark-sweep generation total 88536K, used 51642K [0x00000000cd660000, 0x00000000d2cd6000, 0x0000000100000000)
 Metaspace       used 76949K, capacity 80646K, committed 80892K, reserved 1120256K
  class space    used 9986K, capacity 10714K, committed 10804K, reserved 1048576K
}
2020-02-27T14:34:22.457+0000: 25.260: Total time for which application threads were stopped: 0.0125377 seconds, Stopping threads took: 0.0000538 seconds
2020-02-27T14:34:22.550+0000: 25.353: Total time for which application threads were stopped: 0.0010223 seconds, Stopping threads took: 0.0000587 seconds
2020-02-27T14:34:22.560+0000: 25.364: Total time for which application threads were stopped: 0.0009804 seconds, Stopping threads took: 0.0000604 seconds
2020-02-27T14:34:22.576+0000: 25.380: Total time for which application threads were stopped: 0.0009716 seconds, Stopping threads took: 0.0000249 seconds
2020-02-27T14:34:22.606+0000: 25.409: Total time for which application threads were stopped: 0.0010329 seconds, Stopping threads took: 0.0000359 seconds
{Heap before GC invocations=261 (full 5):
 par new generation   total 39936K, used 38946K [0x00000000c3000000, 0x00000000c5b50000, 0x00000000cd660000)
  eden space 35520K, 100% used [0x00000000c3000000, 0x00000000c52b0000, 0x00000000c52b0000)
  from space 4416K,  77% used [0x00000000c52b0000, 0x00000000c56089e0, 0x00000000c5700000)
  to   space 4416K,   0% used [0x00000000c5700000, 0x00000000c5700000, 0x00000000c5b50000)
 concurrent mark-sweep generation total 88536K, used 51642K [0x00000000cd660000, 0x00000000d2cd6000, 0x0000000100000000)
 Metaspace       used 79037K, capacity 82802K, committed 82940K, reserved 1122304K
  class space    used 10248K, capacity 11016K, committed 11060K, reserved 1048576K
2020-02-27T14:34:22.760+0000: 25.563: [GC (Allocation Failure) 2020-02-27T14:34:22.760+0000: 25.563: [ParNew
Desired survivor size 2260992 bytes, new threshold 1 (max 6)
- age   1:    2486960 bytes,    2486960 total
- age   2:     305064 bytes,    2792024 total
- age   3:     305464 bytes,    3097488 total
- age   4:     510720 bytes,    3608208 total
- age   5:     340080 bytes,    3948288 total
- age   6:     405560 bytes,    4353848 total
: 38946K->4416K(39936K), 0.0179624 secs] 90588K->56695K(128472K), 0.0180390 secs] [Times: user=0.03 sys=0.00, real=0.02 secs] 
Heap after GC invocations=262 (full 5):
 par new generation   total 39936K, used 4416K [0x00000000c3000000, 0x00000000c5b50000, 0x00000000cd660000)
  eden space 35520K,   0% used [0x00000000c3000000, 0x00000000c3000000, 0x00000000c52b0000)
  from space 4416K, 100% used [0x00000000c5700000, 0x00000000c5b50000, 0x00000000c5b50000)
  to   space 4416K,   0% used [0x00000000c52b0000, 0x00000000c52b0000, 0x00000000c5700000)
 concurrent mark-sweep generation total 88536K, used 52279K [0x00000000cd660000, 0x00000000d2cd6000, 0x0000000100000000)
 Metaspace       used 79037K, capacity 82802K, committed 82940K, reserved 1122304K
  class space    used 10248K, capacity 11016K, committed 11060K, reserved 1048576K
}
2020-02-27T14:34:22.778+0000: 25.582: Total time for which application threads were stopped: 0.0182571 seconds, Stopping threads took: 0.0000468 seconds
{Heap before GC invocations=262 (full 5):
 par new generation   total 39936K, used 39936K [0x00000000c3000000, 0x00000000c5b50000, 0x00000000cd660000)
  eden space 35520K, 100% used [0x00000000c3000000, 0x00000000c52b0000, 0x00000000c52b0000)
  from space 4416K, 100% used [0x00000000c5700000, 0x00000000c5b50000, 0x00000000c5b50000)
  to   space 4416K,   0% used [0x00000000c52b0000, 0x00000000c52b0000, 0x00000000c5700000)
 concurrent mark-sweep generation total 88536K, used 52279K [0x00000000cd660000, 0x00000000d2cd6000, 0x0000000100000000)
 Metaspace       used 79490K, capacity 83262K, committed 83580K, reserved 1122304K
  class space    used 10326K, capacity 11082K, committed 11188K, reserved 1048576K
2020-02-27T14:34:22.896+0000: 25.699: [GC (Allocation Failure) 2020-02-27T14:34:22.896+0000: 25.699: [ParNew
Desired survivor size 2260992 bytes, new threshold 6 (max 6)
- age   1:     502680 bytes,     502680 total
: 39936K->3785K(39936K), 0.0260763 secs] 92215K->60331K(128472K), 0.0261710 secs] [Times: user=0.05 sys=0.00, real=0.03 secs] 
Heap after GC invocations=263 (full 5):
 par new generation   total 39936K, used 3785K [0x00000000c3000000, 0x00000000c5b50000, 0x00000000cd660000)
  eden space 35520K,   0% used [0x00000000c3000000, 0x00000000c3000000, 0x00000000c52b0000)
  from space 4416K,  85% used [0x00000000c52b0000, 0x00000000c5662770, 0x00000000c5700000)
  to   space 4416K,   0% used [0x00000000c5700000, 0x00000000c5700000, 0x00000000c5b50000)
 concurrent mark-sweep generation total 88536K, used 56545K [0x00000000cd660000, 0x00000000d2cd6000, 0x0000000100000000)
 Metaspace       used 79490K, capacity 83262K, committed 83580K, reserved 1122304K
  class space    used 10326K, capacity 11082K, committed 11188K, reserved 1048576K
}
2020-02-27T14:34:22.922+0000: 25.726: Total time for which application threads were stopped: 0.0263974 seconds, Stopping threads took: 0.0000338 seconds
{Heap before GC invocations=263 (full 5):
 par new generation   total 39936K, used 39305K [0x00000000c3000000, 0x00000000c5b50000, 0x00000000cd660000)
  eden space 35520K, 100% used [0x00000000c3000000, 0x00000000c52b0000, 0x00000000c52b0000)
  from space 4416K,  85% used [0x00000000c52b0000, 0x00000000c5662770, 0x00000000c5700000)
  to   space 4416K,   0% used [0x00000000c5700000, 0x00000000c5700000, 0x00000000c5b50000)
 concurrent mark-sweep generation total 88536K, used 56545K [0x00000000cd660000, 0x00000000d2cd6000, 0x0000000100000000)
 Metaspace       used 79599K, capacity 83422K, committed 83580K, reserved 1122304K
  class space    used 10349K, capacity 11114K, committed 11188K, reserved 1048576K
2020-02-27T14:34:22.998+0000: 25.801: [GC (Allocation Failure) 2020-02-27T14:34:22.998+0000: 25.801: [ParNew
Desired survivor size 2260992 bytes, new threshold 6 (max 6)
- age   1:     261520 bytes,     261520 total
- age   2:     467984 bytes,     729504 total
: 39305K->1035K(39936K), 0.0092080 secs] 95851K->57581K(128472K), 0.0092905 secs] [Times: user=0.01 sys=0.00, real=0.01 secs] 
Heap after GC invocations=264 (full 5):
 par new generation   total 39936K, used 1035K [0x00000000c3000000, 0x00000000c5b50000, 0x00000000cd660000)
  eden space 35520K,   0% used [0x00000000c3000000, 0x00000000c3000000, 0x00000000c52b0000)
  from space 4416K,  23% used [0x00000000c5700000, 0x00000000c5802f40, 0x00000000c5b50000)
  to   space 4416K,   0% used [0x00000000c52b0000, 0x00000000c52b0000, 0x00000000c5700000)
 concurrent mark-sweep generation total 88536K, used 56545K [0x00000000cd660000, 0x00000000d2cd6000, 0x0000000100000000)
 Metaspace       used 79599K, capacity 83422K, committed 83580K, reserved 1122304K
  class space    used 10349K, capacity 11114K, committed 11188K, reserved 1048576K
}
2020-02-27T14:34:23.007+0000: 25.811: Total time for which application threads were stopped: 0.0095493 seconds, Stopping threads took: 0.0000695 seconds
{Heap before GC invocations=264 (full 5):
 par new generation   total 39936K, used 36555K [0x00000000c3000000, 0x00000000c5b50000, 0x00000000cd660000)
  eden space 35520K, 100% used [0x00000000c3000000, 0x00000000c52b0000, 0x00000000c52b0000)
  from space 4416K,  23% used [0x00000000c5700000, 0x00000000c5802f40, 0x00000000c5b50000)
  to   space 4416K,   0% used [0x00000000c52b0000, 0x00000000c52b0000, 0x00000000c5700000)
 concurrent mark-sweep generation total 88536K, used 56545K [0x00000000cd660000, 0x00000000d2cd6000, 0x0000000100000000)
 Metaspace       used 79801K, capacity 83650K, committed 83836K, reserved 1122304K
  class space    used 10379K, capacity 11148K, committed 11188K, reserved 1048576K
2020-02-27T14:34:23.112+0000: 25.915: [GC (Allocation Failure) 2020-02-27T14:34:23.112+0000: 25.915: [ParNew
Desired survivor size 2260992 bytes, new threshold 6 (max 6)
- age   1:     170464 bytes,     170464 total
- age   2:     235480 bytes,     405944 total
- age   3:     467232 bytes,     873176 total
: 36555K->922K(39936K), 0.0097516 secs] 93101K->57468K(128472K), 0.0098410 secs] [Times: user=0.02 sys=0.00, real=0.01 secs] 
Heap after GC invocations=265 (full 5):
 par new generation   total 39936K, used 922K [0x00000000c3000000, 0x00000000c5b50000, 0x00000000cd660000)
  eden space 35520K,   0% used [0x00000000c3000000, 0x00000000c3000000, 0x00000000c52b0000)
  from space 4416K,  20% used [0x00000000c52b0000, 0x00000000c5396b70, 0x00000000c5700000)
  to   space 4416K,   0% used [0x00000000c5700000, 0x00000000c5700000, 0x00000000c5b50000)
 concurrent mark-sweep generation total 88536K, used 56545K [0x00000000cd660000, 0x00000000d2cd6000, 0x0000000100000000)
 Metaspace       used 79801K, capacity 83650K, committed 83836K, reserved 1122304K
  class space    used 10379K, capacity 11148K, committed 11188K, reserved 1048576K
}
2020-02-27T14:34:23.122+0000: 25.925: Total time for which application threads were stopped: 0.0100938 seconds, Stopping threads took: 0.0000474 seconds
{Heap before GC invocations=265 (full 5):
 par new generation   total 39936K, used 36442K [0x00000000c3000000, 0x00000000c5b50000, 0x00000000cd660000)
  eden space 35520K, 100% used [0x00000000c3000000, 0x00000000c52b0000, 0x00000000c52b0000)
  from space 4416K,  20% used [0x00000000c52b0000, 0x00000000c5396b70, 0x00000000c5700000)
  to   space 4416K,   0% used [0x00000000c5700000, 0x00000000c5700000, 0x00000000c5b50000)
 concurrent mark-sweep generation total 88536K, used 56545K [0x00000000cd660000, 0x00000000d2cd6000, 0x0000000100000000)
 Metaspace       used 80140K, capacity 83938K, committed 84092K, reserved 1122304K
  class space    used 10424K, capacity 11180K, committed 11188K, reserved 1048576K
2020-02-27T14:34:23.198+0000: 26.001: [GC (Allocation Failure) 2020-02-27T14:34:23.198+0000: 26.001: [ParNew
Desired survivor size 2260992 bytes, new threshold 6 (max 6)
- age   1:     110912 bytes,     110912 total
- age   2:     140208 bytes,     251120 total
- age   3:     228896 bytes,     480016 total
- age   4:     467232 bytes,     947248 total
: 36442K->1112K(39936K), 0.0065405 secs] 92988K->57657K(128472K), 0.0066140 secs] [Times: user=0.02 sys=0.00, real=0.00 secs] 
Heap after GC invocations=266 (full 5):
 par new generation   total 39936K, used 1112K [0x00000000c3000000, 0x00000000c5b50000, 0x00000000cd660000)
  eden space 35520K,   0% used [0x00000000c3000000, 0x00000000c3000000, 0x00000000c52b0000)
  from space 4416K,  25% used [0x00000000c5700000, 0x00000000c58160a0, 0x00000000c5b50000)
  to   space 4416K,   0% used [0x00000000c52b0000, 0x00000000c52b0000, 0x00000000c5700000)
 concurrent mark-sweep generation total 88536K, used 56545K [0x00000000cd660000, 0x00000000d2cd6000, 0x0000000100000000)
 Metaspace       used 80140K, capacity 83938K, committed 84092K, reserved 1122304K
  class space    used 10424K, capacity 11180K, committed 11188K, reserved 1048576K
}
2020-02-27T14:34:23.205+0000: 26.008: Total time for which application threads were stopped: 0.0068275 seconds, Stopping threads took: 0.0000508 seconds
{Heap before GC invocations=266 (full 5):
 par new generation   total 39936K, used 36632K [0x00000000c3000000, 0x00000000c5b50000, 0x00000000cd660000)
  eden space 35520K, 100% used [0x00000000c3000000, 0x00000000c52b0000, 0x00000000c52b0000)
  from space 4416K,  25% used [0x00000000c5700000, 0x00000000c58160a0, 0x00000000c5b50000)
  to   space 4416K,   0% used [0x00000000c52b0000, 0x00000000c52b0000, 0x00000000c5700000)
 concurrent mark-sweep generation total 88536K, used 56545K [0x00000000cd660000, 0x00000000d2cd6000, 0x0000000100000000)
 Metaspace       used 80360K, capacity 84198K, committed 84476K, reserved 1122304K
  class space    used 10465K, capacity 11246K, committed 11316K, reserved 1048576K
2020-02-27T14:34:23.294+0000: 26.097: [GC (Allocation Failure) 2020-02-27T14:34:23.294+0000: 26.097: [ParNew
Desired survivor size 2260992 bytes, new threshold 6 (max 6)
- age   1:     318384 bytes,     318384 total
- age   2:      73520 bytes,     391904 total
- age   3:     138648 bytes,     530552 total
- age   4:     228896 bytes,     759448 total
- age   5:     467272 bytes,    1226720 total
: 36632K->1316K(39936K), 0.0192904 secs] 93177K->57862K(128472K), 0.0193749 secs] [Times: user=0.03 sys=0.00, real=0.02 secs] 
Heap after GC invocations=267 (full 5):
 par new generation   total 39936K, used 1316K [0x00000000c3000000, 0x00000000c5b50000, 0x00000000cd660000)
  eden space 35520K,   0% used [0x00000000c3000000, 0x00000000c3000000, 0x00000000c52b0000)
  from space 4416K,  29% used [0x00000000c52b0000, 0x00000000c53f92f8, 0x00000000c5700000)
  to   space 4416K,   0% used [0x00000000c5700000, 0x00000000c5700000, 0x00000000c5b50000)
 concurrent mark-sweep generation total 88536K, used 56545K [0x00000000cd660000, 0x00000000d2cd6000, 0x0000000100000000)
 Metaspace       used 80360K, capacity 84198K, committed 84476K, reserved 1122304K
  class space    used 10465K, capacity 11246K, committed 11316K, reserved 1048576K
}
2020-02-27T14:34:23.313+0000: 26.116: Total time for which application threads were stopped: 0.0195545 seconds, Stopping threads took: 0.0000348 seconds
{Heap before GC invocations=267 (full 5):
 par new generation   total 39936K, used 36836K [0x00000000c3000000, 0x00000000c5b50000, 0x00000000cd660000)
  eden space 35520K, 100% used [0x00000000c3000000, 0x00000000c52b0000, 0x00000000c52b0000)
  from space 4416K,  29% used [0x00000000c52b0000, 0x00000000c53f92f8, 0x00000000c5700000)
  to   space 4416K,   0% used [0x00000000c5700000, 0x00000000c5700000, 0x00000000c5b50000)
 concurrent mark-sweep generation total 88536K, used 56545K [0x00000000cd660000, 0x00000000d2cd6000, 0x0000000100000000)
 Metaspace       used 80600K, capacity 84444K, committed 84688K, reserved 1122304K
  class space    used 10509K, capacity 11283K, committed 11316K, reserved 1048576K
2020-02-27T14:34:23.416+0000: 26.219: [GC (Allocation Failure) 2020-02-27T14:34:23.416+0000: 26.219: [ParNew
Desired survivor size 2260992 bytes, new threshold 6 (max 6)
- age   1:     246352 bytes,     246352 total
- age   2:     288040 bytes,     534392 total
- age   3:      64456 bytes,     598848 total
- age   4:     138520 bytes,     737368 total
- age   5:     228896 bytes,     966264 total
- age   6:     467168 bytes,    1433432 total
: 36836K->2227K(39936K), 0.0170595 secs] 93382K->58772K(128472K), 0.0171291 secs] [Times: user=0.03 sys=0.00, real=0.02 secs] 
Heap after GC invocations=268 (full 5):
 par new generation   total 39936K, used 2227K [0x00000000c3000000, 0x00000000c5b50000, 0x00000000cd660000)
  eden space 35520K,   0% used [0x00000000c3000000, 0x00000000c3000000, 0x00000000c52b0000)
  from space 4416K,  50% used [0x00000000c5700000, 0x00000000c592cc90, 0x00000000c5b50000)
  to   space 4416K,   0% used [0x00000000c52b0000, 0x00000000c52b0000, 0x00000000c5700000)
 concurrent mark-sweep generation total 88536K, used 56545K [0x00000000cd660000, 0x00000000d2cd6000, 0x0000000100000000)
 Metaspace       used 80600K, capacity 84444K, committed 84688K, reserved 1122304K
  class space    used 10509K, capacity 11283K, committed 11316K, reserved 1048576K
}
2020-02-27T14:34:23.433+0000: 26.236: Total time for which application threads were stopped: 0.0173525 seconds, Stopping threads took: 0.0000490 seconds
2020-02-27T14:34:23.479+0000: 26.282: Total time for which application threads were stopped: 0.0001500 seconds, Stopping threads took: 0.0000638 seconds
{Heap before GC invocations=268 (full 5):
 par new generation   total 39936K, used 37747K [0x00000000c3000000, 0x00000000c5b50000, 0x00000000cd660000)
  eden space 35520K, 100% used [0x00000000c3000000, 0x00000000c52b0000, 0x00000000c52b0000)
  from space 4416K,  50% used [0x00000000c5700000, 0x00000000c592cc90, 0x00000000c5b50000)
  to   space 4416K,   0% used [0x00000000c52b0000, 0x00000000c52b0000, 0x00000000c5700000)
 concurrent mark-sweep generation total 88536K, used 56545K [0x00000000cd660000, 0x00000000d2cd6000, 0x0000000100000000)
 Metaspace       used 81058K, capacity 84908K, committed 85020K, reserved 1122304K
  class space    used 10574K, capacity 11337K, committed 11444K, reserved 1048576K
2020-02-27T14:34:23.642+0000: 26.445: [GC (Allocation Failure) 2020-02-27T14:34:23.642+0000: 26.445: [ParNew
Desired survivor size 2260992 bytes, new threshold 6 (max 6)
- age   1:     857352 bytes,     857352 total
- age   2:     204120 bytes,    1061472 total
- age   3:     275336 bytes,    1336808 total
- age   4:      61016 bytes,    1397824 total
- age   5:     130816 bytes,    1528640 total
- age   6:     221264 bytes,    1749904 total
: 37747K->2116K(39936K), 0.0084963 secs] 94292K->59111K(128472K), 0.0085838 secs] [Times: user=0.02 sys=0.00, real=0.01 secs] 
Heap after GC invocations=269 (full 5):
 par new generation   total 39936K, used 2116K [0x00000000c3000000, 0x00000000c5b50000, 0x00000000cd660000)
  eden space 35520K,   0% used [0x00000000c3000000, 0x00000000c3000000, 0x00000000c52b0000)
  from space 4416K,  47% used [0x00000000c52b0000, 0x00000000c54c1098, 0x00000000c5700000)
  to   space 4416K,   0% used [0x00000000c5700000, 0x00000000c5700000, 0x00000000c5b50000)
 concurrent mark-sweep generation total 88536K, used 56994K [0x00000000cd660000, 0x00000000d2cd6000, 0x0000000100000000)
 Metaspace       used 81058K, capacity 84908K, committed 85020K, reserved 1122304K
  class space    used 10574K, capacity 11337K, committed 11444K, reserved 1048576K
}
2020-02-27T14:34:23.650+0000: 26.453: Total time for which application threads were stopped: 0.0088440 seconds, Stopping threads took: 0.0000588 seconds
2020-02-27T14:34:23.652+0000: 26.455: [GC (CMS Initial Mark) [1 CMS-initial-mark: 56994K(88536K)] 60537K(128472K), 0.0036905 secs] [Times: user=0.01 sys=0.00, real=0.00 secs] 
2020-02-27T14:34:23.656+0000: 26.459: Total time for which application threads were stopped: 0.0039444 seconds, Stopping threads took: 0.0001408 seconds
2020-02-27T14:34:23.657+0000: 26.460: [CMS-concurrent-mark-start]
2020-02-27T14:34:23.662+0000: 26.466: Total time for which application threads were stopped: 0.0001041 seconds, Stopping threads took: 0.0000306 seconds
2020-02-27T14:34:23.728+0000: 26.531: Total time for which application threads were stopped: 0.0010588 seconds, Stopping threads took: 0.0000556 seconds
2020-02-27T14:34:23.803+0000: 26.606: [CMS-concurrent-mark: 0.146/0.146 secs] [Times: user=0.26 sys=0.00, real=0.14 secs] 
2020-02-27T14:34:23.803+0000: 26.606: [CMS-concurrent-preclean-start]
2020-02-27T14:34:23.805+0000: 26.608: [CMS-concurrent-preclean: 0.002/0.002 secs] [Times: user=0.00 sys=0.00, real=0.01 secs] 
2020-02-27T14:34:23.805+0000: 26.609: [CMS-concurrent-abortable-preclean-start]
2020-02-27T14:34:23.985+0000: 26.788: Total time for which application threads were stopped: 0.0002082 seconds, Stopping threads took: 0.0001060 seconds
2020-02-27T14:34:24.044+0000: 26.847: Total time for which application threads were stopped: 0.0012236 seconds, Stopping threads took: 0.0000535 seconds
2020-02-27T14:34:24.057+0000: 26.860: Total time for which application threads were stopped: 0.0001848 seconds, Stopping threads took: 0.0000765 seconds
2020-02-27T14:34:24.103+0000: 26.906: Total time for which application threads were stopped: 0.0001578 seconds, Stopping threads took: 0.0000525 seconds
2020-02-27T14:34:24.126+0000: 26.929: Total time for which application threads were stopped: 0.0002129 seconds, Stopping threads took: 0.0001308 seconds
2020-02-27T14:34:24.154+0000: 26.958: Total time for which application threads were stopped: 0.0001298 seconds, Stopping threads took: 0.0000515 seconds
2020-02-27T14:34:24.252+0000: 27.056: Total time for which application threads were stopped: 0.0041487 seconds, Stopping threads took: 0.0040663 seconds
2020-02-27T14:34:24.258+0000: 27.062: Total time for which application threads were stopped: 0.0010320 seconds, Stopping threads took: 0.0000458 seconds
2020-02-27T14:34:24.289+0000: 27.092: Total time for which application threads were stopped: 0.0001460 seconds, Stopping threads took: 0.0000633 seconds
2020-02-27T14:34:24.321+0000: 27.124: Total time for which application threads were stopped: 0.0001507 seconds, Stopping threads took: 0.0000638 seconds
2020-02-27T14:34:24.340+0000: 27.143: Total time for which application threads were stopped: 0.0001639 seconds, Stopping threads took: 0.0000729 seconds
{Heap before GC invocations=269 (full 6):
 par new generation   total 39936K, used 37636K [0x00000000c3000000, 0x00000000c5b50000, 0x00000000cd660000)
  eden space 35520K, 100% used [0x00000000c3000000, 0x00000000c52b0000, 0x00000000c52b0000)
  from space 4416K,  47% used [0x00000000c52b0000, 0x00000000c54c1098, 0x00000000c5700000)
  to   space 4416K,   0% used [0x00000000c5700000, 0x00000000c5700000, 0x00000000c5b50000)
 concurrent mark-sweep generation total 88536K, used 56994K [0x00000000cd660000, 0x00000000d2cd6000, 0x0000000100000000)
 Metaspace       used 84094K, capacity 88049K, committed 88340K, reserved 1126400K
  class space    used 10965K, capacity 11760K, committed 11824K, reserved 1048576K
2020-02-27T14:34:24.362+0000: 27.165: [GC (Allocation Failure) 2020-02-27T14:34:24.362+0000: 27.165: [ParNew
Desired survivor size 2260992 bytes, new threshold 2 (max 6)
- age   1:    1713344 bytes,    1713344 total
- age   2:     835384 bytes,    2548728 total
- age   3:     204048 bytes,    2752776 total
- age   4:     275144 bytes,    3027920 total
- age   5:      60952 bytes,    3088872 total
- age   6:     119192 bytes,    3208064 total
: 37636K->3938K(39936K), 0.0095991 secs] 94631K->61113K(128472K), 0.0096919 secs] [Times: user=0.02 sys=0.00, real=0.01 secs] 
Heap after GC invocations=270 (full 6):
 par new generation   total 39936K, used 3938K [0x00000000c3000000, 0x00000000c5b50000, 0x00000000cd660000)
  eden space 35520K,   0% used [0x00000000c3000000, 0x00000000c3000000, 0x00000000c52b0000)
  from space 4416K,  89% used [0x00000000c5700000, 0x00000000c5ad8bf0, 0x00000000c5b50000)
  to   space 4416K,   0% used [0x00000000c52b0000, 0x00000000c52b0000, 0x00000000c5700000)
 concurrent mark-sweep generation total 88536K, used 57174K [0x00000000cd660000, 0x00000000d2cd6000, 0x0000000100000000)
 Metaspace       used 84094K, capacity 88049K, committed 88340K, reserved 1126400K
  class space    used 10965K, capacity 11760K, committed 11824K, reserved 1048576K
}
2020-02-27T14:34:24.371+0000: 27.175: Total time for which application threads were stopped: 0.0098697 seconds, Stopping threads took: 0.0000300 seconds
2020-02-27T14:34:24.398+0000: 27.201: Total time for which application threads were stopped: 0.0001114 seconds, Stopping threads took: 0.0000311 seconds
2020-02-27T14:34:24.472+0000: 27.275: Total time for which application threads were stopped: 0.0010598 seconds, Stopping threads took: 0.0000491 seconds
2020-02-27T14:34:24.477+0000: 27.280: Total time for which application threads were stopped: 0.0001095 seconds, Stopping threads took: 0.0000423 seconds
2020-02-27T14:34:24.533+0000: 27.336: Total time for which application threads were stopped: 0.0001211 seconds, Stopping threads took: 0.0000190 seconds
2020-02-27T14:34:24.609+0000: 27.412: Total time for which application threads were stopped: 0.0000915 seconds, Stopping threads took: 0.0000182 seconds
2020-02-27T14:34:24.773+0000: 27.576: Total time for which application threads were stopped: 0.0001183 seconds, Stopping threads took: 0.0000310 seconds
2020-02-27T14:34:24.773+0000: 27.576: [CMS-concurrent-abortable-preclean: 0.623/0.967 secs] [Times: user=1.48 sys=0.04, real=0.96 secs] 
2020-02-27T14:34:24.775+0000: 27.578: [GC (CMS Final Remark) [YG occupancy: 28443 K (39936 K)]2020-02-27T14:34:24.775+0000: 27.578: [Rescan (parallel) , 0.0292128 secs]2020-02-27T14:34:24.804+0000: 27.607: [weak refs processing, 0.0002362 secs]2020-02-27T14:34:24.804+0000: 27.608: [class unloading, 0.0226362 secs]2020-02-27T14:34:24.827+0000: 27.630: [scrub symbol table, 0.0194187 secs]2020-02-27T14:34:24.846+0000: 27.650: [scrub string table, 0.0016183 secs][1 CMS-remark: 57174K(88536K)] 85618K(128472K), 0.0738467 secs] [Times: user=0.06 sys=0.01, real=0.08 secs] 
2020-02-27T14:34:24.849+0000: 27.652: Total time for which application threads were stopped: 0.0741572 seconds, Stopping threads took: 0.0001492 seconds
2020-02-27T14:34:24.861+0000: 27.664: [CMS-concurrent-sweep-start]
2020-02-27T14:34:24.919+0000: 27.723: [CMS-concurrent-sweep: 0.058/0.058 secs] [Times: user=0.05 sys=0.00, real=0.06 secs] 
2020-02-27T14:34:24.919+0000: 27.723: [CMS-concurrent-reset-start]
2020-02-27T14:34:24.921+0000: 27.724: [CMS-concurrent-reset: 0.001/0.001 secs] [Times: user=0.01 sys=0.00, real=0.00 secs] 
{Heap before GC invocations=270 (full 6):
 par new generation   total 39936K, used 39458K [0x00000000c3000000, 0x00000000c5b50000, 0x00000000cd660000)
  eden space 35520K, 100% used [0x00000000c3000000, 0x00000000c52b0000, 0x00000000c52b0000)
  from space 4416K,  89% used [0x00000000c5700000, 0x00000000c5ad8bf0, 0x00000000c5b50000)
  to   space 4416K,   0% used [0x00000000c52b0000, 0x00000000c52b0000, 0x00000000c5700000)
 concurrent mark-sweep generation total 88536K, used 49576K [0x00000000cd660000, 0x00000000d2cd6000, 0x0000000100000000)
 Metaspace       used 86214K, capacity 90168K, committed 90488K, reserved 1128448K
  class space    used 11281K, capacity 12082K, committed 12208K, reserved 1048576K
2020-02-27T14:34:25.230+0000: 28.033: [GC (Allocation Failure) 2020-02-27T14:34:25.230+0000: 28.033: [ParNew
Desired survivor size 2260992 bytes, new threshold 2 (max 6)
- age   1:    1260664 bytes,    1260664 total
- age   2:    1445968 bytes,    2706632 total
: 39458K->3968K(39936K), 0.0232551 secs] 89035K->54978K(128472K), 0.0233954 secs] [Times: user=0.01 sys=0.01, real=0.02 secs] 
Heap after GC invocations=271 (full 6):
 par new generation   total 39936K, used 3968K [0x00000000c3000000, 0x00000000c5b50000, 0x00000000cd660000)
  eden space 35520K,   0% used [0x00000000c3000000, 0x00000000c3000000, 0x00000000c52b0000)
  from space 4416K,  89% used [0x00000000c52b0000, 0x00000000c5690010, 0x00000000c5700000)
  to   space 4416K,   0% used [0x00000000c5700000, 0x00000000c5700000, 0x00000000c5b50000)
 concurrent mark-sweep generation total 88536K, used 51010K [0x00000000cd660000, 0x00000000d2cd6000, 0x0000000100000000)
 Metaspace       used 86214K, capacity 90168K, committed 90488K, reserved 1128448K
  class space    used 11281K, capacity 12082K, committed 12208K, reserved 1048576K
}
2020-02-27T14:34:25.253+0000: 28.057: Total time for which application threads were stopped: 0.0237468 seconds, Stopping threads took: 0.0000362 seconds
{Heap before GC invocations=271 (full 6):
 par new generation   total 39936K, used 39488K [0x00000000c3000000, 0x00000000c5b50000, 0x00000000cd660000)
  eden space 35520K, 100% used [0x00000000c3000000, 0x00000000c52b0000, 0x00000000c52b0000)
  from space 4416K,  89% used [0x00000000c52b0000, 0x00000000c5690010, 0x00000000c5700000)
  to   space 4416K,   0% used [0x00000000c5700000, 0x00000000c5700000, 0x00000000c5b50000)
 concurrent mark-sweep generation total 88536K, used 51010K [0x00000000cd660000, 0x00000000d2cd6000, 0x0000000100000000)
 Metaspace       used 86526K, capacity 90456K, committed 90744K, reserved 1128448K
  class space    used 11325K, capacity 12114K, committed 12208K, reserved 1048576K
2020-02-27T14:34:26.148+0000: 28.951: [GC (Allocation Failure) 2020-02-27T14:34:26.148+0000: 28.951: [ParNew
Desired survivor size 2260992 bytes, new threshold 6 (max 6)
- age   1:     889360 bytes,     889360 total
- age   2:    1055384 bytes,    1944744 total
: 39488K->3905K(39936K), 0.0082422 secs] 90498K->56341K(128472K), 0.0083431 secs] [Times: user=0.01 sys=0.00, real=0.00 secs] 
Heap after GC invocations=272 (full 6):
 par new generation   total 39936K, used 3905K [0x00000000c3000000, 0x00000000c5b50000, 0x00000000cd660000)
  eden space 35520K,   0% used [0x00000000c3000000, 0x00000000c3000000, 0x00000000c52b0000)
  from space 4416K,  88% used [0x00000000c5700000, 0x00000000c5ad07a0, 0x00000000c5b50000)
  to   space 4416K,   0% used [0x00000000c52b0000, 0x00000000c52b0000, 0x00000000c5700000)
 concurrent mark-sweep generation total 88536K, used 52435K [0x00000000cd660000, 0x00000000d2cd6000, 0x0000000100000000)
 Metaspace       used 86526K, capacity 90456K, committed 90744K, reserved 1128448K
  class space    used 11325K, capacity 12114K, committed 12208K, reserved 1048576K
}
2020-02-27T14:34:26.156+0000: 28.959: Total time for which application threads were stopped: 0.0086683 seconds, Stopping threads took: 0.0000956 seconds
2020-02-27T14:34:26.189+0000: 28.992: Total time for which application threads were stopped: 0.0011205 seconds, Stopping threads took: 0.0000375 seconds
{Heap before GC invocations=272 (full 6):
 par new generation   total 39936K, used 39425K [0x00000000c3000000, 0x00000000c5b50000, 0x00000000cd660000)
  eden space 35520K, 100% used [0x00000000c3000000, 0x00000000c52b0000, 0x00000000c52b0000)
  from space 4416K,  88% used [0x00000000c5700000, 0x00000000c5ad07a0, 0x00000000c5b50000)
  to   space 4416K,   0% used [0x00000000c52b0000, 0x00000000c52b0000, 0x00000000c5700000)
 concurrent mark-sweep generation total 88536K, used 52435K [0x00000000cd660000, 0x00000000d2cd6000, 0x0000000100000000)
 Metaspace       used 87690K, capacity 91604K, committed 91896K, reserved 1128448K
  class space    used 11463K, capacity 12256K, committed 12336K, reserved 1048576K
2020-02-27T14:34:26.410+0000: 29.213: [GC (Allocation Failure) 2020-02-27T14:34:26.410+0000: 29.213: [ParNew
Desired survivor size 2260992 bytes, new threshold 6 (max 6)
- age   1:     452600 bytes,     452600 total
- age   2:     513776 bytes,     966376 total
- age   3:    1048904 bytes,    2015280 total
: 39425K->2719K(39936K), 0.0061920 secs] 91861K->55154K(128472K), 0.0062728 secs] [Times: user=0.02 sys=0.00, real=0.00 secs] 
Heap after GC invocations=273 (full 6):
 par new generation   total 39936K, used 2719K [0x00000000c3000000, 0x00000000c5b50000, 0x00000000cd660000)
  eden space 35520K,   0% used [0x00000000c3000000, 0x00000000c3000000, 0x00000000c52b0000)
  from space 4416K,  61% used [0x00000000c52b0000, 0x00000000c5557df0, 0x00000000c5700000)
  to   space 4416K,   0% used [0x00000000c5700000, 0x00000000c5700000, 0x00000000c5b50000)
 concurrent mark-sweep generation total 88536K, used 52435K [0x00000000cd660000, 0x00000000d2cd6000, 0x0000000100000000)
 Metaspace       used 87690K, capacity 91604K, committed 91896K, reserved 1128448K
  class space    used 11463K, capacity 12256K, committed 12336K, reserved 1048576K
}
2020-02-27T14:34:26.416+0000: 29.220: Total time for which application threads were stopped: 0.0065703 seconds, Stopping threads took: 0.0000742 seconds
2020-02-27T14:34:26.430+0000: 29.234: Total time for which application threads were stopped: 0.0011011 seconds, Stopping threads took: 0.0000737 seconds
{Heap before GC invocations=273 (full 6):
 par new generation   total 39936K, used 38239K [0x00000000c3000000, 0x00000000c5b50000, 0x00000000cd660000)
  eden space 35520K, 100% used [0x00000000c3000000, 0x00000000c52b0000, 0x00000000c52b0000)
  from space 4416K,  61% used [0x00000000c52b0000, 0x00000000c5557df0, 0x00000000c5700000)
  to   space 4416K,   0% used [0x00000000c5700000, 0x00000000c5700000, 0x00000000c5b50000)
 concurrent mark-sweep generation total 88536K, used 52435K [0x00000000cd660000, 0x00000000d2cd6000, 0x0000000100000000)
 Metaspace       used 88331K, capacity 92318K, committed 92536K, reserved 1130496K
  class space    used 11555K, capacity 12361K, committed 12464K, reserved 1048576K
2020-02-27T14:34:26.591+0000: 29.395: [GC (Allocation Failure) 2020-02-27T14:34:26.591+0000: 29.395: [ParNew
Desired survivor size 2260992 bytes, new threshold 6 (max 6)
- age   1:     294288 bytes,     294288 total
- age   2:     391176 bytes,     685464 total
- age   3:     509040 bytes,    1194504 total
- age   4:    1048904 bytes,    2243408 total
: 38239K->2707K(39936K), 0.0133179 secs] 90674K->55142K(128472K), 0.0134843 secs] [Times: user=0.03 sys=0.01, real=0.02 secs] 
Heap after GC invocations=274 (full 6):
 par new generation   total 39936K, used 2707K [0x00000000c3000000, 0x00000000c5b50000, 0x00000000cd660000)
  eden space 35520K,   0% used [0x00000000c3000000, 0x00000000c3000000, 0x00000000c52b0000)
  from space 4416K,  61% used [0x00000000c5700000, 0x00000000c59a4da0, 0x00000000c5b50000)
  to   space 4416K,   0% used [0x00000000c52b0000, 0x00000000c52b0000, 0x00000000c5700000)
 concurrent mark-sweep generation total 88536K, used 52435K [0x00000000cd660000, 0x00000000d2cd6000, 0x0000000100000000)
 Metaspace       used 88331K, capacity 92318K, committed 92536K, reserved 1130496K
  class space    used 11555K, capacity 12361K, committed 12464K, reserved 1048576K
}
2020-02-27T14:34:26.605+0000: 29.408: Total time for which application threads were stopped: 0.0138035 seconds, Stopping threads took: 0.0000835 seconds
2020-02-27T14:34:26.939+0000: 29.742: Total time for which application threads were stopped: 0.0004139 seconds, Stopping threads took: 0.0001923 seconds
{Heap before GC invocations=274 (full 6):
 par new generation   total 39936K, used 38227K [0x00000000c3000000, 0x00000000c5b50000, 0x00000000cd660000)
  eden space 35520K, 100% used [0x00000000c3000000, 0x00000000c52b0000, 0x00000000c52b0000)
  from space 4416K,  61% used [0x00000000c5700000, 0x00000000c59a4da0, 0x00000000c5b50000)
  to   space 4416K,   0% used [0x00000000c52b0000, 0x00000000c52b0000, 0x00000000c5700000)
 concurrent mark-sweep generation total 88536K, used 52435K [0x00000000cd660000, 0x00000000d2cd6000, 0x0000000100000000)
 Metaspace       used 89475K, capacity 93582K, committed 93944K, reserved 1130496K
  class space    used 11665K, capacity 12481K, committed 12592K, reserved 1048576K
2020-02-27T14:34:27.152+0000: 29.955: [GC (Allocation Failure) 2020-02-27T14:34:27.152+0000: 29.955: [ParNew
Desired survivor size 2260992 bytes, new threshold 5 (max 6)
- age   1:     884168 bytes,     884168 total
- age   2:     250360 bytes,    1134528 total
- age   3:     381896 bytes,    1516424 total
- age   4:     503536 bytes,    2019960 total
- age   5:    1048872 bytes,    3068832 total
: 38227K->3143K(39936K), 0.0107473 secs] 90662K->55578K(128472K), 0.0108328 secs] [Times: user=0.01 sys=0.00, real=0.01 secs] 
Heap after GC invocations=275 (full 6):
 par new generation   total 39936K, used 3143K [0x00000000c3000000, 0x00000000c5b50000, 0x00000000cd660000)
  eden space 35520K,   0% used [0x00000000c3000000, 0x00000000c3000000, 0x00000000c52b0000)
  from space 4416K,  71% used [0x00000000c52b0000, 0x00000000c55c1dd8, 0x00000000c5700000)
  to   space 4416K,   0% used [0x00000000c5700000, 0x00000000c5700000, 0x00000000c5b50000)
 concurrent mark-sweep generation total 88536K, used 52435K [0x00000000cd660000, 0x00000000d2cd6000, 0x0000000100000000)
 Metaspace       used 89475K, capacity 93582K, committed 93944K, reserved 1130496K
  class space    used 11665K, capacity 12481K, committed 12592K, reserved 1048576K
}
2020-02-27T14:34:27.163+0000: 29.966: Total time for which application threads were stopped: 0.0112303 seconds, Stopping threads took: 0.0000736 seconds
2020-02-27T14:34:27.441+0000: 30.244: Total time for which application threads were stopped: 0.0003109 seconds, Stopping threads took: 0.0001084 seconds
2020-02-27T14:34:27.551+0000: 30.354: Total time for which application threads were stopped: 0.0011171 seconds, Stopping threads took: 0.0000369 seconds
{Heap before GC invocations=275 (full 6):
 par new generation   total 39936K, used 38663K [0x00000000c3000000, 0x00000000c5b50000, 0x00000000cd660000)
  eden space 35520K, 100% used [0x00000000c3000000, 0x00000000c52b0000, 0x00000000c52b0000)
  from space 4416K,  71% used [0x00000000c52b0000, 0x00000000c55c1dd8, 0x00000000c5700000)
  to   space 4416K,   0% used [0x00000000c5700000, 0x00000000c5700000, 0x00000000c5b50000)
 concurrent mark-sweep generation total 88536K, used 52435K [0x00000000cd660000, 0x00000000d2cd6000, 0x0000000100000000)
 Metaspace       used 90170K, capacity 94268K, committed 94456K, reserved 1130496K
  class space    used 11712K, capacity 12516K, committed 12592K, reserved 1048576K
2020-02-27T14:34:27.571+0000: 30.374: [GC (Allocation Failure) 2020-02-27T14:34:27.571+0000: 30.374: [ParNew
Desired survivor size 2260992 bytes, new threshold 5 (max 6)
- age   1:     818552 bytes,     818552 total
- age   2:     768976 bytes,    1587528 total
- age   3:     247456 bytes,    1834984 total
- age   4:     369424 bytes,    2204408 total
- age   5:     206408 bytes,    2410816 total
: 38663K->4136K(39936K), 0.0157438 secs] 91098K->57613K(128472K), 0.0158372 secs] [Times: user=0.03 sys=0.00, real=0.02 secs] 
Heap after GC invocations=276 (full 6):
 par new generation   total 39936K, used 4136K [0x00000000c3000000, 0x00000000c5b50000, 0x00000000cd660000)
  eden space 35520K,   0% used [0x00000000c3000000, 0x00000000c3000000, 0x00000000c52b0000)
  from space 4416K,  93% used [0x00000000c5700000, 0x00000000c5b0a310, 0x00000000c5b50000)
  to   space 4416K,   0% used [0x00000000c52b0000, 0x00000000c52b0000, 0x00000000c5700000)
 concurrent mark-sweep generation total 88536K, used 53476K [0x00000000cd660000, 0x00000000d2cd6000, 0x0000000100000000)
 Metaspace       used 90170K, capacity 94268K, committed 94456K, reserved 1130496K
  class space    used 11712K, capacity 12516K, committed 12592K, reserved 1048576K
}
2020-02-27T14:34:27.586+0000: 30.390: Total time for which application threads were stopped: 0.0160521 seconds, Stopping threads took: 0.0000438 seconds
2020-02-27T14:34:27.599+0000: 30.402: Total time for which application threads were stopped: 0.0012297 seconds, Stopping threads took: 0.0000760 seconds
{Heap before GC invocations=276 (full 6):
 par new generation   total 39936K, used 39656K [0x00000000c3000000, 0x00000000c5b50000, 0x00000000cd660000)
  eden space 35520K, 100% used [0x00000000c3000000, 0x00000000c52b0000, 0x00000000c52b0000)
  from space 4416K,  93% used [0x00000000c5700000, 0x00000000c5b0a310, 0x00000000c5b50000)
  to   space 4416K,   0% used [0x00000000c52b0000, 0x00000000c52b0000, 0x00000000c5700000)
 concurrent mark-sweep generation total 88536K, used 53476K [0x00000000cd660000, 0x00000000d2cd6000, 0x0000000100000000)
 Metaspace       used 90619K, capacity 94726K, committed 94968K, reserved 1132544K
  class space    used 11757K, capacity 12555K, committed 12592K, reserved 1048576K
2020-02-27T14:34:27.862+0000: 30.665: [GC (Allocation Failure) 2020-02-27T14:34:27.862+0000: 30.665: [ParNew
Desired survivor size 2260992 bytes, new threshold 5 (max 6)
- age   1:     213208 bytes,     213208 total
- age   2:     792056 bytes,    1005264 total
- age   3:     766512 bytes,    1771776 total
- age   4:     237360 bytes,    2009136 total
- age   5:     369408 bytes,    2378544 total
: 39656K->3142K(39936K), 0.0077466 secs] 93133K->56823K(128472K), 0.0078260 secs] [Times: user=0.02 sys=0.00, real=0.01 secs] 
Heap after GC invocations=277 (full 6):
 par new generation   total 39936K, used 3142K [0x00000000c3000000, 0x00000000c5b50000, 0x00000000cd660000)
  eden space 35520K,   0% used [0x00000000c3000000, 0x00000000c3000000, 0x00000000c52b0000)
  from space 4416K,  71% used [0x00000000c52b0000, 0x00000000c55c1b30, 0x00000000c5700000)
  to   space 4416K,   0% used [0x00000000c5700000, 0x00000000c5700000, 0x00000000c5b50000)
 concurrent mark-sweep generation total 88536K, used 53680K [0x00000000cd660000, 0x00000000d2cd6000, 0x0000000100000000)
 Metaspace       used 90619K, capacity 94726K, committed 94968K, reserved 1132544K
  class space    used 11757K, capacity 12555K, committed 12592K, reserved 1048576K
}
2020-02-27T14:34:27.870+0000: 30.673: Total time for which application threads were stopped: 0.0080872 seconds, Stopping threads took: 0.0000344 seconds
{Heap before GC invocations=277 (full 6):
 par new generation   total 39936K, used 37979K [0x00000000c3000000, 0x00000000c5b50000, 0x00000000cd660000)
  eden space 35520K,  98% used [0x00000000c3000000, 0x00000000c5205430, 0x00000000c52b0000)
  from space 4416K,  71% used [0x00000000c52b0000, 0x00000000c55c1b30, 0x00000000c5700000)
  to   space 4416K,   0% used [0x00000000c5700000, 0x00000000c5700000, 0x00000000c5b50000)
 concurrent mark-sweep generation total 88536K, used 53680K [0x00000000cd660000, 0x00000000d2cd6000, 0x0000000100000000)
 Metaspace       used 91211K, capacity 95324K, committed 95608K, reserved 1132544K
  class space    used 11822K, capacity 12624K, committed 12720K, reserved 1048576K
2020-02-27T14:34:28.089+0000: 30.892: [GC (Allocation Failure) 2020-02-27T14:34:28.089+0000: 30.892: [ParNew
Desired survivor size 2260992 bytes, new threshold 1 (max 6)
- age   1:    2350528 bytes,    2350528 total
- age   2:     185088 bytes,    2535616 total
- age   3:     761696 bytes,    3297312 total
- age   4:     727920 bytes,    4025232 total
- age   5:     229344 bytes,    4254576 total
: 37979K->4416K(39936K), 0.0082979 secs] 91660K->58505K(128472K), 0.0084050 secs] [Times: user=0.02 sys=0.00, real=0.01 secs] 
Heap after GC invocations=278 (full 6):
 par new generation   total 39936K, used 4416K [0x00000000c3000000, 0x00000000c5b50000, 0x00000000cd660000)
  eden space 35520K,   0% used [0x00000000c3000000, 0x00000000c3000000, 0x00000000c52b0000)
  from space 4416K, 100% used [0x00000000c5700000, 0x00000000c5b50000, 0x00000000c5b50000)
  to   space 4416K,   0% used [0x00000000c52b0000, 0x00000000c52b0000, 0x00000000c5700000)
 concurrent mark-sweep generation total 88536K, used 54089K [0x00000000cd660000, 0x00000000d2cd6000, 0x0000000100000000)
 Metaspace       used 91211K, capacity 95324K, committed 95608K, reserved 1132544K
  class space    used 11822K, capacity 12624K, committed 12720K, reserved 1048576K
}
2020-02-27T14:34:28.097+0000: 30.900: Total time for which application threads were stopped: 0.0087275 seconds, Stopping threads took: 0.0000801 seconds
{Heap before GC invocations=278 (full 6):
 par new generation   total 39936K, used 39936K [0x00000000c3000000, 0x00000000c5b50000, 0x00000000cd660000)
  eden space 35520K, 100% used [0x00000000c3000000, 0x00000000c52b0000, 0x00000000c52b0000)
  from space 4416K, 100% used [0x00000000c5700000, 0x00000000c5b50000, 0x00000000c5b50000)
  to   space 4416K,   0% used [0x00000000c52b0000, 0x00000000c52b0000, 0x00000000c5700000)
 concurrent mark-sweep generation total 88536K, used 54089K [0x00000000cd660000, 0x00000000d2cd6000, 0x0000000100000000)
 Metaspace       used 91400K, capacity 95518K, committed 95608K, reserved 1132544K
  class space    used 11828K, capacity 12635K, committed 12720K, reserved 1048576K
2020-02-27T14:34:28.471+0000: 31.274: [GC (Allocation Failure) 2020-02-27T14:34:28.471+0000: 31.274: [ParNew
Desired survivor size 2260992 bytes, new threshold 6 (max 6)
- age   1:    1273888 bytes,    1273888 total
: 39936K->2953K(39936K), 0.0105293 secs] 94025K->59259K(128472K), 0.0106236 secs] [Times: user=0.02 sys=0.00, real=0.01 secs] 
Heap after GC invocations=279 (full 6):
 par new generation   total 39936K, used 2953K [0x00000000c3000000, 0x00000000c5b50000, 0x00000000cd660000)
  eden space 35520K,   0% used [0x00000000c3000000, 0x00000000c3000000, 0x00000000c52b0000)
  from space 4416K,  66% used [0x00000000c52b0000, 0x00000000c55925a0, 0x00000000c5700000)
  to   space 4416K,   0% used [0x00000000c5700000, 0x00000000c5700000, 0x00000000c5b50000)
 concurrent mark-sweep generation total 88536K, used 56306K [0x00000000cd660000, 0x00000000d2cd6000, 0x0000000100000000)
 Metaspace       used 91400K, capacity 95518K, committed 95608K, reserved 1132544K
  class space    used 11828K, capacity 12635K, committed 12720K, reserved 1048576K
}
2020-02-27T14:34:28.482+0000: 31.285: Total time for which application threads were stopped: 0.0110106 seconds, Stopping threads took: 0.0000927 seconds
2020-02-27T14:34:29.117+0000: 31.921: Total time for which application threads were stopped: 0.0003508 seconds, Stopping threads took: 0.0001336 seconds
2020-02-27T14:34:30.118+0000: 32.921: Total time for which application threads were stopped: 0.0001186 seconds, Stopping threads took: 0.0000181 seconds
2020-02-27T14:34:31.523+0000: 34.326: Total time for which application threads were stopped: 0.0031199 seconds, Stopping threads took: 0.0001064 seconds
{Heap before GC invocations=279 (full 6):
 par new generation   total 39936K, used 38473K [0x00000000c3000000, 0x00000000c5b50000, 0x00000000cd660000)
  eden space 35520K, 100% used [0x00000000c3000000, 0x00000000c52b0000, 0x00000000c52b0000)
  from space 4416K,  66% used [0x00000000c52b0000, 0x00000000c55925a0, 0x00000000c5700000)
  to   space 4416K,   0% used [0x00000000c5700000, 0x00000000c5700000, 0x00000000c5b50000)
 concurrent mark-sweep generation total 88536K, used 56306K [0x00000000cd660000, 0x00000000d2cd6000, 0x0000000100000000)
 Metaspace       used 92114K, capacity 96270K, committed 96376K, reserved 1132544K
  class space    used 11886K, capacity 12708K, committed 12720K, reserved 1048576K
2020-02-27T14:34:31.539+0000: 34.342: [GC (Allocation Failure) 2020-02-27T14:34:31.539+0000: 34.342: [ParNew
Desired survivor size 2260992 bytes, new threshold 6 (max 6)
- age   1:     112896 bytes,     112896 total
- age   2:     543784 bytes,     656680 total
: 38473K->1212K(39936K), 0.0102485 secs] 94779K->57519K(128472K), 0.0103370 secs] [Times: user=0.01 sys=0.00, real=0.01 secs] 
Heap after GC invocations=280 (full 6):
 par new generation   total 39936K, used 1212K [0x00000000c3000000, 0x00000000c5b50000, 0x00000000cd660000)
  eden space 35520K,   0% used [0x00000000c3000000, 0x00000000c3000000, 0x00000000c52b0000)
  from space 4416K,  27% used [0x00000000c5700000, 0x00000000c582f280, 0x00000000c5b50000)
  to   space 4416K,   0% used [0x00000000c52b0000, 0x00000000c52b0000, 0x00000000c5700000)
 concurrent mark-sweep generation total 88536K, used 56306K [0x00000000cd660000, 0x00000000d2cd6000, 0x0000000100000000)
 Metaspace       used 92114K, capacity 96270K, committed 96376K, reserved 1132544K
  class space    used 11886K, capacity 12708K, committed 12720K, reserved 1048576K
}
2020-02-27T14:34:31.549+0000: 34.353: Total time for which application threads were stopped: 0.0105068 seconds, Stopping threads took: 0.0000147 seconds
Heap
 par new generation   total 39936K, used 9271K [0x00000000c3000000, 0x00000000c5b50000, 0x00000000cd660000)
  eden space 35520K,  22% used [0x00000000c3000000, 0x00000000c37dea00, 0x00000000c52b0000)
  from space 4416K,  27% used [0x00000000c5700000, 0x00000000c582f280, 0x00000000c5b50000)
  to   space 4416K,   0% used [0x00000000c52b0000, 0x00000000c52b0000, 0x00000000c5700000)
 concurrent mark-sweep generation total 88536K, used 56306K [0x00000000cd660000, 0x00000000d2cd6000, 0x0000000100000000)
 Metaspace       used 92117K, capacity 96270K, committed 96376K, reserved 1132544K
  class space    used 11886K, capacity 12708K, committed 12720K, reserved 1048576K
